
[1m[30m[46m RUN [49m[39m[22m [36mv4.1.4 [39m[90mC:/Users/God's d greatest/Desktop/ecommerce/worldshop-server[39m

[90mstdout[2m | src/__tests__/phase7/phase7.test.ts
[22m[39m[dotenv@17.2.3] injecting env (1) from .env.test -- tip: ΓÜÖ∩╕Å  write to custom object with { processEnv: myObject }

[90mstdout[2m | src/__tests__/phase7/phase7.test.ts[2m > [22m[2mPhase 7: Vendor Reviews & Admin Vendor Management
[22m[39mprisma:query db.LedgerEntry.aggregate([ { $match: { $expr: { $and: [ { $regexMatch: { input: "$vendorId", regex: "^phase7-test", options: "", }, }, { $ne: [ "$vendorId", "$$REMOVE", ], }, ], }, }, }, { $project: { _id: 1, }, }, ])

[90mstdout[2m | src/__tests__/phase7/phase7.test.ts[2m > [22m[2mPhase 7: Vendor Reviews & Admin Vendor Management
[22m[39mprisma:query db.VendorBalance.aggregate([ { $match: { $expr: { $and: [ { $regexMatch: { input: "$vendorId", regex: "^phase7-test", options: "", }, }, { $ne: [ "$vendorId", "$$REMOVE", ], }, ], }, }, }, { $project: { _id: 1, }, }, ])

[90mstdout[2m | src/__tests__/phase7/phase7.test.ts[2m > [22m[2mPhase 7: Vendor Reviews & Admin Vendor Management
[22m[39mprisma:query db.Review.aggregate([ { $match: { $expr: { $and: [ { $regexMatch: { input: "$userId", regex: "^phase7-test", options: "", }, }, { $ne: [ "$userId", "$$REMOVE", ], }, ], }, }, }, { $project: { _id: 1, }, }, ])

[90mstdout[2m | src/__tests__/phase7/phase7.test.ts[2m > [22m[2mPhase 7: Vendor Reviews & Admin Vendor Management
[22m[39mprisma:query db.Order.aggregate([ { $match: { $expr: { $and: [ { $regexMatch: { input: "$userId", regex: "^phase7-test", options: "", }, }, { $ne: [ "$userId", "$$REMOVE", ], }, ], }, }, }, { $project: { _id: 1, }, }, ])

[90mstdout[2m | src/__tests__/phase7/phase7.test.ts[2m > [22m[2mPhase 7: Vendor Reviews & Admin Vendor Management
[22m[39mprisma:query db.Order.aggregate([ { $match: { $expr: { $and: [ { $regexMatch: { input: "$userId", regex: "^phase7-test", options: "", }, }, { $ne: [ "$userId", "$$REMOVE", ], }, ], }, }, }, { $project: { _id: 1, }, }, ])

[90mstdout[2m | src/__tests__/phase7/phase7.test.ts[2m > [22m[2mPhase 7: Vendor Reviews & Admin Vendor Management
[22m[39mprisma:query db.Product.aggregate([ { $match: { $expr: { $and: [ { $regexMatch: { input: "$vendorId", regex: "^phase7-test", options: "", }, }, { $ne: [ "$vendorId", "$$REMOVE", ], }, ], }, }, }, { $project: { _id: 1, }, }, ])

[90mstdout[2m | src/__tests__/phase7/phase7.test.ts[2m > [22m[2mPhase 7: Vendor Reviews & Admin Vendor Management
[22m[39mprisma:query db.UserProfile.aggregate([ { $match: { $expr: { $and: [ { $regexMatch: { input: "$userId", regex: "^phase7-test", options: "", }, }, { $ne: [ "$userId", "$$REMOVE", ], }, ], }, }, }, { $project: { _id: 1, }, }, ])

[90mstdout[2m | src/__tests__/phase7/phase7.test.ts[2m > [22m[2mPhase 7: Vendor Reviews & Admin Vendor Management
[22m[39mprisma:query db.PlatformConfig.aggregate([ { $match: { $expr: { $and: [ { $eq: [ "$key", { $literal: "commissionRate", }, ], }, { $ne: [ "$key", "$$REMOVE", ], }, ], }, }, }, { $project: { _id: 1, }, }, ])

[90mstdout[2m | src/__tests__/phase7/phase7.test.ts[2m > [22m[2mPhase 7: Vendor Reviews & Admin Vendor Management[2m > [22m[2mvendor reviews[2m > [22m[2mreturns reviews for vendor products (paginated)
[22m[39mprisma:query db.UserProfile.insertOne({ userId: "phase7-test-vendor-review-v1", email: "phase7-test-vendor-review-v1@test.com", firstName: "Vendor", lastName: "review-v1", role: "CUSTOMER", isVendor: true, vendorStatus: "ACTIVE", storeName: "Test Store review-v1", storeSlug: "phase7-test-store-review-v1", storeDescription: "Store review-v1 description", createdAt: DateTime("2026-04-10 14:07:14.044 +00:00:00"), updatedAt: DateTime("2026-04-10 14:07:14.044 +00:00:00"), })

[90mstdout[2m | src/__tests__/phase7/phase7.test.ts[2m > [22m[2mPhase 7: Vendor Reviews & Admin Vendor Management[2m > [22m[2mvendor reviews[2m > [22m[2mreturns reviews for vendor products (paginated)
[22m[39mprisma:query db.UserProfile.aggregate([ { $match: { $expr: { $and: [ { $and: [ { $eq: [ "$_id", { $literal: ObjectId("69d90412dd7c093def6c413c"), }, ], }, { $ne: [ "$_id", "$$REMOVE", ], }, ], }, ], }, }, }, { $project: { _id: 1, userId: 1, email: 1, firstName: 1, lastName: 1, phone: 1, avatar: 1, dateOfBirth: 1, gender: 1, role: 1, isVendor: 1, vendorStatus: 1, storeName: 1, storeSlug: 1, storeDescription: 1, vendorSince: 1, createdAt: 1, updatedAt: 1, }, }, ])

[90mstdout[2m | src/__tests__/phase7/phase7.test.ts[2m > [22m[2mPhase 7: Vendor Reviews & Admin Vendor Management[2m > [22m[2mvendor reviews[2m > [22m[2mreturns reviews for vendor products (paginated)
[22m[39mprisma:query db.Product.insertOne({ name: "phase7-test-prod1-1775830035068-1", slug: "phase7-test-slug-1775830035069-2", description: "Test product", stockKeepingUnit: "phase7-test-sku-1775830035069-3", basePrice: 5000, type: "DIGITAL", vendorId: "phase7-test-vendor-review-v1", approvalStatus: "APPROVED", tags: [ ], images: [ ], avgRating: 0, reviewCount: 0, stock: 0, lowStockThreshold: 10, isActive: true, isFeatured: false, isNewArrival: true, createdAt: DateTime("2026-04-10 14:07:15.072 +00:00:00"), updatedAt: DateTime("2026-04-10 14:07:15.072 +00:00:00"), })

[90mstdout[2m | src/__tests__/phase7/phase7.test.ts[2m > [22m[2mPhase 7: Vendor Reviews & Admin Vendor Management[2m > [22m[2mvendor reviews[2m > [22m[2mreturns reviews for vendor products (paginated)
[22m[39mprisma:query db.Product.aggregate([ { $match: { $expr: { $and: [ { $and: [ { $eq: [ "$_id", { $literal: ObjectId("69d90413dd7c093def6c413d"), }, ], }, { $ne: [ "$_id", "$$REMOVE", ], }, ], }, ], }, }, }, { $project: { _id: 1, name: 1, slug: 1, description: 1, shortDesc: 1, stockKeepingUnit: 1, basePrice: 1, salePrice: 1, type: 1, categoryId: 1, vendorId: 1, approvalStatus: 1, brand: 1, tags: 1, images: 1, avgRating: 1, reviewCount: 1, stock: 1, lowStockThreshold: 1, isActive: 1, isFeatured: 1, isNewArrival: 1, createdAt: 1, updatedAt: 1, }, }, ])

[90mstdout[2m | src/__tests__/phase7/phase7.test.ts[2m > [22m[2mPhase 7: Vendor Reviews & Admin Vendor Management[2m > [22m[2mvendor reviews[2m > [22m[2mreturns reviews for vendor products (paginated)
[22m[39mprisma:query db.Product.insertOne({ name: "phase7-test-prod2-1775830036149-4", slug: "phase7-test-slug-1775830036149-5", description: "Test product", stockKeepingUnit: "phase7-test-sku-1775830036149-6", basePrice: 5000, type: "DIGITAL", vendorId: "phase7-test-vendor-review-v1", approvalStatus: "APPROVED", tags: [ ], images: [ ], avgRating: 0, reviewCount: 0, stock: 0, lowStockThreshold: 10, isActive: true, isFeatured: false, isNewArrival: true, createdAt: DateTime("2026-04-10 14:07:16.151 +00:00:00"), updatedAt: DateTime("2026-04-10 14:07:16.151 +00:00:00"), })

[90mstdout[2m | src/__tests__/phase7/phase7.test.ts[2m > [22m[2mPhase 7: Vendor Reviews & Admin Vendor Management[2m > [22m[2mvendor reviews[2m > [22m[2mreturns reviews for vendor products (paginated)
[22m[39mprisma:query db.Product.aggregate([ { $match: { $expr: { $and: [ { $and: [ { $eq: [ "$_id", { $literal: ObjectId("69d90414dd7c093def6c413e"), }, ], }, { $ne: [ "$_id", "$$REMOVE", ], }, ], }, ], }, }, }, { $project: { _id: 1, name: 1, slug: 1, description: 1, shortDesc: 1, stockKeepingUnit: 1, basePrice: 1, salePrice: 1, type: 1, categoryId: 1, vendorId: 1, approvalStatus: 1, brand: 1, tags: 1, images: 1, avgRating: 1, reviewCount: 1, stock: 1, lowStockThreshold: 1, isActive: 1, isFeatured: 1, isNewArrival: 1, createdAt: 1, updatedAt: 1, }, }, ])

[90mstdout[2m | src/__tests__/phase7/phase7.test.ts[2m > [22m[2mPhase 7: Vendor Reviews & Admin Vendor Management[2m > [22m[2mvendor reviews[2m > [22m[2mreturns reviews for vendor products (paginated)
[22m[39mprisma:query db.Review.insertOne({ productId: ObjectId("69d90413dd7c093def6c413d"), userId: "phase7-test-buyer-r1", userName: "User phase7-test-buyer-r1", rating: 5, comment: "Great product, highly recommended!", isVerified: true, createdAt: DateTime("2026-04-10 14:07:18.038 +00:00:00"), updatedAt: DateTime("2026-04-10 14:07:18.038 +00:00:00"), })

[90mstdout[2m | src/__tests__/phase7/phase7.test.ts[2m > [22m[2mPhase 7: Vendor Reviews & Admin Vendor Management[2m > [22m[2mvendor reviews[2m > [22m[2mreturns reviews for vendor products (paginated)
[22m[39mprisma:query db.Review.aggregate([ { $match: { $expr: { $and: [ { $and: [ { $eq: [ "$_id", { $literal: ObjectId("69d90416dd7c093def6c413f"), }, ], }, { $ne: [ "$_id", "$$REMOVE", ], }, ], }, ], }, }, }, { $project: { _id: 1, productId: 1, userId: 1, userName: 1, rating: 1, title: 1, comment: 1, isVerified: 1, createdAt: 1, updatedAt: 1, }, }, ])

[90mstdout[2m | src/__tests__/phase7/phase7.test.ts[2m > [22m[2mPhase 7: Vendor Reviews & Admin Vendor Management[2m > [22m[2mvendor reviews[2m > [22m[2mreturns reviews for vendor products (paginated)
[22m[39mprisma:query db.Review.insertOne({ productId: ObjectId("69d90413dd7c093def6c413d"), userId: "phase7-test-buyer-r2", userName: "User phase7-test-buyer-r2", rating: 4, comment: "Great product, highly recommended!", isVerified: true, createdAt: DateTime("2026-04-10 14:07:18.665 +00:00:00"), updatedAt: DateTime("2026-04-10 14:07:18.665 +00:00:00"), })

[90mstdout[2m | src/__tests__/phase7/phase7.test.ts[2m > [22m[2mPhase 7: Vendor Reviews & Admin Vendor Management[2m > [22m[2mvendor reviews[2m > [22m[2mreturns reviews for vendor products (paginated)
[22m[39mprisma:query db.Review.aggregate([ { $match: { $expr: { $and: [ { $and: [ { $eq: [ "$_id", { $literal: ObjectId("69d90416dd7c093def6c4140"), }, ], }, { $ne: [ "$_id", "$$REMOVE", ], }, ], }, ], }, }, }, { $project: { _id: 1, productId: 1, userId: 1, userName: 1, rating: 1, title: 1, comment: 1, isVerified: 1, createdAt: 1, updatedAt: 1, }, }, ])

[90mstdout[2m | src/__tests__/phase7/phase7.test.ts[2m > [22m[2mPhase 7: Vendor Reviews & Admin Vendor Management[2m > [22m[2mvendor reviews[2m > [22m[2mreturns reviews for vendor products (paginated)
[22m[39mprisma:query db.Review.insertOne({ productId: ObjectId("69d90414dd7c093def6c413e"), userId: "phase7-test-buyer-r3", userName: "User phase7-test-buyer-r3", rating: 3, comment: "Great product, highly recommended!", isVerified: true, createdAt: DateTime("2026-04-10 14:07:20.526 +00:00:00"), updatedAt: DateTime("2026-04-10 14:07:20.526 +00:00:00"), })

[90mstdout[2m | src/__tests__/phase7/phase7.test.ts[2m > [22m[2mPhase 7: Vendor Reviews & Admin Vendor Management[2m > [22m[2mvendor reviews[2m > [22m[2mreturns reviews for vendor products (paginated)
[22m[39mprisma:query db.Review.aggregate([ { $match: { $expr: { $and: [ { $and: [ { $eq: [ "$_id", { $literal: ObjectId("69d90418dd7c093def6c4141"), }, ], }, { $ne: [ "$_id", "$$REMOVE", ], }, ], }, ], }, }, }, { $project: { _id: 1, productId: 1, userId: 1, userName: 1, rating: 1, title: 1, comment: 1, isVerified: 1, createdAt: 1, updatedAt: 1, }, }, ])

[90mstdout[2m | src/__tests__/phase7/phase7.test.ts[2m > [22m[2mPhase 7: Vendor Reviews & Admin Vendor Management[2m > [22m[2mvendor reviews[2m > [22m[2mreturns reviews for vendor products (paginated)
[22m[39mprisma:query db.Product.aggregate([ { $match: { $expr: { $and: [ { $eq: [ "$vendorId", { $literal: "phase7-test-vendor-review-v1", }, ], }, { $ne: [ "$vendorId", "$$REMOVE", ], }, ], }, }, }, { $project: { _id: 1, }, }, ])

[90mstdout[2m | src/__tests__/phase7/phase7.test.ts[2m > [22m[2mPhase 7: Vendor Reviews & Admin Vendor Management[2m > [22m[2mvendor reviews[2m > [22m[2mreturns reviews for vendor products (paginated)
[22m[39mprisma:query db.Review.aggregate([ { $match: { $expr: { $and: [ { $or: [ { $eq: [ "$productId", { $literal: ObjectId("69d90413dd7c093def6c413d"), }, ], }, { $eq: [ "$productId", { $literal: ObjectId("69d90414dd7c093def6c413e"), }, ], }, ], }, { $ne: [ "$productId", "$$REMOVE", ], }, ], }, }, }, { $group: { _id: null, count_all: { $sum: 1, }, }, }, ])

[90mstdout[2m | src/__tests__/phase7/phase7.test.ts[2m > [22m[2mPhase 7: Vendor Reviews & Admin Vendor Management[2m > [22m[2mvendor reviews[2m > [22m[2mreturns reviews for vendor products (paginated)
[22m[39mprisma:query db.Review.aggregate([ { $match: { $expr: { $and: [ { $or: [ { $eq: [ "$productId", { $literal: ObjectId("69d90413dd7c093def6c413d"), }, ], }, { $eq: [ "$productId", { $literal: ObjectId("69d90414dd7c093def6c413e"), }, ], }, ], }, { $ne: [ "$productId", "$$REMOVE", ], }, ], }, }, }, { $sort: { createdAt: -1, }, }, { $skip: 0, }, { $limit: 10, }, { $project: { _id: 1, productId: 1, userId: 1, userName: 1, rating: 1, title: 1, comment: 1, isVerified: 1, createdAt: 1, updatedAt: 1, }, }, ])

[90mstdout[2m | src/__tests__/phase7/phase7.test.ts[2m > [22m[2mPhase 7: Vendor Reviews & Admin Vendor Management[2m > [22m[2mvendor reviews[2m > [22m[2mreturns reviews for vendor products (paginated)
[22m[39mprisma:query db.Product.aggregate([ { $match: { $expr: { $and: [ { $or: [ { $eq: [ "$_id", { $literal: ObjectId("69d90414dd7c093def6c413e"), }, ], }, { $eq: [ "$_id", { $literal: ObjectId("69d90413dd7c093def6c413d"), }, ], }, ], }, { $ne: [ "$_id", "$$REMOVE", ], }, ], }, }, }, { $project: { _id: 1, name: 1, slug: 1, images: 1, }, }, ])

[90mstdout[2m | src/__tests__/phase7/phase7.test.ts[2m > [22m[2mPhase 7: Vendor Reviews & Admin Vendor Management[2m > [22m[2mvendor reviews[2m > [22m[2mreturns reviews for vendor products (paginated)
[22m[39mprisma:query db.LedgerEntry.aggregate([ { $match: { $expr: { $and: [ { $regexMatch: { input: "$vendorId", regex: "^phase7-test", options: "", }, }, { $ne: [ "$vendorId", "$$REMOVE", ], }, ], }, }, }, { $project: { _id: 1, }, }, ])

[90mstdout[2m | src/__tests__/phase7/phase7.test.ts[2m > [22m[2mPhase 7: Vendor Reviews & Admin Vendor Management[2m > [22m[2mvendor reviews[2m > [22m[2mreturns reviews for vendor products (paginated)
[22m[39mprisma:query db.VendorBalance.aggregate([ { $match: { $expr: { $and: [ { $regexMatch: { input: "$vendorId", regex: "^phase7-test", options: "", }, }, { $ne: [ "$vendorId", "$$REMOVE", ], }, ], }, }, }, { $project: { _id: 1, }, }, ])

[90mstdout[2m | src/__tests__/phase7/phase7.test.ts[2m > [22m[2mPhase 7: Vendor Reviews & Admin Vendor Management[2m > [22m[2mvendor reviews[2m > [22m[2mreturns reviews for vendor products (paginated)
[22m[39mprisma:query db.Review.aggregate([ { $match: { $expr: { $and: [ { $regexMatch: { input: "$userId", regex: "^phase7-test", options: "", }, }, { $ne: [ "$userId", "$$REMOVE", ], }, ], }, }, }, { $project: { _id: 1, }, }, ])

[90mstdout[2m | src/__tests__/phase7/phase7.test.ts[2m > [22m[2mPhase 7: Vendor Reviews & Admin Vendor Management[2m > [22m[2mvendor reviews[2m > [22m[2mreturns reviews for vendor products (paginated)
[22m[39mprisma:query db.Review.deleteMany({ _id: { $in: [ ObjectId("69d90416dd7c093def6c413f"), ObjectId("69d90416dd7c093def6c4140"), ObjectId("69d90418dd7c093def6c4141"), ], }, })

[90mstdout[2m | src/__tests__/phase7/phase7.test.ts[2m > [22m[2mPhase 7: Vendor Reviews & Admin Vendor Management[2m > [22m[2mvendor reviews[2m > [22m[2mreturns reviews for vendor products (paginated)
[22m[39mprisma:query db.Order.aggregate([ { $match: { $expr: { $and: [ { $regexMatch: { input: "$userId", regex: "^phase7-test", options: "", }, }, { $ne: [ "$userId", "$$REMOVE", ], }, ], }, }, }, { $project: { _id: 1, }, }, ])

[90mstdout[2m | src/__tests__/phase7/phase7.test.ts[2m > [22m[2mPhase 7: Vendor Reviews & Admin Vendor Management[2m > [22m[2mvendor reviews[2m > [22m[2mreturns reviews for vendor products (paginated)
[22m[39mprisma:query db.Order.aggregate([ { $match: { $expr: { $and: [ { $regexMatch: { input: "$userId", regex: "^phase7-test", options: "", }, }, { $ne: [ "$userId", "$$REMOVE", ], }, ], }, }, }, { $project: { _id: 1, }, }, ])

[90mstdout[2m | src/__tests__/phase7/phase7.test.ts[2m > [22m[2mPhase 7: Vendor Reviews & Admin Vendor Management[2m > [22m[2mvendor reviews[2m > [22m[2mreturns reviews for vendor products (paginated)
[22m[39mprisma:query db.Product.aggregate([ { $match: { $expr: { $and: [ { $regexMatch: { input: "$vendorId", regex: "^phase7-test", options: "", }, }, { $ne: [ "$vendorId", "$$REMOVE", ], }, ], }, }, }, { $project: { _id: 1, }, }, ])

[90mstdout[2m | src/__tests__/phase7/phase7.test.ts[2m > [22m[2mPhase 7: Vendor Reviews & Admin Vendor Management[2m > [22m[2mvendor reviews[2m > [22m[2mreturns reviews for vendor products (paginated)
[22m[39mprisma:query db.DigitalAsset.aggregate([ { $match: { $expr: { $and: [ { }, { $and: [ { $or: [ { $eq: [ "$productId", { $literal: ObjectId("69d90413dd7c093def6c413d"), }, ], }, { $eq: [ "$productId", { $literal: ObjectId("69d90414dd7c093def6c413e"), }, ], }, ], }, { $ne: [ "$productId", "$$REMOVE", ], }, ], }, ], }, }, }, { $project: { _id: 1, productId: 1, }, }, ])

[90mstdout[2m | src/__tests__/phase7/phase7.test.ts[2m > [22m[2mPhase 7: Vendor Reviews & Admin Vendor Management[2m > [22m[2mvendor reviews[2m > [22m[2mreturns reviews for vendor products (paginated)
[22m[39mprisma:query db.WishlistItem.aggregate([ { $match: { $expr: { $and: [ { }, { $and: [ { $or: [ { $eq: [ "$productId", { $literal: ObjectId("69d90413dd7c093def6c413d"), }, ], }, { $eq: [ "$productId", { $literal: ObjectId("69d90414dd7c093def6c413e"), }, ], }, ], }, { $ne: [ "$productId", "$$REMOVE", ], }, ], }, ], }, }, }, { $project: { _id: 1, productId: 1, }, }, ])

[90mstdout[2m | src/__tests__/phase7/phase7.test.ts[2m > [22m[2mPhase 7: Vendor Reviews & Admin Vendor Management[2m > [22m[2mvendor reviews[2m > [22m[2mreturns reviews for vendor products (paginated)
[22m[39mprisma:query db.Review.aggregate([ { $match: { $expr: { $and: [ { }, { $and: [ { $or: [ { $eq: [ "$productId", { $literal: ObjectId("69d90413dd7c093def6c413d"), }, ], }, { $eq: [ "$productId", { $literal: ObjectId("69d90414dd7c093def6c413e"), }, ], }, ], }, { $ne: [ "$productId", "$$REMOVE", ], }, ], }, ], }, }, }, { $project: { _id: 1, productId: 1, }, }, ])

[90mstdout[2m | src/__tests__/phase7/phase7.test.ts[2m > [22m[2mPhase 7: Vendor Reviews & Admin Vendor Management[2m > [22m[2mvendor reviews[2m > [22m[2mreturns reviews for vendor products (paginated)
[22m[39mprisma:query db.OrderItem.aggregate([ { $match: { $expr: { $and: [ { }, { $and: [ { $or: [ { $eq: [ "$productId", { $literal: ObjectId("69d90413dd7c093def6c413d"), }, ], }, { $eq: [ "$productId", { $literal: ObjectId("69d90414dd7c093def6c413e"), }, ], }, ], }, { $ne: [ "$productId", "$$REMOVE", ], }, ], }, ], }, }, }, { $project: { _id: 1, productId: 1, }, }, ])

[90mstdout[2m | src/__tests__/phase7/phase7.test.ts[2m > [22m[2mPhase 7: Vendor Reviews & Admin Vendor Management[2m > [22m[2mvendor reviews[2m > [22m[2mreturns reviews for vendor products (paginated)
[22m[39mprisma:query db.CartItem.aggregate([ { $match: { $expr: { $and: [ { }, { $and: [ { $or: [ { $eq: [ "$productId", { $literal: ObjectId("69d90413dd7c093def6c413d"), }, ], }, { $eq: [ "$productId", { $literal: ObjectId("69d90414dd7c093def6c413e"), }, ], }, ], }, { $ne: [ "$productId", "$$REMOVE", ], }, ], }, ], }, }, }, { $project: { _id: 1, productId: 1, }, }, ])

[90mstdout[2m | src/__tests__/phase7/phase7.test.ts[2m > [22m[2mPhase 7: Vendor Reviews & Admin Vendor Management[2m > [22m[2mvendor reviews[2m > [22m[2mreturns reviews for vendor products (paginated)
[22m[39mprisma:query db.ProductVariant.aggregate([ { $match: { $expr: { $and: [ { }, { $and: [ { $or: [ { $eq: [ "$productId", { $literal: ObjectId("69d90413dd7c093def6c413d"), }, ], }, { $eq: [ "$productId", { $literal: ObjectId("69d90414dd7c093def6c413e"), }, ], }, ], }, { $ne: [ "$productId", "$$REMOVE", ], }, ], }, ], }, }, }, { $project: { _id: 1, productId: 1, }, }, ])

[90mstdout[2m | src/__tests__/phase7/phase7.test.ts[2m > [22m[2mPhase 7: Vendor Reviews & Admin Vendor Management[2m > [22m[2mvendor reviews[2m > [22m[2mreturns reviews for vendor products (paginated)
[22m[39mprisma:query db.Product.deleteMany({ _id: { $in: [ ObjectId("69d90413dd7c093def6c413d"), ObjectId("69d90414dd7c093def6c413e"), ], }, })

[90mstdout[2m | src/__tests__/phase7/phase7.test.ts[2m > [22m[2mPhase 7: Vendor Reviews & Admin Vendor Management[2m > [22m[2mvendor reviews[2m > [22m[2mreturns reviews for vendor products (paginated)
[22m[39mprisma:query db.UserProfile.aggregate([ { $match: { $expr: { $and: [ { $regexMatch: { input: "$userId", regex: "^phase7-test", options: "", }, }, { $ne: [ "$userId", "$$REMOVE", ], }, ], }, }, }, { $project: { _id: 1, }, }, ])

[90mstdout[2m | src/__tests__/phase7/phase7.test.ts[2m > [22m[2mPhase 7: Vendor Reviews & Admin Vendor Management[2m > [22m[2mvendor reviews[2m > [22m[2mreturns reviews for vendor products (paginated)
[22m[39mprisma:query db.UserProfile.deleteMany({ _id: { $in: [ ObjectId("69d90412dd7c093def6c413c"), ], }, })

[90mstdout[2m | src/__tests__/phase7/phase7.test.ts[2m > [22m[2mPhase 7: Vendor Reviews & Admin Vendor Management[2m > [22m[2mvendor reviews[2m > [22m[2mreturns reviews for vendor products (paginated)
[22m[39mprisma:query db.PlatformConfig.aggregate([ { $match: { $expr: { $and: [ { $eq: [ "$key", { $literal: "commissionRate", }, ], }, { $ne: [ "$key", "$$REMOVE", ], }, ], }, }, }, { $project: { _id: 1, }, }, ])

[90mstdout[2m | src/__tests__/phase7/phase7.test.ts[2m > [22m[2mPhase 7: Vendor Reviews & Admin Vendor Management[2m > [22m[2mvendor reviews[2m > [22m[2mreturns empty for vendor with no reviews
[22m[39mprisma:query db.UserProfile.insertOne({ userId: "phase7-test-vendor-review-v2", email: "phase7-test-vendor-review-v2@test.com", firstName: "Vendor", lastName: "review-v2", role: "CUSTOMER", isVendor: true, vendorStatus: "ACTIVE", storeName: "Test Store review-v2", storeSlug: "phase7-test-store-review-v2", storeDescription: "Store review-v2 description", createdAt: DateTime("2026-04-10 14:07:40.975 +00:00:00"), updatedAt: DateTime("2026-04-10 14:07:40.975 +00:00:00"), })

[90mstdout[2m | src/__tests__/phase7/phase7.test.ts[2m > [22m[2mPhase 7: Vendor Reviews & Admin Vendor Management[2m > [22m[2mvendor reviews[2m > [22m[2mreturns empty for vendor with no reviews
[22m[39mprisma:query db.UserProfile.aggregate([ { $match: { $expr: { $and: [ { $and: [ { $eq: [ "$_id", { $literal: ObjectId("69d9042cdd7c093def6c4142"), }, ], }, { $ne: [ "$_id", "$$REMOVE", ], }, ], }, ], }, }, }, { $project: { _id: 1, userId: 1, email: 1, firstName: 1, lastName: 1, phone: 1, avatar: 1, dateOfBirth: 1, gender: 1, role: 1, isVendor: 1, vendorStatus: 1, storeName: 1, storeSlug: 1, storeDescription: 1, vendorSince: 1, createdAt: 1, updatedAt: 1, }, }, ])

[90mstdout[2m | src/__tests__/phase7/phase7.test.ts[2m > [22m[2mPhase 7: Vendor Reviews & Admin Vendor Management[2m > [22m[2mvendor reviews[2m > [22m[2mreturns empty for vendor with no reviews
[22m[39mprisma:query db.Product.insertOne({ name: "phase7-test-product-1775830061624-7", slug: "phase7-test-slug-1775830061624-8", description: "Test product", stockKeepingUnit: "phase7-test-sku-1775830061624-9", basePrice: 5000, type: "DIGITAL", vendorId: "phase7-test-vendor-review-v2", approvalStatus: "APPROVED", tags: [ ], images: [ ], avgRating: 0, reviewCount: 0, stock: 0, lowStockThreshold: 10, isActive: true, isFeatured: false, isNewArrival: true, createdAt: DateTime("2026-04-10 14:07:41.627 +00:00:00"), updatedAt: DateTime("2026-04-10 14:07:41.627 +00:00:00"), })

[90mstdout[2m | src/__tests__/phase7/phase7.test.ts[2m > [22m[2mPhase 7: Vendor Reviews & Admin Vendor Management[2m > [22m[2mvendor reviews[2m > [22m[2mreturns empty for vendor with no reviews
[22m[39mprisma:query db.Product.aggregate([ { $match: { $expr: { $and: [ { $and: [ { $eq: [ "$_id", { $literal: ObjectId("69d9042ddd7c093def6c4143"), }, ], }, { $ne: [ "$_id", "$$REMOVE", ], }, ], }, ], }, }, }, { $project: { _id: 1, name: 1, slug: 1, description: 1, shortDesc: 1, stockKeepingUnit: 1, basePrice: 1, salePrice: 1, type: 1, categoryId: 1, vendorId: 1, approvalStatus: 1, brand: 1, tags: 1, images: 1, avgRating: 1, reviewCount: 1, stock: 1, lowStockThreshold: 1, isActive: 1, isFeatured: 1, isNewArrival: 1, createdAt: 1, updatedAt: 1, }, }, ])

[90mstdout[2m | src/__tests__/phase7/phase7.test.ts[2m > [22m[2mPhase 7: Vendor Reviews & Admin Vendor Management[2m > [22m[2mvendor reviews[2m > [22m[2mreturns empty for vendor with no reviews
[22m[39mprisma:query db.Product.aggregate([ { $match: { $expr: { $and: [ { $eq: [ "$vendorId", { $literal: "phase7-test-vendor-review-v2", }, ], }, { $ne: [ "$vendorId", "$$REMOVE", ], }, ], }, }, }, { $project: { _id: 1, }, }, ])

[90mstdout[2m | src/__tests__/phase7/phase7.test.ts[2m > [22m[2mPhase 7: Vendor Reviews & Admin Vendor Management[2m > [22m[2mvendor reviews[2m > [22m[2mreturns empty for vendor with no reviews
[22m[39mprisma:query db.Review.aggregate([ { $match: { $expr: { $and: [ { $or: [ { $eq: [ "$productId", { $literal: ObjectId("69d9042ddd7c093def6c4143"), }, ], }, ], }, { $ne: [ "$productId", "$$REMOVE", ], }, ], }, }, }, { $sort: { createdAt: -1, }, }, { $skip: 0, }, { $limit: 10, }, { $project: { _id: 1, productId: 1, userId: 1, userName: 1, rating: 1, title: 1, comment: 1, isVerified: 1, createdAt: 1, updatedAt: 1, }, }, ])

[90mstdout[2m | src/__tests__/phase7/phase7.test.ts[2m > [22m[2mPhase 7: Vendor Reviews & Admin Vendor Management[2m > [22m[2mvendor reviews[2m > [22m[2mreturns empty for vendor with no reviews
[22m[39mprisma:query db.Review.aggregate([ { $match: { $expr: { $and: [ { $or: [ { $eq: [ "$productId", { $literal: ObjectId("69d9042ddd7c093def6c4143"), }, ], }, ], }, { $ne: [ "$productId", "$$REMOVE", ], }, ], }, }, }, { $group: { _id: null, count_all: { $sum: 1, }, }, }, ])

[90mstdout[2m | src/__tests__/phase7/phase7.test.ts[2m > [22m[2mPhase 7: Vendor Reviews & Admin Vendor Management[2m > [22m[2mvendor reviews[2m > [22m[2mreturns empty for vendor with no reviews
[22m[39mprisma:query db.LedgerEntry.aggregate([ { $match: { $expr: { $and: [ { $regexMatch: { input: "$vendorId", regex: "^phase7-test", options: "", }, }, { $ne: [ "$vendorId", "$$REMOVE", ], }, ], }, }, }, { $project: { _id: 1, }, }, ])

[90mstdout[2m | src/__tests__/phase7/phase7.test.ts[2m > [22m[2mPhase 7: Vendor Reviews & Admin Vendor Management[2m > [22m[2mvendor reviews[2m > [22m[2mreturns empty for vendor with no reviews
[22m[39mprisma:query db.VendorBalance.aggregate([ { $match: { $expr: { $and: [ { $regexMatch: { input: "$vendorId", regex: "^phase7-test", options: "", }, }, { $ne: [ "$vendorId", "$$REMOVE", ], }, ], }, }, }, { $project: { _id: 1, }, }, ])

[90mstdout[2m | src/__tests__/phase7/phase7.test.ts[2m > [22m[2mPhase 7: Vendor Reviews & Admin Vendor Management[2m > [22m[2mvendor reviews[2m > [22m[2mreturns empty for vendor with no reviews
[22m[39mprisma:query db.Review.aggregate([ { $match: { $expr: { $and: [ { $regexMatch: { input: "$userId", regex: "^phase7-test", options: "", }, }, { $ne: [ "$userId", "$$REMOVE", ], }, ], }, }, }, { $project: { _id: 1, }, }, ])

[90mstdout[2m | src/__tests__/phase7/phase7.test.ts[2m > [22m[2mPhase 7: Vendor Reviews & Admin Vendor Management[2m > [22m[2mvendor reviews[2m > [22m[2mreturns empty for vendor with no reviews
[22m[39mprisma:query db.Order.aggregate([ { $match: { $expr: { $and: [ { $regexMatch: { input: "$userId", regex: "^phase7-test", options: "", }, }, { $ne: [ "$userId", "$$REMOVE", ], }, ], }, }, }, { $project: { _id: 1, }, }, ])

[90mstdout[2m | src/__tests__/phase7/phase7.test.ts[2m > [22m[2mPhase 7: Vendor Reviews & Admin Vendor Management[2m > [22m[2mvendor reviews[2m > [22m[2mreturns empty for vendor with no reviews
[22m[39mprisma:query db.Order.aggregate([ { $match: { $expr: { $and: [ { $regexMatch: { input: "$userId", regex: "^phase7-test", options: "", }, }, { $ne: [ "$userId", "$$REMOVE", ], }, ], }, }, }, { $project: { _id: 1, }, }, ])

[90mstdout[2m | src/__tests__/phase7/phase7.test.ts[2m > [22m[2mPhase 7: Vendor Reviews & Admin Vendor Management[2m > [22m[2mvendor reviews[2m > [22m[2mreturns empty for vendor with no reviews
[22m[39mprisma:query db.Product.aggregate([ { $match: { $expr: { $and: [ { $regexMatch: { input: "$vendorId", regex: "^phase7-test", options: "", }, }, { $ne: [ "$vendorId", "$$REMOVE", ], }, ], }, }, }, { $project: { _id: 1, }, }, ])

[90mstdout[2m | src/__tests__/phase7/phase7.test.ts[2m > [22m[2mPhase 7: Vendor Reviews & Admin Vendor Management[2m > [22m[2mvendor reviews[2m > [22m[2mreturns empty for vendor with no reviews
[22m[39mprisma:query db.DigitalAsset.aggregate([ { $match: { $expr: { $and: [ { }, { $and: [ { $or: [ { $eq: [ "$productId", { $literal: ObjectId("69d9042ddd7c093def6c4143"), }, ], }, ], }, { $ne: [ "$productId", "$$REMOVE", ], }, ], }, ], }, }, }, { $project: { _id: 1, productId: 1, }, }, ])

[90mstdout[2m | src/__tests__/phase7/phase7.test.ts[2m > [22m[2mPhase 7: Vendor Reviews & Admin Vendor Management[2m > [22m[2mvendor reviews[2m > [22m[2mreturns empty for vendor with no reviews
[22m[39mprisma:query db.WishlistItem.aggregate([ { $match: { $expr: { $and: [ { }, { $and: [ { $or: [ { $eq: [ "$productId", { $literal: ObjectId("69d9042ddd7c093def6c4143"), }, ], }, ], }, { $ne: [ "$productId", "$$REMOVE", ], }, ], }, ], }, }, }, { $project: { _id: 1, productId: 1, }, }, ])

[90mstdout[2m | src/__tests__/phase7/phase7.test.ts[2m > [22m[2mPhase 7: Vendor Reviews & Admin Vendor Management[2m > [22m[2mvendor reviews[2m > [22m[2mreturns empty for vendor with no reviews
[22m[39mprisma:query db.Review.aggregate([ { $match: { $expr: { $and: [ { }, { $and: [ { $or: [ { $eq: [ "$productId", { $literal: ObjectId("69d9042ddd7c093def6c4143"), }, ], }, ], }, { $ne: [ "$productId", "$$REMOVE", ], }, ], }, ], }, }, }, { $project: { _id: 1, productId: 1, }, }, ])

[90mstdout[2m | src/__tests__/phase7/phase7.test.ts[2m > [22m[2mPhase 7: Vendor Reviews & Admin Vendor Management[2m > [22m[2mvendor reviews[2m > [22m[2mreturns empty for vendor with no reviews
[22m[39mprisma:query db.OrderItem.aggregate([ { $match: { $expr: { $and: [ { }, { $and: [ { $or: [ { $eq: [ "$productId", { $literal: ObjectId("69d9042ddd7c093def6c4143"), }, ], }, ], }, { $ne: [ "$productId", "$$REMOVE", ], }, ], }, ], }, }, }, { $project: { _id: 1, productId: 1, }, }, ])

[90mstdout[2m | src/__tests__/phase7/phase7.test.ts[2m > [22m[2mPhase 7: Vendor Reviews & Admin Vendor Management[2m > [22m[2mvendor reviews[2m > [22m[2mreturns empty for vendor with no reviews
[22m[39mprisma:query db.CartItem.aggregate([ { $match: { $expr: { $and: [ { }, { $and: [ { $or: [ { $eq: [ "$productId", { $literal: ObjectId("69d9042ddd7c093def6c4143"), }, ], }, ], }, { $ne: [ "$productId", "$$REMOVE", ], }, ], }, ], }, }, }, { $project: { _id: 1, productId: 1, }, }, ])

[90mstdout[2m | src/__tests__/phase7/phase7.test.ts[2m > [22m[2mPhase 7: Vendor Reviews & Admin Vendor Management[2m > [22m[2mvendor reviews[2m > [22m[2mreturns empty for vendor with no reviews
[22m[39mprisma:query db.ProductVariant.aggregate([ { $match: { $expr: { $and: [ { }, { $and: [ { $or: [ { $eq: [ "$productId", { $literal: ObjectId("69d9042ddd7c093def6c4143"), }, ], }, ], }, { $ne: [ "$productId", "$$REMOVE", ], }, ], }, ], }, }, }, { $project: { _id: 1, productId: 1, }, }, ])

[90mstdout[2m | src/__tests__/phase7/phase7.test.ts[2m > [22m[2mPhase 7: Vendor Reviews & Admin Vendor Management[2m > [22m[2mvendor reviews[2m > [22m[2mreturns empty for vendor with no reviews
[22m[39mprisma:query db.Product.deleteMany({ _id: { $in: [ ObjectId("69d9042ddd7c093def6c4143"), ], }, })

[90mstdout[2m | src/__tests__/phase7/phase7.test.ts[2m > [22m[2mPhase 7: Vendor Reviews & Admin Vendor Management[2m > [22m[2mvendor reviews[2m > [22m[2mreturns empty for vendor with no reviews
[22m[39mprisma:query db.UserProfile.aggregate([ { $match: { $expr: { $and: [ { $regexMatch: { input: "$userId", regex: "^phase7-test", options: "", }, }, { $ne: [ "$userId", "$$REMOVE", ], }, ], }, }, }, { $project: { _id: 1, }, }, ])

[90mstdout[2m | src/__tests__/phase7/phase7.test.ts[2m > [22m[2mPhase 7: Vendor Reviews & Admin Vendor Management[2m > [22m[2mvendor reviews[2m > [22m[2mreturns empty for vendor with no reviews
[22m[39mprisma:query db.UserProfile.deleteMany({ _id: { $in: [ ObjectId("69d9042cdd7c093def6c4142"), ], }, })

[90mstdout[2m | src/__tests__/phase7/phase7.test.ts[2m > [22m[2mPhase 7: Vendor Reviews & Admin Vendor Management[2m > [22m[2mvendor reviews[2m > [22m[2mreturns empty for vendor with no reviews
[22m[39mprisma:query db.PlatformConfig.aggregate([ { $match: { $expr: { $and: [ { $eq: [ "$key", { $literal: "commissionRate", }, ], }, { $ne: [ "$key", "$$REMOVE", ], }, ], }, }, }, { $project: { _id: 1, }, }, ])

[90mstdout[2m | src/__tests__/phase7/phase7.test.ts[2m > [22m[2mPhase 7: Vendor Reviews & Admin Vendor Management[2m > [22m[2mvendor reviews[2m > [22m[2mfilters reviews by rating
[22m[39mprisma:query db.UserProfile.insertOne({ userId: "phase7-test-vendor-review-v3", email: "phase7-test-vendor-review-v3@test.com", firstName: "Vendor", lastName: "review-v3", role: "CUSTOMER", isVendor: true, vendorStatus: "ACTIVE", storeName: "Test Store review-v3", storeSlug: "phase7-test-store-review-v3", storeDescription: "Store review-v3 description", createdAt: DateTime("2026-04-10 14:07:51.094 +00:00:00"), updatedAt: DateTime("2026-04-10 14:07:51.094 +00:00:00"), })

[90mstdout[2m | src/__tests__/phase7/phase7.test.ts[2m > [22m[2mPhase 7: Vendor Reviews & Admin Vendor Management[2m > [22m[2mvendor reviews[2m > [22m[2mfilters reviews by rating
[22m[39mprisma:query db.UserProfile.aggregate([ { $match: { $expr: { $and: [ { $and: [ { $eq: [ "$_id", { $literal: ObjectId("69d90437dd7c093def6c4144"), }, ], }, { $ne: [ "$_id", "$$REMOVE", ], }, ], }, ], }, }, }, { $project: { _id: 1, userId: 1, email: 1, firstName: 1, lastName: 1, phone: 1, avatar: 1, dateOfBirth: 1, gender: 1, role: 1, isVendor: 1, vendorStatus: 1, storeName: 1, storeSlug: 1, storeDescription: 1, vendorSince: 1, createdAt: 1, updatedAt: 1, }, }, ])

[90mstdout[2m | src/__tests__/phase7/phase7.test.ts[2m > [22m[2mPhase 7: Vendor Reviews & Admin Vendor Management[2m > [22m[2mvendor reviews[2m > [22m[2mfilters reviews by rating
[22m[39mprisma:query db.Product.insertOne({ name: "phase7-test-product-1775830071832-10", slug: "phase7-test-slug-1775830071832-11", description: "Test product", stockKeepingUnit: "phase7-test-sku-1775830071832-12", basePrice: 5000, type: "DIGITAL", vendorId: "phase7-test-vendor-review-v3", approvalStatus: "APPROVED", tags: [ ], images: [ ], avgRating: 0, reviewCount: 0, stock: 0, lowStockThreshold: 10, isActive: true, isFeatured: false, isNewArrival: true, createdAt: DateTime("2026-04-10 14:07:51.834 +00:00:00"), updatedAt: DateTime("2026-04-10 14:07:51.834 +00:00:00"), })

[90mstdout[2m | src/__tests__/phase7/phase7.test.ts[2m > [22m[2mPhase 7: Vendor Reviews & Admin Vendor Management[2m > [22m[2mvendor reviews[2m > [22m[2mfilters reviews by rating
[22m[39mprisma:query db.Product.aggregate([ { $match: { $expr: { $and: [ { $and: [ { $eq: [ "$_id", { $literal: ObjectId("69d90437dd7c093def6c4145"), }, ], }, { $ne: [ "$_id", "$$REMOVE", ], }, ], }, ], }, }, }, { $project: { _id: 1, name: 1, slug: 1, description: 1, shortDesc: 1, stockKeepingUnit: 1, basePrice: 1, salePrice: 1, type: 1, categoryId: 1, vendorId: 1, approvalStatus: 1, brand: 1, tags: 1, images: 1, avgRating: 1, reviewCount: 1, stock: 1, lowStockThreshold: 1, isActive: 1, isFeatured: 1, isNewArrival: 1, createdAt: 1, updatedAt: 1, }, }, ])

[90mstdout[2m | src/__tests__/phase7/phase7.test.ts[2m > [22m[2mPhase 7: Vendor Reviews & Admin Vendor Management[2m > [22m[2mvendor reviews[2m > [22m[2mfilters reviews by rating
[22m[39mprisma:query db.Review.insertOne({ productId: ObjectId("69d90437dd7c093def6c4145"), userId: "phase7-test-buyer-r4", userName: "User phase7-test-buyer-r4", rating: 5, comment: "Great product, highly recommended!", isVerified: true, createdAt: DateTime("2026-04-10 14:07:53.09 +00:00:00"), updatedAt: DateTime("2026-04-10 14:07:53.09 +00:00:00"), })

[90mstdout[2m | src/__tests__/phase7/phase7.test.ts[2m > [22m[2mPhase 7: Vendor Reviews & Admin Vendor Management[2m > [22m[2mvendor reviews[2m > [22m[2mfilters reviews by rating
[22m[39mprisma:query db.Review.aggregate([ { $match: { $expr: { $and: [ { $and: [ { $eq: [ "$_id", { $literal: ObjectId("69d90439dd7c093def6c4146"), }, ], }, { $ne: [ "$_id", "$$REMOVE", ], }, ], }, ], }, }, }, { $project: { _id: 1, productId: 1, userId: 1, userName: 1, rating: 1, title: 1, comment: 1, isVerified: 1, createdAt: 1, updatedAt: 1, }, }, ])

[90mstdout[2m | src/__tests__/phase7/phase7.test.ts[2m > [22m[2mPhase 7: Vendor Reviews & Admin Vendor Management[2m > [22m[2mvendor reviews[2m > [22m[2mfilters reviews by rating
[22m[39mprisma:query db.Review.insertOne({ productId: ObjectId("69d90437dd7c093def6c4145"), userId: "phase7-test-buyer-r5", userName: "User phase7-test-buyer-r5", rating: 2, comment: "Great product, highly recommended!", isVerified: true, createdAt: DateTime("2026-04-10 14:07:54.472 +00:00:00"), updatedAt: DateTime("2026-04-10 14:07:54.472 +00:00:00"), })

[90mstdout[2m | src/__tests__/phase7/phase7.test.ts[2m > [22m[2mPhase 7: Vendor Reviews & Admin Vendor Management[2m > [22m[2mvendor reviews[2m > [22m[2mfilters reviews by rating
[22m[39mprisma:query db.Review.aggregate([ { $match: { $expr: { $and: [ { $and: [ { $eq: [ "$_id", { $literal: ObjectId("69d9043add7c093def6c4147"), }, ], }, { $ne: [ "$_id", "$$REMOVE", ], }, ], }, ], }, }, }, { $project: { _id: 1, productId: 1, userId: 1, userName: 1, rating: 1, title: 1, comment: 1, isVerified: 1, createdAt: 1, updatedAt: 1, }, }, ])

[90mstdout[2m | src/__tests__/phase7/phase7.test.ts[2m > [22m[2mPhase 7: Vendor Reviews & Admin Vendor Management[2m > [22m[2mvendor reviews[2m > [22m[2mfilters reviews by rating
[22m[39mprisma:query db.Product.aggregate([ { $match: { $expr: { $and: [ { $eq: [ "$vendorId", { $literal: "phase7-test-vendor-review-v3", }, ], }, { $ne: [ "$vendorId", "$$REMOVE", ], }, ], }, }, }, { $project: { _id: 1, }, }, ])

[90mstdout[2m | src/__tests__/phase7/phase7.test.ts[2m > [22m[2mPhase 7: Vendor Reviews & Admin Vendor Management[2m > [22m[2mvendor reviews[2m > [22m[2mfilters reviews by rating
[22m[39mprisma:query db.Review.aggregate([ { $match: { $expr: { $and: [ { $and: [ { $or: [ { $eq: [ "$productId", { $literal: ObjectId("69d90437dd7c093def6c4145"), }, ], }, ], }, { $ne: [ "$productId", "$$REMOVE", ], }, ], }, { $and: [ { $eq: [ "$rating", { $literal: 5, }, ], }, { $ne: [ "$rating", "$$REMOVE", ], }, ], }, ], }, }, }, { $sort: { createdAt: -1, }, }, { $skip: 0, }, { $limit: 10, }, { $project: { _id: 1, productId: 1, userId: 1, userName: 1, rating: 1, title: 1, comment: 1, isVerified: 1, createdAt: 1, updatedAt: 1, }, }, ])

[90mstdout[2m | src/__tests__/phase7/phase7.test.ts[2m > [22m[2mPhase 7: Vendor Reviews & Admin Vendor Management[2m > [22m[2mvendor reviews[2m > [22m[2mfilters reviews by rating
[22m[39mprisma:query db.Review.aggregate([ { $match: { $expr: { $and: [ { $and: [ { $or: [ { $eq: [ "$productId", { $literal: ObjectId("69d90437dd7c093def6c4145"), }, ], }, ], }, { $ne: [ "$productId", "$$REMOVE", ], }, ], }, { $and: [ { $eq: [ "$rating", { $literal: 5, }, ], }, { $ne: [ "$rating", "$$REMOVE", ], }, ], }, ], }, }, }, { $group: { _id: null, count_all: { $sum: 1, }, }, }, ])

[90mstdout[2m | src/__tests__/phase7/phase7.test.ts[2m > [22m[2mPhase 7: Vendor Reviews & Admin Vendor Management[2m > [22m[2mvendor reviews[2m > [22m[2mfilters reviews by rating
[22m[39mprisma:query db.Product.aggregate([ { $match: { $expr: { $and: [ { $or: [ { $eq: [ "$_id", { $literal: ObjectId("69d90437dd7c093def6c4145"), }, ], }, ], }, { $ne: [ "$_id", "$$REMOVE", ], }, ], }, }, }, { $project: { _id: 1, name: 1, slug: 1, images: 1, }, }, ])

[90mstdout[2m | src/__tests__/phase7/phase7.test.ts[2m > [22m[2mPhase 7: Vendor Reviews & Admin Vendor Management[2m > [22m[2mvendor reviews[2m > [22m[2mfilters reviews by rating
[22m[39mprisma:query db.LedgerEntry.aggregate([ { $match: { $expr: { $and: [ { $regexMatch: { input: "$vendorId", regex: "^phase7-test", options: "", }, }, { $ne: [ "$vendorId", "$$REMOVE", ], }, ], }, }, }, { $project: { _id: 1, }, }, ])

[90mstdout[2m | src/__tests__/phase7/phase7.test.ts[2m > [22m[2mPhase 7: Vendor Reviews & Admin Vendor Management[2m > [22m[2mvendor reviews[2m > [22m[2mfilters reviews by rating
[22m[39mprisma:query db.VendorBalance.aggregate([ { $match: { $expr: { $and: [ { $regexMatch: { input: "$vendorId", regex: "^phase7-test", options: "", }, }, { $ne: [ "$vendorId", "$$REMOVE", ], }, ], }, }, }, { $project: { _id: 1, }, }, ])

[90mstdout[2m | src/__tests__/phase7/phase7.test.ts[2m > [22m[2mPhase 7: Vendor Reviews & Admin Vendor Management[2m > [22m[2mvendor reviews[2m > [22m[2mfilters reviews by rating
[22m[39mprisma:query db.Review.aggregate([ { $match: { $expr: { $and: [ { $regexMatch: { input: "$userId", regex: "^phase7-test", options: "", }, }, { $ne: [ "$userId", "$$REMOVE", ], }, ], }, }, }, { $project: { _id: 1, }, }, ])

[90mstdout[2m | src/__tests__/phase7/phase7.test.ts[2m > [22m[2mPhase 7: Vendor Reviews & Admin Vendor Management[2m > [22m[2mvendor reviews[2m > [22m[2mfilters reviews by rating
[22m[39mprisma:query db.Review.deleteMany({ _id: { $in: [ ObjectId("69d90439dd7c093def6c4146"), ObjectId("69d9043add7c093def6c4147"), ], }, })

[90mstdout[2m | src/__tests__/phase7/phase7.test.ts[2m > [22m[2mPhase 7: Vendor Reviews & Admin Vendor Management[2m > [22m[2mvendor reviews[2m > [22m[2mfilters reviews by rating
[22m[39mprisma:query db.Order.aggregate([ { $match: { $expr: { $and: [ { $regexMatch: { input: "$userId", regex: "^phase7-test", options: "", }, }, { $ne: [ "$userId", "$$REMOVE", ], }, ], }, }, }, { $project: { _id: 1, }, }, ])

[90mstdout[2m | src/__tests__/phase7/phase7.test.ts[2m > [22m[2mPhase 7: Vendor Reviews & Admin Vendor Management[2m > [22m[2mvendor reviews[2m > [22m[2mfilters reviews by rating
[22m[39mprisma:query db.Order.aggregate([ { $match: { $expr: { $and: [ { $regexMatch: { input: "$userId", regex: "^phase7-test", options: "", }, }, { $ne: [ "$userId", "$$REMOVE", ], }, ], }, }, }, { $project: { _id: 1, }, }, ])

[90mstdout[2m | src/__tests__/phase7/phase7.test.ts[2m > [22m[2mPhase 7: Vendor Reviews & Admin Vendor Management[2m > [22m[2mvendor reviews[2m > [22m[2mfilters reviews by rating
[22m[39mprisma:query db.Product.aggregate([ { $match: { $expr: { $and: [ { $regexMatch: { input: "$vendorId", regex: "^phase7-test", options: "", }, }, { $ne: [ "$vendorId", "$$REMOVE", ], }, ], }, }, }, { $project: { _id: 1, }, }, ])

[90mstdout[2m | src/__tests__/phase7/phase7.test.ts[2m > [22m[2mPhase 7: Vendor Reviews & Admin Vendor Management[2m > [22m[2mvendor reviews[2m > [22m[2mfilters reviews by rating
[22m[39mprisma:query db.DigitalAsset.aggregate([ { $match: { $expr: { $and: [ { }, { $and: [ { $or: [ { $eq: [ "$productId", { $literal: ObjectId("69d90437dd7c093def6c4145"), }, ], }, ], }, { $ne: [ "$productId", "$$REMOVE", ], }, ], }, ], }, }, }, { $project: { _id: 1, productId: 1, }, }, ])

[90mstdout[2m | src/__tests__/phase7/phase7.test.ts[2m > [22m[2mPhase 7: Vendor Reviews & Admin Vendor Management[2m > [22m[2mvendor reviews[2m > [22m[2mfilters reviews by rating
[22m[39mprisma:query db.WishlistItem.aggregate([ { $match: { $expr: { $and: [ { }, { $and: [ { $or: [ { $eq: [ "$productId", { $literal: ObjectId("69d90437dd7c093def6c4145"), }, ], }, ], }, { $ne: [ "$productId", "$$REMOVE", ], }, ], }, ], }, }, }, { $project: { _id: 1, productId: 1, }, }, ])

[90mstdout[2m | src/__tests__/phase7/phase7.test.ts[2m > [22m[2mPhase 7: Vendor Reviews & Admin Vendor Management[2m > [22m[2mvendor reviews[2m > [22m[2mfilters reviews by rating
[22m[39mprisma:query db.Review.aggregate([ { $match: { $expr: { $and: [ { }, { $and: [ { $or: [ { $eq: [ "$productId", { $literal: ObjectId("69d90437dd7c093def6c4145"), }, ], }, ], }, { $ne: [ "$productId", "$$REMOVE", ], }, ], }, ], }, }, }, { $project: { _id: 1, productId: 1, }, }, ])

[90mstdout[2m | src/__tests__/phase7/phase7.test.ts[2m > [22m[2mPhase 7: Vendor Reviews & Admin Vendor Management[2m > [22m[2mvendor reviews[2m > [22m[2mfilters reviews by rating
[22m[39mprisma:query db.OrderItem.aggregate([ { $match: { $expr: { $and: [ { }, { $and: [ { $or: [ { $eq: [ "$productId", { $literal: ObjectId("69d90437dd7c093def6c4145"), }, ], }, ], }, { $ne: [ "$productId", "$$REMOVE", ], }, ], }, ], }, }, }, { $project: { _id: 1, productId: 1, }, }, ])

[90mstdout[2m | src/__tests__/phase7/phase7.test.ts[2m > [22m[2mPhase 7: Vendor Reviews & Admin Vendor Management[2m > [22m[2mvendor reviews[2m > [22m[2mfilters reviews by rating
[22m[39mprisma:query db.CartItem.aggregate([ { $match: { $expr: { $and: [ { }, { $and: [ { $or: [ { $eq: [ "$productId", { $literal: ObjectId("69d90437dd7c093def6c4145"), }, ], }, ], }, { $ne: [ "$productId", "$$REMOVE", ], }, ], }, ], }, }, }, { $project: { _id: 1, productId: 1, }, }, ])

[90mstdout[2m | src/__tests__/phase7/phase7.test.ts[2m > [22m[2mPhase 7: Vendor Reviews & Admin Vendor Management[2m > [22m[2mvendor reviews[2m > [22m[2mfilters reviews by rating
[22m[39mprisma:query db.ProductVariant.aggregate([ { $match: { $expr: { $and: [ { }, { $and: [ { $or: [ { $eq: [ "$productId", { $literal: ObjectId("69d90437dd7c093def6c4145"), }, ], }, ], }, { $ne: [ "$productId", "$$REMOVE", ], }, ], }, ], }, }, }, { $project: { _id: 1, productId: 1, }, }, ])

[90mstdout[2m | src/__tests__/phase7/phase7.test.ts[2m > [22m[2mPhase 7: Vendor Reviews & Admin Vendor Management[2m > [22m[2mvendor reviews[2m > [22m[2mfilters reviews by rating
[22m[39mprisma:query db.Product.deleteMany({ _id: { $in: [ ObjectId("69d90437dd7c093def6c4145"), ], }, })

[90mstdout[2m | src/__tests__/phase7/phase7.test.ts[2m > [22m[2mPhase 7: Vendor Reviews & Admin Vendor Management[2m > [22m[2mvendor reviews[2m > [22m[2mfilters reviews by rating
[22m[39mprisma:query db.UserProfile.aggregate([ { $match: { $expr: { $and: [ { $regexMatch: { input: "$userId", regex: "^phase7-test", options: "", }, }, { $ne: [ "$userId", "$$REMOVE", ], }, ], }, }, }, { $project: { _id: 1, }, }, ])

[90mstdout[2m | src/__tests__/phase7/phase7.test.ts[2m > [22m[2mPhase 7: Vendor Reviews & Admin Vendor Management[2m > [22m[2mvendor reviews[2m > [22m[2mfilters reviews by rating
[22m[39mprisma:query db.UserProfile.deleteMany({ _id: { $in: [ ObjectId("69d90437dd7c093def6c4144"), ], }, })

[90mstdout[2m | src/__tests__/phase7/phase7.test.ts[2m > [22m[2mPhase 7: Vendor Reviews & Admin Vendor Management[2m > [22m[2mvendor reviews[2m > [22m[2mfilters reviews by rating
[22m[39mprisma:query db.PlatformConfig.aggregate([ { $match: { $expr: { $and: [ { $eq: [ "$key", { $literal: "commissionRate", }, ], }, { $ne: [ "$key", "$$REMOVE", ], }, ], }, }, }, { $project: { _id: 1, }, }, ])

[90mstdout[2m | src/__tests__/phase7/phase7.test.ts[2m > [22m[2mPhase 7: Vendor Reviews & Admin Vendor Management[2m > [22m[2madmin vendor list[2m > [22m[2mlists all vendors with product count and earnings
[22m[39mprisma:query db.UserProfile.insertOne({ userId: "phase7-test-vendor-list-v1", email: "phase7-test-vendor-list-v1@test.com", firstName: "Vendor", lastName: "list-v1", role: "CUSTOMER", isVendor: true, vendorStatus: "ACTIVE", storeName: "Test Store list-v1", storeSlug: "phase7-test-store-list-v1", storeDescription: "Store list-v1 description", createdAt: DateTime("2026-04-10 14:08:02.206 +00:00:00"), updatedAt: DateTime("2026-04-10 14:08:02.206 +00:00:00"), })

[90mstdout[2m | src/__tests__/phase7/phase7.test.ts[2m > [22m[2mPhase 7: Vendor Reviews & Admin Vendor Management[2m > [22m[2madmin vendor list[2m > [22m[2mlists all vendors with product count and earnings
[22m[39mprisma:query db.UserProfile.aggregate([ { $match: { $expr: { $and: [ { $and: [ { $eq: [ "$_id", { $literal: ObjectId("69d90442dd7c093def6c4148"), }, ], }, { $ne: [ "$_id", "$$REMOVE", ], }, ], }, ], }, }, }, { $project: { _id: 1, userId: 1, email: 1, firstName: 1, lastName: 1, phone: 1, avatar: 1, dateOfBirth: 1, gender: 1, role: 1, isVendor: 1, vendorStatus: 1, storeName: 1, storeSlug: 1, storeDescription: 1, vendorSince: 1, createdAt: 1, updatedAt: 1, }, }, ])

[90mstdout[2m | src/__tests__/phase7/phase7.test.ts[2m > [22m[2mPhase 7: Vendor Reviews & Admin Vendor Management[2m > [22m[2madmin vendor list[2m > [22m[2mlists all vendors with product count and earnings
[22m[39mprisma:query db.UserProfile.insertOne({ userId: "phase7-test-vendor-list-v2", email: "phase7-test-vendor-list-v2@test.com", firstName: "Vendor", lastName: "list-v2", role: "CUSTOMER", isVendor: true, vendorStatus: "ACTIVE", storeName: "Test Store list-v2", storeSlug: "phase7-test-store-list-v2", storeDescription: "Store list-v2 description", createdAt: DateTime("2026-04-10 14:08:02.928 +00:00:00"), updatedAt: DateTime("2026-04-10 14:08:02.928 +00:00:00"), })

[90mstdout[2m | src/__tests__/phase7/phase7.test.ts[2m > [22m[2mPhase 7: Vendor Reviews & Admin Vendor Management[2m > [22m[2madmin vendor list[2m > [22m[2mlists all vendors with product count and earnings
[22m[39mprisma:query db.UserProfile.aggregate([ { $match: { $expr: { $and: [ { $and: [ { $eq: [ "$_id", { $literal: ObjectId("69d90442dd7c093def6c4149"), }, ], }, { $ne: [ "$_id", "$$REMOVE", ], }, ], }, ], }, }, }, { $project: { _id: 1, userId: 1, email: 1, firstName: 1, lastName: 1, phone: 1, avatar: 1, dateOfBirth: 1, gender: 1, role: 1, isVendor: 1, vendorStatus: 1, storeName: 1, storeSlug: 1, storeDescription: 1, vendorSince: 1, createdAt: 1, updatedAt: 1, }, }, ])

[90mstdout[2m | src/__tests__/phase7/phase7.test.ts[2m > [22m[2mPhase 7: Vendor Reviews & Admin Vendor Management[2m > [22m[2madmin vendor list[2m > [22m[2mlists all vendors with product count and earnings
[22m[39mprisma:query db.Product.insertOne({ name: "phase7-test-product-1775830083946-13", slug: "phase7-test-slug-1775830083946-14", description: "Test product", stockKeepingUnit: "phase7-test-sku-1775830083946-15", basePrice: 5000, type: "DIGITAL", vendorId: "phase7-test-vendor-list-v1", approvalStatus: "APPROVED", tags: [ ], images: [ ], avgRating: 0, reviewCount: 0, stock: 0, lowStockThreshold: 10, isActive: true, isFeatured: false, isNewArrival: true, createdAt: DateTime("2026-04-10 14:08:03.948 +00:00:00"), updatedAt: DateTime("2026-04-10 14:08:03.948 +00:00:00"), })

[90mstdout[2m | src/__tests__/phase7/phase7.test.ts[2m > [22m[2mPhase 7: Vendor Reviews & Admin Vendor Management[2m > [22m[2madmin vendor list[2m > [22m[2mlists all vendors with product count and earnings
[22m[39mprisma:query db.Product.aggregate([ { $match: { $expr: { $and: [ { $and: [ { $eq: [ "$_id", { $literal: ObjectId("69d90443dd7c093def6c414a"), }, ], }, { $ne: [ "$_id", "$$REMOVE", ], }, ], }, ], }, }, }, { $project: { _id: 1, name: 1, slug: 1, description: 1, shortDesc: 1, stockKeepingUnit: 1, basePrice: 1, salePrice: 1, type: 1, categoryId: 1, vendorId: 1, approvalStatus: 1, brand: 1, tags: 1, images: 1, avgRating: 1, reviewCount: 1, stock: 1, lowStockThreshold: 1, isActive: 1, isFeatured: 1, isNewArrival: 1, createdAt: 1, updatedAt: 1, }, }, ])

[90mstdout[2m | src/__tests__/phase7/phase7.test.ts[2m > [22m[2mPhase 7: Vendor Reviews & Admin Vendor Management[2m > [22m[2madmin vendor list[2m > [22m[2mlists all vendors with product count and earnings
[22m[39mprisma:query db.Product.insertOne({ name: "phase7-test-product-1775830084496-16", slug: "phase7-test-slug-1775830084496-17", description: "Test product", stockKeepingUnit: "phase7-test-sku-1775830084496-18", basePrice: 5000, type: "DIGITAL", vendorId: "phase7-test-vendor-list-v1", approvalStatus: "APPROVED", tags: [ ], images: [ ], avgRating: 0, reviewCount: 0, stock: 0, lowStockThreshold: 10, isActive: true, isFeatured: false, isNewArrival: true, createdAt: DateTime("2026-04-10 14:08:04.498 +00:00:00"), updatedAt: DateTime("2026-04-10 14:08:04.498 +00:00:00"), })

[90mstdout[2m | src/__tests__/phase7/phase7.test.ts[2m > [22m[2mPhase 7: Vendor Reviews & Admin Vendor Management[2m > [22m[2madmin vendor list[2m > [22m[2mlists all vendors with product count and earnings
[22m[39mprisma:query db.Product.aggregate([ { $match: { $expr: { $and: [ { $and: [ { $eq: [ "$_id", { $literal: ObjectId("69d90444dd7c093def6c414b"), }, ], }, { $ne: [ "$_id", "$$REMOVE", ], }, ], }, ], }, }, }, { $project: { _id: 1, name: 1, slug: 1, description: 1, shortDesc: 1, stockKeepingUnit: 1, basePrice: 1, salePrice: 1, type: 1, categoryId: 1, vendorId: 1, approvalStatus: 1, brand: 1, tags: 1, images: 1, avgRating: 1, reviewCount: 1, stock: 1, lowStockThreshold: 1, isActive: 1, isFeatured: 1, isNewArrival: 1, createdAt: 1, updatedAt: 1, }, }, ])

[90mstdout[2m | src/__tests__/phase7/phase7.test.ts[2m > [22m[2mPhase 7: Vendor Reviews & Admin Vendor Management[2m > [22m[2madmin vendor list[2m > [22m[2mlists all vendors with product count and earnings
[22m[39mprisma:query db.Product.insertOne({ name: "phase7-test-product-1775830085230-19", slug: "phase7-test-slug-1775830085231-20", description: "Test product", stockKeepingUnit: "phase7-test-sku-1775830085231-21", basePrice: 5000, type: "DIGITAL", vendorId: "phase7-test-vendor-list-v2", approvalStatus: "APPROVED", tags: [ ], images: [ ], avgRating: 0, reviewCount: 0, stock: 0, lowStockThreshold: 10, isActive: true, isFeatured: false, isNewArrival: true, createdAt: DateTime("2026-04-10 14:08:05.233 +00:00:00"), updatedAt: DateTime("2026-04-10 14:08:05.233 +00:00:00"), })

[90mstdout[2m | src/__tests__/phase7/phase7.test.ts[2m > [22m[2mPhase 7: Vendor Reviews & Admin Vendor Management[2m > [22m[2madmin vendor list[2m > [22m[2mlists all vendors with product count and earnings
[22m[39mprisma:query db.Product.aggregate([ { $match: { $expr: { $and: [ { $and: [ { $eq: [ "$_id", { $literal: ObjectId("69d90445dd7c093def6c414c"), }, ], }, { $ne: [ "$_id", "$$REMOVE", ], }, ], }, ], }, }, }, { $project: { _id: 1, name: 1, slug: 1, description: 1, shortDesc: 1, stockKeepingUnit: 1, basePrice: 1, salePrice: 1, type: 1, categoryId: 1, vendorId: 1, approvalStatus: 1, brand: 1, tags: 1, images: 1, avgRating: 1, reviewCount: 1, stock: 1, lowStockThreshold: 1, isActive: 1, isFeatured: 1, isNewArrival: 1, createdAt: 1, updatedAt: 1, }, }, ])

[90mstdout[2m | src/__tests__/phase7/phase7.test.ts[2m > [22m[2mPhase 7: Vendor Reviews & Admin Vendor Management[2m > [22m[2madmin vendor list[2m > [22m[2mlists all vendors with product count and earnings
[22m[39mprisma:query db.UserProfile.aggregate([ { $match: { $expr: { $and: [ { $eq: [ "$isVendor", { $literal: true, }, ], }, { $ne: [ "$isVendor", "$$REMOVE", ], }, ], }, }, }, { $sort: { vendorSince: -1, }, }, { $skip: 0, }, { $limit: 20, }, { $project: { _id: 1, userId: 1, email: 1, firstName: 1, lastName: 1, vendorStatus: 1, storeName: 1, storeSlug: 1, storeDescription: 1, vendorSince: 1, }, }, ])

[90mstdout[2m | src/__tests__/phase7/phase7.test.ts[2m > [22m[2mPhase 7: Vendor Reviews & Admin Vendor Management[2m > [22m[2madmin vendor list[2m > [22m[2mlists all vendors with product count and earnings
[22m[39mprisma:query db.UserProfile.aggregate([ { $match: { $expr: { $and: [ { $eq: [ "$isVendor", { $literal: true, }, ], }, { $ne: [ "$isVendor", "$$REMOVE", ], }, ], }, }, }, { $group: { _id: null, count_all: { $sum: 1, }, }, }, ])

[90mstdout[2m | src/__tests__/phase7/phase7.test.ts[2m > [22m[2mPhase 7: Vendor Reviews & Admin Vendor Management[2m > [22m[2madmin vendor list[2m > [22m[2mlists all vendors with product count and earnings
[22m[39mprisma:query db.Product.aggregate([ { $match: { $expr: { $and: [ { $eq: [ "$vendorId", { $literal: "phase7-test-vendor-list-v2", }, ], }, { $ne: [ "$vendorId", "$$REMOVE", ], }, ], }, }, }, { $group: { _id: null, count_all: { $sum: 1, }, }, }, ])

[90mstdout[2m | src/__tests__/phase7/phase7.test.ts[2m > [22m[2mPhase 7: Vendor Reviews & Admin Vendor Management[2m > [22m[2madmin vendor list[2m > [22m[2mlists all vendors with product count and earnings
[22m[39mprisma:query db.Product.aggregate([ { $match: { $expr: { $and: [ { $eq: [ "$vendorId", { $literal: "phase7-test-vendor-list-v1", }, ], }, { $ne: [ "$vendorId", "$$REMOVE", ], }, ], }, }, }, { $group: { _id: null, count_all: { $sum: 1, }, }, }, ])

[90mstdout[2m | src/__tests__/phase7/phase7.test.ts[2m > [22m[2mPhase 7: Vendor Reviews & Admin Vendor Management[2m > [22m[2madmin vendor list[2m > [22m[2mlists all vendors with product count and earnings
[22m[39mprisma:query db.VendorBalance.aggregate([ { $match: { $expr: { $and: [ { $or: [ { $eq: [ "$vendorId", { $literal: "phase7-test-vendor-list-v1", }, ], }, { $eq: [ "$vendorId", { $literal: "phase7-test-vendor-list-v2", }, ], }, ], }, { $ne: [ "$vendorId", "$$REMOVE", ], }, ], }, }, }, { $project: { _id: 1, vendorId: 1, availableBalance: 1, totalEarned: 1, totalCommission: 1, updatedAt: 1, }, }, ])

[90mstdout[2m | src/__tests__/phase7/phase7.test.ts[2m > [22m[2mPhase 7: Vendor Reviews & Admin Vendor Management[2m > [22m[2madmin vendor list[2m > [22m[2mlists all vendors with product count and earnings
[22m[39mprisma:query db.LedgerEntry.aggregate([ { $match: { $expr: { $and: [ { $regexMatch: { input: "$vendorId", regex: "^phase7-test", options: "", }, }, { $ne: [ "$vendorId", "$$REMOVE", ], }, ], }, }, }, { $project: { _id: 1, }, }, ])

[90mstdout[2m | src/__tests__/phase7/phase7.test.ts[2m > [22m[2mPhase 7: Vendor Reviews & Admin Vendor Management[2m > [22m[2madmin vendor list[2m > [22m[2mlists all vendors with product count and earnings
[22m[39mprisma:query db.VendorBalance.aggregate([ { $match: { $expr: { $and: [ { $regexMatch: { input: "$vendorId", regex: "^phase7-test", options: "", }, }, { $ne: [ "$vendorId", "$$REMOVE", ], }, ], }, }, }, { $project: { _id: 1, }, }, ])

[90mstdout[2m | src/__tests__/phase7/phase7.test.ts[2m > [22m[2mPhase 7: Vendor Reviews & Admin Vendor Management[2m > [22m[2madmin vendor list[2m > [22m[2mlists all vendors with product count and earnings
[22m[39mprisma:query db.Review.aggregate([ { $match: { $expr: { $and: [ { $regexMatch: { input: "$userId", regex: "^phase7-test", options: "", }, }, { $ne: [ "$userId", "$$REMOVE", ], }, ], }, }, }, { $project: { _id: 1, }, }, ])

[90mstdout[2m | src/__tests__/phase7/phase7.test.ts[2m > [22m[2mPhase 7: Vendor Reviews & Admin Vendor Management[2m > [22m[2madmin vendor list[2m > [22m[2mlists all vendors with product count and earnings
[22m[39mprisma:query db.Order.aggregate([ { $match: { $expr: { $and: [ { $regexMatch: { input: "$userId", regex: "^phase7-test", options: "", }, }, { $ne: [ "$userId", "$$REMOVE", ], }, ], }, }, }, { $project: { _id: 1, }, }, ])

[90mstdout[2m | src/__tests__/phase7/phase7.test.ts[2m > [22m[2mPhase 7: Vendor Reviews & Admin Vendor Management[2m > [22m[2madmin vendor list[2m > [22m[2mlists all vendors with product count and earnings
[22m[39mprisma:query db.Order.aggregate([ { $match: { $expr: { $and: [ { $regexMatch: { input: "$userId", regex: "^phase7-test", options: "", }, }, { $ne: [ "$userId", "$$REMOVE", ], }, ], }, }, }, { $project: { _id: 1, }, }, ])

[90mstdout[2m | src/__tests__/phase7/phase7.test.ts[2m > [22m[2mPhase 7: Vendor Reviews & Admin Vendor Management[2m > [22m[2madmin vendor list[2m > [22m[2mlists all vendors with product count and earnings
[22m[39mprisma:query db.Product.aggregate([ { $match: { $expr: { $and: [ { $regexMatch: { input: "$vendorId", regex: "^phase7-test", options: "", }, }, { $ne: [ "$vendorId", "$$REMOVE", ], }, ], }, }, }, { $project: { _id: 1, }, }, ])

[90mstdout[2m | src/__tests__/phase7/phase7.test.ts[2m > [22m[2mPhase 7: Vendor Reviews & Admin Vendor Management[2m > [22m[2madmin vendor list[2m > [22m[2mlists all vendors with product count and earnings
[22m[39mprisma:query db.DigitalAsset.aggregate([ { $match: { $expr: { $and: [ { }, { $and: [ { $or: [ { $eq: [ "$productId", { $literal: ObjectId("69d90443dd7c093def6c414a"), }, ], }, { $eq: [ "$productId", { $literal: ObjectId("69d90444dd7c093def6c414b"), }, ], }, { $eq: [ "$productId", { $literal: ObjectId("69d90445dd7c093def6c414c"), }, ], }, ], }, { $ne: [ "$productId", "$$REMOVE", ], }, ], }, ], }, }, }, { $project: { _id: 1, productId: 1, }, }, ])

[90mstdout[2m | src/__tests__/phase7/phase7.test.ts[2m > [22m[2mPhase 7: Vendor Reviews & Admin Vendor Management[2m > [22m[2madmin vendor list[2m > [22m[2mlists all vendors with product count and earnings
[22m[39mprisma:query db.WishlistItem.aggregate([ { $match: { $expr: { $and: [ { }, { $and: [ { $or: [ { $eq: [ "$productId", { $literal: ObjectId("69d90443dd7c093def6c414a"), }, ], }, { $eq: [ "$productId", { $literal: ObjectId("69d90444dd7c093def6c414b"), }, ], }, { $eq: [ "$productId", { $literal: ObjectId("69d90445dd7c093def6c414c"), }, ], }, ], }, { $ne: [ "$productId", "$$REMOVE", ], }, ], }, ], }, }, }, { $project: { _id: 1, productId: 1, }, }, ])

[90mstdout[2m | src/__tests__/phase7/phase7.test.ts[2m > [22m[2mPhase 7: Vendor Reviews & Admin Vendor Management[2m > [22m[2madmin vendor list[2m > [22m[2mlists all vendors with product count and earnings
[22m[39mprisma:query db.Review.aggregate([ { $match: { $expr: { $and: [ { }, { $and: [ { $or: [ { $eq: [ "$productId", { $literal: ObjectId("69d90443dd7c093def6c414a"), }, ], }, { $eq: [ "$productId", { $literal: ObjectId("69d90444dd7c093def6c414b"), }, ], }, { $eq: [ "$productId", { $literal: ObjectId("69d90445dd7c093def6c414c"), }, ], }, ], }, { $ne: [ "$productId", "$$REMOVE", ], }, ], }, ], }, }, }, { $project: { _id: 1, productId: 1, }, }, ])

[90mstdout[2m | src/__tests__/phase7/phase7.test.ts[2m > [22m[2mPhase 7: Vendor Reviews & Admin Vendor Management[2m > [22m[2madmin vendor list[2m > [22m[2mlists all vendors with product count and earnings
[22m[39mprisma:query db.OrderItem.aggregate([ { $match: { $expr: { $and: [ { }, { $and: [ { $or: [ { $eq: [ "$productId", { $literal: ObjectId("69d90443dd7c093def6c414a"), }, ], }, { $eq: [ "$productId", { $literal: ObjectId("69d90444dd7c093def6c414b"), }, ], }, { $eq: [ "$productId", { $literal: ObjectId("69d90445dd7c093def6c414c"), }, ], }, ], }, { $ne: [ "$productId", "$$REMOVE", ], }, ], }, ], }, }, }, { $project: { _id: 1, productId: 1, }, }, ])

[90mstdout[2m | src/__tests__/phase7/phase7.test.ts[2m > [22m[2mPhase 7: Vendor Reviews & Admin Vendor Management[2m > [22m[2madmin vendor list[2m > [22m[2mlists all vendors with product count and earnings
[22m[39mprisma:query db.CartItem.aggregate([ { $match: { $expr: { $and: [ { }, { $and: [ { $or: [ { $eq: [ "$productId", { $literal: ObjectId("69d90443dd7c093def6c414a"), }, ], }, { $eq: [ "$productId", { $literal: ObjectId("69d90444dd7c093def6c414b"), }, ], }, { $eq: [ "$productId", { $literal: ObjectId("69d90445dd7c093def6c414c"), }, ], }, ], }, { $ne: [ "$productId", "$$REMOVE", ], }, ], }, ], }, }, }, { $project: { _id: 1, productId: 1, }, }, ])

[90mstdout[2m | src/__tests__/phase7/phase7.test.ts[2m > [22m[2mPhase 7: Vendor Reviews & Admin Vendor Management[2m > [22m[2madmin vendor list[2m > [22m[2mlists all vendors with product count and earnings
[22m[39mprisma:query db.ProductVariant.aggregate([ { $match: { $expr: { $and: [ { }, { $and: [ { $or: [ { $eq: [ "$productId", { $literal: ObjectId("69d90443dd7c093def6c414a"), }, ], }, { $eq: [ "$productId", { $literal: ObjectId("69d90444dd7c093def6c414b"), }, ], }, { $eq: [ "$productId", { $literal: ObjectId("69d90445dd7c093def6c414c"), }, ], }, ], }, { $ne: [ "$productId", "$$REMOVE", ], }, ], }, ], }, }, }, { $project: { _id: 1, productId: 1, }, }, ])

[90mstdout[2m | src/__tests__/phase7/phase7.test.ts[2m > [22m[2mPhase 7: Vendor Reviews & Admin Vendor Management[2m > [22m[2madmin vendor list[2m > [22m[2mlists all vendors with product count and earnings
[22m[39mprisma:query db.Product.deleteMany({ _id: { $in: [ ObjectId("69d90443dd7c093def6c414a"), ObjectId("69d90444dd7c093def6c414b"), ObjectId("69d90445dd7c093def6c414c"), ], }, })

[90mstdout[2m | src/__tests__/phase7/phase7.test.ts[2m > [22m[2mPhase 7: Vendor Reviews & Admin Vendor Management[2m > [22m[2madmin vendor list[2m > [22m[2mlists all vendors with product count and earnings
[22m[39mprisma:query db.UserProfile.aggregate([ { $match: { $expr: { $and: [ { $regexMatch: { input: "$userId", regex: "^phase7-test", options: "", }, }, { $ne: [ "$userId", "$$REMOVE", ], }, ], }, }, }, { $project: { _id: 1, }, }, ])

[90mstdout[2m | src/__tests__/phase7/phase7.test.ts[2m > [22m[2mPhase 7: Vendor Reviews & Admin Vendor Management[2m > [22m[2madmin vendor list[2m > [22m[2mlists all vendors with product count and earnings
[22m[39mprisma:query db.UserProfile.deleteMany({ _id: { $in: [ ObjectId("69d90442dd7c093def6c4148"), ObjectId("69d90442dd7c093def6c4149"), ], }, })

[90mstdout[2m | src/__tests__/phase7/phase7.test.ts[2m > [22m[2mPhase 7: Vendor Reviews & Admin Vendor Management[2m > [22m[2madmin vendor list[2m > [22m[2mlists all vendors with product count and earnings
[22m[39mprisma:query db.PlatformConfig.aggregate([ { $match: { $expr: { $and: [ { $eq: [ "$key", { $literal: "commissionRate", }, ], }, { $ne: [ "$key", "$$REMOVE", ], }, ], }, }, }, { $project: { _id: 1, }, }, ])

[90mstdout[2m | src/__tests__/phase7/phase7.test.ts[2m > [22m[2mPhase 7: Vendor Reviews & Admin Vendor Management[2m > [22m[2madmin vendor list[2m > [22m[2mfilters vendors by status
[22m[39mprisma:query db.UserProfile.insertOne({ userId: "phase7-test-vendor-status-active", email: "phase7-test-vendor-status-active@test.com", firstName: "Vendor", lastName: "status-active", role: "CUSTOMER", isVendor: true, vendorStatus: "ACTIVE", storeName: "Test Store status-active", storeSlug: "phase7-test-store-status-active", storeDescription: "Store status-active description", createdAt: DateTime("2026-04-10 14:08:15.38 +00:00:00"), updatedAt: DateTime("2026-04-10 14:08:15.38 +00:00:00"), })

[90mstdout[2m | src/__tests__/phase7/phase7.test.ts[2m > [22m[2mPhase 7: Vendor Reviews & Admin Vendor Management[2m > [22m[2madmin vendor list[2m > [22m[2mfilters vendors by status
[22m[39mprisma:query db.UserProfile.aggregate([ { $match: { $expr: { $and: [ { $and: [ { $eq: [ "$_id", { $literal: ObjectId("69d9044fdd7c093def6c414d"), }, ], }, { $ne: [ "$_id", "$$REMOVE", ], }, ], }, ], }, }, }, { $project: { _id: 1, userId: 1, email: 1, firstName: 1, lastName: 1, phone: 1, avatar: 1, dateOfBirth: 1, gender: 1, role: 1, isVendor: 1, vendorStatus: 1, storeName: 1, storeSlug: 1, storeDescription: 1, vendorSince: 1, createdAt: 1, updatedAt: 1, }, }, ])

[90mstdout[2m | src/__tests__/phase7/phase7.test.ts[2m > [22m[2mPhase 7: Vendor Reviews & Admin Vendor Management[2m > [22m[2madmin vendor list[2m > [22m[2mfilters vendors by status
[22m[39mprisma:query db.UserProfile.insertOne({ userId: "phase7-test-vendor-status-susp", email: "phase7-test-vendor-status-susp@test.com", firstName: "Test", lastName: "User", role: "CUSTOMER", isVendor: true, vendorStatus: "SUSPENDED", storeName: "Suspended Store 1775830095867", storeSlug: "phase7-test-store-susp-1775830095867", createdAt: DateTime("2026-04-10 14:08:15.869 +00:00:00"), updatedAt: DateTime("2026-04-10 14:08:15.869 +00:00:00"), })

[90mstdout[2m | src/__tests__/phase7/phase7.test.ts[2m > [22m[2mPhase 7: Vendor Reviews & Admin Vendor Management[2m > [22m[2madmin vendor list[2m > [22m[2mfilters vendors by status
[22m[39mprisma:query db.UserProfile.aggregate([ { $match: { $expr: { $and: [ { $and: [ { $eq: [ "$_id", { $literal: ObjectId("69d9044fdd7c093def6c414e"), }, ], }, { $ne: [ "$_id", "$$REMOVE", ], }, ], }, ], }, }, }, { $project: { _id: 1, userId: 1, email: 1, firstName: 1, lastName: 1, phone: 1, avatar: 1, dateOfBirth: 1, gender: 1, role: 1, isVendor: 1, vendorStatus: 1, storeName: 1, storeSlug: 1, storeDescription: 1, vendorSince: 1, createdAt: 1, updatedAt: 1, }, }, ])

[90mstdout[2m | src/__tests__/phase7/phase7.test.ts[2m > [22m[2mPhase 7: Vendor Reviews & Admin Vendor Management[2m > [22m[2madmin vendor list[2m > [22m[2mfilters vendors by status
[22m[39mprisma:query db.UserProfile.aggregate([ { $match: { $expr: { $and: [ { $and: [ { $eq: [ "$isVendor", { $literal: true, }, ], }, { $ne: [ "$isVendor", "$$REMOVE", ], }, ], }, { $and: [ { $eq: [ "$vendorStatus", { $literal: "SUSPENDED", }, ], }, { $ne: [ "$vendorStatus", "$$REMOVE", ], }, ], }, ], }, }, }, { $group: { _id: null, count_all: { $sum: 1, }, }, }, ])

[90mstdout[2m | src/__tests__/phase7/phase7.test.ts[2m > [22m[2mPhase 7: Vendor Reviews & Admin Vendor Management[2m > [22m[2madmin vendor list[2m > [22m[2mfilters vendors by status
[22m[39mprisma:query db.UserProfile.aggregate([ { $match: { $expr: { $and: [ { $and: [ { $eq: [ "$isVendor", { $literal: true, }, ], }, { $ne: [ "$isVendor", "$$REMOVE", ], }, ], }, { $and: [ { $eq: [ "$vendorStatus", { $literal: "SUSPENDED", }, ], }, { $ne: [ "$vendorStatus", "$$REMOVE", ], }, ], }, ], }, }, }, { $sort: { vendorSince: -1, }, }, { $skip: 0, }, { $limit: 20, }, { $project: { _id: 1, userId: 1, email: 1, firstName: 1, lastName: 1, vendorStatus: 1, storeName: 1, storeSlug: 1, storeDescription: 1, vendorSince: 1, }, }, ])

[90mstdout[2m | src/__tests__/phase7/phase7.test.ts[2m > [22m[2mPhase 7: Vendor Reviews & Admin Vendor Management[2m > [22m[2madmin vendor list[2m > [22m[2mfilters vendors by status
[22m[39mprisma:query db.VendorBalance.aggregate([ { $match: { $expr: { $and: [ { $and: [ { $and: [ { $eq: [ "$vendorId", { $literal: "phase7-test-vendor-status-susp", }, ], }, { $ne: [ "$vendorId", "$$REMOVE", ], }, ], }, ], }, { }, ], }, }, }, { $project: { _id: 1, vendorId: 1, availableBalance: 1, totalEarned: 1, totalCommission: 1, updatedAt: 1, }, }, ])

[90mstdout[2m | src/__tests__/phase7/phase7.test.ts[2m > [22m[2mPhase 7: Vendor Reviews & Admin Vendor Management[2m > [22m[2madmin vendor list[2m > [22m[2mfilters vendors by status
[22m[39mprisma:query db.Product.aggregate([ { $match: { $expr: { $and: [ { $eq: [ "$vendorId", { $literal: "phase7-test-vendor-status-susp", }, ], }, { $ne: [ "$vendorId", "$$REMOVE", ], }, ], }, }, }, { $group: { _id: null, count_all: { $sum: 1, }, }, }, ])

[90mstdout[2m | src/__tests__/phase7/phase7.test.ts[2m > [22m[2mPhase 7: Vendor Reviews & Admin Vendor Management[2m > [22m[2madmin vendor list[2m > [22m[2mfilters vendors by status
[22m[39mprisma:query db.LedgerEntry.aggregate([ { $match: { $expr: { $and: [ { $regexMatch: { input: "$vendorId", regex: "^phase7-test", options: "", }, }, { $ne: [ "$vendorId", "$$REMOVE", ], }, ], }, }, }, { $project: { _id: 1, }, }, ])

[90mstdout[2m | src/__tests__/phase7/phase7.test.ts[2m > [22m[2mPhase 7: Vendor Reviews & Admin Vendor Management[2m > [22m[2madmin vendor list[2m > [22m[2mfilters vendors by status
[22m[39mprisma:query db.VendorBalance.aggregate([ { $match: { $expr: { $and: [ { $regexMatch: { input: "$vendorId", regex: "^phase7-test", options: "", }, }, { $ne: [ "$vendorId", "$$REMOVE", ], }, ], }, }, }, { $project: { _id: 1, }, }, ])

[90mstdout[2m | src/__tests__/phase7/phase7.test.ts[2m > [22m[2mPhase 7: Vendor Reviews & Admin Vendor Management[2m > [22m[2madmin vendor list[2m > [22m[2mfilters vendors by status
[22m[39mprisma:query db.Review.aggregate([ { $match: { $expr: { $and: [ { $regexMatch: { input: "$userId", regex: "^phase7-test", options: "", }, }, { $ne: [ "$userId", "$$REMOVE", ], }, ], }, }, }, { $project: { _id: 1, }, }, ])

[90mstdout[2m | src/__tests__/phase7/phase7.test.ts[2m > [22m[2mPhase 7: Vendor Reviews & Admin Vendor Management[2m > [22m[2madmin vendor list[2m > [22m[2mfilters vendors by status
[22m[39mprisma:query db.Order.aggregate([ { $match: { $expr: { $and: [ { $regexMatch: { input: "$userId", regex: "^phase7-test", options: "", }, }, { $ne: [ "$userId", "$$REMOVE", ], }, ], }, }, }, { $project: { _id: 1, }, }, ])

[90mstdout[2m | src/__tests__/phase7/phase7.test.ts[2m > [22m[2mPhase 7: Vendor Reviews & Admin Vendor Management[2m > [22m[2madmin vendor list[2m > [22m[2mfilters vendors by status
[22m[39mprisma:query db.Order.aggregate([ { $match: { $expr: { $and: [ { $regexMatch: { input: "$userId", regex: "^phase7-test", options: "", }, }, { $ne: [ "$userId", "$$REMOVE", ], }, ], }, }, }, { $project: { _id: 1, }, }, ])

[90mstdout[2m | src/__tests__/phase7/phase7.test.ts[2m > [22m[2mPhase 7: Vendor Reviews & Admin Vendor Management[2m > [22m[2madmin vendor list[2m > [22m[2mfilters vendors by status
[22m[39mprisma:query db.Product.aggregate([ { $match: { $expr: { $and: [ { $regexMatch: { input: "$vendorId", regex: "^phase7-test", options: "", }, }, { $ne: [ "$vendorId", "$$REMOVE", ], }, ], }, }, }, { $project: { _id: 1, }, }, ])

[90mstdout[2m | src/__tests__/phase7/phase7.test.ts[2m > [22m[2mPhase 7: Vendor Reviews & Admin Vendor Management[2m > [22m[2madmin vendor list[2m > [22m[2mfilters vendors by status
[22m[39mprisma:query db.UserProfile.aggregate([ { $match: { $expr: { $and: [ { $regexMatch: { input: "$userId", regex: "^phase7-test", options: "", }, }, { $ne: [ "$userId", "$$REMOVE", ], }, ], }, }, }, { $project: { _id: 1, }, }, ])

[90mstdout[2m | src/__tests__/phase7/phase7.test.ts[2m > [22m[2mPhase 7: Vendor Reviews & Admin Vendor Management[2m > [22m[2madmin vendor list[2m > [22m[2mfilters vendors by status
[22m[39mprisma:query db.UserProfile.deleteMany({ _id: { $in: [ ObjectId("69d9044fdd7c093def6c414d"), ObjectId("69d9044fdd7c093def6c414e"), ], }, })

[90mstdout[2m | src/__tests__/phase7/phase7.test.ts[2m > [22m[2mPhase 7: Vendor Reviews & Admin Vendor Management[2m > [22m[2madmin vendor list[2m > [22m[2mfilters vendors by status
[22m[39mprisma:query db.PlatformConfig.aggregate([ { $match: { $expr: { $and: [ { $eq: [ "$key", { $literal: "commissionRate", }, ], }, { $ne: [ "$key", "$$REMOVE", ], }, ], }, }, }, { $project: { _id: 1, }, }, ])

[90mstdout[2m | src/__tests__/phase7/phase7.test.ts[2m > [22m[2mPhase 7: Vendor Reviews & Admin Vendor Management[2m > [22m[2madmin vendor list[2m > [22m[2msearches vendors by store name
[22m[39mprisma:query db.UserProfile.insertOne({ userId: "phase7-test-vendor-search-vendorA", email: "phase7-test-vendor-search-vendorA@test.com", firstName: "Vendor", lastName: "search-vendorA", role: "CUSTOMER", isVendor: true, vendorStatus: "ACTIVE", storeName: "Test Store search-vendorA", storeSlug: "phase7-test-store-search-vendorA", storeDescription: "Store search-vendorA description", createdAt: DateTime("2026-04-10 14:08:24.619 +00:00:00"), updatedAt: DateTime("2026-04-10 14:08:24.619 +00:00:00"), })

[90mstdout[2m | src/__tests__/phase7/phase7.test.ts[2m > [22m[2mPhase 7: Vendor Reviews & Admin Vendor Management[2m > [22m[2madmin vendor list[2m > [22m[2msearches vendors by store name
[22m[39mprisma:query db.UserProfile.aggregate([ { $match: { $expr: { $and: [ { $and: [ { $eq: [ "$_id", { $literal: ObjectId("69d90458dd7c093def6c414f"), }, ], }, { $ne: [ "$_id", "$$REMOVE", ], }, ], }, ], }, }, }, { $project: { _id: 1, userId: 1, email: 1, firstName: 1, lastName: 1, phone: 1, avatar: 1, dateOfBirth: 1, gender: 1, role: 1, isVendor: 1, vendorStatus: 1, storeName: 1, storeSlug: 1, storeDescription: 1, vendorSince: 1, createdAt: 1, updatedAt: 1, }, }, ])

[90mstdout[2m | src/__tests__/phase7/phase7.test.ts[2m > [22m[2mPhase 7: Vendor Reviews & Admin Vendor Management[2m > [22m[2madmin vendor list[2m > [22m[2msearches vendors by store name
[22m[39mprisma:query db.UserProfile.insertOne({ userId: "phase7-test-vendor-search-vendorB", email: "phase7-test-vendor-search-vendorB@test.com", firstName: "Vendor", lastName: "search-vendorB", role: "CUSTOMER", isVendor: true, vendorStatus: "ACTIVE", storeName: "Test Store search-vendorB", storeSlug: "phase7-test-store-search-vendorB", storeDescription: "Store search-vendorB description", createdAt: DateTime("2026-04-10 14:08:29.305 +00:00:00"), updatedAt: DateTime("2026-04-10 14:08:29.305 +00:00:00"), })

[90mstdout[2m | src/__tests__/phase7/phase7.test.ts[2m > [22m[2mPhase 7: Vendor Reviews & Admin Vendor Management[2m > [22m[2madmin vendor list[2m > [22m[2msearches vendors by store name
[22m[39mprisma:query db.UserProfile.aggregate([ { $match: { $expr: { $and: [ { $and: [ { $eq: [ "$_id", { $literal: ObjectId("69d9045ddd7c093def6c4150"), }, ], }, { $ne: [ "$_id", "$$REMOVE", ], }, ], }, ], }, }, }, { $project: { _id: 1, userId: 1, email: 1, firstName: 1, lastName: 1, phone: 1, avatar: 1, dateOfBirth: 1, gender: 1, role: 1, isVendor: 1, vendorStatus: 1, storeName: 1, storeSlug: 1, storeDescription: 1, vendorSince: 1, createdAt: 1, updatedAt: 1, }, }, ])

[90mstdout[2m | src/__tests__/phase7/phase7.test.ts[2m > [22m[2mPhase 7: Vendor Reviews & Admin Vendor Management[2m > [22m[2madmin vendor list[2m > [22m[2msearches vendors by store name
[22m[39mprisma:query db.UserProfile.aggregate([ { $match: { $expr: { $and: [ { $and: [ { $eq: [ "$isVendor", { $literal: true, }, ], }, { $ne: [ "$isVendor", "$$REMOVE", ], }, ], }, { $or: [ { $and: [ { $regexMatch: { input: "$storeName", regex: ".*search-vendorA.*", options: "i", }, }, { $ne: [ "$storeName", "$$REMOVE", ], }, ], }, { $and: [ { $regexMatch: { input: "$email", regex: ".*search-vendorA.*", options: "i", }, }, { $ne: [ "$email", "$$REMOVE", ], }, ], }, { $and: [ { $regexMatch: { input: "$firstName", regex: ".*search-vendorA.*", options: "i", }, }, { $ne: [ "$firstName", "$$REMOVE", ], }, ], }, { $and: [ { $regexMatch: { input: "$lastName", regex: ".*search-vendorA.*", options: "i", }, }, { $ne: [ "$lastName", "$$REMOVE", ], }, ], }, ], }, ], }, }, }, { $group: { _id: null, count_all: { $sum: 1, }, }, }, ])

[90mstdout[2m | src/__tests__/phase7/phase7.test.ts[2m > [22m[2mPhase 7: Vendor Reviews & Admin Vendor Management[2m > [22m[2madmin vendor list[2m > [22m[2msearches vendors by store name
[22m[39mprisma:query db.UserProfile.aggregate([ { $match: { $expr: { $and: [ { $and: [ { $eq: [ "$isVendor", { $literal: true, }, ], }, { $ne: [ "$isVendor", "$$REMOVE", ], }, ], }, { $or: [ { $and: [ { $regexMatch: { input: "$storeName", regex: ".*search-vendorA.*", options: "i", }, }, { $ne: [ "$storeName", "$$REMOVE", ], }, ], }, { $and: [ { $regexMatch: { input: "$email", regex: ".*search-vendorA.*", options: "i", }, }, { $ne: [ "$email", "$$REMOVE", ], }, ], }, { $and: [ { $regexMatch: { input: "$firstName", regex: ".*search-vendorA.*", options: "i", }, }, { $ne: [ "$firstName", "$$REMOVE", ], }, ], }, { $and: [ { $regexMatch: { input: "$lastName", regex: ".*search-vendorA.*", options: "i", }, }, { $ne: [ "$lastName", "$$REMOVE", ], }, ], }, ], }, ], }, }, }, { $sort: { vendorSince: -1, }, }, { $skip: 0, }, { $limit: 20, }, { $project: { _id: 1, userId: 1, email: 1, firstName: 1, lastName: 1, vendorStatus: 1, storeName: 1, storeSlug: 1, storeDescription: 1, vendorSince: 1, }, }, ])

[90mstdout[2m | src/__tests__/phase7/phase7.test.ts[2m > [22m[2mPhase 7: Vendor Reviews & Admin Vendor Management[2m > [22m[2madmin vendor list[2m > [22m[2msearches vendors by store name
[22m[39mprisma:query db.VendorBalance.aggregate([ { $match: { $expr: { $and: [ { $and: [ { $and: [ { $eq: [ "$vendorId", { $literal: "phase7-test-vendor-search-vendorA", }, ], }, { $ne: [ "$vendorId", "$$REMOVE", ], }, ], }, ], }, { }, ], }, }, }, { $project: { _id: 1, vendorId: 1, availableBalance: 1, totalEarned: 1, totalCommission: 1, updatedAt: 1, }, }, ])

[90mstdout[2m | src/__tests__/phase7/phase7.test.ts[2m > [22m[2mPhase 7: Vendor Reviews & Admin Vendor Management[2m > [22m[2madmin vendor list[2m > [22m[2msearches vendors by store name
[22m[39mprisma:query db.Product.aggregate([ { $match: { $expr: { $and: [ { $eq: [ "$vendorId", { $literal: "phase7-test-vendor-search-vendorA", }, ], }, { $ne: [ "$vendorId", "$$REMOVE", ], }, ], }, }, }, { $group: { _id: null, count_all: { $sum: 1, }, }, }, ])

[90mstdout[2m | src/__tests__/phase7/phase7.test.ts[2m > [22m[2mPhase 7: Vendor Reviews & Admin Vendor Management[2m > [22m[2madmin vendor list[2m > [22m[2msearches vendors by store name
[22m[39mprisma:query db.LedgerEntry.aggregate([ { $match: { $expr: { $and: [ { $regexMatch: { input: "$vendorId", regex: "^phase7-test", options: "", }, }, { $ne: [ "$vendorId", "$$REMOVE", ], }, ], }, }, }, { $project: { _id: 1, }, }, ])

[90mstdout[2m | src/__tests__/phase7/phase7.test.ts[2m > [22m[2mPhase 7: Vendor Reviews & Admin Vendor Management[2m > [22m[2madmin vendor list[2m > [22m[2msearches vendors by store name
[22m[39mprisma:query db.VendorBalance.aggregate([ { $match: { $expr: { $and: [ { $regexMatch: { input: "$vendorId", regex: "^phase7-test", options: "", }, }, { $ne: [ "$vendorId", "$$REMOVE", ], }, ], }, }, }, { $project: { _id: 1, }, }, ])

[90mstdout[2m | src/__tests__/phase7/phase7.test.ts[2m > [22m[2mPhase 7: Vendor Reviews & Admin Vendor Management[2m > [22m[2madmin vendor list[2m > [22m[2msearches vendors by store name
[22m[39mprisma:query db.Review.aggregate([ { $match: { $expr: { $and: [ { $regexMatch: { input: "$userId", regex: "^phase7-test", options: "", }, }, { $ne: [ "$userId", "$$REMOVE", ], }, ], }, }, }, { $project: { _id: 1, }, }, ])

[90mstdout[2m | src/__tests__/phase7/phase7.test.ts[2m > [22m[2mPhase 7: Vendor Reviews & Admin Vendor Management[2m > [22m[2madmin vendor list[2m > [22m[2msearches vendors by store name
[22m[39mprisma:query db.Order.aggregate([ { $match: { $expr: { $and: [ { $regexMatch: { input: "$userId", regex: "^phase7-test", options: "", }, }, { $ne: [ "$userId", "$$REMOVE", ], }, ], }, }, }, { $project: { _id: 1, }, }, ])

[90mstdout[2m | src/__tests__/phase7/phase7.test.ts[2m > [22m[2mPhase 7: Vendor Reviews & Admin Vendor Management[2m > [22m[2madmin vendor list[2m > [22m[2msearches vendors by store name
[22m[39mprisma:query db.Order.aggregate([ { $match: { $expr: { $and: [ { $regexMatch: { input: "$userId", regex: "^phase7-test", options: "", }, }, { $ne: [ "$userId", "$$REMOVE", ], }, ], }, }, }, { $project: { _id: 1, }, }, ])

[90mstdout[2m | src/__tests__/phase7/phase7.test.ts[2m > [22m[2mPhase 7: Vendor Reviews & Admin Vendor Management[2m > [22m[2madmin vendor list[2m > [22m[2msearches vendors by store name
[22m[39mprisma:query db.Product.aggregate([ { $match: { $expr: { $and: [ { $regexMatch: { input: "$vendorId", regex: "^phase7-test", options: "", }, }, { $ne: [ "$vendorId", "$$REMOVE", ], }, ], }, }, }, { $project: { _id: 1, }, }, ])

[90mstdout[2m | src/__tests__/phase7/phase7.test.ts[2m > [22m[2mPhase 7: Vendor Reviews & Admin Vendor Management[2m > [22m[2madmin vendor list[2m > [22m[2msearches vendors by store name
[22m[39mprisma:query db.UserProfile.aggregate([ { $match: { $expr: { $and: [ { $regexMatch: { input: "$userId", regex: "^phase7-test", options: "", }, }, { $ne: [ "$userId", "$$REMOVE", ], }, ], }, }, }, { $project: { _id: 1, }, }, ])

[90mstdout[2m | src/__tests__/phase7/phase7.test.ts[2m > [22m[2mPhase 7: Vendor Reviews & Admin Vendor Management[2m > [22m[2madmin vendor list[2m > [22m[2msearches vendors by store name
[22m[39mprisma:query db.UserProfile.deleteMany({ _id: { $in: [ ObjectId("69d90458dd7c093def6c414f"), ObjectId("69d9045ddd7c093def6c4150"), ], }, })

[90mstdout[2m | src/__tests__/phase7/phase7.test.ts[2m > [22m[2mPhase 7: Vendor Reviews & Admin Vendor Management[2m > [22m[2madmin vendor list[2m > [22m[2msearches vendors by store name
[22m[39mprisma:query db.PlatformConfig.aggregate([ { $match: { $expr: { $and: [ { $eq: [ "$key", { $literal: "commissionRate", }, ], }, { $ne: [ "$key", "$$REMOVE", ], }, ], }, }, }, { $project: { _id: 1, }, }, ])

[90mstdout[2m | src/__tests__/phase7/phase7.test.ts[2m > [22m[2mPhase 7: Vendor Reviews & Admin Vendor Management[2m > [22m[2madmin vendor detail[2m > [22m[2mreturns full vendor detail with stats
[22m[39mprisma:query db.UserProfile.insertOne({ userId: "phase7-test-vendor-detail-v1", email: "phase7-test-vendor-detail-v1@test.com", firstName: "Vendor", lastName: "detail-v1", role: "CUSTOMER", isVendor: true, vendorStatus: "ACTIVE", storeName: "Test Store detail-v1", storeSlug: "phase7-test-store-detail-v1", storeDescription: "Store detail-v1 description", createdAt: DateTime("2026-04-10 14:08:33.789 +00:00:00"), updatedAt: DateTime("2026-04-10 14:08:33.789 +00:00:00"), })

[90mstdout[2m | src/__tests__/phase7/phase7.test.ts[2m > [22m[2mPhase 7: Vendor Reviews & Admin Vendor Management[2m > [22m[2madmin vendor detail[2m > [22m[2mreturns full vendor detail with stats
[22m[39mprisma:query db.UserProfile.aggregate([ { $match: { $expr: { $and: [ { $and: [ { $eq: [ "$_id", { $literal: ObjectId("69d90461dd7c093def6c4151"), }, ], }, { $ne: [ "$_id", "$$REMOVE", ], }, ], }, ], }, }, }, { $project: { _id: 1, userId: 1, email: 1, firstName: 1, lastName: 1, phone: 1, avatar: 1, dateOfBirth: 1, gender: 1, role: 1, isVendor: 1, vendorStatus: 1, storeName: 1, storeSlug: 1, storeDescription: 1, vendorSince: 1, createdAt: 1, updatedAt: 1, }, }, ])

[90mstdout[2m | src/__tests__/phase7/phase7.test.ts[2m > [22m[2mPhase 7: Vendor Reviews & Admin Vendor Management[2m > [22m[2madmin vendor detail[2m > [22m[2mreturns full vendor detail with stats
[22m[39mprisma:query db.Product.insertOne({ name: "phase7-test-product-1775830114292-22", slug: "phase7-test-slug-1775830114292-23", description: "Test product", stockKeepingUnit: "phase7-test-sku-1775830114292-24", basePrice: 5000, type: "DIGITAL", vendorId: "phase7-test-vendor-detail-v1", approvalStatus: "APPROVED", tags: [ ], images: [ ], avgRating: 0, reviewCount: 0, stock: 0, lowStockThreshold: 10, isActive: true, isFeatured: false, isNewArrival: true, createdAt: DateTime("2026-04-10 14:08:34.294 +00:00:00"), updatedAt: DateTime("2026-04-10 14:08:34.294 +00:00:00"), })

[90mstdout[2m | src/__tests__/phase7/phase7.test.ts[2m > [22m[2mPhase 7: Vendor Reviews & Admin Vendor Management[2m > [22m[2madmin vendor detail[2m > [22m[2mreturns full vendor detail with stats
[22m[39mprisma:query db.Product.aggregate([ { $match: { $expr: { $and: [ { $and: [ { $eq: [ "$_id", { $literal: ObjectId("69d90462dd7c093def6c4152"), }, ], }, { $ne: [ "$_id", "$$REMOVE", ], }, ], }, ], }, }, }, { $project: { _id: 1, name: 1, slug: 1, description: 1, shortDesc: 1, stockKeepingUnit: 1, basePrice: 1, salePrice: 1, type: 1, categoryId: 1, vendorId: 1, approvalStatus: 1, brand: 1, tags: 1, images: 1, avgRating: 1, reviewCount: 1, stock: 1, lowStockThreshold: 1, isActive: 1, isFeatured: 1, isNewArrival: 1, createdAt: 1, updatedAt: 1, }, }, ])

[90mstdout[2m | src/__tests__/phase7/phase7.test.ts[2m > [22m[2mPhase 7: Vendor Reviews & Admin Vendor Management[2m > [22m[2madmin vendor detail[2m > [22m[2mreturns full vendor detail with stats
[22m[39mprisma:query db.Order.insertOne({ orderNumber: "phase7-test-ORD-1775830114817-25", userId: "phase7-test-vendor-detail-v1", vendorId: "phase7-test-vendor-detail-v1", status: "PAID", subtotal: 5000, shipping: 0, discount: 0, total: 5000, createdAt: DateTime("2026-04-10 14:08:34.819 +00:00:00"), updatedAt: DateTime("2026-04-10 14:08:34.819 +00:00:00"), })

[90mstdout[2m | src/__tests__/phase7/phase7.test.ts[2m > [22m[2mPhase 7: Vendor Reviews & Admin Vendor Management[2m > [22m[2madmin vendor detail[2m > [22m[2mreturns full vendor detail with stats
[22m[39mprisma:query db.OrderItem.insertOne({ orderId: ObjectId("69d90462dd7c093def6c4153"), productId: ObjectId("69d90462dd7c093def6c4152"), productName: "Test Product", quantity: 1, unitPrice: 5000, totalPrice: 5000, createdAt: DateTime("2026-04-10 14:08:34.819 +00:00:00"), })

[90mstdout[2m | src/__tests__/phase7/phase7.test.ts[2m > [22m[2mPhase 7: Vendor Reviews & Admin Vendor Management[2m > [22m[2madmin vendor detail[2m > [22m[2mreturns full vendor detail with stats
[22m[39mprisma:query db.OrderStatusHistory.insertOne({ orderId: ObjectId("69d90462dd7c093def6c4153"), status: "PAID", note: "Test", createdAt: DateTime("2026-04-10 14:08:34.819 +00:00:00"), })

[90mstdout[2m | src/__tests__/phase7/phase7.test.ts[2m > [22m[2mPhase 7: Vendor Reviews & Admin Vendor Management[2m > [22m[2madmin vendor detail[2m > [22m[2mreturns full vendor detail with stats
[22m[39mprisma:query db.Order.aggregate([ { $match: { $expr: { $and: [ { $and: [ { $eq: [ "$_id", { $literal: ObjectId("69d90462dd7c093def6c4153"), }, ], }, { $ne: [ "$_id", "$$REMOVE", ], }, ], }, ], }, }, }, { $project: { _id: 1, orderNumber: 1, userId: 1, vendorId: 1, checkoutSessionId: 1, status: 1, shippingAddress: 1, billingAddress: 1, subtotal: 1, shipping: 1, discount: 1, total: 1, couponCode: 1, notes: 1, createdAt: 1, updatedAt: 1, paidAt: 1, shippedAt: 1, deliveredAt: 1, }, }, ])

[90mstdout[2m | src/__tests__/phase7/phase7.test.ts[2m > [22m[2mPhase 7: Vendor Reviews & Admin Vendor Management[2m > [22m[2madmin vendor detail[2m > [22m[2mreturns full vendor detail with stats
[22m[39mprisma:query db.UserProfile.aggregate([ { $match: { $expr: { $and: [ { $and: [ { $and: [ { $eq: [ "$_id", { $literal: ObjectId("69d90461dd7c093def6c4151"), }, ], }, { $ne: [ "$_id", "$$REMOVE", ], }, ], }, ], }, { }, ], }, }, }, { $project: { _id: 1, userId: 1, email: 1, firstName: 1, lastName: 1, phone: 1, vendorStatus: 1, storeName: 1, storeSlug: 1, storeDescription: 1, vendorSince: 1, createdAt: 1, }, }, ])

[90mstdout[2m | src/__tests__/phase7/phase7.test.ts[2m > [22m[2mPhase 7: Vendor Reviews & Admin Vendor Management[2m > [22m[2madmin vendor detail[2m > [22m[2mreturns full vendor detail with stats
[22m[39mprisma:query db.Order.aggregate([ { $match: { $expr: { $and: [ { $eq: [ "$vendorId", { $literal: "phase7-test-vendor-detail-v1", }, ], }, { $ne: [ "$vendorId", "$$REMOVE", ], }, ], }, }, }, { $sort: { createdAt: -1, }, }, { $limit: 5, }, { $project: { _id: 1, orderNumber: 1, status: 1, total: 1, createdAt: 1, }, }, ])

[90mstdout[2m | src/__tests__/phase7/phase7.test.ts[2m > [22m[2mPhase 7: Vendor Reviews & Admin Vendor Management[2m > [22m[2madmin vendor detail[2m > [22m[2mreturns full vendor detail with stats
[22m[39mprisma:query db.Product.aggregate([ { $match: { $expr: { $and: [ { $eq: [ "$vendorId", { $literal: "phase7-test-vendor-detail-v1", }, ], }, { $ne: [ "$vendorId", "$$REMOVE", ], }, ], }, }, }, { $group: { _id: null, count_all: { $sum: 1, }, }, }, ])

[90mstdout[2m | src/__tests__/phase7/phase7.test.ts[2m > [22m[2mPhase 7: Vendor Reviews & Admin Vendor Management[2m > [22m[2madmin vendor detail[2m > [22m[2mreturns full vendor detail with stats
[22m[39mprisma:query db.Order.aggregate([ { $match: { $expr: { $and: [ { $eq: [ "$vendorId", { $literal: "phase7-test-vendor-detail-v1", }, ], }, { $ne: [ "$vendorId", "$$REMOVE", ], }, ], }, }, }, { $group: { _id: null, count_all: { $sum: 1, }, }, }, ])

[90mstdout[2m | src/__tests__/phase7/phase7.test.ts[2m > [22m[2mPhase 7: Vendor Reviews & Admin Vendor Management[2m > [22m[2madmin vendor detail[2m > [22m[2mreturns full vendor detail with stats
[22m[39mprisma:query db.VendorBalance.aggregate([ { $match: { $expr: { $and: [ { $and: [ { $and: [ { $eq: [ "$vendorId", { $literal: "phase7-test-vendor-detail-v1", }, ], }, { $ne: [ "$vendorId", "$$REMOVE", ], }, ], }, ], }, { }, ], }, }, }, { $project: { _id: 1, vendorId: 1, availableBalance: 1, totalEarned: 1, totalCommission: 1, updatedAt: 1, }, }, ])

[90mstdout[2m | src/__tests__/phase7/phase7.test.ts[2m > [22m[2mPhase 7: Vendor Reviews & Admin Vendor Management[2m > [22m[2madmin vendor detail[2m > [22m[2mreturns full vendor detail with stats
[22m[39mprisma:query db.LedgerEntry.aggregate([ { $match: { $expr: { $and: [ { $regexMatch: { input: "$vendorId", regex: "^phase7-test", options: "", }, }, { $ne: [ "$vendorId", "$$REMOVE", ], }, ], }, }, }, { $project: { _id: 1, }, }, ])

[90mstdout[2m | src/__tests__/phase7/phase7.test.ts[2m > [22m[2mPhase 7: Vendor Reviews & Admin Vendor Management[2m > [22m[2madmin vendor detail[2m > [22m[2mreturns full vendor detail with stats
[22m[39mprisma:query db.VendorBalance.aggregate([ { $match: { $expr: { $and: [ { $regexMatch: { input: "$vendorId", regex: "^phase7-test", options: "", }, }, { $ne: [ "$vendorId", "$$REMOVE", ], }, ], }, }, }, { $project: { _id: 1, }, }, ])

[90mstdout[2m | src/__tests__/phase7/phase7.test.ts[2m > [22m[2mPhase 7: Vendor Reviews & Admin Vendor Management[2m > [22m[2madmin vendor detail[2m > [22m[2mreturns full vendor detail with stats
[22m[39mprisma:query db.Review.aggregate([ { $match: { $expr: { $and: [ { $regexMatch: { input: "$userId", regex: "^phase7-test", options: "", }, }, { $ne: [ "$userId", "$$REMOVE", ], }, ], }, }, }, { $project: { _id: 1, }, }, ])

[90mstdout[2m | src/__tests__/phase7/phase7.test.ts[2m > [22m[2mPhase 7: Vendor Reviews & Admin Vendor Management[2m > [22m[2madmin vendor detail[2m > [22m[2mreturns full vendor detail with stats
[22m[39mprisma:query db.Order.aggregate([ { $match: { $expr: { $and: [ { $regexMatch: { input: "$userId", regex: "^phase7-test", options: "", }, }, { $ne: [ "$userId", "$$REMOVE", ], }, ], }, }, }, { $project: { _id: 1, }, }, ])

[90mstdout[2m | src/__tests__/phase7/phase7.test.ts[2m > [22m[2mPhase 7: Vendor Reviews & Admin Vendor Management[2m > [22m[2madmin vendor detail[2m > [22m[2mreturns full vendor detail with stats
[22m[39mprisma:query db.OrderStatusHistory.aggregate([ { $match: { $expr: { $and: [ { $or: [ { $eq: [ "$orderId", { $literal: ObjectId("69d90462dd7c093def6c4153"), }, ], }, ], }, { $ne: [ "$orderId", "$$REMOVE", ], }, ], }, }, }, { $project: { _id: 1, }, }, ])

[90mstdout[2m | src/__tests__/phase7/phase7.test.ts[2m > [22m[2mPhase 7: Vendor Reviews & Admin Vendor Management[2m > [22m[2madmin vendor detail[2m > [22m[2mreturns full vendor detail with stats
[22m[39mprisma:query db.OrderStatusHistory.deleteMany({ _id: { $in: [ ObjectId("69d90463dd7c093def6c4155"), ], }, })

[90mstdout[2m | src/__tests__/phase7/phase7.test.ts[2m > [22m[2mPhase 7: Vendor Reviews & Admin Vendor Management[2m > [22m[2madmin vendor detail[2m > [22m[2mreturns full vendor detail with stats
[22m[39mprisma:query db.OrderItem.aggregate([ { $match: { $expr: { $and: [ { $or: [ { $eq: [ "$orderId", { $literal: ObjectId("69d90462dd7c093def6c4153"), }, ], }, ], }, { $ne: [ "$orderId", "$$REMOVE", ], }, ], }, }, }, { $project: { _id: 1, }, }, ])

[90mstdout[2m | src/__tests__/phase7/phase7.test.ts[2m > [22m[2mPhase 7: Vendor Reviews & Admin Vendor Management[2m > [22m[2madmin vendor detail[2m > [22m[2mreturns full vendor detail with stats
[22m[39mprisma:query db.OrderItem.deleteMany({ _id: { $in: [ ObjectId("69d90462dd7c093def6c4154"), ], }, })

[90mstdout[2m | src/__tests__/phase7/phase7.test.ts[2m > [22m[2mPhase 7: Vendor Reviews & Admin Vendor Management[2m > [22m[2madmin vendor detail[2m > [22m[2mreturns full vendor detail with stats
[22m[39mprisma:query db.Order.aggregate([ { $match: { $expr: { $and: [ { $regexMatch: { input: "$userId", regex: "^phase7-test", options: "", }, }, { $ne: [ "$userId", "$$REMOVE", ], }, ], }, }, }, { $project: { _id: 1, }, }, ])

[90mstdout[2m | src/__tests__/phase7/phase7.test.ts[2m > [22m[2mPhase 7: Vendor Reviews & Admin Vendor Management[2m > [22m[2madmin vendor detail[2m > [22m[2mreturns full vendor detail with stats
[22m[39mprisma:query db.OrderStatusHistory.aggregate([ { $match: { $expr: { $and: [ { }, { $and: [ { $or: [ { $eq: [ "$orderId", { $literal: ObjectId("69d90462dd7c093def6c4153"), }, ], }, ], }, { $ne: [ "$orderId", "$$REMOVE", ], }, ], }, ], }, }, }, { $project: { _id: 1, orderId: 1, }, }, ])

[90mstdout[2m | src/__tests__/phase7/phase7.test.ts[2m > [22m[2mPhase 7: Vendor Reviews & Admin Vendor Management[2m > [22m[2madmin vendor detail[2m > [22m[2mreturns full vendor detail with stats
[22m[39mprisma:query db.OrderItem.aggregate([ { $match: { $expr: { $and: [ { }, { $and: [ { $or: [ { $eq: [ "$orderId", { $literal: ObjectId("69d90462dd7c093def6c4153"), }, ], }, ], }, { $ne: [ "$orderId", "$$REMOVE", ], }, ], }, ], }, }, }, { $project: { _id: 1, orderId: 1, }, }, ])

[90mstdout[2m | src/__tests__/phase7/phase7.test.ts[2m > [22m[2mPhase 7: Vendor Reviews & Admin Vendor Management[2m > [22m[2madmin vendor detail[2m > [22m[2mreturns full vendor detail with stats
[22m[39mprisma:query db.Order.deleteMany({ _id: { $in: [ ObjectId("69d90462dd7c093def6c4153"), ], }, })

[90mstdout[2m | src/__tests__/phase7/phase7.test.ts[2m > [22m[2mPhase 7: Vendor Reviews & Admin Vendor Management[2m > [22m[2madmin vendor detail[2m > [22m[2mreturns full vendor detail with stats
[22m[39mprisma:query db.Product.aggregate([ { $match: { $expr: { $and: [ { $regexMatch: { input: "$vendorId", regex: "^phase7-test", options: "", }, }, { $ne: [ "$vendorId", "$$REMOVE", ], }, ], }, }, }, { $project: { _id: 1, }, }, ])

[90mstdout[2m | src/__tests__/phase7/phase7.test.ts[2m > [22m[2mPhase 7: Vendor Reviews & Admin Vendor Management[2m > [22m[2madmin vendor detail[2m > [22m[2mreturns full vendor detail with stats
[22m[39mprisma:query db.DigitalAsset.aggregate([ { $match: { $expr: { $and: [ { }, { $and: [ { $or: [ { $eq: [ "$productId", { $literal: ObjectId("69d90462dd7c093def6c4152"), }, ], }, ], }, { $ne: [ "$productId", "$$REMOVE", ], }, ], }, ], }, }, }, { $project: { _id: 1, productId: 1, }, }, ])

[90mstdout[2m | src/__tests__/phase7/phase7.test.ts[2m > [22m[2mPhase 7: Vendor Reviews & Admin Vendor Management[2m > [22m[2madmin vendor detail[2m > [22m[2mreturns full vendor detail with stats
[22m[39mprisma:query db.WishlistItem.aggregate([ { $match: { $expr: { $and: [ { }, { $and: [ { $or: [ { $eq: [ "$productId", { $literal: ObjectId("69d90462dd7c093def6c4152"), }, ], }, ], }, { $ne: [ "$productId", "$$REMOVE", ], }, ], }, ], }, }, }, { $project: { _id: 1, productId: 1, }, }, ])

[90mstdout[2m | src/__tests__/phase7/phase7.test.ts[2m > [22m[2mPhase 7: Vendor Reviews & Admin Vendor Management[2m > [22m[2madmin vendor detail[2m > [22m[2mreturns full vendor detail with stats
[22m[39mprisma:query db.Review.aggregate([ { $match: { $expr: { $and: [ { }, { $and: [ { $or: [ { $eq: [ "$productId", { $literal: ObjectId("69d90462dd7c093def6c4152"), }, ], }, ], }, { $ne: [ "$productId", "$$REMOVE", ], }, ], }, ], }, }, }, { $project: { _id: 1, productId: 1, }, }, ])

[90mstdout[2m | src/__tests__/phase7/phase7.test.ts[2m > [22m[2mPhase 7: Vendor Reviews & Admin Vendor Management[2m > [22m[2madmin vendor detail[2m > [22m[2mreturns full vendor detail with stats
[22m[39mprisma:query db.OrderItem.aggregate([ { $match: { $expr: { $and: [ { }, { $and: [ { $or: [ { $eq: [ "$productId", { $literal: ObjectId("69d90462dd7c093def6c4152"), }, ], }, ], }, { $ne: [ "$productId", "$$REMOVE", ], }, ], }, ], }, }, }, { $project: { _id: 1, productId: 1, }, }, ])

[90mstdout[2m | src/__tests__/phase7/phase7.test.ts[2m > [22m[2mPhase 7: Vendor Reviews & Admin Vendor Management[2m > [22m[2madmin vendor detail[2m > [22m[2mreturns full vendor detail with stats
[22m[39mprisma:query db.CartItem.aggregate([ { $match: { $expr: { $and: [ { }, { $and: [ { $or: [ { $eq: [ "$productId", { $literal: ObjectId("69d90462dd7c093def6c4152"), }, ], }, ], }, { $ne: [ "$productId", "$$REMOVE", ], }, ], }, ], }, }, }, { $project: { _id: 1, productId: 1, }, }, ])

[90mstdout[2m | src/__tests__/phase7/phase7.test.ts[2m > [22m[2mPhase 7: Vendor Reviews & Admin Vendor Management[2m > [22m[2madmin vendor detail[2m > [22m[2mreturns full vendor detail with stats
[22m[39mprisma:query db.ProductVariant.aggregate([ { $match: { $expr: { $and: [ { }, { $and: [ { $or: [ { $eq: [ "$productId", { $literal: ObjectId("69d90462dd7c093def6c4152"), }, ], }, ], }, { $ne: [ "$productId", "$$REMOVE", ], }, ], }, ], }, }, }, { $project: { _id: 1, productId: 1, }, }, ])

[90mstdout[2m | src/__tests__/phase7/phase7.test.ts[2m > [22m[2mPhase 7: Vendor Reviews & Admin Vendor Management[2m > [22m[2madmin vendor detail[2m > [22m[2mreturns full vendor detail with stats
[22m[39mprisma:query db.Product.deleteMany({ _id: { $in: [ ObjectId("69d90462dd7c093def6c4152"), ], }, })

[90mstdout[2m | src/__tests__/phase7/phase7.test.ts[2m > [22m[2mPhase 7: Vendor Reviews & Admin Vendor Management[2m > [22m[2madmin vendor detail[2m > [22m[2mreturns full vendor detail with stats
[22m[39mprisma:query db.UserProfile.aggregate([ { $match: { $expr: { $and: [ { $regexMatch: { input: "$userId", regex: "^phase7-test", options: "", }, }, { $ne: [ "$userId", "$$REMOVE", ], }, ], }, }, }, { $project: { _id: 1, }, }, ])

[90mstdout[2m | src/__tests__/phase7/phase7.test.ts[2m > [22m[2mPhase 7: Vendor Reviews & Admin Vendor Management[2m > [22m[2madmin vendor detail[2m > [22m[2mreturns full vendor detail with stats
[22m[39mprisma:query db.UserProfile.deleteMany({ _id: { $in: [ ObjectId("69d90461dd7c093def6c4151"), ], }, })

[90mstdout[2m | src/__tests__/phase7/phase7.test.ts[2m > [22m[2mPhase 7: Vendor Reviews & Admin Vendor Management[2m > [22m[2madmin vendor detail[2m > [22m[2mreturns full vendor detail with stats
[22m[39mprisma:query db.PlatformConfig.aggregate([ { $match: { $expr: { $and: [ { $eq: [ "$key", { $literal: "commissionRate", }, ], }, { $ne: [ "$key", "$$REMOVE", ], }, ], }, }, }, { $project: { _id: 1, }, }, ])

[90mstdout[2m | src/__tests__/phase7/phase7.test.ts[2m > [22m[2mPhase 7: Vendor Reviews & Admin Vendor Management[2m > [22m[2madmin vendor detail[2m > [22m[2mthrows 404 for non-existent vendor
[22m[39mprisma:query db.UserProfile.aggregate([ { $match: { $expr: { $and: [ { $and: [ { $and: [ { $eq: [ "$_id", { $literal: ObjectId("000000000000000000000000"), }, ], }, { $ne: [ "$_id", "$$REMOVE", ], }, ], }, ], }, { }, ], }, }, }, { $project: { _id: 1, userId: 1, email: 1, firstName: 1, lastName: 1, phone: 1, vendorStatus: 1, storeName: 1, storeSlug: 1, storeDescription: 1, vendorSince: 1, createdAt: 1, }, }, ])

[90mstdout[2m | src/__tests__/phase7/phase7.test.ts[2m > [22m[2mPhase 7: Vendor Reviews & Admin Vendor Management[2m > [22m[2madmin vendor detail[2m > [22m[2mthrows 404 for non-existent vendor
[22m[39mprisma:query db.LedgerEntry.aggregate([ { $match: { $expr: { $and: [ { $regexMatch: { input: "$vendorId", regex: "^phase7-test", options: "", }, }, { $ne: [ "$vendorId", "$$REMOVE", ], }, ], }, }, }, { $project: { _id: 1, }, }, ])

[90mstdout[2m | src/__tests__/phase7/phase7.test.ts[2m > [22m[2mPhase 7: Vendor Reviews & Admin Vendor Management[2m > [22m[2madmin vendor detail[2m > [22m[2mthrows 404 for non-existent vendor
[22m[39mprisma:query db.VendorBalance.aggregate([ { $match: { $expr: { $and: [ { $regexMatch: { input: "$vendorId", regex: "^phase7-test", options: "", }, }, { $ne: [ "$vendorId", "$$REMOVE", ], }, ], }, }, }, { $project: { _id: 1, }, }, ])

[90mstdout[2m | src/__tests__/phase7/phase7.test.ts[2m > [22m[2mPhase 7: Vendor Reviews & Admin Vendor Management[2m > [22m[2madmin vendor detail[2m > [22m[2mthrows 404 for non-existent vendor
[22m[39mprisma:query db.Review.aggregate([ { $match: { $expr: { $and: [ { $regexMatch: { input: "$userId", regex: "^phase7-test", options: "", }, }, { $ne: [ "$userId", "$$REMOVE", ], }, ], }, }, }, { $project: { _id: 1, }, }, ])

[90mstdout[2m | src/__tests__/phase7/phase7.test.ts[2m > [22m[2mPhase 7: Vendor Reviews & Admin Vendor Management[2m > [22m[2madmin vendor detail[2m > [22m[2mthrows 404 for non-existent vendor
[22m[39mprisma:query db.Order.aggregate([ { $match: { $expr: { $and: [ { $regexMatch: { input: "$userId", regex: "^phase7-test", options: "", }, }, { $ne: [ "$userId", "$$REMOVE", ], }, ], }, }, }, { $project: { _id: 1, }, }, ])

[90mstdout[2m | src/__tests__/phase7/phase7.test.ts[2m > [22m[2mPhase 7: Vendor Reviews & Admin Vendor Management[2m > [22m[2madmin vendor detail[2m > [22m[2mthrows 404 for non-existent vendor
[22m[39mprisma:query db.Order.aggregate([ { $match: { $expr: { $and: [ { $regexMatch: { input: "$userId", regex: "^phase7-test", options: "", }, }, { $ne: [ "$userId", "$$REMOVE", ], }, ], }, }, }, { $project: { _id: 1, }, }, ])

[90mstdout[2m | src/__tests__/phase7/phase7.test.ts[2m > [22m[2mPhase 7: Vendor Reviews & Admin Vendor Management[2m > [22m[2madmin vendor detail[2m > [22m[2mthrows 404 for non-existent vendor
[22m[39mprisma:query db.Product.aggregate([ { $match: { $expr: { $and: [ { $regexMatch: { input: "$vendorId", regex: "^phase7-test", options: "", }, }, { $ne: [ "$vendorId", "$$REMOVE", ], }, ], }, }, }, { $project: { _id: 1, }, }, ])

[90mstdout[2m | src/__tests__/phase7/phase7.test.ts[2m > [22m[2mPhase 7: Vendor Reviews & Admin Vendor Management[2m > [22m[2madmin vendor detail[2m > [22m[2mthrows 404 for non-existent vendor
[22m[39mprisma:query db.UserProfile.aggregate([ { $match: { $expr: { $and: [ { $regexMatch: { input: "$userId", regex: "^phase7-test", options: "", }, }, { $ne: [ "$userId", "$$REMOVE", ], }, ], }, }, }, { $project: { _id: 1, }, }, ])

[90mstdout[2m | src/__tests__/phase7/phase7.test.ts[2m > [22m[2mPhase 7: Vendor Reviews & Admin Vendor Management[2m > [22m[2madmin vendor detail[2m > [22m[2mthrows 404 for non-existent vendor
[22m[39mprisma:query db.PlatformConfig.aggregate([ { $match: { $expr: { $and: [ { $eq: [ "$key", { $literal: "commissionRate", }, ], }, { $ne: [ "$key", "$$REMOVE", ], }, ], }, }, }, { $project: { _id: 1, }, }, ])

[90mstdout[2m | src/__tests__/phase7/phase7.test.ts[2m > [22m[2mPhase 7: Vendor Reviews & Admin Vendor Management[2m > [22m[2madmin vendor status[2m > [22m[2msuspends an active vendor
[22m[39mprisma:query db.UserProfile.insertOne({ userId: "phase7-test-vendor-suspend-v1", email: "phase7-test-vendor-suspend-v1@test.com", firstName: "Vendor", lastName: "suspend-v1", role: "CUSTOMER", isVendor: true, vendorStatus: "ACTIVE", storeName: "Test Store suspend-v1", storeSlug: "phase7-test-store-suspend-v1", storeDescription: "Store suspend-v1 description", createdAt: DateTime("2026-04-10 14:08:58.045 +00:00:00"), updatedAt: DateTime("2026-04-10 14:08:58.045 +00:00:00"), })

[90mstdout[2m | src/__tests__/phase7/phase7.test.ts[2m > [22m[2mPhase 7: Vendor Reviews & Admin Vendor Management[2m > [22m[2madmin vendor status[2m > [22m[2msuspends an active vendor
[22m[39mprisma:query db.UserProfile.aggregate([ { $match: { $expr: { $and: [ { $and: [ { $eq: [ "$_id", { $literal: ObjectId("69d9047add7c093def6c4156"), }, ], }, { $ne: [ "$_id", "$$REMOVE", ], }, ], }, ], }, }, }, { $project: { _id: 1, userId: 1, email: 1, firstName: 1, lastName: 1, phone: 1, avatar: 1, dateOfBirth: 1, gender: 1, role: 1, isVendor: 1, vendorStatus: 1, storeName: 1, storeSlug: 1, storeDescription: 1, vendorSince: 1, createdAt: 1, updatedAt: 1, }, }, ])

[90mstdout[2m | src/__tests__/phase7/phase7.test.ts[2m > [22m[2mPhase 7: Vendor Reviews & Admin Vendor Management[2m > [22m[2madmin vendor status[2m > [22m[2msuspends an active vendor
[22m[39mprisma:query db.UserProfile.aggregate([ { $match: { $expr: { $and: [ { $and: [ { $and: [ { $eq: [ "$_id", { $literal: ObjectId("69d9047add7c093def6c4156"), }, ], }, { $ne: [ "$_id", "$$REMOVE", ], }, ], }, ], }, { }, ], }, }, }, { $project: { _id: 1, isVendor: 1, vendorStatus: 1, storeName: 1, }, }, ])

[90mstdout[2m | src/__tests__/phase7/phase7.test.ts[2m > [22m[2mPhase 7: Vendor Reviews & Admin Vendor Management[2m > [22m[2madmin vendor status[2m > [22m[2msuspends an active vendor
[22m[39mprisma:query db.UserProfile.aggregate([ { $match: { $expr: { $and: [ { $and: [ { $and: [ { $eq: [ "$_id", { $literal: ObjectId("69d9047add7c093def6c4156"), }, ], }, { $ne: [ "$_id", "$$REMOVE", ], }, ], }, ], }, { }, ], }, }, }, { $project: { _id: 1, }, }, ])

[90mstdout[2m | src/__tests__/phase7/phase7.test.ts[2m > [22m[2mPhase 7: Vendor Reviews & Admin Vendor Management[2m > [22m[2madmin vendor status[2m > [22m[2msuspends an active vendor
[22m[39mprisma:query db.UserProfile.updateMany({ _id: { $in: [ ObjectId("69d9047add7c093def6c4156"), ], }, },[{ $set: { vendorStatus: { $literal: "SUSPENDED", }, }, },
{ $set: { updatedAt: { $literal: DateTime("2026-04-10 14:08:58.735 +00:00:00"), }, }, }])

[90mstdout[2m | src/__tests__/phase7/phase7.test.ts[2m > [22m[2mPhase 7: Vendor Reviews & Admin Vendor Management[2m > [22m[2madmin vendor status[2m > [22m[2msuspends an active vendor
[22m[39mprisma:query db.UserProfile.aggregate([ { $match: { $expr: { $and: [ { $and: [ { $eq: [ "$_id", { $literal: ObjectId("69d9047add7c093def6c4156"), }, ], }, { $ne: [ "$_id", "$$REMOVE", ], }, ], }, ], }, }, }, { $project: { _id: 1, userId: 1, storeName: 1, vendorStatus: 1, }, }, ])

[90mstdout[2m | src/__tests__/phase7/phase7.test.ts[2m > [22m[2mPhase 7: Vendor Reviews & Admin Vendor Management[2m > [22m[2madmin vendor status[2m > [22m[2msuspends an active vendor
[22m[39mprisma:query db.LedgerEntry.aggregate([ { $match: { $expr: { $and: [ { $regexMatch: { input: "$vendorId", regex: "^phase7-test", options: "", }, }, { $ne: [ "$vendorId", "$$REMOVE", ], }, ], }, }, }, { $project: { _id: 1, }, }, ])

[90mstdout[2m | src/__tests__/phase7/phase7.test.ts[2m > [22m[2mPhase 7: Vendor Reviews & Admin Vendor Management[2m > [22m[2madmin vendor status[2m > [22m[2msuspends an active vendor
[22m[39mprisma:query db.VendorBalance.aggregate([ { $match: { $expr: { $and: [ { $regexMatch: { input: "$vendorId", regex: "^phase7-test", options: "", }, }, { $ne: [ "$vendorId", "$$REMOVE", ], }, ], }, }, }, { $project: { _id: 1, }, }, ])

[90mstdout[2m | src/__tests__/phase7/phase7.test.ts[2m > [22m[2mPhase 7: Vendor Reviews & Admin Vendor Management[2m > [22m[2madmin vendor status[2m > [22m[2msuspends an active vendor
[22m[39mprisma:query db.Review.aggregate([ { $match: { $expr: { $and: [ { $regexMatch: { input: "$userId", regex: "^phase7-test", options: "", }, }, { $ne: [ "$userId", "$$REMOVE", ], }, ], }, }, }, { $project: { _id: 1, }, }, ])

[90mstdout[2m | src/__tests__/phase7/phase7.test.ts[2m > [22m[2mPhase 7: Vendor Reviews & Admin Vendor Management[2m > [22m[2madmin vendor status[2m > [22m[2msuspends an active vendor
[22m[39mprisma:query db.Order.aggregate([ { $match: { $expr: { $and: [ { $regexMatch: { input: "$userId", regex: "^phase7-test", options: "", }, }, { $ne: [ "$userId", "$$REMOVE", ], }, ], }, }, }, { $project: { _id: 1, }, }, ])

[90mstdout[2m | src/__tests__/phase7/phase7.test.ts[2m > [22m[2mPhase 7: Vendor Reviews & Admin Vendor Management[2m > [22m[2madmin vendor status[2m > [22m[2msuspends an active vendor
[22m[39mprisma:query db.Order.aggregate([ { $match: { $expr: { $and: [ { $regexMatch: { input: "$userId", regex: "^phase7-test", options: "", }, }, { $ne: [ "$userId", "$$REMOVE", ], }, ], }, }, }, { $project: { _id: 1, }, }, ])

[90mstdout[2m | src/__tests__/phase7/phase7.test.ts[2m > [22m[2mPhase 7: Vendor Reviews & Admin Vendor Management[2m > [22m[2madmin vendor status[2m > [22m[2msuspends an active vendor
[22m[39mprisma:query db.Product.aggregate([ { $match: { $expr: { $and: [ { $regexMatch: { input: "$vendorId", regex: "^phase7-test", options: "", }, }, { $ne: [ "$vendorId", "$$REMOVE", ], }, ], }, }, }, { $project: { _id: 1, }, }, ])

[90mstdout[2m | src/__tests__/phase7/phase7.test.ts[2m > [22m[2mPhase 7: Vendor Reviews & Admin Vendor Management[2m > [22m[2madmin vendor status[2m > [22m[2msuspends an active vendor
[22m[39mprisma:query db.UserProfile.aggregate([ { $match: { $expr: { $and: [ { $regexMatch: { input: "$userId", regex: "^phase7-test", options: "", }, }, { $ne: [ "$userId", "$$REMOVE", ], }, ], }, }, }, { $project: { _id: 1, }, }, ])

[90mstdout[2m | src/__tests__/phase7/phase7.test.ts[2m > [22m[2mPhase 7: Vendor Reviews & Admin Vendor Management[2m > [22m[2madmin vendor status[2m > [22m[2msuspends an active vendor
[22m[39mprisma:query db.UserProfile.deleteMany({ _id: { $in: [ ObjectId("69d9047add7c093def6c4156"), ], }, })

[90mstdout[2m | src/__tests__/phase7/phase7.test.ts[2m > [22m[2mPhase 7: Vendor Reviews & Admin Vendor Management[2m > [22m[2madmin vendor status[2m > [22m[2msuspends an active vendor
[22m[39mprisma:query db.PlatformConfig.aggregate([ { $match: { $expr: { $and: [ { $eq: [ "$key", { $literal: "commissionRate", }, ], }, { $ne: [ "$key", "$$REMOVE", ], }, ], }, }, }, { $project: { _id: 1, }, }, ])

[90mstdout[2m | src/__tests__/phase7/phase7.test.ts[2m > [22m[2mPhase 7: Vendor Reviews & Admin Vendor Management[2m > [22m[2madmin vendor status[2m > [22m[2mbans a vendor
[22m[39mprisma:query db.UserProfile.insertOne({ userId: "phase7-test-vendor-ban-v1", email: "phase7-test-vendor-ban-v1@test.com", firstName: "Vendor", lastName: "ban-v1", role: "CUSTOMER", isVendor: true, vendorStatus: "ACTIVE", storeName: "Test Store ban-v1", storeSlug: "phase7-test-store-ban-v1", storeDescription: "Store ban-v1 description", createdAt: DateTime("2026-04-10 14:09:10.968 +00:00:00"), updatedAt: DateTime("2026-04-10 14:09:10.968 +00:00:00"), })

[90mstdout[2m | src/__tests__/phase7/phase7.test.ts[2m > [22m[2mPhase 7: Vendor Reviews & Admin Vendor Management[2m > [22m[2madmin vendor status[2m > [22m[2mbans a vendor
[22m[39mprisma:query db.UserProfile.aggregate([ { $match: { $expr: { $and: [ { $and: [ { $eq: [ "$_id", { $literal: ObjectId("69d90486dd7c093def6c4157"), }, ], }, { $ne: [ "$_id", "$$REMOVE", ], }, ], }, ], }, }, }, { $project: { _id: 1, userId: 1, email: 1, firstName: 1, lastName: 1, phone: 1, avatar: 1, dateOfBirth: 1, gender: 1, role: 1, isVendor: 1, vendorStatus: 1, storeName: 1, storeSlug: 1, storeDescription: 1, vendorSince: 1, createdAt: 1, updatedAt: 1, }, }, ])

[90mstdout[2m | src/__tests__/phase7/phase7.test.ts[2m > [22m[2mPhase 7: Vendor Reviews & Admin Vendor Management[2m > [22m[2madmin vendor status[2m > [22m[2mbans a vendor
[22m[39mprisma:query db.UserProfile.aggregate([ { $match: { $expr: { $and: [ { $and: [ { $and: [ { $eq: [ "$_id", { $literal: ObjectId("69d90486dd7c093def6c4157"), }, ], }, { $ne: [ "$_id", "$$REMOVE", ], }, ], }, ], }, { }, ], }, }, }, { $project: { _id: 1, isVendor: 1, vendorStatus: 1, storeName: 1, }, }, ])

[90mstdout[2m | src/__tests__/phase7/phase7.test.ts[2m > [22m[2mPhase 7: Vendor Reviews & Admin Vendor Management[2m > [22m[2madmin vendor status[2m > [22m[2mbans a vendor
[22m[39mprisma:query db.UserProfile.aggregate([ { $match: { $expr: { $and: [ { $and: [ { $and: [ { $eq: [ "$_id", { $literal: ObjectId("69d90486dd7c093def6c4157"), }, ], }, { $ne: [ "$_id", "$$REMOVE", ], }, ], }, ], }, { }, ], }, }, }, { $project: { _id: 1, }, }, ])

[90mstdout[2m | src/__tests__/phase7/phase7.test.ts[2m > [22m[2mPhase 7: Vendor Reviews & Admin Vendor Management[2m > [22m[2madmin vendor status[2m > [22m[2mbans a vendor
[22m[39mprisma:query db.UserProfile.updateMany({ _id: { $in: [ ObjectId("69d90486dd7c093def6c4157"), ], }, },[{ $set: { vendorStatus: { $literal: "BANNED", }, }, },
{ $set: { updatedAt: { $literal: DateTime("2026-04-10 14:09:11.888 +00:00:00"), }, }, }])

[90mstdout[2m | src/__tests__/phase7/phase7.test.ts[2m > [22m[2mPhase 7: Vendor Reviews & Admin Vendor Management[2m > [22m[2madmin vendor status[2m > [22m[2mbans a vendor
[22m[39mprisma:query db.UserProfile.aggregate([ { $match: { $expr: { $and: [ { $and: [ { $eq: [ "$_id", { $literal: ObjectId("69d90486dd7c093def6c4157"), }, ], }, { $ne: [ "$_id", "$$REMOVE", ], }, ], }, ], }, }, }, { $project: { _id: 1, userId: 1, storeName: 1, vendorStatus: 1, }, }, ])

[90mstdout[2m | src/__tests__/phase7/phase7.test.ts[2m > [22m[2mPhase 7: Vendor Reviews & Admin Vendor Management[2m > [22m[2madmin vendor status[2m > [22m[2mbans a vendor
[22m[39mprisma:query db.LedgerEntry.aggregate([ { $match: { $expr: { $and: [ { $regexMatch: { input: "$vendorId", regex: "^phase7-test", options: "", }, }, { $ne: [ "$vendorId", "$$REMOVE", ], }, ], }, }, }, { $project: { _id: 1, }, }, ])

[90mstdout[2m | src/__tests__/phase7/phase7.test.ts[2m > [22m[2mPhase 7: Vendor Reviews & Admin Vendor Management[2m > [22m[2madmin vendor status[2m > [22m[2mbans a vendor
[22m[39mprisma:query db.VendorBalance.aggregate([ { $match: { $expr: { $and: [ { $regexMatch: { input: "$vendorId", regex: "^phase7-test", options: "", }, }, { $ne: [ "$vendorId", "$$REMOVE", ], }, ], }, }, }, { $project: { _id: 1, }, }, ])

[90mstdout[2m | src/__tests__/phase7/phase7.test.ts[2m > [22m[2mPhase 7: Vendor Reviews & Admin Vendor Management[2m > [22m[2madmin vendor status[2m > [22m[2mbans a vendor
[22m[39mprisma:query db.Review.aggregate([ { $match: { $expr: { $and: [ { $regexMatch: { input: "$userId", regex: "^phase7-test", options: "", }, }, { $ne: [ "$userId", "$$REMOVE", ], }, ], }, }, }, { $project: { _id: 1, }, }, ])

[90mstdout[2m | src/__tests__/phase7/phase7.test.ts[2m > [22m[2mPhase 7: Vendor Reviews & Admin Vendor Management[2m > [22m[2madmin vendor status[2m > [22m[2mbans a vendor
[22m[39mprisma:query db.Order.aggregate([ { $match: { $expr: { $and: [ { $regexMatch: { input: "$userId", regex: "^phase7-test", options: "", }, }, { $ne: [ "$userId", "$$REMOVE", ], }, ], }, }, }, { $project: { _id: 1, }, }, ])

[90mstdout[2m | src/__tests__/phase7/phase7.test.ts[2m > [22m[2mPhase 7: Vendor Reviews & Admin Vendor Management[2m > [22m[2madmin vendor status[2m > [22m[2mbans a vendor
[22m[39mprisma:query db.Order.aggregate([ { $match: { $expr: { $and: [ { $regexMatch: { input: "$userId", regex: "^phase7-test", options: "", }, }, { $ne: [ "$userId", "$$REMOVE", ], }, ], }, }, }, { $project: { _id: 1, }, }, ])

[90mstdout[2m | src/__tests__/phase7/phase7.test.ts[2m > [22m[2mPhase 7: Vendor Reviews & Admin Vendor Management[2m > [22m[2madmin vendor status[2m > [22m[2mbans a vendor
[22m[39mprisma:query db.Product.aggregate([ { $match: { $expr: { $and: [ { $regexMatch: { input: "$vendorId", regex: "^phase7-test", options: "", }, }, { $ne: [ "$vendorId", "$$REMOVE", ], }, ], }, }, }, { $project: { _id: 1, }, }, ])

[90mstdout[2m | src/__tests__/phase7/phase7.test.ts[2m > [22m[2mPhase 7: Vendor Reviews & Admin Vendor Management[2m > [22m[2madmin vendor status[2m > [22m[2mbans a vendor
[22m[39mprisma:query db.UserProfile.aggregate([ { $match: { $expr: { $and: [ { $regexMatch: { input: "$userId", regex: "^phase7-test", options: "", }, }, { $ne: [ "$userId", "$$REMOVE", ], }, ], }, }, }, { $project: { _id: 1, }, }, ])

[90mstdout[2m | src/__tests__/phase7/phase7.test.ts[2m > [22m[2mPhase 7: Vendor Reviews & Admin Vendor Management[2m > [22m[2madmin vendor status[2m > [22m[2mbans a vendor
[22m[39mprisma:query db.UserProfile.deleteMany({ _id: { $in: [ ObjectId("69d90486dd7c093def6c4157"), ], }, })

[90mstdout[2m | src/__tests__/phase7/phase7.test.ts[2m > [22m[2mPhase 7: Vendor Reviews & Admin Vendor Management[2m > [22m[2madmin vendor status[2m > [22m[2mbans a vendor
[22m[39mprisma:query db.PlatformConfig.aggregate([ { $match: { $expr: { $and: [ { $eq: [ "$key", { $literal: "commissionRate", }, ], }, { $ne: [ "$key", "$$REMOVE", ], }, ], }, }, }, { $project: { _id: 1, }, }, ])

[90mstdout[2m | src/__tests__/phase7/phase7.test.ts[2m > [22m[2mPhase 7: Vendor Reviews & Admin Vendor Management[2m > [22m[2madmin vendor status[2m > [22m[2mreactivates a suspended vendor
[22m[39mprisma:query db.UserProfile.insertOne({ userId: "phase7-test-vendor-reactivate", email: "phase7-test-vendor-reactivate@test.com", firstName: "Test", lastName: "User", role: "CUSTOMER", isVendor: true, vendorStatus: "SUSPENDED", storeName: "Reactivate Store 1775830167075", storeSlug: "phase7-test-store-reactivate-1775830167075", createdAt: DateTime("2026-04-10 14:09:27.077 +00:00:00"), updatedAt: DateTime("2026-04-10 14:09:27.077 +00:00:00"), })

[90mstdout[2m | src/__tests__/phase7/phase7.test.ts[2m > [22m[2mPhase 7: Vendor Reviews & Admin Vendor Management[2m > [22m[2madmin vendor status[2m > [22m[2mreactivates a suspended vendor
[22m[39mprisma:query db.UserProfile.aggregate([ { $match: { $expr: { $and: [ { $and: [ { $eq: [ "$_id", { $literal: ObjectId("69d90497dd7c093def6c4158"), }, ], }, { $ne: [ "$_id", "$$REMOVE", ], }, ], }, ], }, }, }, { $project: { _id: 1, userId: 1, email: 1, firstName: 1, lastName: 1, phone: 1, avatar: 1, dateOfBirth: 1, gender: 1, role: 1, isVendor: 1, vendorStatus: 1, storeName: 1, storeSlug: 1, storeDescription: 1, vendorSince: 1, createdAt: 1, updatedAt: 1, }, }, ])

[90mstdout[2m | src/__tests__/phase7/phase7.test.ts[2m > [22m[2mPhase 7: Vendor Reviews & Admin Vendor Management[2m > [22m[2madmin vendor status[2m > [22m[2mreactivates a suspended vendor
[22m[39mprisma:query db.UserProfile.aggregate([ { $match: { $expr: { $and: [ { $and: [ { $and: [ { $eq: [ "$_id", { $literal: ObjectId("69d90497dd7c093def6c4158"), }, ], }, { $ne: [ "$_id", "$$REMOVE", ], }, ], }, ], }, { }, ], }, }, }, { $project: { _id: 1, isVendor: 1, vendorStatus: 1, storeName: 1, }, }, ])

[90mstdout[2m | src/__tests__/phase7/phase7.test.ts[2m > [22m[2mPhase 7: Vendor Reviews & Admin Vendor Management[2m > [22m[2madmin vendor status[2m > [22m[2mreactivates a suspended vendor
[22m[39mprisma:query db.UserProfile.aggregate([ { $match: { $expr: { $and: [ { $and: [ { $and: [ { $eq: [ "$_id", { $literal: ObjectId("69d90497dd7c093def6c4158"), }, ], }, { $ne: [ "$_id", "$$REMOVE", ], }, ], }, ], }, { }, ], }, }, }, { $project: { _id: 1, }, }, ])

[90mstdout[2m | src/__tests__/phase7/phase7.test.ts[2m > [22m[2mPhase 7: Vendor Reviews & Admin Vendor Management[2m > [22m[2madmin vendor status[2m > [22m[2mreactivates a suspended vendor
[22m[39mprisma:query db.UserProfile.updateMany({ _id: { $in: [ ObjectId("69d90497dd7c093def6c4158"), ], }, },[{ $set: { vendorStatus: { $literal: "ACTIVE", }, }, },
{ $set: { updatedAt: { $literal: DateTime("2026-04-10 14:09:28.101 +00:00:00"), }, }, }])

[90mstdout[2m | src/__tests__/phase7/phase7.test.ts[2m > [22m[2mPhase 7: Vendor Reviews & Admin Vendor Management[2m > [22m[2madmin vendor status[2m > [22m[2mreactivates a suspended vendor
[22m[39mprisma:query db.UserProfile.aggregate([ { $match: { $expr: { $and: [ { $and: [ { $eq: [ "$_id", { $literal: ObjectId("69d90497dd7c093def6c4158"), }, ], }, { $ne: [ "$_id", "$$REMOVE", ], }, ], }, ], }, }, }, { $project: { _id: 1, userId: 1, storeName: 1, vendorStatus: 1, }, }, ])

[90mstdout[2m | src/__tests__/phase7/phase7.test.ts[2m > [22m[2mPhase 7: Vendor Reviews & Admin Vendor Management[2m > [22m[2madmin vendor status[2m > [22m[2mreactivates a suspended vendor
[22m[39mprisma:query db.LedgerEntry.aggregate([ { $match: { $expr: { $and: [ { $regexMatch: { input: "$vendorId", regex: "^phase7-test", options: "", }, }, { $ne: [ "$vendorId", "$$REMOVE", ], }, ], }, }, }, { $project: { _id: 1, }, }, ])

[90mstdout[2m | src/__tests__/phase7/phase7.test.ts[2m > [22m[2mPhase 7: Vendor Reviews & Admin Vendor Management[2m > [22m[2madmin vendor status[2m > [22m[2mreactivates a suspended vendor
[22m[39mprisma:query db.VendorBalance.aggregate([ { $match: { $expr: { $and: [ { $regexMatch: { input: "$vendorId", regex: "^phase7-test", options: "", }, }, { $ne: [ "$vendorId", "$$REMOVE", ], }, ], }, }, }, { $project: { _id: 1, }, }, ])

[90mstdout[2m | src/__tests__/phase7/phase7.test.ts[2m > [22m[2mPhase 7: Vendor Reviews & Admin Vendor Management[2m > [22m[2madmin vendor status[2m > [22m[2mreactivates a suspended vendor
[22m[39mprisma:query db.Review.aggregate([ { $match: { $expr: { $and: [ { $regexMatch: { input: "$userId", regex: "^phase7-test", options: "", }, }, { $ne: [ "$userId", "$$REMOVE", ], }, ], }, }, }, { $project: { _id: 1, }, }, ])

[90mstdout[2m | src/__tests__/phase7/phase7.test.ts[2m > [22m[2mPhase 7: Vendor Reviews & Admin Vendor Management[2m > [22m[2madmin vendor status[2m > [22m[2mreactivates a suspended vendor
[22m[39mprisma:query db.Order.aggregate([ { $match: { $expr: { $and: [ { $regexMatch: { input: "$userId", regex: "^phase7-test", options: "", }, }, { $ne: [ "$userId", "$$REMOVE", ], }, ], }, }, }, { $project: { _id: 1, }, }, ])

[90mstdout[2m | src/__tests__/phase7/phase7.test.ts[2m > [22m[2mPhase 7: Vendor Reviews & Admin Vendor Management[2m > [22m[2madmin vendor status[2m > [22m[2mreactivates a suspended vendor
[22m[39mprisma:query db.Order.aggregate([ { $match: { $expr: { $and: [ { $regexMatch: { input: "$userId", regex: "^phase7-test", options: "", }, }, { $ne: [ "$userId", "$$REMOVE", ], }, ], }, }, }, { $project: { _id: 1, }, }, ])

[90mstdout[2m | src/__tests__/phase7/phase7.test.ts[2m > [22m[2mPhase 7: Vendor Reviews & Admin Vendor Management[2m > [22m[2madmin vendor status[2m > [22m[2mreactivates a suspended vendor
[22m[39mprisma:query db.Product.aggregate([ { $match: { $expr: { $and: [ { $regexMatch: { input: "$vendorId", regex: "^phase7-test", options: "", }, }, { $ne: [ "$vendorId", "$$REMOVE", ], }, ], }, }, }, { $project: { _id: 1, }, }, ])

[90mstdout[2m | src/__tests__/phase7/phase7.test.ts[2m > [22m[2mPhase 7: Vendor Reviews & Admin Vendor Management[2m > [22m[2madmin vendor status[2m > [22m[2mreactivates a suspended vendor
[22m[39mprisma:query db.UserProfile.aggregate([ { $match: { $expr: { $and: [ { $regexMatch: { input: "$userId", regex: "^phase7-test", options: "", }, }, { $ne: [ "$userId", "$$REMOVE", ], }, ], }, }, }, { $project: { _id: 1, }, }, ])

[90mstdout[2m | src/__tests__/phase7/phase7.test.ts[2m > [22m[2mPhase 7: Vendor Reviews & Admin Vendor Management[2m > [22m[2madmin vendor status[2m > [22m[2mreactivates a suspended vendor
[22m[39mprisma:query db.UserProfile.deleteMany({ _id: { $in: [ ObjectId("69d90497dd7c093def6c4158"), ], }, })

[90mstdout[2m | src/__tests__/phase7/phase7.test.ts[2m > [22m[2mPhase 7: Vendor Reviews & Admin Vendor Management[2m > [22m[2madmin vendor status[2m > [22m[2mreactivates a suspended vendor
[22m[39mprisma:query db.PlatformConfig.aggregate([ { $match: { $expr: { $and: [ { $eq: [ "$key", { $literal: "commissionRate", }, ], }, { $ne: [ "$key", "$$REMOVE", ], }, ], }, }, }, { $project: { _id: 1, }, }, ])

[90mstdout[2m | src/__tests__/phase7/phase7.test.ts[2m > [22m[2mPhase 7: Vendor Reviews & Admin Vendor Management[2m > [22m[2madmin vendor status[2m > [22m[2mreactivates a banned vendor
[22m[39mprisma:query db.UserProfile.insertOne({ userId: "phase7-test-vendor-unban", email: "phase7-test-vendor-unban@test.com", firstName: "Test", lastName: "User", role: "CUSTOMER", isVendor: true, vendorStatus: "BANNED", storeName: "Unban Store 1775830180269", storeSlug: "phase7-test-store-unban-1775830180269", createdAt: DateTime("2026-04-10 14:09:40.271 +00:00:00"), updatedAt: DateTime("2026-04-10 14:09:40.271 +00:00:00"), })

[90mstdout[2m | src/__tests__/phase7/phase7.test.ts[2m > [22m[2mPhase 7: Vendor Reviews & Admin Vendor Management[2m > [22m[2madmin vendor status[2m > [22m[2mreactivates a banned vendor
[22m[39mprisma:query db.UserProfile.aggregate([ { $match: { $expr: { $and: [ { $and: [ { $eq: [ "$_id", { $literal: ObjectId("69d904a4dd7c093def6c4159"), }, ], }, { $ne: [ "$_id", "$$REMOVE", ], }, ], }, ], }, }, }, { $project: { _id: 1, userId: 1, email: 1, firstName: 1, lastName: 1, phone: 1, avatar: 1, dateOfBirth: 1, gender: 1, role: 1, isVendor: 1, vendorStatus: 1, storeName: 1, storeSlug: 1, storeDescription: 1, vendorSince: 1, createdAt: 1, updatedAt: 1, }, }, ])

[90mstdout[2m | src/__tests__/phase7/phase7.test.ts[2m > [22m[2mPhase 7: Vendor Reviews & Admin Vendor Management[2m > [22m[2madmin vendor status[2m > [22m[2mreactivates a banned vendor
[22m[39mprisma:query db.UserProfile.aggregate([ { $match: { $expr: { $and: [ { $and: [ { $and: [ { $eq: [ "$_id", { $literal: ObjectId("69d904a4dd7c093def6c4159"), }, ], }, { $ne: [ "$_id", "$$REMOVE", ], }, ], }, ], }, { }, ], }, }, }, { $project: { _id: 1, isVendor: 1, vendorStatus: 1, storeName: 1, }, }, ])

[90mstdout[2m | src/__tests__/phase7/phase7.test.ts[2m > [22m[2mPhase 7: Vendor Reviews & Admin Vendor Management[2m > [22m[2madmin vendor status[2m > [22m[2mreactivates a banned vendor
[22m[39mprisma:query db.UserProfile.aggregate([ { $match: { $expr: { $and: [ { $and: [ { $and: [ { $eq: [ "$_id", { $literal: ObjectId("69d904a4dd7c093def6c4159"), }, ], }, { $ne: [ "$_id", "$$REMOVE", ], }, ], }, ], }, { }, ], }, }, }, { $project: { _id: 1, }, }, ])

[90mstdout[2m | src/__tests__/phase7/phase7.test.ts[2m > [22m[2mPhase 7: Vendor Reviews & Admin Vendor Management[2m > [22m[2madmin vendor status[2m > [22m[2mreactivates a banned vendor
[22m[39mprisma:query db.UserProfile.updateMany({ _id: { $in: [ ObjectId("69d904a4dd7c093def6c4159"), ], }, },[{ $set: { vendorStatus: { $literal: "ACTIVE", }, }, },
{ $set: { updatedAt: { $literal: DateTime("2026-04-10 14:09:40.994 +00:00:00"), }, }, }])

[90mstdout[2m | src/__tests__/phase7/phase7.test.ts[2m > [22m[2mPhase 7: Vendor Reviews & Admin Vendor Management[2m > [22m[2madmin vendor status[2m > [22m[2mreactivates a banned vendor
[22m[39mprisma:query db.UserProfile.aggregate([ { $match: { $expr: { $and: [ { $and: [ { $eq: [ "$_id", { $literal: ObjectId("69d904a4dd7c093def6c4159"), }, ], }, { $ne: [ "$_id", "$$REMOVE", ], }, ], }, ], }, }, }, { $project: { _id: 1, userId: 1, storeName: 1, vendorStatus: 1, }, }, ])

[90mstdout[2m | src/__tests__/phase7/phase7.test.ts[2m > [22m[2mPhase 7: Vendor Reviews & Admin Vendor Management[2m > [22m[2madmin vendor status[2m > [22m[2mreactivates a banned vendor
[22m[39mprisma:query db.LedgerEntry.aggregate([ { $match: { $expr: { $and: [ { $regexMatch: { input: "$vendorId", regex: "^phase7-test", options: "", }, }, { $ne: [ "$vendorId", "$$REMOVE", ], }, ], }, }, }, { $project: { _id: 1, }, }, ])

[90mstdout[2m | src/__tests__/phase7/phase7.test.ts[2m > [22m[2mPhase 7: Vendor Reviews & Admin Vendor Management[2m > [22m[2madmin vendor status[2m > [22m[2mreactivates a banned vendor
[22m[39mprisma:query db.VendorBalance.aggregate([ { $match: { $expr: { $and: [ { $regexMatch: { input: "$vendorId", regex: "^phase7-test", options: "", }, }, { $ne: [ "$vendorId", "$$REMOVE", ], }, ], }, }, }, { $project: { _id: 1, }, }, ])

[90mstdout[2m | src/__tests__/phase7/phase7.test.ts[2m > [22m[2mPhase 7: Vendor Reviews & Admin Vendor Management[2m > [22m[2madmin vendor status[2m > [22m[2mreactivates a banned vendor
[22m[39mprisma:query db.Review.aggregate([ { $match: { $expr: { $and: [ { $regexMatch: { input: "$userId", regex: "^phase7-test", options: "", }, }, { $ne: [ "$userId", "$$REMOVE", ], }, ], }, }, }, { $project: { _id: 1, }, }, ])

[90mstdout[2m | src/__tests__/phase7/phase7.test.ts[2m > [22m[2mPhase 7: Vendor Reviews & Admin Vendor Management[2m > [22m[2madmin vendor status[2m > [22m[2mreactivates a banned vendor
[22m[39mprisma:query db.Order.aggregate([ { $match: { $expr: { $and: [ { $regexMatch: { input: "$userId", regex: "^phase7-test", options: "", }, }, { $ne: [ "$userId", "$$REMOVE", ], }, ], }, }, }, { $project: { _id: 1, }, }, ])

[90mstdout[2m | src/__tests__/phase7/phase7.test.ts[2m > [22m[2mPhase 7: Vendor Reviews & Admin Vendor Management[2m > [22m[2madmin vendor status[2m > [22m[2mreactivates a banned vendor
[22m[39mprisma:query db.Order.aggregate([ { $match: { $expr: { $and: [ { $regexMatch: { input: "$userId", regex: "^phase7-test", options: "", }, }, { $ne: [ "$userId", "$$REMOVE", ], }, ], }, }, }, { $project: { _id: 1, }, }, ])

[90mstdout[2m | src/__tests__/phase7/phase7.test.ts[2m > [22m[2mPhase 7: Vendor Reviews & Admin Vendor Management[2m > [22m[2madmin vendor status[2m > [22m[2mreactivates a banned vendor
[22m[39mprisma:query db.Product.aggregate([ { $match: { $expr: { $and: [ { $regexMatch: { input: "$vendorId", regex: "^phase7-test", options: "", }, }, { $ne: [ "$vendorId", "$$REMOVE", ], }, ], }, }, }, { $project: { _id: 1, }, }, ])

[90mstdout[2m | src/__tests__/phase7/phase7.test.ts[2m > [22m[2mPhase 7: Vendor Reviews & Admin Vendor Management[2m > [22m[2madmin vendor status[2m > [22m[2mreactivates a banned vendor
[22m[39mprisma:query db.UserProfile.aggregate([ { $match: { $expr: { $and: [ { $regexMatch: { input: "$userId", regex: "^phase7-test", options: "", }, }, { $ne: [ "$userId", "$$REMOVE", ], }, ], }, }, }, { $project: { _id: 1, }, }, ])

[90mstdout[2m | src/__tests__/phase7/phase7.test.ts[2m > [22m[2mPhase 7: Vendor Reviews & Admin Vendor Management[2m > [22m[2madmin vendor status[2m > [22m[2mreactivates a banned vendor
[22m[39mprisma:query db.UserProfile.deleteMany({ _id: { $in: [ ObjectId("69d904a4dd7c093def6c4159"), ], }, })

[90mstdout[2m | src/__tests__/phase7/phase7.test.ts[2m > [22m[2mPhase 7: Vendor Reviews & Admin Vendor Management[2m > [22m[2madmin vendor status[2m > [22m[2mreactivates a banned vendor
[22m[39mprisma:query db.PlatformConfig.aggregate([ { $match: { $expr: { $and: [ { $eq: [ "$key", { $literal: "commissionRate", }, ], }, { $ne: [ "$key", "$$REMOVE", ], }, ], }, }, }, { $project: { _id: 1, }, }, ])

[90mstdout[2m | src/__tests__/phase7/phase7.test.ts[2m > [22m[2mPhase 7: Vendor Reviews & Admin Vendor Management[2m > [22m[2madmin vendor status[2m > [22m[2mrejects setting same status
[22m[39mprisma:query db.UserProfile.insertOne({ userId: "phase7-test-vendor-same-status", email: "phase7-test-vendor-same-status@test.com", firstName: "Vendor", lastName: "same-status", role: "CUSTOMER", isVendor: true, vendorStatus: "ACTIVE", storeName: "Test Store same-status", storeSlug: "phase7-test-store-same-status", storeDescription: "Store same-status description", createdAt: DateTime("2026-04-10 14:09:47.654 +00:00:00"), updatedAt: DateTime("2026-04-10 14:09:47.654 +00:00:00"), })

[90mstdout[2m | src/__tests__/phase7/phase7.test.ts[2m > [22m[2mPhase 7: Vendor Reviews & Admin Vendor Management[2m > [22m[2madmin vendor status[2m > [22m[2mrejects setting same status
[22m[39mprisma:query db.UserProfile.aggregate([ { $match: { $expr: { $and: [ { $and: [ { $eq: [ "$_id", { $literal: ObjectId("69d904abdd7c093def6c415a"), }, ], }, { $ne: [ "$_id", "$$REMOVE", ], }, ], }, ], }, }, }, { $project: { _id: 1, userId: 1, email: 1, firstName: 1, lastName: 1, phone: 1, avatar: 1, dateOfBirth: 1, gender: 1, role: 1, isVendor: 1, vendorStatus: 1, storeName: 1, storeSlug: 1, storeDescription: 1, vendorSince: 1, createdAt: 1, updatedAt: 1, }, }, ])

[90mstdout[2m | src/__tests__/phase7/phase7.test.ts[2m > [22m[2mPhase 7: Vendor Reviews & Admin Vendor Management[2m > [22m[2madmin vendor status[2m > [22m[2mrejects setting same status
[22m[39mprisma:query db.UserProfile.aggregate([ { $match: { $expr: { $and: [ { $and: [ { $and: [ { $eq: [ "$_id", { $literal: ObjectId("69d904abdd7c093def6c415a"), }, ], }, { $ne: [ "$_id", "$$REMOVE", ], }, ], }, ], }, { }, ], }, }, }, { $project: { _id: 1, isVendor: 1, vendorStatus: 1, storeName: 1, }, }, ])

[90mstdout[2m | src/__tests__/phase7/phase7.test.ts[2m > [22m[2mPhase 7: Vendor Reviews & Admin Vendor Management[2m > [22m[2madmin vendor status[2m > [22m[2mrejects setting same status
[22m[39mprisma:query db.LedgerEntry.aggregate([ { $match: { $expr: { $and: [ { $regexMatch: { input: "$vendorId", regex: "^phase7-test", options: "", }, }, { $ne: [ "$vendorId", "$$REMOVE", ], }, ], }, }, }, { $project: { _id: 1, }, }, ])

[90mstdout[2m | src/__tests__/phase7/phase7.test.ts[2m > [22m[2mPhase 7: Vendor Reviews & Admin Vendor Management[2m > [22m[2madmin vendor status[2m > [22m[2mrejects setting same status
[22m[39mprisma:query db.VendorBalance.aggregate([ { $match: { $expr: { $and: [ { $regexMatch: { input: "$vendorId", regex: "^phase7-test", options: "", }, }, { $ne: [ "$vendorId", "$$REMOVE", ], }, ], }, }, }, { $project: { _id: 1, }, }, ])

[90mstdout[2m | src/__tests__/phase7/phase7.test.ts[2m > [22m[2mPhase 7: Vendor Reviews & Admin Vendor Management[2m > [22m[2madmin vendor status[2m > [22m[2mrejects setting same status
[22m[39mprisma:query db.Review.aggregate([ { $match: { $expr: { $and: [ { $regexMatch: { input: "$userId", regex: "^phase7-test", options: "", }, }, { $ne: [ "$userId", "$$REMOVE", ], }, ], }, }, }, { $project: { _id: 1, }, }, ])

[90mstdout[2m | src/__tests__/phase7/phase7.test.ts[2m > [22m[2mPhase 7: Vendor Reviews & Admin Vendor Management[2m > [22m[2madmin vendor status[2m > [22m[2mrejects setting same status
[22m[39mprisma:query db.Order.aggregate([ { $match: { $expr: { $and: [ { $regexMatch: { input: "$userId", regex: "^phase7-test", options: "", }, }, { $ne: [ "$userId", "$$REMOVE", ], }, ], }, }, }, { $project: { _id: 1, }, }, ])

[90mstdout[2m | src/__tests__/phase7/phase7.test.ts[2m > [22m[2mPhase 7: Vendor Reviews & Admin Vendor Management[2m > [22m[2madmin vendor status[2m > [22m[2mrejects setting same status
[22m[39mprisma:query db.Order.aggregate([ { $match: { $expr: { $and: [ { $regexMatch: { input: "$userId", regex: "^phase7-test", options: "", }, }, { $ne: [ "$userId", "$$REMOVE", ], }, ], }, }, }, { $project: { _id: 1, }, }, ])

[90mstdout[2m | src/__tests__/phase7/phase7.test.ts[2m > [22m[2mPhase 7: Vendor Reviews & Admin Vendor Management[2m > [22m[2madmin vendor status[2m > [22m[2mrejects setting same status
[22m[39mprisma:query db.Product.aggregate([ { $match: { $expr: { $and: [ { $regexMatch: { input: "$vendorId", regex: "^phase7-test", options: "", }, }, { $ne: [ "$vendorId", "$$REMOVE", ], }, ], }, }, }, { $project: { _id: 1, }, }, ])

[90mstdout[2m | src/__tests__/phase7/phase7.test.ts[2m > [22m[2mPhase 7: Vendor Reviews & Admin Vendor Management[2m > [22m[2madmin vendor status[2m > [22m[2mrejects setting same status
[22m[39mprisma:query db.UserProfile.aggregate([ { $match: { $expr: { $and: [ { $regexMatch: { input: "$userId", regex: "^phase7-test", options: "", }, }, { $ne: [ "$userId", "$$REMOVE", ], }, ], }, }, }, { $project: { _id: 1, }, }, ])

[90mstdout[2m | src/__tests__/phase7/phase7.test.ts[2m > [22m[2mPhase 7: Vendor Reviews & Admin Vendor Management[2m > [22m[2madmin vendor status[2m > [22m[2mrejects setting same status
[22m[39mprisma:query db.UserProfile.deleteMany({ _id: { $in: [ ObjectId("69d904abdd7c093def6c415a"), ], }, })

[90mstdout[2m | src/__tests__/phase7/phase7.test.ts[2m > [22m[2mPhase 7: Vendor Reviews & Admin Vendor Management[2m > [22m[2madmin vendor status[2m > [22m[2mrejects setting same status
[22m[39mprisma:query db.PlatformConfig.aggregate([ { $match: { $expr: { $and: [ { $eq: [ "$key", { $literal: "commissionRate", }, ], }, { $ne: [ "$key", "$$REMOVE", ], }, ], }, }, }, { $project: { _id: 1, }, }, ])

[90mstdout[2m | src/__tests__/phase7/phase7.test.ts[2m > [22m[2mPhase 7: Vendor Reviews & Admin Vendor Management[2m > [22m[2madmin vendor products[2m > [22m[2mlists products for a specific vendor
[22m[39mprisma:query db.UserProfile.insertOne({ userId: "phase7-test-vendor-prods-v1", email: "phase7-test-vendor-prods-v1@test.com", firstName: "Vendor", lastName: "prods-v1", role: "CUSTOMER", isVendor: true, vendorStatus: "ACTIVE", storeName: "Test Store prods-v1", storeSlug: "phase7-test-store-prods-v1", storeDescription: "Store prods-v1 description", createdAt: DateTime("2026-04-10 14:09:51.472 +00:00:00"), updatedAt: DateTime("2026-04-10 14:09:51.472 +00:00:00"), })

[90mstdout[2m | src/__tests__/phase7/phase7.test.ts[2m > [22m[2mPhase 7: Vendor Reviews & Admin Vendor Management[2m > [22m[2madmin vendor products[2m > [22m[2mlists products for a specific vendor
[22m[39mprisma:query db.UserProfile.aggregate([ { $match: { $expr: { $and: [ { $and: [ { $eq: [ "$_id", { $literal: ObjectId("69d904afdd7c093def6c415b"), }, ], }, { $ne: [ "$_id", "$$REMOVE", ], }, ], }, ], }, }, }, { $project: { _id: 1, userId: 1, email: 1, firstName: 1, lastName: 1, phone: 1, avatar: 1, dateOfBirth: 1, gender: 1, role: 1, isVendor: 1, vendorStatus: 1, storeName: 1, storeSlug: 1, storeDescription: 1, vendorSince: 1, createdAt: 1, updatedAt: 1, }, }, ])

[90mstdout[2m | src/__tests__/phase7/phase7.test.ts[2m > [22m[2mPhase 7: Vendor Reviews & Admin Vendor Management[2m > [22m[2madmin vendor products[2m > [22m[2mlists products for a specific vendor
[22m[39mprisma:query db.Product.insertOne({ name: "phase7-test-product-1775830193356-26", slug: "phase7-test-slug-1775830193356-27", description: "Test product", stockKeepingUnit: "phase7-test-sku-1775830193356-28", basePrice: 5000, type: "DIGITAL", vendorId: "phase7-test-vendor-prods-v1", approvalStatus: "APPROVED", tags: [ ], images: [ ], avgRating: 0, reviewCount: 0, stock: 0, lowStockThreshold: 10, isActive: true, isFeatured: false, isNewArrival: true, createdAt: DateTime("2026-04-10 14:09:53.358 +00:00:00"), updatedAt: DateTime("2026-04-10 14:09:53.358 +00:00:00"), })

[90mstdout[2m | src/__tests__/phase7/phase7.test.ts[2m > [22m[2mPhase 7: Vendor Reviews & Admin Vendor Management[2m > [22m[2madmin vendor products[2m > [22m[2mlists products for a specific vendor
[22m[39mprisma:query db.Product.aggregate([ { $match: { $expr: { $and: [ { $and: [ { $eq: [ "$_id", { $literal: ObjectId("69d904b1dd7c093def6c415c"), }, ], }, { $ne: [ "$_id", "$$REMOVE", ], }, ], }, ], }, }, }, { $project: { _id: 1, name: 1, slug: 1, description: 1, shortDesc: 1, stockKeepingUnit: 1, basePrice: 1, salePrice: 1, type: 1, categoryId: 1, vendorId: 1, approvalStatus: 1, brand: 1, tags: 1, images: 1, avgRating: 1, reviewCount: 1, stock: 1, lowStockThreshold: 1, isActive: 1, isFeatured: 1, isNewArrival: 1, createdAt: 1, updatedAt: 1, }, }, ])

[90mstdout[2m | src/__tests__/phase7/phase7.test.ts[2m > [22m[2mPhase 7: Vendor Reviews & Admin Vendor Management[2m > [22m[2madmin vendor products[2m > [22m[2mlists products for a specific vendor
[22m[39mprisma:query db.Product.insertOne({ name: "phase7-test-product-1775830196258-29", slug: "phase7-test-slug-1775830196258-30", description: "Test product", stockKeepingUnit: "phase7-test-sku-1775830196258-31", basePrice: 5000, type: "DIGITAL", vendorId: "phase7-test-vendor-prods-v1", approvalStatus: "APPROVED", tags: [ ], images: [ ], avgRating: 0, reviewCount: 0, stock: 0, lowStockThreshold: 10, isActive: true, isFeatured: false, isNewArrival: true, createdAt: DateTime("2026-04-10 14:09:56.26 +00:00:00"), updatedAt: DateTime("2026-04-10 14:09:56.26 +00:00:00"), })

[90mstdout[2m | src/__tests__/phase7/phase7.test.ts[2m > [22m[2mPhase 7: Vendor Reviews & Admin Vendor Management[2m > [22m[2madmin vendor products[2m > [22m[2mlists products for a specific vendor
[22m[39mprisma:query db.Product.aggregate([ { $match: { $expr: { $and: [ { $and: [ { $eq: [ "$_id", { $literal: ObjectId("69d904b4dd7c093def6c415d"), }, ], }, { $ne: [ "$_id", "$$REMOVE", ], }, ], }, ], }, }, }, { $project: { _id: 1, name: 1, slug: 1, description: 1, shortDesc: 1, stockKeepingUnit: 1, basePrice: 1, salePrice: 1, type: 1, categoryId: 1, vendorId: 1, approvalStatus: 1, brand: 1, tags: 1, images: 1, avgRating: 1, reviewCount: 1, stock: 1, lowStockThreshold: 1, isActive: 1, isFeatured: 1, isNewArrival: 1, createdAt: 1, updatedAt: 1, }, }, ])

[90mstdout[2m | src/__tests__/phase7/phase7.test.ts[2m > [22m[2mPhase 7: Vendor Reviews & Admin Vendor Management[2m > [22m[2madmin vendor products[2m > [22m[2mlists products for a specific vendor
[22m[39mprisma:query db.Product.aggregate([ { $match: { $expr: { $and: [ { $eq: [ "$vendorId", { $literal: "phase7-test-vendor-prods-v1", }, ], }, { $ne: [ "$vendorId", "$$REMOVE", ], }, ], }, }, }, { $sort: { createdAt: -1, }, }, { $skip: 0, }, { $limit: 20, }, { $project: { _id: 1, name: 1, slug: 1, description: 1, shortDesc: 1, stockKeepingUnit: 1, basePrice: 1, salePrice: 1, type: 1, categoryId: 1, vendorId: 1, approvalStatus: 1, brand: 1, tags: 1, images: 1, avgRating: 1, reviewCount: 1, stock: 1, lowStockThreshold: 1, isActive: 1, isFeatured: 1, isNewArrival: 1, createdAt: 1, updatedAt: 1, }, }, ])

[90mstdout[2m | src/__tests__/phase7/phase7.test.ts[2m > [22m[2mPhase 7: Vendor Reviews & Admin Vendor Management[2m > [22m[2madmin vendor products[2m > [22m[2mlists products for a specific vendor
[22m[39mprisma:query db.Product.aggregate([ { $match: { $expr: { $and: [ { $eq: [ "$vendorId", { $literal: "phase7-test-vendor-prods-v1", }, ], }, { $ne: [ "$vendorId", "$$REMOVE", ], }, ], }, }, }, { $group: { _id: null, count_all: { $sum: 1, }, }, }, ])

[90mstdout[2m | src/__tests__/phase7/phase7.test.ts[2m > [22m[2mPhase 7: Vendor Reviews & Admin Vendor Management[2m > [22m[2madmin vendor products[2m > [22m[2mlists products for a specific vendor
[22m[39mprisma:query db.ProductVariant.aggregate([ { $match: { $expr: { $and: [ { $or: [ { $eq: [ "$productId", { $literal: ObjectId("69d904b4dd7c093def6c415d"), }, ], }, { $eq: [ "$productId", { $literal: ObjectId("69d904b1dd7c093def6c415c"), }, ], }, ], }, { $ne: [ "$productId", "$$REMOVE", ], }, ], }, }, }, { $project: { _id: 1, productId: 1, stockKeepingUnit: 1, name: 1, attributes: 1, price: 1, compareAtPrice: 1, stock: 1, isActive: 1, }, }, ])

[90mstdout[2m | src/__tests__/phase7/phase7.test.ts[2m > [22m[2mPhase 7: Vendor Reviews & Admin Vendor Management[2m > [22m[2madmin vendor products[2m > [22m[2mlists products for a specific vendor
[22m[39mprisma:query db.DigitalAsset.aggregate([ { $match: { $expr: { $and: [ { $or: [ { $eq: [ "$productId", { $literal: ObjectId("69d904b4dd7c093def6c415d"), }, ], }, { $eq: [ "$productId", { $literal: ObjectId("69d904b1dd7c093def6c415c"), }, ], }, ], }, { $ne: [ "$productId", "$$REMOVE", ], }, ], }, }, }, { $project: { _id: 1, productId: 1, fileName: 1, r2Key: 1, mimeType: 1, fileSize: 1, sortOrder: 1, createdAt: 1, updatedAt: 1, }, }, ])

[90mstdout[2m | src/__tests__/phase7/phase7.test.ts[2m > [22m[2mPhase 7: Vendor Reviews & Admin Vendor Management[2m > [22m[2madmin vendor products[2m > [22m[2mlists products for a specific vendor
[22m[39mprisma:query db.LedgerEntry.aggregate([ { $match: { $expr: { $and: [ { $regexMatch: { input: "$vendorId", regex: "^phase7-test", options: "", }, }, { $ne: [ "$vendorId", "$$REMOVE", ], }, ], }, }, }, { $project: { _id: 1, }, }, ])

[90mstdout[2m | src/__tests__/phase7/phase7.test.ts[2m > [22m[2mPhase 7: Vendor Reviews & Admin Vendor Management[2m > [22m[2madmin vendor products[2m > [22m[2mlists products for a specific vendor
[22m[39mprisma:query db.VendorBalance.aggregate([ { $match: { $expr: { $and: [ { $regexMatch: { input: "$vendorId", regex: "^phase7-test", options: "", }, }, { $ne: [ "$vendorId", "$$REMOVE", ], }, ], }, }, }, { $project: { _id: 1, }, }, ])

[90mstdout[2m | src/__tests__/phase7/phase7.test.ts[2m > [22m[2mPhase 7: Vendor Reviews & Admin Vendor Management[2m > [22m[2madmin vendor products[2m > [22m[2mlists products for a specific vendor
[22m[39mprisma:query db.Review.aggregate([ { $match: { $expr: { $and: [ { $regexMatch: { input: "$userId", regex: "^phase7-test", options: "", }, }, { $ne: [ "$userId", "$$REMOVE", ], }, ], }, }, }, { $project: { _id: 1, }, }, ])

[90mstdout[2m | src/__tests__/phase7/phase7.test.ts[2m > [22m[2mPhase 7: Vendor Reviews & Admin Vendor Management[2m > [22m[2madmin vendor products[2m > [22m[2mlists products for a specific vendor
[22m[39mprisma:query db.Order.aggregate([ { $match: { $expr: { $and: [ { $regexMatch: { input: "$userId", regex: "^phase7-test", options: "", }, }, { $ne: [ "$userId", "$$REMOVE", ], }, ], }, }, }, { $project: { _id: 1, }, }, ])

[90mstdout[2m | src/__tests__/phase7/phase7.test.ts[2m > [22m[2mPhase 7: Vendor Reviews & Admin Vendor Management[2m > [22m[2madmin vendor products[2m > [22m[2mlists products for a specific vendor
[22m[39mprisma:query db.Order.aggregate([ { $match: { $expr: { $and: [ { $regexMatch: { input: "$userId", regex: "^phase7-test", options: "", }, }, { $ne: [ "$userId", "$$REMOVE", ], }, ], }, }, }, { $project: { _id: 1, }, }, ])

[90mstdout[2m | src/__tests__/phase7/phase7.test.ts[2m > [22m[2mPhase 7: Vendor Reviews & Admin Vendor Management[2m > [22m[2madmin vendor products[2m > [22m[2mlists products for a specific vendor
[22m[39mprisma:query db.Product.aggregate([ { $match: { $expr: { $and: [ { $regexMatch: { input: "$vendorId", regex: "^phase7-test", options: "", }, }, { $ne: [ "$vendorId", "$$REMOVE", ], }, ], }, }, }, { $project: { _id: 1, }, }, ])

[90mstdout[2m | src/__tests__/phase7/phase7.test.ts[2m > [22m[2mPhase 7: Vendor Reviews & Admin Vendor Management[2m > [22m[2madmin vendor products[2m > [22m[2mlists products for a specific vendor
[22m[39mprisma:query db.DigitalAsset.aggregate([ { $match: { $expr: { $and: [ { }, { $and: [ { $or: [ { $eq: [ "$productId", { $literal: ObjectId("69d904b1dd7c093def6c415c"), }, ], }, { $eq: [ "$productId", { $literal: ObjectId("69d904b4dd7c093def6c415d"), }, ], }, ], }, { $ne: [ "$productId", "$$REMOVE", ], }, ], }, ], }, }, }, { $project: { _id: 1, productId: 1, }, }, ])

[90mstdout[2m | src/__tests__/phase7/phase7.test.ts[2m > [22m[2mPhase 7: Vendor Reviews & Admin Vendor Management[2m > [22m[2madmin vendor products[2m > [22m[2mlists products for a specific vendor
[22m[39mprisma:query db.WishlistItem.aggregate([ { $match: { $expr: { $and: [ { }, { $and: [ { $or: [ { $eq: [ "$productId", { $literal: ObjectId("69d904b1dd7c093def6c415c"), }, ], }, { $eq: [ "$productId", { $literal: ObjectId("69d904b4dd7c093def6c415d"), }, ], }, ], }, { $ne: [ "$productId", "$$REMOVE", ], }, ], }, ], }, }, }, { $project: { _id: 1, productId: 1, }, }, ])

[90mstdout[2m | src/__tests__/phase7/phase7.test.ts[2m > [22m[2mPhase 7: Vendor Reviews & Admin Vendor Management[2m > [22m[2madmin vendor products[2m > [22m[2mlists products for a specific vendor
[22m[39mprisma:query db.Review.aggregate([ { $match: { $expr: { $and: [ { }, { $and: [ { $or: [ { $eq: [ "$productId", { $literal: ObjectId("69d904b1dd7c093def6c415c"), }, ], }, { $eq: [ "$productId", { $literal: ObjectId("69d904b4dd7c093def6c415d"), }, ], }, ], }, { $ne: [ "$productId", "$$REMOVE", ], }, ], }, ], }, }, }, { $project: { _id: 1, productId: 1, }, }, ])

[90mstdout[2m | src/__tests__/phase7/phase7.test.ts[2m > [22m[2mPhase 7: Vendor Reviews & Admin Vendor Management[2m > [22m[2madmin vendor products[2m > [22m[2mlists products for a specific vendor
[22m[39mprisma:query db.OrderItem.aggregate([ { $match: { $expr: { $and: [ { }, { $and: [ { $or: [ { $eq: [ "$productId", { $literal: ObjectId("69d904b1dd7c093def6c415c"), }, ], }, { $eq: [ "$productId", { $literal: ObjectId("69d904b4dd7c093def6c415d"), }, ], }, ], }, { $ne: [ "$productId", "$$REMOVE", ], }, ], }, ], }, }, }, { $project: { _id: 1, productId: 1, }, }, ])

[90mstdout[2m | src/__tests__/phase7/phase7.test.ts[2m > [22m[2mPhase 7: Vendor Reviews & Admin Vendor Management[2m > [22m[2madmin vendor products[2m > [22m[2mlists products for a specific vendor
[22m[39mprisma:query db.CartItem.aggregate([ { $match: { $expr: { $and: [ { }, { $and: [ { $or: [ { $eq: [ "$productId", { $literal: ObjectId("69d904b1dd7c093def6c415c"), }, ], }, { $eq: [ "$productId", { $literal: ObjectId("69d904b4dd7c093def6c415d"), }, ], }, ], }, { $ne: [ "$productId", "$$REMOVE", ], }, ], }, ], }, }, }, { $project: { _id: 1, productId: 1, }, }, ])

[90mstdout[2m | src/__tests__/phase7/phase7.test.ts[2m > [22m[2mPhase 7: Vendor Reviews & Admin Vendor Management[2m > [22m[2madmin vendor products[2m > [22m[2mlists products for a specific vendor
[22m[39mprisma:query db.ProductVariant.aggregate([ { $match: { $expr: { $and: [ { }, { $and: [ { $or: [ { $eq: [ "$productId", { $literal: ObjectId("69d904b1dd7c093def6c415c"), }, ], }, { $eq: [ "$productId", { $literal: ObjectId("69d904b4dd7c093def6c415d"), }, ], }, ], }, { $ne: [ "$productId", "$$REMOVE", ], }, ], }, ], }, }, }, { $project: { _id: 1, productId: 1, }, }, ])

[90mstdout[2m | src/__tests__/phase7/phase7.test.ts[2m > [22m[2mPhase 7: Vendor Reviews & Admin Vendor Management[2m > [22m[2madmin vendor products[2m > [22m[2mlists products for a specific vendor
[22m[39mprisma:query db.Product.deleteMany({ _id: { $in: [ ObjectId("69d904b1dd7c093def6c415c"), ObjectId("69d904b4dd7c093def6c415d"), ], }, })

[90mstdout[2m | src/__tests__/phase7/phase7.test.ts[2m > [22m[2mPhase 7: Vendor Reviews & Admin Vendor Management[2m > [22m[2madmin vendor products[2m > [22m[2mlists products for a specific vendor
[22m[39mprisma:query db.UserProfile.aggregate([ { $match: { $expr: { $and: [ { $regexMatch: { input: "$userId", regex: "^phase7-test", options: "", }, }, { $ne: [ "$userId", "$$REMOVE", ], }, ], }, }, }, { $project: { _id: 1, }, }, ])

[90mstdout[2m | src/__tests__/phase7/phase7.test.ts[2m > [22m[2mPhase 7: Vendor Reviews & Admin Vendor Management[2m > [22m[2madmin vendor products[2m > [22m[2mlists products for a specific vendor
[22m[39mprisma:query db.UserProfile.deleteMany({ _id: { $in: [ ObjectId("69d904afdd7c093def6c415b"), ], }, })

[90mstdout[2m | src/__tests__/phase7/phase7.test.ts[2m > [22m[2mPhase 7: Vendor Reviews & Admin Vendor Management[2m > [22m[2madmin vendor products[2m > [22m[2mlists products for a specific vendor
[22m[39mprisma:query db.PlatformConfig.aggregate([ { $match: { $expr: { $and: [ { $eq: [ "$key", { $literal: "commissionRate", }, ], }, { $ne: [ "$key", "$$REMOVE", ], }, ], }, }, }, { $project: { _id: 1, }, }, ])

[90mstdout[2m | src/__tests__/phase7/phase7.test.ts[2m > [22m[2mPhase 7: Vendor Reviews & Admin Vendor Management[2m > [22m[2madmin commission report[2m > [22m[2mreturns per-vendor breakdown with platform totals
[22m[39mprisma:query db.PlatformConfig.aggregate([ { $match: { $expr: { $and: [ { $and: [ { $and: [ { $eq: [ "$key", { $literal: "commissionRate", }, ], }, { $ne: [ "$key", "$$REMOVE", ], }, ], }, ], }, { }, ], }, }, }, { $project: { _id: 1, }, }, ])

[90mstdout[2m | src/__tests__/phase7/phase7.test.ts[2m > [22m[2mPhase 7: Vendor Reviews & Admin Vendor Management[2m > [22m[2madmin commission report[2m > [22m[2mreturns per-vendor breakdown with platform totals
[22m[39mprisma:query db.PlatformConfig.insertOne({ key: "commissionRate", value: "0.10", })

[90mstdout[2m | src/__tests__/phase7/phase7.test.ts[2m > [22m[2mPhase 7: Vendor Reviews & Admin Vendor Management[2m > [22m[2madmin commission report[2m > [22m[2mreturns per-vendor breakdown with platform totals
[22m[39mprisma:query db.PlatformConfig.aggregate([ { $match: { $expr: { $and: [ { $and: [ { $eq: [ "$_id", { $literal: ObjectId("69d904c0dd7c093def6c415e"), }, ], }, { $ne: [ "$_id", "$$REMOVE", ], }, ], }, ], }, }, }, { $project: { _id: 1, key: 1, value: 1, }, }, ])

[90mstdout[2m | src/__tests__/phase7/phase7.test.ts[2m > [22m[2mPhase 7: Vendor Reviews & Admin Vendor Management[2m > [22m[2madmin commission report[2m > [22m[2mreturns per-vendor breakdown with platform totals
[22m[39mprisma:query db.UserProfile.insertOne({ userId: "phase7-test-vendor-report-v1", email: "phase7-test-vendor-report-v1@test.com", firstName: "Vendor", lastName: "report-v1", role: "CUSTOMER", isVendor: true, vendorStatus: "ACTIVE", storeName: "Test Store report-v1", storeSlug: "phase7-test-store-report-v1", storeDescription: "Store report-v1 description", createdAt: DateTime("2026-04-10 14:10:08.849 +00:00:00"), updatedAt: DateTime("2026-04-10 14:10:08.849 +00:00:00"), })

[90mstdout[2m | src/__tests__/phase7/phase7.test.ts[2m > [22m[2mPhase 7: Vendor Reviews & Admin Vendor Management[2m > [22m[2madmin commission report[2m > [22m[2mreturns per-vendor breakdown with platform totals
[22m[39mprisma:query db.UserProfile.aggregate([ { $match: { $expr: { $and: [ { $and: [ { $eq: [ "$_id", { $literal: ObjectId("69d904c0dd7c093def6c415f"), }, ], }, { $ne: [ "$_id", "$$REMOVE", ], }, ], }, ], }, }, }, { $project: { _id: 1, userId: 1, email: 1, firstName: 1, lastName: 1, phone: 1, avatar: 1, dateOfBirth: 1, gender: 1, role: 1, isVendor: 1, vendorStatus: 1, storeName: 1, storeSlug: 1, storeDescription: 1, vendorSince: 1, createdAt: 1, updatedAt: 1, }, }, ])

[90mstdout[2m | src/__tests__/phase7/phase7.test.ts[2m > [22m[2mPhase 7: Vendor Reviews & Admin Vendor Management[2m > [22m[2madmin commission report[2m > [22m[2mreturns per-vendor breakdown with platform totals
[22m[39mprisma:query db.UserProfile.insertOne({ userId: "phase7-test-vendor-report-v2", email: "phase7-test-vendor-report-v2@test.com", firstName: "Vendor", lastName: "report-v2", role: "CUSTOMER", isVendor: true, vendorStatus: "ACTIVE", storeName: "Test Store report-v2", storeSlug: "phase7-test-store-report-v2", storeDescription: "Store report-v2 description", createdAt: DateTime("2026-04-10 14:10:09.397 +00:00:00"), updatedAt: DateTime("2026-04-10 14:10:09.397 +00:00:00"), })

[90mstdout[2m | src/__tests__/phase7/phase7.test.ts[2m > [22m[2mPhase 7: Vendor Reviews & Admin Vendor Management[2m > [22m[2madmin commission report[2m > [22m[2mreturns per-vendor breakdown with platform totals
[22m[39mprisma:query db.UserProfile.aggregate([ { $match: { $expr: { $and: [ { $and: [ { $eq: [ "$_id", { $literal: ObjectId("69d904c1dd7c093def6c4160"), }, ], }, { $ne: [ "$_id", "$$REMOVE", ], }, ], }, ], }, }, }, { $project: { _id: 1, userId: 1, email: 1, firstName: 1, lastName: 1, phone: 1, avatar: 1, dateOfBirth: 1, gender: 1, role: 1, isVendor: 1, vendorStatus: 1, storeName: 1, storeSlug: 1, storeDescription: 1, vendorSince: 1, createdAt: 1, updatedAt: 1, }, }, ])

[90mstdout[2m | src/__tests__/phase7/phase7.test.ts[2m > [22m[2mPhase 7: Vendor Reviews & Admin Vendor Management[2m > [22m[2madmin commission report[2m > [22m[2mreturns per-vendor breakdown with platform totals
[22m[39mprisma:query db.Product.insertOne({ name: "phase7-test-product-1775830211419-32", slug: "phase7-test-slug-1775830211419-33", description: "Test product", stockKeepingUnit: "phase7-test-sku-1775830211419-34", basePrice: 5000, type: "DIGITAL", vendorId: "phase7-test-vendor-report-v1", approvalStatus: "APPROVED", tags: [ ], images: [ ], avgRating: 0, reviewCount: 0, stock: 0, lowStockThreshold: 10, isActive: true, isFeatured: false, isNewArrival: true, createdAt: DateTime("2026-04-10 14:10:11.421 +00:00:00"), updatedAt: DateTime("2026-04-10 14:10:11.421 +00:00:00"), })

[90mstdout[2m | src/__tests__/phase7/phase7.test.ts[2m > [22m[2mPhase 7: Vendor Reviews & Admin Vendor Management[2m > [22m[2madmin commission report[2m > [22m[2mreturns per-vendor breakdown with platform totals
[22m[39mprisma:query db.Product.aggregate([ { $match: { $expr: { $and: [ { $and: [ { $eq: [ "$_id", { $literal: ObjectId("69d904c3dd7c093def6c4161"), }, ], }, { $ne: [ "$_id", "$$REMOVE", ], }, ], }, ], }, }, }, { $project: { _id: 1, name: 1, slug: 1, description: 1, shortDesc: 1, stockKeepingUnit: 1, basePrice: 1, salePrice: 1, type: 1, categoryId: 1, vendorId: 1, approvalStatus: 1, brand: 1, tags: 1, images: 1, avgRating: 1, reviewCount: 1, stock: 1, lowStockThreshold: 1, isActive: 1, isFeatured: 1, isNewArrival: 1, createdAt: 1, updatedAt: 1, }, }, ])

[90mstdout[2m | src/__tests__/phase7/phase7.test.ts[2m > [22m[2mPhase 7: Vendor Reviews & Admin Vendor Management[2m > [22m[2madmin commission report[2m > [22m[2mreturns per-vendor breakdown with platform totals
[22m[39mprisma:query db.Product.insertOne({ name: "phase7-test-product-1775830211986-35", slug: "phase7-test-slug-1775830211987-36", description: "Test product", stockKeepingUnit: "phase7-test-sku-1775830211987-37", basePrice: 5000, type: "DIGITAL", vendorId: "phase7-test-vendor-report-v2", approvalStatus: "APPROVED", tags: [ ], images: [ ], avgRating: 0, reviewCount: 0, stock: 0, lowStockThreshold: 10, isActive: true, isFeatured: false, isNewArrival: true, createdAt: DateTime("2026-04-10 14:10:11.988 +00:00:00"), updatedAt: DateTime("2026-04-10 14:10:11.988 +00:00:00"), })

[90mstdout[2m | src/__tests__/phase7/phase7.test.ts[2m > [22m[2mPhase 7: Vendor Reviews & Admin Vendor Management[2m > [22m[2madmin commission report[2m > [22m[2mreturns per-vendor breakdown with platform totals
[22m[39mprisma:query db.Product.aggregate([ { $match: { $expr: { $and: [ { $and: [ { $eq: [ "$_id", { $literal: ObjectId("69d904c3dd7c093def6c4162"), }, ], }, { $ne: [ "$_id", "$$REMOVE", ], }, ], }, ], }, }, }, { $project: { _id: 1, name: 1, slug: 1, description: 1, shortDesc: 1, stockKeepingUnit: 1, basePrice: 1, salePrice: 1, type: 1, categoryId: 1, vendorId: 1, approvalStatus: 1, brand: 1, tags: 1, images: 1, avgRating: 1, reviewCount: 1, stock: 1, lowStockThreshold: 1, isActive: 1, isFeatured: 1, isNewArrival: 1, createdAt: 1, updatedAt: 1, }, }, ])

[90mstdout[2m | src/__tests__/phase7/phase7.test.ts[2m > [22m[2mPhase 7: Vendor Reviews & Admin Vendor Management[2m > [22m[2madmin commission report[2m > [22m[2mreturns per-vendor breakdown with platform totals
[22m[39mprisma:query db.Order.insertOne({ orderNumber: "phase7-test-ORD-1775830212581-38", userId: "phase7-test-vendor-report-v1", vendorId: "phase7-test-vendor-report-v2", status: "PAID", subtotal: 10000, shipping: 0, discount: 0, total: 10000, createdAt: DateTime("2026-04-10 14:10:12.583 +00:00:00"), updatedAt: DateTime("2026-04-10 14:10:12.583 +00:00:00"), })

[90mstdout[2m | src/__tests__/phase7/phase7.test.ts[2m > [22m[2mPhase 7: Vendor Reviews & Admin Vendor Management[2m > [22m[2madmin commission report[2m > [22m[2mreturns per-vendor breakdown with platform totals
[22m[39mprisma:query db.OrderItem.insertOne({ orderId: ObjectId("69d904c4dd7c093def6c4163"), productId: ObjectId("69d904c3dd7c093def6c4162"), productName: "Test Product", quantity: 1, unitPrice: 10000, totalPrice: 10000, createdAt: DateTime("2026-04-10 14:10:12.583 +00:00:00"), })

[90mstdout[2m | src/__tests__/phase7/phase7.test.ts[2m > [22m[2mPhase 7: Vendor Reviews & Admin Vendor Management[2m > [22m[2madmin commission report[2m > [22m[2mreturns per-vendor breakdown with platform totals
[22m[39mprisma:query db.OrderStatusHistory.insertOne({ orderId: ObjectId("69d904c4dd7c093def6c4163"), status: "PAID", note: "Test", createdAt: DateTime("2026-04-10 14:10:12.583 +00:00:00"), })

[90mstdout[2m | src/__tests__/phase7/phase7.test.ts[2m > [22m[2mPhase 7: Vendor Reviews & Admin Vendor Management[2m > [22m[2madmin commission report[2m > [22m[2mreturns per-vendor breakdown with platform totals
[22m[39mprisma:query db.Order.aggregate([ { $match: { $expr: { $and: [ { $and: [ { $eq: [ "$_id", { $literal: ObjectId("69d904c4dd7c093def6c4163"), }, ], }, { $ne: [ "$_id", "$$REMOVE", ], }, ], }, ], }, }, }, { $project: { _id: 1, orderNumber: 1, userId: 1, vendorId: 1, checkoutSessionId: 1, status: 1, shippingAddress: 1, billingAddress: 1, subtotal: 1, shipping: 1, discount: 1, total: 1, couponCode: 1, notes: 1, createdAt: 1, updatedAt: 1, paidAt: 1, shippedAt: 1, deliveredAt: 1, }, }, ])

[90mstdout[2m | src/__tests__/phase7/phase7.test.ts[2m > [22m[2mPhase 7: Vendor Reviews & Admin Vendor Management[2m > [22m[2madmin commission report[2m > [22m[2mreturns per-vendor breakdown with platform totals
[22m[39mprisma:query db.Order.insertOne({ orderNumber: "phase7-test-ORD-1775830214543-39", userId: "phase7-test-vendor-report-v2", vendorId: "phase7-test-vendor-report-v1", status: "PAID", subtotal: 5000, shipping: 0, discount: 0, total: 5000, createdAt: DateTime("2026-04-10 14:10:14.547 +00:00:00"), updatedAt: DateTime("2026-04-10 14:10:14.547 +00:00:00"), })

[90mstdout[2m | src/__tests__/phase7/phase7.test.ts[2m > [22m[2mPhase 7: Vendor Reviews & Admin Vendor Management[2m > [22m[2madmin commission report[2m > [22m[2mreturns per-vendor breakdown with platform totals
[22m[39mprisma:query db.OrderItem.insertOne({ orderId: ObjectId("69d904c6dd7c093def6c4166"), productId: ObjectId("69d904c3dd7c093def6c4161"), productName: "Test Product", quantity: 1, unitPrice: 5000, totalPrice: 5000, createdAt: DateTime("2026-04-10 14:10:14.547 +00:00:00"), })

[90mstdout[2m | src/__tests__/phase7/phase7.test.ts[2m > [22m[2mPhase 7: Vendor Reviews & Admin Vendor Management[2m > [22m[2madmin commission report[2m > [22m[2mreturns per-vendor breakdown with platform totals
[22m[39mprisma:query db.OrderStatusHistory.insertOne({ orderId: ObjectId("69d904c6dd7c093def6c4166"), status: "PAID", note: "Test", createdAt: DateTime("2026-04-10 14:10:14.547 +00:00:00"), })

[90mstdout[2m | src/__tests__/phase7/phase7.test.ts[2m > [22m[2mPhase 7: Vendor Reviews & Admin Vendor Management[2m > [22m[2madmin commission report[2m > [22m[2mreturns per-vendor breakdown with platform totals
[22m[39mprisma:query db.Order.aggregate([ { $match: { $expr: { $and: [ { $and: [ { $eq: [ "$_id", { $literal: ObjectId("69d904c6dd7c093def6c4166"), }, ], }, { $ne: [ "$_id", "$$REMOVE", ], }, ], }, ], }, }, }, { $project: { _id: 1, orderNumber: 1, userId: 1, vendorId: 1, checkoutSessionId: 1, status: 1, shippingAddress: 1, billingAddress: 1, subtotal: 1, shipping: 1, discount: 1, total: 1, couponCode: 1, notes: 1, createdAt: 1, updatedAt: 1, paidAt: 1, shippedAt: 1, deliveredAt: 1, }, }, ])

[90mstdout[2m | src/__tests__/phase7/phase7.test.ts[2m > [22m[2mPhase 7: Vendor Reviews & Admin Vendor Management[2m > [22m[2madmin commission report[2m > [22m[2mreturns per-vendor breakdown with platform totals
[22m[39mprisma:query db.LedgerEntry.aggregate([ { $match: { $expr: { $and: [ { $and: [ { $eq: [ "$orderId", { $literal: ObjectId("69d904c4dd7c093def6c4163"), }, ], }, { $ne: [ "$orderId", "$$REMOVE", ], }, ], }, { $and: [ { $eq: [ "$type", { $literal: "SALE", }, ], }, { $ne: [ "$type", "$$REMOVE", ], }, ], }, ], }, }, }, { $limit: 1, }, { $project: { _id: 1, orderId: 1, vendorId: 1, type: 1, amount: 1, currency: 1, balanceBefore: 1, balanceAfter: 1, createdAt: 1, }, }, ])

[90mstdout[2m | src/__tests__/phase7/phase7.test.ts[2m > [22m[2mPhase 7: Vendor Reviews & Admin Vendor Management[2m > [22m[2madmin commission report[2m > [22m[2mreturns per-vendor breakdown with platform totals
[22m[39mprisma:query db.Order.aggregate([ { $match: { $expr: { $and: [ { $and: [ { $and: [ { $eq: [ "$_id", { $literal: ObjectId("69d904c4dd7c093def6c4163"), }, ], }, { $ne: [ "$_id", "$$REMOVE", ], }, ], }, ], }, { }, ], }, }, }, { $project: { _id: 1, orderNumber: 1, userId: 1, vendorId: 1, checkoutSessionId: 1, status: 1, shippingAddress: 1, billingAddress: 1, subtotal: 1, shipping: 1, discount: 1, total: 1, couponCode: 1, notes: 1, createdAt: 1, updatedAt: 1, paidAt: 1, shippedAt: 1, deliveredAt: 1, }, }, ])

[90mstdout[2m | src/__tests__/phase7/phase7.test.ts[2m > [22m[2mPhase 7: Vendor Reviews & Admin Vendor Management[2m > [22m[2madmin commission report[2m > [22m[2mreturns per-vendor breakdown with platform totals
[22m[39mprisma:query db.PlatformConfig.aggregate([ { $match: { $expr: { $and: [ { $and: [ { $and: [ { $eq: [ "$key", { $literal: "commissionRate", }, ], }, { $ne: [ "$key", "$$REMOVE", ], }, ], }, ], }, { }, ], }, }, }, { $project: { _id: 1, key: 1, value: 1, }, }, ])

[90mstdout[2m | src/__tests__/phase7/phase7.test.ts[2m > [22m[2mPhase 7: Vendor Reviews & Admin Vendor Management[2m > [22m[2madmin commission report[2m > [22m[2mreturns per-vendor breakdown with platform totals
[22m[39mprisma:query db.VendorBalance.aggregate([ { $match: { $expr: { $and: [ { $and: [ { $and: [ { $eq: [ "$vendorId", { $literal: "phase7-test-vendor-report-v2", }, ], }, { $ne: [ "$vendorId", "$$REMOVE", ], }, ], }, ], }, { }, ], }, }, }, { $project: { _id: 1, vendorId: 1, availableBalance: 1, totalEarned: 1, totalCommission: 1, updatedAt: 1, }, }, ])

[90mstdout[2m | src/__tests__/phase7/phase7.test.ts[2m > [22m[2mPhase 7: Vendor Reviews & Admin Vendor Management[2m > [22m[2madmin commission report[2m > [22m[2mreturns per-vendor breakdown with platform totals
[22m[39mprisma:query db.LedgerEntry.insertOne({ orderId: ObjectId("69d904c4dd7c093def6c4163"), vendorId: "phase7-test-vendor-report-v2", type: "SALE", amount: 9000, currency: "NGN", balanceBefore: 0, balanceAfter: 9000, createdAt: DateTime("2026-04-10 14:10:20.825 +00:00:00"), })

[90mstdout[2m | src/__tests__/phase7/phase7.test.ts[2m > [22m[2mPhase 7: Vendor Reviews & Admin Vendor Management[2m > [22m[2madmin commission report[2m > [22m[2mreturns per-vendor breakdown with platform totals
[22m[39mprisma:query db.LedgerEntry.aggregate([ { $match: { $expr: { $and: [ { $and: [ { $eq: [ "$_id", { $literal: ObjectId("69d904ccdd7c093def6c4169"), }, ], }, { $ne: [ "$_id", "$$REMOVE", ], }, ], }, ], }, }, }, { $project: { _id: 1, orderId: 1, vendorId: 1, type: 1, amount: 1, currency: 1, balanceBefore: 1, balanceAfter: 1, createdAt: 1, }, }, ])

[90mstdout[2m | src/__tests__/phase7/phase7.test.ts[2m > [22m[2mPhase 7: Vendor Reviews & Admin Vendor Management[2m > [22m[2madmin commission report[2m > [22m[2mreturns per-vendor breakdown with platform totals
[22m[39mprisma:query db.LedgerEntry.insertOne({ orderId: ObjectId("69d904c4dd7c093def6c4163"), vendorId: "phase7-test-vendor-report-v2", type: "COMMISSION", amount: 1000, currency: "NGN", balanceBefore: 0, balanceAfter: 9000, createdAt: DateTime("2026-04-10 14:10:21.37 +00:00:00"), })

[90mstdout[2m | src/__tests__/phase7/phase7.test.ts[2m > [22m[2mPhase 7: Vendor Reviews & Admin Vendor Management[2m > [22m[2madmin commission report[2m > [22m[2mreturns per-vendor breakdown with platform totals
[22m[39mprisma:query db.LedgerEntry.aggregate([ { $match: { $expr: { $and: [ { $and: [ { $eq: [ "$_id", { $literal: ObjectId("69d904cddd7c093def6c416a"), }, ], }, { $ne: [ "$_id", "$$REMOVE", ], }, ], }, ], }, }, }, { $project: { _id: 1, orderId: 1, vendorId: 1, type: 1, amount: 1, currency: 1, balanceBefore: 1, balanceAfter: 1, createdAt: 1, }, }, ])

[90mstdout[2m | src/__tests__/phase7/phase7.test.ts[2m > [22m[2mPhase 7: Vendor Reviews & Admin Vendor Management[2m > [22m[2madmin commission report[2m > [22m[2mreturns per-vendor breakdown with platform totals
[22m[39mprisma:query db.VendorBalance.aggregate([ { $match: { $expr: { $and: [ { $and: [ { $and: [ { $eq: [ "$vendorId", { $literal: "phase7-test-vendor-report-v2", }, ], }, { $ne: [ "$vendorId", "$$REMOVE", ], }, ], }, ], }, { }, ], }, }, }, { $project: { _id: 1, }, }, ])

[90mstdout[2m | src/__tests__/phase7/phase7.test.ts[2m > [22m[2mPhase 7: Vendor Reviews & Admin Vendor Management[2m > [22m[2madmin commission report[2m > [22m[2mreturns per-vendor breakdown with platform totals
[22m[39mprisma:query db.VendorBalance.insertOne({ vendorId: "phase7-test-vendor-report-v2", availableBalance: 9000, totalEarned: 9000, totalCommission: 1000, updatedAt: DateTime("2026-04-10 14:10:21.916 +00:00:00"), })

[90mstdout[2m | src/__tests__/phase7/phase7.test.ts[2m > [22m[2mPhase 7: Vendor Reviews & Admin Vendor Management[2m > [22m[2madmin commission report[2m > [22m[2mreturns per-vendor breakdown with platform totals
[22m[39mprisma:query db.VendorBalance.aggregate([ { $match: { $expr: { $and: [ { $and: [ { $eq: [ "$_id", { $literal: ObjectId("69d904cedd7c093def6c416b"), }, ], }, { $ne: [ "$_id", "$$REMOVE", ], }, ], }, ], }, }, }, { $project: { _id: 1, vendorId: 1, availableBalance: 1, totalEarned: 1, totalCommission: 1, updatedAt: 1, }, }, ])

[90mstdout[2m | src/__tests__/phase7/phase7.test.ts[2m > [22m[2mPhase 7: Vendor Reviews & Admin Vendor Management[2m > [22m[2madmin commission report[2m > [22m[2mreturns per-vendor breakdown with platform totals
[22m[39m[32minfo[39m: [32m[Ledger] Order settled[39m {"commission":1000,"grossSale":10000,"label":"Global","orderId":"69d904c4dd7c093def6c4163","timestamp":"2026-04-10 15:10:23","vendorId":"phase7-test-vendor-report-v2","vendorNet":9000}

[90mstdout[2m | src/__tests__/phase7/phase7.test.ts[2m > [22m[2mPhase 7: Vendor Reviews & Admin Vendor Management[2m > [22m[2madmin commission report[2m > [22m[2mreturns per-vendor breakdown with platform totals
[22m[39mprisma:query db.LedgerEntry.aggregate([ { $match: { $expr: { $and: [ { $and: [ { $eq: [ "$orderId", { $literal: ObjectId("69d904c6dd7c093def6c4166"), }, ], }, { $ne: [ "$orderId", "$$REMOVE", ], }, ], }, { $and: [ { $eq: [ "$type", { $literal: "SALE", }, ], }, { $ne: [ "$type", "$$REMOVE", ], }, ], }, ], }, }, }, { $limit: 1, }, { $project: { _id: 1, orderId: 1, vendorId: 1, type: 1, amount: 1, currency: 1, balanceBefore: 1, balanceAfter: 1, createdAt: 1, }, }, ])

[90mstdout[2m | src/__tests__/phase7/phase7.test.ts[2m > [22m[2mPhase 7: Vendor Reviews & Admin Vendor Management[2m > [22m[2madmin commission report[2m > [22m[2mreturns per-vendor breakdown with platform totals
[22m[39mprisma:query db.Order.aggregate([ { $match: { $expr: { $and: [ { $and: [ { $and: [ { $eq: [ "$_id", { $literal: ObjectId("69d904c6dd7c093def6c4166"), }, ], }, { $ne: [ "$_id", "$$REMOVE", ], }, ], }, ], }, { }, ], }, }, }, { $project: { _id: 1, orderNumber: 1, userId: 1, vendorId: 1, checkoutSessionId: 1, status: 1, shippingAddress: 1, billingAddress: 1, subtotal: 1, shipping: 1, discount: 1, total: 1, couponCode: 1, notes: 1, createdAt: 1, updatedAt: 1, paidAt: 1, shippedAt: 1, deliveredAt: 1, }, }, ])

[90mstdout[2m | src/__tests__/phase7/phase7.test.ts[2m > [22m[2mPhase 7: Vendor Reviews & Admin Vendor Management[2m > [22m[2madmin commission report[2m > [22m[2mreturns per-vendor breakdown with platform totals
[22m[39mprisma:query db.PlatformConfig.aggregate([ { $match: { $expr: { $and: [ { $and: [ { $and: [ { $eq: [ "$key", { $literal: "commissionRate", }, ], }, { $ne: [ "$key", "$$REMOVE", ], }, ], }, ], }, { }, ], }, }, }, { $project: { _id: 1, key: 1, value: 1, }, }, ])

[90mstdout[2m | src/__tests__/phase7/phase7.test.ts[2m > [22m[2mPhase 7: Vendor Reviews & Admin Vendor Management[2m > [22m[2madmin commission report[2m > [22m[2mreturns per-vendor breakdown with platform totals
[22m[39mprisma:query db.VendorBalance.aggregate([ { $match: { $expr: { $and: [ { $and: [ { $and: [ { $eq: [ "$vendorId", { $literal: "phase7-test-vendor-report-v1", }, ], }, { $ne: [ "$vendorId", "$$REMOVE", ], }, ], }, ], }, { }, ], }, }, }, { $project: { _id: 1, vendorId: 1, availableBalance: 1, totalEarned: 1, totalCommission: 1, updatedAt: 1, }, }, ])

[90mstdout[2m | src/__tests__/phase7/phase7.test.ts[2m > [22m[2mPhase 7: Vendor Reviews & Admin Vendor Management[2m > [22m[2madmin commission report[2m > [22m[2mreturns per-vendor breakdown with platform totals
[22m[39mprisma:query db.LedgerEntry.insertOne({ orderId: ObjectId("69d904c6dd7c093def6c4166"), vendorId: "phase7-test-vendor-report-v1", type: "SALE", amount: 4500, currency: "NGN", balanceBefore: 0, balanceAfter: 4500, createdAt: DateTime("2026-04-10 14:10:24.02 +00:00:00"), })

[90mstdout[2m | src/__tests__/phase7/phase7.test.ts[2m > [22m[2mPhase 7: Vendor Reviews & Admin Vendor Management[2m > [22m[2madmin commission report[2m > [22m[2mreturns per-vendor breakdown with platform totals
[22m[39mprisma:query db.LedgerEntry.aggregate([ { $match: { $expr: { $and: [ { $and: [ { $eq: [ "$_id", { $literal: ObjectId("69d904d0dd7c093def6c416c"), }, ], }, { $ne: [ "$_id", "$$REMOVE", ], }, ], }, ], }, }, }, { $project: { _id: 1, orderId: 1, vendorId: 1, type: 1, amount: 1, currency: 1, balanceBefore: 1, balanceAfter: 1, createdAt: 1, }, }, ])

[90mstdout[2m | src/__tests__/phase7/phase7.test.ts[2m > [22m[2mPhase 7: Vendor Reviews & Admin Vendor Management[2m > [22m[2madmin commission report[2m > [22m[2mreturns per-vendor breakdown with platform totals
[22m[39mprisma:query db.LedgerEntry.insertOne({ orderId: ObjectId("69d904c6dd7c093def6c4166"), vendorId: "phase7-test-vendor-report-v1", type: "COMMISSION", amount: 500, currency: "NGN", balanceBefore: 0, balanceAfter: 4500, createdAt: DateTime("2026-04-10 14:10:24.544 +00:00:00"), })

[90mstdout[2m | src/__tests__/phase7/phase7.test.ts[2m > [22m[2mPhase 7: Vendor Reviews & Admin Vendor Management[2m > [22m[2madmin commission report[2m > [22m[2mreturns per-vendor breakdown with platform totals
[22m[39mprisma:query db.LedgerEntry.aggregate([ { $match: { $expr: { $and: [ { $and: [ { $eq: [ "$_id", { $literal: ObjectId("69d904d0dd7c093def6c416d"), }, ], }, { $ne: [ "$_id", "$$REMOVE", ], }, ], }, ], }, }, }, { $project: { _id: 1, orderId: 1, vendorId: 1, type: 1, amount: 1, currency: 1, balanceBefore: 1, balanceAfter: 1, createdAt: 1, }, }, ])

[90mstdout[2m | src/__tests__/phase7/phase7.test.ts[2m > [22m[2mPhase 7: Vendor Reviews & Admin Vendor Management[2m > [22m[2madmin commission report[2m > [22m[2mreturns per-vendor breakdown with platform totals
[22m[39mprisma:query db.VendorBalance.aggregate([ { $match: { $expr: { $and: [ { $and: [ { $and: [ { $eq: [ "$vendorId", { $literal: "phase7-test-vendor-report-v1", }, ], }, { $ne: [ "$vendorId", "$$REMOVE", ], }, ], }, ], }, { }, ], }, }, }, { $project: { _id: 1, }, }, ])

[90mstdout[2m | src/__tests__/phase7/phase7.test.ts[2m > [22m[2mPhase 7: Vendor Reviews & Admin Vendor Management[2m > [22m[2madmin commission report[2m > [22m[2mreturns per-vendor breakdown with platform totals
[22m[39mprisma:query db.VendorBalance.insertOne({ vendorId: "phase7-test-vendor-report-v1", availableBalance: 4500, totalEarned: 4500, totalCommission: 500, updatedAt: DateTime("2026-04-10 14:10:25.043 +00:00:00"), })

[90mstdout[2m | src/__tests__/phase7/phase7.test.ts[2m > [22m[2mPhase 7: Vendor Reviews & Admin Vendor Management[2m > [22m[2madmin commission report[2m > [22m[2mreturns per-vendor breakdown with platform totals
[22m[39mprisma:query db.VendorBalance.aggregate([ { $match: { $expr: { $and: [ { $and: [ { $eq: [ "$_id", { $literal: ObjectId("69d904d1dd7c093def6c416e"), }, ], }, { $ne: [ "$_id", "$$REMOVE", ], }, ], }, ], }, }, }, { $project: { _id: 1, vendorId: 1, availableBalance: 1, totalEarned: 1, totalCommission: 1, updatedAt: 1, }, }, ])

[90mstdout[2m | src/__tests__/phase7/phase7.test.ts[2m > [22m[2mPhase 7: Vendor Reviews & Admin Vendor Management[2m > [22m[2madmin commission report[2m > [22m[2mreturns per-vendor breakdown with platform totals
[22m[39m[32minfo[39m: [32m[Ledger] Order settled[39m {"commission":500,"grossSale":5000,"label":"Global","orderId":"69d904c6dd7c093def6c4166","timestamp":"2026-04-10 15:10:25","vendorId":"phase7-test-vendor-report-v1","vendorNet":4500}

[90mstdout[2m | src/__tests__/phase7/phase7.test.ts[2m > [22m[2mPhase 7: Vendor Reviews & Admin Vendor Management[2m > [22m[2madmin commission report[2m > [22m[2mreturns per-vendor breakdown with platform totals
[22m[39mprisma:query db.PlatformConfig.aggregate([ { $match: { $expr: { $and: [ { $and: [ { $and: [ { $eq: [ "$key", { $literal: "commissionRate", }, ], }, { $ne: [ "$key", "$$REMOVE", ], }, ], }, ], }, { }, ], }, }, }, { $project: { _id: 1, key: 1, value: 1, }, }, ])

[90mstdout[2m | src/__tests__/phase7/phase7.test.ts[2m > [22m[2mPhase 7: Vendor Reviews & Admin Vendor Management[2m > [22m[2madmin commission report[2m > [22m[2mreturns per-vendor breakdown with platform totals
[22m[39mprisma:query db.VendorBalance.aggregate([ { $project: { _id: 1, vendorId: 1, availableBalance: 1, totalEarned: 1, totalCommission: 1, updatedAt: 1, }, }, ])

[90mstdout[2m | src/__tests__/phase7/phase7.test.ts[2m > [22m[2mPhase 7: Vendor Reviews & Admin Vendor Management[2m > [22m[2madmin commission report[2m > [22m[2mreturns per-vendor breakdown with platform totals
[22m[39mprisma:query db.LedgerEntry.aggregate([ { $match: { $expr: { $and: [ { $eq: [ "$type", { $literal: "SALE", }, ], }, { $ne: [ "$type", "$$REMOVE", ], }, ], }, }, }, { $project: { _id: 1, orderId: 1, vendorId: 1, type: 1, amount: 1, currency: 1, balanceBefore: 1, balanceAfter: 1, createdAt: 1, }, }, ])

[90mstdout[2m | src/__tests__/phase7/phase7.test.ts[2m > [22m[2mPhase 7: Vendor Reviews & Admin Vendor Management[2m > [22m[2madmin commission report[2m > [22m[2mreturns per-vendor breakdown with platform totals
[22m[39mprisma:query db.LedgerEntry.aggregate([ { $match: { $expr: { $and: [ { $eq: [ "$type", { $literal: "COMMISSION", }, ], }, { $ne: [ "$type", "$$REMOVE", ], }, ], }, }, }, { $project: { _id: 1, orderId: 1, vendorId: 1, type: 1, amount: 1, currency: 1, balanceBefore: 1, balanceAfter: 1, createdAt: 1, }, }, ])

[90mstdout[2m | src/__tests__/phase7/phase7.test.ts[2m > [22m[2mPhase 7: Vendor Reviews & Admin Vendor Management[2m > [22m[2madmin commission report[2m > [22m[2mreturns per-vendor breakdown with platform totals
[22m[39mprisma:query db.UserProfile.aggregate([ { $match: { $expr: { $and: [ { $or: [ { $eq: [ "$userId", { $literal: "phase7-test-vendor-report-v2", }, ], }, { $eq: [ "$userId", { $literal: "phase7-test-vendor-report-v1", }, ], }, ], }, { $ne: [ "$userId", "$$REMOVE", ], }, ], }, }, }, { $project: { _id: 1, userId: 1, storeName: 1, firstName: 1, lastName: 1, }, }, ])

[90mstdout[2m | src/__tests__/phase7/phase7.test.ts[2m > [22m[2mPhase 7: Vendor Reviews & Admin Vendor Management[2m > [22m[2madmin commission report[2m > [22m[2mreturns per-vendor breakdown with platform totals
[22m[39mprisma:query db.LedgerEntry.aggregate([ { $match: { $expr: { $and: [ { $regexMatch: { input: "$vendorId", regex: "^phase7-test", options: "", }, }, { $ne: [ "$vendorId", "$$REMOVE", ], }, ], }, }, }, { $project: { _id: 1, }, }, ])

[90mstdout[2m | src/__tests__/phase7/phase7.test.ts[2m > [22m[2mPhase 7: Vendor Reviews & Admin Vendor Management[2m > [22m[2madmin commission report[2m > [22m[2mreturns per-vendor breakdown with platform totals
[22m[39mprisma:query db.LedgerEntry.deleteMany({ _id: { $in: [ ObjectId("69d904ccdd7c093def6c4169"), ObjectId("69d904cddd7c093def6c416a"), ObjectId("69d904d0dd7c093def6c416c"), ObjectId("69d904d0dd7c093def6c416d"), ], }, })

[90mstdout[2m | src/__tests__/phase7/phase7.test.ts[2m > [22m[2mPhase 7: Vendor Reviews & Admin Vendor Management[2m > [22m[2madmin commission report[2m > [22m[2mreturns per-vendor breakdown with platform totals
[22m[39mprisma:query db.VendorBalance.aggregate([ { $match: { $expr: { $and: [ { $regexMatch: { input: "$vendorId", regex: "^phase7-test", options: "", }, }, { $ne: [ "$vendorId", "$$REMOVE", ], }, ], }, }, }, { $project: { _id: 1, }, }, ])

[90mstdout[2m | src/__tests__/phase7/phase7.test.ts[2m > [22m[2mPhase 7: Vendor Reviews & Admin Vendor Management[2m > [22m[2madmin commission report[2m > [22m[2mreturns per-vendor breakdown with platform totals
[22m[39mprisma:query db.VendorBalance.deleteMany({ _id: { $in: [ ObjectId("69d904cedd7c093def6c416b"), ObjectId("69d904d1dd7c093def6c416e"), ], }, })

[90mstdout[2m | src/__tests__/phase7/phase7.test.ts[2m > [22m[2mPhase 7: Vendor Reviews & Admin Vendor Management[2m > [22m[2madmin commission report[2m > [22m[2mreturns per-vendor breakdown with platform totals
[22m[39mprisma:query db.Review.aggregate([ { $match: { $expr: { $and: [ { $regexMatch: { input: "$userId", regex: "^phase7-test", options: "", }, }, { $ne: [ "$userId", "$$REMOVE", ], }, ], }, }, }, { $project: { _id: 1, }, }, ])

[90mstdout[2m | src/__tests__/phase7/phase7.test.ts[2m > [22m[2mPhase 7: Vendor Reviews & Admin Vendor Management[2m > [22m[2madmin commission report[2m > [22m[2mreturns per-vendor breakdown with platform totals
[22m[39mprisma:query db.Order.aggregate([ { $match: { $expr: { $and: [ { $regexMatch: { input: "$userId", regex: "^phase7-test", options: "", }, }, { $ne: [ "$userId", "$$REMOVE", ], }, ], }, }, }, { $project: { _id: 1, }, }, ])

[90mstdout[2m | src/__tests__/phase7/phase7.test.ts[2m > [22m[2mPhase 7: Vendor Reviews & Admin Vendor Management[2m > [22m[2madmin commission report[2m > [22m[2mreturns per-vendor breakdown with platform totals
[22m[39mprisma:query db.OrderStatusHistory.aggregate([ { $match: { $expr: { $and: [ { $or: [ { $eq: [ "$orderId", { $literal: ObjectId("69d904c4dd7c093def6c4163"), }, ], }, { $eq: [ "$orderId", { $literal: ObjectId("69d904c6dd7c093def6c4166"), }, ], }, ], }, { $ne: [ "$orderId", "$$REMOVE", ], }, ], }, }, }, { $project: { _id: 1, }, }, ])

[90mstdout[2m | src/__tests__/phase7/phase7.test.ts[2m > [22m[2mPhase 7: Vendor Reviews & Admin Vendor Management[2m > [22m[2madmin commission report[2m > [22m[2mreturns per-vendor breakdown with platform totals
[22m[39mprisma:query db.OrderStatusHistory.deleteMany({ _id: { $in: [ ObjectId("69d904c5dd7c093def6c4165"), ObjectId("69d904c7dd7c093def6c4168"), ], }, })

[90mstdout[2m | src/__tests__/phase7/phase7.test.ts[2m > [22m[2mPhase 7: Vendor Reviews & Admin Vendor Management[2m > [22m[2madmin commission report[2m > [22m[2mreturns per-vendor breakdown with platform totals
[22m[39mprisma:query db.OrderItem.aggregate([ { $match: { $expr: { $and: [ { $or: [ { $eq: [ "$orderId", { $literal: ObjectId("69d904c4dd7c093def6c4163"), }, ], }, { $eq: [ "$orderId", { $literal: ObjectId("69d904c6dd7c093def6c4166"), }, ], }, ], }, { $ne: [ "$orderId", "$$REMOVE", ], }, ], }, }, }, { $project: { _id: 1, }, }, ])

[90mstdout[2m | src/__tests__/phase7/phase7.test.ts[2m > [22m[2mPhase 7: Vendor Reviews & Admin Vendor Management[2m > [22m[2madmin commission report[2m > [22m[2mreturns per-vendor breakdown with platform totals
[22m[39mprisma:query db.OrderItem.deleteMany({ _id: { $in: [ ObjectId("69d904c4dd7c093def6c4164"), ObjectId("69d904c6dd7c093def6c4167"), ], }, })

[90mstdout[2m | src/__tests__/phase7/phase7.test.ts[2m > [22m[2mPhase 7: Vendor Reviews & Admin Vendor Management[2m > [22m[2madmin commission report[2m > [22m[2mreturns per-vendor breakdown with platform totals
[22m[39mprisma:query db.Order.aggregate([ { $match: { $expr: { $and: [ { $regexMatch: { input: "$userId", regex: "^phase7-test", options: "", }, }, { $ne: [ "$userId", "$$REMOVE", ], }, ], }, }, }, { $project: { _id: 1, }, }, ])

[90mstdout[2m | src/__tests__/phase7/phase7.test.ts[2m > [22m[2mPhase 7: Vendor Reviews & Admin Vendor Management[2m > [22m[2madmin commission report[2m > [22m[2mreturns per-vendor breakdown with platform totals
[22m[39mprisma:query db.OrderStatusHistory.aggregate([ { $match: { $expr: { $and: [ { }, { $and: [ { $or: [ { $eq: [ "$orderId", { $literal: ObjectId("69d904c4dd7c093def6c4163"), }, ], }, { $eq: [ "$orderId", { $literal: ObjectId("69d904c6dd7c093def6c4166"), }, ], }, ], }, { $ne: [ "$orderId", "$$REMOVE", ], }, ], }, ], }, }, }, { $project: { _id: 1, orderId: 1, }, }, ])

[90mstdout[2m | src/__tests__/phase7/phase7.test.ts[2m > [22m[2mPhase 7: Vendor Reviews & Admin Vendor Management[2m > [22m[2madmin commission report[2m > [22m[2mreturns per-vendor breakdown with platform totals
[22m[39mprisma:query db.OrderItem.aggregate([ { $match: { $expr: { $and: [ { }, { $and: [ { $or: [ { $eq: [ "$orderId", { $literal: ObjectId("69d904c4dd7c093def6c4163"), }, ], }, { $eq: [ "$orderId", { $literal: ObjectId("69d904c6dd7c093def6c4166"), }, ], }, ], }, { $ne: [ "$orderId", "$$REMOVE", ], }, ], }, ], }, }, }, { $project: { _id: 1, orderId: 1, }, }, ])

[90mstdout[2m | src/__tests__/phase7/phase7.test.ts[2m > [22m[2mPhase 7: Vendor Reviews & Admin Vendor Management[2m > [22m[2madmin commission report[2m > [22m[2mreturns per-vendor breakdown with platform totals
[22m[39mprisma:query db.Order.deleteMany({ _id: { $in: [ ObjectId("69d904c4dd7c093def6c4163"), ObjectId("69d904c6dd7c093def6c4166"), ], }, })

[90mstdout[2m | src/__tests__/phase7/phase7.test.ts[2m > [22m[2mPhase 7: Vendor Reviews & Admin Vendor Management[2m > [22m[2madmin commission report[2m > [22m[2mreturns per-vendor breakdown with platform totals
[22m[39mprisma:query db.Product.aggregate([ { $match: { $expr: { $and: [ { $regexMatch: { input: "$vendorId", regex: "^phase7-test", options: "", }, }, { $ne: [ "$vendorId", "$$REMOVE", ], }, ], }, }, }, { $project: { _id: 1, }, }, ])

[90mstdout[2m | src/__tests__/phase7/phase7.test.ts[2m > [22m[2mPhase 7: Vendor Reviews & Admin Vendor Management[2m > [22m[2madmin commission report[2m > [22m[2mreturns per-vendor breakdown with platform totals
[22m[39mprisma:query db.DigitalAsset.aggregate([ { $match: { $expr: { $and: [ { }, { $and: [ { $or: [ { $eq: [ "$productId", { $literal: ObjectId("69d904c3dd7c093def6c4161"), }, ], }, { $eq: [ "$productId", { $literal: ObjectId("69d904c3dd7c093def6c4162"), }, ], }, ], }, { $ne: [ "$productId", "$$REMOVE", ], }, ], }, ], }, }, }, { $project: { _id: 1, productId: 1, }, }, ])

[90mstdout[2m | src/__tests__/phase7/phase7.test.ts[2m > [22m[2mPhase 7: Vendor Reviews & Admin Vendor Management[2m > [22m[2madmin commission report[2m > [22m[2mreturns per-vendor breakdown with platform totals
[22m[39mprisma:query db.WishlistItem.aggregate([ { $match: { $expr: { $and: [ { }, { $and: [ { $or: [ { $eq: [ "$productId", { $literal: ObjectId("69d904c3dd7c093def6c4161"), }, ], }, { $eq: [ "$productId", { $literal: ObjectId("69d904c3dd7c093def6c4162"), }, ], }, ], }, { $ne: [ "$productId", "$$REMOVE", ], }, ], }, ], }, }, }, { $project: { _id: 1, productId: 1, }, }, ])

[90mstdout[2m | src/__tests__/phase7/phase7.test.ts[2m > [22m[2mPhase 7: Vendor Reviews & Admin Vendor Management[2m > [22m[2madmin commission report[2m > [22m[2mreturns per-vendor breakdown with platform totals
[22m[39mprisma:query db.Review.aggregate([ { $match: { $expr: { $and: [ { }, { $and: [ { $or: [ { $eq: [ "$productId", { $literal: ObjectId("69d904c3dd7c093def6c4161"), }, ], }, { $eq: [ "$productId", { $literal: ObjectId("69d904c3dd7c093def6c4162"), }, ], }, ], }, { $ne: [ "$productId", "$$REMOVE", ], }, ], }, ], }, }, }, { $project: { _id: 1, productId: 1, }, }, ])

[90mstdout[2m | src/__tests__/phase7/phase7.test.ts[2m > [22m[2mPhase 7: Vendor Reviews & Admin Vendor Management[2m > [22m[2madmin commission report[2m > [22m[2mreturns per-vendor breakdown with platform totals
[22m[39mprisma:query db.OrderItem.aggregate([ { $match: { $expr: { $and: [ { }, { $and: [ { $or: [ { $eq: [ "$productId", { $literal: ObjectId("69d904c3dd7c093def6c4161"), }, ], }, { $eq: [ "$productId", { $literal: ObjectId("69d904c3dd7c093def6c4162"), }, ], }, ], }, { $ne: [ "$productId", "$$REMOVE", ], }, ], }, ], }, }, }, { $project: { _id: 1, productId: 1, }, }, ])

[90mstdout[2m | src/__tests__/phase7/phase7.test.ts[2m > [22m[2mPhase 7: Vendor Reviews & Admin Vendor Management[2m > [22m[2madmin commission report[2m > [22m[2mreturns per-vendor breakdown with platform totals
[22m[39mprisma:query db.CartItem.aggregate([ { $match: { $expr: { $and: [ { }, { $and: [ { $or: [ { $eq: [ "$productId", { $literal: ObjectId("69d904c3dd7c093def6c4161"), }, ], }, { $eq: [ "$productId", { $literal: ObjectId("69d904c3dd7c093def6c4162"), }, ], }, ], }, { $ne: [ "$productId", "$$REMOVE", ], }, ], }, ], }, }, }, { $project: { _id: 1, productId: 1, }, }, ])

[90mstdout[2m | src/__tests__/phase7/phase7.test.ts[2m > [22m[2mPhase 7: Vendor Reviews & Admin Vendor Management[2m > [22m[2madmin commission report[2m > [22m[2mreturns per-vendor breakdown with platform totals
[22m[39mprisma:query db.ProductVariant.aggregate([ { $match: { $expr: { $and: [ { }, { $and: [ { $or: [ { $eq: [ "$productId", { $literal: ObjectId("69d904c3dd7c093def6c4161"), }, ], }, { $eq: [ "$productId", { $literal: ObjectId("69d904c3dd7c093def6c4162"), }, ], }, ], }, { $ne: [ "$productId", "$$REMOVE", ], }, ], }, ], }, }, }, { $project: { _id: 1, productId: 1, }, }, ])

[90mstdout[2m | src/__tests__/phase7/phase7.test.ts[2m > [22m[2mPhase 7: Vendor Reviews & Admin Vendor Management[2m > [22m[2madmin commission report[2m > [22m[2mreturns per-vendor breakdown with platform totals
[22m[39mprisma:query db.Product.deleteMany({ _id: { $in: [ ObjectId("69d904c3dd7c093def6c4161"), ObjectId("69d904c3dd7c093def6c4162"), ], }, })

[90mstdout[2m | src/__tests__/phase7/phase7.test.ts[2m > [22m[2mPhase 7: Vendor Reviews & Admin Vendor Management[2m > [22m[2madmin commission report[2m > [22m[2mreturns per-vendor breakdown with platform totals
[22m[39mprisma:query db.UserProfile.aggregate([ { $match: { $expr: { $and: [ { $regexMatch: { input: "$userId", regex: "^phase7-test", options: "", }, }, { $ne: [ "$userId", "$$REMOVE", ], }, ], }, }, }, { $project: { _id: 1, }, }, ])

[90mstdout[2m | src/__tests__/phase7/phase7.test.ts[2m > [22m[2mPhase 7: Vendor Reviews & Admin Vendor Management[2m > [22m[2madmin commission report[2m > [22m[2mreturns per-vendor breakdown with platform totals
[22m[39mprisma:query db.UserProfile.deleteMany({ _id: { $in: [ ObjectId("69d904c0dd7c093def6c415f"), ObjectId("69d904c1dd7c093def6c4160"), ], }, })

[90mstdout[2m | src/__tests__/phase7/phase7.test.ts[2m > [22m[2mPhase 7: Vendor Reviews & Admin Vendor Management[2m > [22m[2madmin commission report[2m > [22m[2mreturns per-vendor breakdown with platform totals
[22m[39mprisma:query db.PlatformConfig.aggregate([ { $match: { $expr: { $and: [ { $eq: [ "$key", { $literal: "commissionRate", }, ], }, { $ne: [ "$key", "$$REMOVE", ], }, ], }, }, }, { $project: { _id: 1, }, }, ])

[90mstdout[2m | src/__tests__/phase7/phase7.test.ts[2m > [22m[2mPhase 7: Vendor Reviews & Admin Vendor Management[2m > [22m[2madmin commission report[2m > [22m[2mreturns per-vendor breakdown with platform totals
[22m[39mprisma:query db.PlatformConfig.deleteMany({ _id: { $in: [ ObjectId("69d904c0dd7c093def6c415e"), ], }, })

[90mstdout[2m | src/__tests__/phase7/phase7.test.ts[2m > [22m[2mPhase 7: Vendor Reviews & Admin Vendor Management[2m > [22m[2madmin commission settings[2m > [22m[2mupdates the commission rate
[22m[39mprisma:query db.PlatformConfig.aggregate([ { $match: { $expr: { $and: [ { $and: [ { $and: [ { $eq: [ "$key", { $literal: "commissionRate", }, ], }, { $ne: [ "$key", "$$REMOVE", ], }, ], }, ], }, { }, ], }, }, }, { $project: { _id: 1, }, }, ])

[90mstdout[2m | src/__tests__/phase7/phase7.test.ts[2m > [22m[2mPhase 7: Vendor Reviews & Admin Vendor Management[2m > [22m[2madmin commission settings[2m > [22m[2mupdates the commission rate
[22m[39mprisma:query db.PlatformConfig.insertOne({ key: "commissionRate", value: "0.10", })

[90mstdout[2m | src/__tests__/phase7/phase7.test.ts[2m > [22m[2mPhase 7: Vendor Reviews & Admin Vendor Management[2m > [22m[2madmin commission settings[2m > [22m[2mupdates the commission rate
[22m[39mprisma:query db.PlatformConfig.aggregate([ { $match: { $expr: { $and: [ { $and: [ { $eq: [ "$_id", { $literal: ObjectId("69d904e1dd7c093def6c416f"), }, ], }, { $ne: [ "$_id", "$$REMOVE", ], }, ], }, ], }, }, }, { $project: { _id: 1, key: 1, value: 1, }, }, ])

[90mstdout[2m | src/__tests__/phase7/phase7.test.ts[2m > [22m[2mPhase 7: Vendor Reviews & Admin Vendor Management[2m > [22m[2madmin commission settings[2m > [22m[2mupdates the commission rate
[22m[39mprisma:query db.PlatformConfig.aggregate([ { $match: { $expr: { $and: [ { $and: [ { $and: [ { $eq: [ "$key", { $literal: "commissionRate", }, ], }, { $ne: [ "$key", "$$REMOVE", ], }, ], }, ], }, { }, ], }, }, }, { $project: { _id: 1, }, }, ])

[90mstdout[2m | src/__tests__/phase7/phase7.test.ts[2m > [22m[2mPhase 7: Vendor Reviews & Admin Vendor Management[2m > [22m[2madmin commission settings[2m > [22m[2mupdates the commission rate
[22m[39mprisma:query db.PlatformConfig.updateMany({ _id: { $in: [ ObjectId("69d904e1dd7c093def6c416f"), ], }, },{ $set: { value: { $literal: "0.15", }, }, })

[90mstdout[2m | src/__tests__/phase7/phase7.test.ts[2m > [22m[2mPhase 7: Vendor Reviews & Admin Vendor Management[2m > [22m[2madmin commission settings[2m > [22m[2mupdates the commission rate
[22m[39mprisma:query db.PlatformConfig.aggregate([ { $match: { $expr: { $and: [ { $and: [ { $eq: [ "$_id", { $literal: ObjectId("69d904e1dd7c093def6c416f"), }, ], }, { $ne: [ "$_id", "$$REMOVE", ], }, ], }, ], }, }, }, { $project: { _id: 1, key: 1, value: 1, }, }, ])

[90mstdout[2m | src/__tests__/phase7/phase7.test.ts[2m > [22m[2mPhase 7: Vendor Reviews & Admin Vendor Management[2m > [22m[2madmin commission settings[2m > [22m[2mupdates the commission rate
[22m[39mprisma:query db.PlatformConfig.aggregate([ { $match: { $expr: { $and: [ { $and: [ { $and: [ { $eq: [ "$key", { $literal: "commissionRate", }, ], }, { $ne: [ "$key", "$$REMOVE", ], }, ], }, ], }, { }, ], }, }, }, { $project: { _id: 1, key: 1, value: 1, }, }, ])

[90mstdout[2m | src/__tests__/phase7/phase7.test.ts[2m > [22m[2mPhase 7: Vendor Reviews & Admin Vendor Management[2m > [22m[2madmin commission settings[2m > [22m[2mupdates the commission rate
[22m[39mprisma:query db.LedgerEntry.aggregate([ { $match: { $expr: { $and: [ { $regexMatch: { input: "$vendorId", regex: "^phase7-test", options: "", }, }, { $ne: [ "$vendorId", "$$REMOVE", ], }, ], }, }, }, { $project: { _id: 1, }, }, ])

[90mstdout[2m | src/__tests__/phase7/phase7.test.ts[2m > [22m[2mPhase 7: Vendor Reviews & Admin Vendor Management[2m > [22m[2madmin commission settings[2m > [22m[2mupdates the commission rate
[22m[39mprisma:query db.VendorBalance.aggregate([ { $match: { $expr: { $and: [ { $regexMatch: { input: "$vendorId", regex: "^phase7-test", options: "", }, }, { $ne: [ "$vendorId", "$$REMOVE", ], }, ], }, }, }, { $project: { _id: 1, }, }, ])

[90mstdout[2m | src/__tests__/phase7/phase7.test.ts[2m > [22m[2mPhase 7: Vendor Reviews & Admin Vendor Management[2m > [22m[2madmin commission settings[2m > [22m[2mupdates the commission rate
[22m[39mprisma:query db.Review.aggregate([ { $match: { $expr: { $and: [ { $regexMatch: { input: "$userId", regex: "^phase7-test", options: "", }, }, { $ne: [ "$userId", "$$REMOVE", ], }, ], }, }, }, { $project: { _id: 1, }, }, ])

[90mstdout[2m | src/__tests__/phase7/phase7.test.ts[2m > [22m[2mPhase 7: Vendor Reviews & Admin Vendor Management[2m > [22m[2madmin commission settings[2m > [22m[2mupdates the commission rate
[22m[39mprisma:query db.Order.aggregate([ { $match: { $expr: { $and: [ { $regexMatch: { input: "$userId", regex: "^phase7-test", options: "", }, }, { $ne: [ "$userId", "$$REMOVE", ], }, ], }, }, }, { $project: { _id: 1, }, }, ])

[90mstdout[2m | src/__tests__/phase7/phase7.test.ts[2m > [22m[2mPhase 7: Vendor Reviews & Admin Vendor Management[2m > [22m[2madmin commission settings[2m > [22m[2mupdates the commission rate
[22m[39mprisma:query db.Order.aggregate([ { $match: { $expr: { $and: [ { $regexMatch: { input: "$userId", regex: "^phase7-test", options: "", }, }, { $ne: [ "$userId", "$$REMOVE", ], }, ], }, }, }, { $project: { _id: 1, }, }, ])

[90mstdout[2m | src/__tests__/phase7/phase7.test.ts[2m > [22m[2mPhase 7: Vendor Reviews & Admin Vendor Management[2m > [22m[2madmin commission settings[2m > [22m[2mupdates the commission rate
[22m[39mprisma:query db.Product.aggregate([ { $match: { $expr: { $and: [ { $regexMatch: { input: "$vendorId", regex: "^phase7-test", options: "", }, }, { $ne: [ "$vendorId", "$$REMOVE", ], }, ], }, }, }, { $project: { _id: 1, }, }, ])

[90mstdout[2m | src/__tests__/phase7/phase7.test.ts[2m > [22m[2mPhase 7: Vendor Reviews & Admin Vendor Management[2m > [22m[2madmin commission settings[2m > [22m[2mupdates the commission rate
[22m[39mprisma:query db.UserProfile.aggregate([ { $match: { $expr: { $and: [ { $regexMatch: { input: "$userId", regex: "^phase7-test", options: "", }, }, { $ne: [ "$userId", "$$REMOVE", ], }, ], }, }, }, { $project: { _id: 1, }, }, ])

[90mstdout[2m | src/__tests__/phase7/phase7.test.ts[2m > [22m[2mPhase 7: Vendor Reviews & Admin Vendor Management[2m > [22m[2madmin commission settings[2m > [22m[2mupdates the commission rate
[22m[39mprisma:query db.PlatformConfig.aggregate([ { $match: { $expr: { $and: [ { $eq: [ "$key", { $literal: "commissionRate", }, ], }, { $ne: [ "$key", "$$REMOVE", ], }, ], }, }, }, { $project: { _id: 1, }, }, ])

[90mstdout[2m | src/__tests__/phase7/phase7.test.ts[2m > [22m[2mPhase 7: Vendor Reviews & Admin Vendor Management[2m > [22m[2madmin commission settings[2m > [22m[2mupdates the commission rate
[22m[39mprisma:query db.PlatformConfig.deleteMany({ _id: { $in: [ ObjectId("69d904e1dd7c093def6c416f"), ], }, })

[90mstdout[2m | src/__tests__/phase7/phase7.test.ts[2m > [22m[2mPhase 7: Vendor Reviews & Admin Vendor Management[2m > [22m[2madmin commission settings[2m > [22m[2mrejects invalid commission rate
[22m[39mprisma:query db.LedgerEntry.aggregate([ { $match: { $expr: { $and: [ { $regexMatch: { input: "$vendorId", regex: "^phase7-test", options: "", }, }, { $ne: [ "$vendorId", "$$REMOVE", ], }, ], }, }, }, { $project: { _id: 1, }, }, ])

[90mstdout[2m | src/__tests__/phase7/phase7.test.ts[2m > [22m[2mPhase 7: Vendor Reviews & Admin Vendor Management[2m > [22m[2madmin commission settings[2m > [22m[2mrejects invalid commission rate
[22m[39mprisma:query db.VendorBalance.aggregate([ { $match: { $expr: { $and: [ { $regexMatch: { input: "$vendorId", regex: "^phase7-test", options: "", }, }, { $ne: [ "$vendorId", "$$REMOVE", ], }, ], }, }, }, { $project: { _id: 1, }, }, ])

[90mstdout[2m | src/__tests__/phase7/phase7.test.ts[2m > [22m[2mPhase 7: Vendor Reviews & Admin Vendor Management[2m > [22m[2madmin commission settings[2m > [22m[2mrejects invalid commission rate
[22m[39mprisma:query db.Review.aggregate([ { $match: { $expr: { $and: [ { $regexMatch: { input: "$userId", regex: "^phase7-test", options: "", }, }, { $ne: [ "$userId", "$$REMOVE", ], }, ], }, }, }, { $project: { _id: 1, }, }, ])

[90mstdout[2m | src/__tests__/phase7/phase7.test.ts[2m > [22m[2mPhase 7: Vendor Reviews & Admin Vendor Management[2m > [22m[2madmin commission settings[2m > [22m[2mrejects invalid commission rate
[22m[39mprisma:query db.Order.aggregate([ { $match: { $expr: { $and: [ { $regexMatch: { input: "$userId", regex: "^phase7-test", options: "", }, }, { $ne: [ "$userId", "$$REMOVE", ], }, ], }, }, }, { $project: { _id: 1, }, }, ])

[90mstdout[2m | src/__tests__/phase7/phase7.test.ts[2m > [22m[2mPhase 7: Vendor Reviews & Admin Vendor Management[2m > [22m[2madmin commission settings[2m > [22m[2mrejects invalid commission rate
[22m[39mprisma:query db.Order.aggregate([ { $match: { $expr: { $and: [ { $regexMatch: { input: "$userId", regex: "^phase7-test", options: "", }, }, { $ne: [ "$userId", "$$REMOVE", ], }, ], }, }, }, { $project: { _id: 1, }, }, ])

[90mstdout[2m | src/__tests__/phase7/phase7.test.ts[2m > [22m[2mPhase 7: Vendor Reviews & Admin Vendor Management[2m > [22m[2madmin commission settings[2m > [22m[2mrejects invalid commission rate
[22m[39mprisma:query db.Product.aggregate([ { $match: { $expr: { $and: [ { $regexMatch: { input: "$vendorId", regex: "^phase7-test", options: "", }, }, { $ne: [ "$vendorId", "$$REMOVE", ], }, ], }, }, }, { $project: { _id: 1, }, }, ])

[90mstdout[2m | src/__tests__/phase7/phase7.test.ts[2m > [22m[2mPhase 7: Vendor Reviews & Admin Vendor Management[2m > [22m[2madmin commission settings[2m > [22m[2mrejects invalid commission rate
[22m[39mprisma:query db.UserProfile.aggregate([ { $match: { $expr: { $and: [ { $regexMatch: { input: "$userId", regex: "^phase7-test", options: "", }, }, { $ne: [ "$userId", "$$REMOVE", ], }, ], }, }, }, { $project: { _id: 1, }, }, ])

[90mstdout[2m | src/__tests__/phase7/phase7.test.ts[2m > [22m[2mPhase 7: Vendor Reviews & Admin Vendor Management[2m > [22m[2madmin commission settings[2m > [22m[2mrejects invalid commission rate
[22m[39mprisma:query db.PlatformConfig.aggregate([ { $match: { $expr: { $and: [ { $eq: [ "$key", { $literal: "commissionRate", }, ], }, { $ne: [ "$key", "$$REMOVE", ], }, ], }, }, }, { $project: { _id: 1, }, }, ])

[90mstdout[2m | src/__tests__/phase7/phase7.test.ts[2m > [22m[2mPhase 7: Vendor Reviews & Admin Vendor Management[2m > [22m[2madmin commission settings[2m > [22m[2mreturns default rate when none set
[22m[39mprisma:query db.PlatformConfig.aggregate([ { $match: { $expr: { $and: [ { $and: [ { $and: [ { $eq: [ "$key", { $literal: "commissionRate", }, ], }, { $ne: [ "$key", "$$REMOVE", ], }, ], }, ], }, { }, ], }, }, }, { $project: { _id: 1, key: 1, value: 1, }, }, ])

[90mstdout[2m | src/__tests__/phase7/phase7.test.ts[2m > [22m[2mPhase 7: Vendor Reviews & Admin Vendor Management[2m > [22m[2madmin commission settings[2m > [22m[2mreturns default rate when none set
[22m[39mprisma:query db.LedgerEntry.aggregate([ { $match: { $expr: { $and: [ { $regexMatch: { input: "$vendorId", regex: "^phase7-test", options: "", }, }, { $ne: [ "$vendorId", "$$REMOVE", ], }, ], }, }, }, { $project: { _id: 1, }, }, ])

[90mstdout[2m | src/__tests__/phase7/phase7.test.ts[2m > [22m[2mPhase 7: Vendor Reviews & Admin Vendor Management[2m > [22m[2madmin commission settings[2m > [22m[2mreturns default rate when none set
[22m[39mprisma:query db.VendorBalance.aggregate([ { $match: { $expr: { $and: [ { $regexMatch: { input: "$vendorId", regex: "^phase7-test", options: "", }, }, { $ne: [ "$vendorId", "$$REMOVE", ], }, ], }, }, }, { $project: { _id: 1, }, }, ])

[90mstdout[2m | src/__tests__/phase7/phase7.test.ts[2m > [22m[2mPhase 7: Vendor Reviews & Admin Vendor Management[2m > [22m[2madmin commission settings[2m > [22m[2mreturns default rate when none set
[22m[39mprisma:query db.Review.aggregate([ { $match: { $expr: { $and: [ { $regexMatch: { input: "$userId", regex: "^phase7-test", options: "", }, }, { $ne: [ "$userId", "$$REMOVE", ], }, ], }, }, }, { $project: { _id: 1, }, }, ])

[90mstdout[2m | src/__tests__/phase7/phase7.test.ts[2m > [22m[2mPhase 7: Vendor Reviews & Admin Vendor Management[2m > [22m[2madmin commission settings[2m > [22m[2mreturns default rate when none set
[22m[39mprisma:query db.Order.aggregate([ { $match: { $expr: { $and: [ { $regexMatch: { input: "$userId", regex: "^phase7-test", options: "", }, }, { $ne: [ "$userId", "$$REMOVE", ], }, ], }, }, }, { $project: { _id: 1, }, }, ])

[90mstdout[2m | src/__tests__/phase7/phase7.test.ts[2m > [22m[2mPhase 7: Vendor Reviews & Admin Vendor Management[2m > [22m[2madmin commission settings[2m > [22m[2mreturns default rate when none set
[22m[39mprisma:query db.Order.aggregate([ { $match: { $expr: { $and: [ { $regexMatch: { input: "$userId", regex: "^phase7-test", options: "", }, }, { $ne: [ "$userId", "$$REMOVE", ], }, ], }, }, }, { $project: { _id: 1, }, }, ])

[90mstdout[2m | src/__tests__/phase7/phase7.test.ts[2m > [22m[2mPhase 7: Vendor Reviews & Admin Vendor Management[2m > [22m[2madmin commission settings[2m > [22m[2mreturns default rate when none set
[22m[39mprisma:query db.Product.aggregate([ { $match: { $expr: { $and: [ { $regexMatch: { input: "$vendorId", regex: "^phase7-test", options: "", }, }, { $ne: [ "$vendorId", "$$REMOVE", ], }, ], }, }, }, { $project: { _id: 1, }, }, ])

[90mstdout[2m | src/__tests__/phase7/phase7.test.ts[2m > [22m[2mPhase 7: Vendor Reviews & Admin Vendor Management[2m > [22m[2madmin commission settings[2m > [22m[2mreturns default rate when none set
[22m[39mprisma:query db.UserProfile.aggregate([ { $match: { $expr: { $and: [ { $regexMatch: { input: "$userId", regex: "^phase7-test", options: "", }, }, { $ne: [ "$userId", "$$REMOVE", ], }, ], }, }, }, { $project: { _id: 1, }, }, ])

[90mstdout[2m | src/__tests__/phase7/phase7.test.ts[2m > [22m[2mPhase 7: Vendor Reviews & Admin Vendor Management[2m > [22m[2madmin commission settings[2m > [22m[2mreturns default rate when none set
[22m[39mprisma:query db.PlatformConfig.aggregate([ { $match: { $expr: { $and: [ { $eq: [ "$key", { $literal: "commissionRate", }, ], }, { $ne: [ "$key", "$$REMOVE", ], }, ], }, }, }, { $project: { _id: 1, }, }, ])

 [32mΓ£ô[39m src/__tests__/phase7/phase7.test.ts [2m([22m[2m18 tests[22m[2m)[22m[33m 238390[2mms[22m[39m
       [33m[2mΓ£ô[22m[39m returns reviews for vendor products (paginated) [33m 26935[2mms[22m[39m
       [33m[2mΓ£ô[22m[39m returns empty for vendor with no reviews [33m 10119[2mms[22m[39m
       [33m[2mΓ£ô[22m[39m filters reviews by rating [33m 11110[2mms[22m[39m
       [33m[2mΓ£ô[22m[39m lists all vendors with product count and earnings [33m 13174[2mms[22m[39m
       [33m[2mΓ£ô[22m[39m filters vendors by status [33m 9239[2mms[22m[39m
       [33m[2mΓ£ô[22m[39m searches vendors by store name [33m 9169[2mms[22m[39m
       [33m[2mΓ£ô[22m[39m returns full vendor detail with stats [33m 14419[2mms[22m[39m
       [33m[2mΓ£ô[22m[39m throws 404 for non-existent vendor [33m 9837[2mms[22m[39m
       [33m[2mΓ£ô[22m[39m suspends an active vendor [33m 12923[2mms[22m[39m
       [33m[2mΓ£ô[22m[39m bans a vendor [33m 16109[2mms[22m[39m
       [33m[2mΓ£ô[22m[39m reactivates a suspended vendor [33m 13193[2mms[22m[39m
       [33m[2mΓ£ô[22m[39m reactivates a banned vendor [33m 7384[2mms[22m[39m
       [33m[2mΓ£ô[22m[39m rejects setting same status [33m 3817[2mms[22m[39m
       [33m[2mΓ£ô[22m[39m lists products for a specific vendor [33m 16614[2mms[22m[39m
       [33m[2mΓ£ô[22m[39m returns per-vendor breakdown with platform totals [33m 33029[2mms[22m[39m
       [33m[2mΓ£ô[22m[39m updates the commission rate [33m 4757[2mms[22m[39m
       [33m[2mΓ£ô[22m[39m rejects invalid commission rate [33m 2975[2mms[22m[39m
       [33m[2mΓ£ô[22m[39m returns default rate when none set [33m 3944[2mms[22m[39m
[90mstdout[2m | src/__tests__/checkout/checkout.test.ts
[22m[39m[dotenv@17.2.3] injecting env (1) from .env.test -- tip: ΓÜÖ∩╕Å  override existing env vars with { override: true }

[90mstdout[2m | src/__tests__/checkout/checkout.test.ts
[22m[39m[dotenv@17.2.3] injecting env (0) from .env -- tip: ≡ƒöÉ prevent committing .env to code: https://dotenvx.com/precommit

[90mstdout[2m | src/__tests__/checkout/checkout.test.ts[2m > [22m[2mcheckout session service
[22m[39mprisma:query db.Order.aggregate([ { $match: { $expr: { $and: [ { $regexMatch: { input: "$userId", regex: "^checkout-test", options: "", }, }, { $ne: [ "$userId", "$$REMOVE", ], }, ], }, }, }, { $project: { _id: 1, }, }, ])

[90mstdout[2m | src/__tests__/checkout/checkout.test.ts[2m > [22m[2mcheckout session service
[22m[39mprisma:query db.Payment.aggregate([ { $match: { $expr: { $and: [ { $regexMatch: { input: "$userId", regex: "^checkout-test", options: "", }, }, { $ne: [ "$userId", "$$REMOVE", ], }, ], }, }, }, { $project: { _id: 1, }, }, ])

[90mstdout[2m | src/__tests__/checkout/checkout.test.ts[2m > [22m[2mcheckout session service
[22m[39mprisma:query db.Order.aggregate([ { $match: { $expr: { $and: [ { $regexMatch: { input: "$userId", regex: "^checkout-test", options: "", }, }, { $ne: [ "$userId", "$$REMOVE", ], }, ], }, }, }, { $project: { _id: 1, }, }, ])

[90mstdout[2m | src/__tests__/checkout/checkout.test.ts[2m > [22m[2mcheckout session service
[22m[39mprisma:query db.CartItem.aggregate([ { $lookup: { from: "Cart", let: { left_0: "$cartId", }, pipeline: [ { $match: { $expr: { $and: [ { $eq: [ "$_id", "$$left_0", ], }, ], }, }, }, ], as: "CartToCartItem", }, }, { $match: { $expr: { $and: [ { $eq: [ { $size: { $filter: { input: "$CartToCartItem", as: "elem", cond: { $and: [ { $regexMatch: { input: "$$elem.userId", regex: "^checkout-test", options: "", }, }, { $ne: [ "$$elem.userId", "$$REMOVE", ], }, ], }, }, }, }, { $size: "$CartToCartItem", }, ], }, { $eq: [ { $size: "$CartToCartItem", }, 1, ], }, ], }, }, }, { $unwind: { path: "$CartToCartItem", preserveNullAndEmptyArrays: true, }, }, { $project: { _id: 1, }, }, ])

[90mstdout[2m | src/__tests__/checkout/checkout.test.ts[2m > [22m[2mcheckout session service
[22m[39mprisma:query db.Cart.aggregate([ { $match: { $expr: { $and: [ { $regexMatch: { input: "$userId", regex: "^checkout-test", options: "", }, }, { $ne: [ "$userId", "$$REMOVE", ], }, ], }, }, }, { $project: { _id: 1, }, }, ])

[90mstdout[2m | src/__tests__/checkout/checkout.test.ts[2m > [22m[2mcheckout session service
[22m[39mprisma:query db.Product.aggregate([ { $match: { $expr: { $and: [ { $regexMatch: { input: "$vendorId", regex: "^checkout-test", options: "", }, }, { $ne: [ "$vendorId", "$$REMOVE", ], }, ], }, }, }, { $project: { _id: 1, }, }, ])

[90mstdout[2m | src/__tests__/checkout/checkout.test.ts[2m > [22m[2mcheckout session service
[22m[39mprisma:query db.Product.aggregate([ { $match: { $expr: { $or: [ { $and: [ { $regexMatch: { input: "$vendorId", regex: "^checkout-test", options: "", }, }, { $ne: [ "$vendorId", "$$REMOVE", ], }, ], }, { $and: [ { $regexMatch: { input: "$slug", regex: "^checkout-test", options: "", }, }, { $ne: [ "$slug", "$$REMOVE", ], }, ], }, ], }, }, }, { $project: { _id: 1, }, }, ])

[90mstdout[2m | src/__tests__/checkout/checkout.test.ts[2m > [22m[2mcheckout session service
[22m[39mprisma:query db.UserProfile.aggregate([ { $match: { $expr: { $and: [ { $regexMatch: { input: "$userId", regex: "^checkout-test", options: "", }, }, { $ne: [ "$userId", "$$REMOVE", ], }, ], }, }, }, { $project: { _id: 1, }, }, ])

[90mstdout[2m | src/__tests__/checkout/checkout.test.ts[2m > [22m[2mcheckout session service[2m > [22m[2mshould preview a checkout session with vendor grouping
[22m[39mprisma:query db.UserProfile.insertOne({ userId: "checkout-test-buyer1", email: "checkout-test-buyer1@test.com", firstName: "Test", lastName: "User", role: "CUSTOMER", isVendor: false, createdAt: DateTime("2026-04-10 14:11:05.215 +00:00:00"), updatedAt: DateTime("2026-04-10 14:11:05.215 +00:00:00"), })

[90mstdout[2m | src/__tests__/checkout/checkout.test.ts[2m > [22m[2mcheckout session service[2m > [22m[2mshould preview a checkout session with vendor grouping
[22m[39mprisma:query db.UserProfile.aggregate([ { $match: { $expr: { $and: [ { $and: [ { $eq: [ "$_id", { $literal: ObjectId("69d904f93a77da4627d44d7f"), }, ], }, { $ne: [ "$_id", "$$REMOVE", ], }, ], }, ], }, }, }, { $project: { _id: 1, userId: 1, email: 1, firstName: 1, lastName: 1, phone: 1, avatar: 1, dateOfBirth: 1, gender: 1, role: 1, isVendor: 1, vendorStatus: 1, storeName: 1, storeSlug: 1, storeDescription: 1, vendorSince: 1, createdAt: 1, updatedAt: 1, }, }, ])

[90mstdout[2m | src/__tests__/checkout/checkout.test.ts[2m > [22m[2mcheckout session service[2m > [22m[2mshould preview a checkout session with vendor grouping
[22m[39mprisma:query db.UserProfile.insertOne({ userId: "checkout-test-vendor1", email: "checkout-test-vendor1@test.com", firstName: "Test", lastName: "User", role: "CUSTOMER", isVendor: true, vendorStatus: "ACTIVE", storeName: "Vendor One Store", storeSlug: "vendor-one", createdAt: DateTime("2026-04-10 14:11:05.765 +00:00:00"), updatedAt: DateTime("2026-04-10 14:11:05.765 +00:00:00"), })

[90mstdout[2m | src/__tests__/checkout/checkout.test.ts[2m > [22m[2mcheckout session service[2m > [22m[2mshould preview a checkout session with vendor grouping
[22m[39mprisma:query db.UserProfile.aggregate([ { $match: { $expr: { $and: [ { $and: [ { $eq: [ "$_id", { $literal: ObjectId("69d904f93a77da4627d44d80"), }, ], }, { $ne: [ "$_id", "$$REMOVE", ], }, ], }, ], }, }, }, { $project: { _id: 1, userId: 1, email: 1, firstName: 1, lastName: 1, phone: 1, avatar: 1, dateOfBirth: 1, gender: 1, role: 1, isVendor: 1, vendorStatus: 1, storeName: 1, storeSlug: 1, storeDescription: 1, vendorSince: 1, createdAt: 1, updatedAt: 1, }, }, ])

[90mstdout[2m | src/__tests__/checkout/checkout.test.ts[2m > [22m[2mcheckout session service[2m > [22m[2mshould preview a checkout session with vendor grouping
[22m[39mprisma:query db.Product.insertOne({ name: "Platform Item", slug: "checkout-test-platform-item", description: "Platform Item description", stockKeepingUnit: "checkout-test-SKU-1775830266366-1", basePrice: 5000, type: "PHYSICAL", vendorId: null, approvalStatus: "APPROVED", tags: [ ], images: [ ], avgRating: 0, reviewCount: 0, stock: 10, lowStockThreshold: 10, isActive: true, isFeatured: false, isNewArrival: true, createdAt: DateTime("2026-04-10 14:11:06.368 +00:00:00"), updatedAt: DateTime("2026-04-10 14:11:06.368 +00:00:00"), })

[90mstdout[2m | src/__tests__/checkout/checkout.test.ts[2m > [22m[2mcheckout session service[2m > [22m[2mshould preview a checkout session with vendor grouping
[22m[39mprisma:query db.Product.aggregate([ { $match: { $expr: { $and: [ { $and: [ { $eq: [ "$_id", { $literal: ObjectId("69d904fa3a77da4627d44d81"), }, ], }, { $ne: [ "$_id", "$$REMOVE", ], }, ], }, ], }, }, }, { $project: { _id: 1, name: 1, slug: 1, description: 1, shortDesc: 1, stockKeepingUnit: 1, basePrice: 1, salePrice: 1, type: 1, categoryId: 1, vendorId: 1, approvalStatus: 1, brand: 1, tags: 1, images: 1, avgRating: 1, reviewCount: 1, stock: 1, lowStockThreshold: 1, isActive: 1, isFeatured: 1, isNewArrival: 1, createdAt: 1, updatedAt: 1, }, }, ])

[90mstdout[2m | src/__tests__/checkout/checkout.test.ts[2m > [22m[2mcheckout session service[2m > [22m[2mshould preview a checkout session with vendor grouping
[22m[39mprisma:query db.Product.insertOne({ name: "Vendor Item", slug: "checkout-test-vendor-item", description: "Vendor Item description", stockKeepingUnit: "checkout-test-SKU-1775830266950-2", basePrice: 3000, type: "PHYSICAL", vendorId: "checkout-test-vendor1", approvalStatus: "APPROVED", tags: [ ], images: [ ], avgRating: 0, reviewCount: 0, stock: 5, lowStockThreshold: 10, isActive: true, isFeatured: false, isNewArrival: true, createdAt: DateTime("2026-04-10 14:11:06.952 +00:00:00"), updatedAt: DateTime("2026-04-10 14:11:06.952 +00:00:00"), })

[90mstdout[2m | src/__tests__/checkout/checkout.test.ts[2m > [22m[2mcheckout session service[2m > [22m[2mshould preview a checkout session with vendor grouping
[22m[39mprisma:query db.Product.aggregate([ { $match: { $expr: { $and: [ { $and: [ { $eq: [ "$_id", { $literal: ObjectId("69d904fa3a77da4627d44d82"), }, ], }, { $ne: [ "$_id", "$$REMOVE", ], }, ], }, ], }, }, }, { $project: { _id: 1, name: 1, slug: 1, description: 1, shortDesc: 1, stockKeepingUnit: 1, basePrice: 1, salePrice: 1, type: 1, categoryId: 1, vendorId: 1, approvalStatus: 1, brand: 1, tags: 1, images: 1, avgRating: 1, reviewCount: 1, stock: 1, lowStockThreshold: 1, isActive: 1, isFeatured: 1, isNewArrival: 1, createdAt: 1, updatedAt: 1, }, }, ])

[90mstdout[2m | src/__tests__/checkout/checkout.test.ts[2m > [22m[2mcheckout session service[2m > [22m[2mshould preview a checkout session with vendor grouping
[22m[39mprisma:query db.Cart.aggregate([ { $match: { $expr: { $and: [ { $and: [ { $and: [ { $eq: [ "$userId", { $literal: "checkout-test-buyer1", }, ], }, { $ne: [ "$userId", "$$REMOVE", ], }, ], }, ], }, { }, ], }, }, }, { $project: { _id: 1, userId: 1, sessionId: 1, createdAt: 1, updatedAt: 1, }, }, ])

[90mstdout[2m | src/__tests__/checkout/checkout.test.ts[2m > [22m[2mcheckout session service[2m > [22m[2mshould preview a checkout session with vendor grouping
[22m[39mprisma:query db.Cart.insertOne({ userId: "checkout-test-buyer1", createdAt: DateTime("2026-04-10 14:11:07.755 +00:00:00"), updatedAt: DateTime("2026-04-10 14:11:07.755 +00:00:00"), })

[90mstdout[2m | src/__tests__/checkout/checkout.test.ts[2m > [22m[2mcheckout session service[2m > [22m[2mshould preview a checkout session with vendor grouping
[22m[39mprisma:query db.Cart.aggregate([ { $match: { $expr: { $and: [ { $and: [ { $eq: [ "$_id", { $literal: ObjectId("69d904fb3a77da4627d44d83"), }, ], }, { $ne: [ "$_id", "$$REMOVE", ], }, ], }, ], }, }, }, { $project: { _id: 1, userId: 1, sessionId: 1, createdAt: 1, updatedAt: 1, }, }, ])

[90mstdout[2m | src/__tests__/checkout/checkout.test.ts[2m > [22m[2mcheckout session service[2m > [22m[2mshould preview a checkout session with vendor grouping
[22m[39mprisma:query db.CartItem.insertOne({ cartId: ObjectId("69d904fb3a77da4627d44d83"), productId: ObjectId("69d904fa3a77da4627d44d81"), quantity: 2, createdAt: DateTime("2026-04-10 14:11:08.406 +00:00:00"), updatedAt: DateTime("2026-04-10 14:11:08.406 +00:00:00"), })

[90mstdout[2m | src/__tests__/checkout/checkout.test.ts[2m > [22m[2mcheckout session service[2m > [22m[2mshould preview a checkout session with vendor grouping
[22m[39mprisma:query db.CartItem.aggregate([ { $match: { $expr: { $and: [ { $and: [ { $eq: [ "$_id", { $literal: ObjectId("69d904fc3a77da4627d44d84"), }, ], }, { $ne: [ "$_id", "$$REMOVE", ], }, ], }, ], }, }, }, { $project: { _id: 1, cartId: 1, productId: 1, variantId: 1, quantity: 1, createdAt: 1, updatedAt: 1, }, }, ])

[90mstdout[2m | src/__tests__/checkout/checkout.test.ts[2m > [22m[2mcheckout session service[2m > [22m[2mshould preview a checkout session with vendor grouping
[22m[39mprisma:query db.Cart.aggregate([ { $match: { $expr: { $and: [ { $and: [ { $and: [ { $eq: [ "$userId", { $literal: "checkout-test-buyer1", }, ], }, { $ne: [ "$userId", "$$REMOVE", ], }, ], }, ], }, { }, ], }, }, }, { $project: { _id: 1, userId: 1, sessionId: 1, createdAt: 1, updatedAt: 1, }, }, ])

[90mstdout[2m | src/__tests__/checkout/checkout.test.ts[2m > [22m[2mcheckout session service[2m > [22m[2mshould preview a checkout session with vendor grouping
[22m[39mprisma:query db.CartItem.insertOne({ cartId: ObjectId("69d904fb3a77da4627d44d83"), productId: ObjectId("69d904fa3a77da4627d44d82"), quantity: 1, createdAt: DateTime("2026-04-10 14:11:09.13 +00:00:00"), updatedAt: DateTime("2026-04-10 14:11:09.13 +00:00:00"), })

[90mstdout[2m | src/__tests__/checkout/checkout.test.ts[2m > [22m[2mcheckout session service[2m > [22m[2mshould preview a checkout session with vendor grouping
[22m[39mprisma:query db.CartItem.aggregate([ { $match: { $expr: { $and: [ { $and: [ { $eq: [ "$_id", { $literal: ObjectId("69d904fd3a77da4627d44d85"), }, ], }, { $ne: [ "$_id", "$$REMOVE", ], }, ], }, ], }, }, }, { $project: { _id: 1, cartId: 1, productId: 1, variantId: 1, quantity: 1, createdAt: 1, updatedAt: 1, }, }, ])

[90mstdout[2m | src/__tests__/checkout/checkout.test.ts[2m > [22m[2mcheckout session service[2m > [22m[2mshould preview a checkout session with vendor grouping
[22m[39mprisma:query db.Cart.aggregate([ { $match: { $expr: { $and: [ { $and: [ { $and: [ { $eq: [ "$userId", { $literal: "checkout-test-buyer1", }, ], }, { $ne: [ "$userId", "$$REMOVE", ], }, ], }, ], }, { }, ], }, }, }, { $project: { _id: 1, userId: 1, sessionId: 1, createdAt: 1, updatedAt: 1, }, }, ])

[90mstdout[2m | src/__tests__/checkout/checkout.test.ts[2m > [22m[2mcheckout session service[2m > [22m[2mshould preview a checkout session with vendor grouping
[22m[39mprisma:query db.CartItem.aggregate([ { $match: { $expr: { $and: [ { $or: [ { $eq: [ "$cartId", { $literal: ObjectId("69d904fb3a77da4627d44d83"), }, ], }, ], }, { $ne: [ "$cartId", "$$REMOVE", ], }, ], }, }, }, { $project: { _id: 1, cartId: 1, productId: 1, variantId: 1, quantity: 1, createdAt: 1, updatedAt: 1, }, }, ])

[90mstdout[2m | src/__tests__/checkout/checkout.test.ts[2m > [22m[2mcheckout session service[2m > [22m[2mshould preview a checkout session with vendor grouping
[22m[39mprisma:query db.Product.aggregate([ { $match: { $expr: { $and: [ { $or: [ { $eq: [ "$_id", { $literal: ObjectId("69d904fa3a77da4627d44d81"), }, ], }, { $eq: [ "$_id", { $literal: ObjectId("69d904fa3a77da4627d44d82"), }, ], }, ], }, { $ne: [ "$_id", "$$REMOVE", ], }, ], }, }, }, { $project: { _id: 1, name: 1, slug: 1, description: 1, shortDesc: 1, stockKeepingUnit: 1, basePrice: 1, salePrice: 1, type: 1, categoryId: 1, vendorId: 1, approvalStatus: 1, brand: 1, tags: 1, images: 1, avgRating: 1, reviewCount: 1, stock: 1, lowStockThreshold: 1, isActive: 1, isFeatured: 1, isNewArrival: 1, createdAt: 1, updatedAt: 1, }, }, ])

[90mstdout[2m | src/__tests__/checkout/checkout.test.ts[2m > [22m[2mcheckout session service[2m > [22m[2mshould preview a checkout session with vendor grouping
[22m[39mprisma:query db.UserProfile.aggregate([ { $match: { $expr: { $and: [ { $and: [ { $or: [ { $eq: [ "$userId", { $literal: "checkout-test-vendor1", }, ], }, ], }, { $ne: [ "$userId", "$$REMOVE", ], }, ], }, { $and: [ { $eq: [ "$isVendor", { $literal: true, }, ], }, { $ne: [ "$isVendor", "$$REMOVE", ], }, ], }, ], }, }, }, { $project: { _id: 1, userId: 1, storeName: 1, }, }, ])

[90mstdout[2m | src/__tests__/checkout/checkout.test.ts[2m > [22m[2mcheckout session service[2m > [22m[2mshould preview a checkout session with vendor grouping
[22m[39mprisma:query db.Order.aggregate([ { $match: { $expr: { $and: [ { $regexMatch: { input: "$userId", regex: "^checkout-test", options: "", }, }, { $ne: [ "$userId", "$$REMOVE", ], }, ], }, }, }, { $project: { _id: 1, }, }, ])

[90mstdout[2m | src/__tests__/checkout/checkout.test.ts[2m > [22m[2mcheckout session service[2m > [22m[2mshould preview a checkout session with vendor grouping
[22m[39mprisma:query db.Payment.aggregate([ { $match: { $expr: { $and: [ { $regexMatch: { input: "$userId", regex: "^checkout-test", options: "", }, }, { $ne: [ "$userId", "$$REMOVE", ], }, ], }, }, }, { $project: { _id: 1, }, }, ])

[90mstdout[2m | src/__tests__/checkout/checkout.test.ts[2m > [22m[2mcheckout session service[2m > [22m[2mshould preview a checkout session with vendor grouping
[22m[39mprisma:query db.Order.aggregate([ { $match: { $expr: { $and: [ { $regexMatch: { input: "$userId", regex: "^checkout-test", options: "", }, }, { $ne: [ "$userId", "$$REMOVE", ], }, ], }, }, }, { $project: { _id: 1, }, }, ])

[90mstdout[2m | src/__tests__/checkout/checkout.test.ts[2m > [22m[2mcheckout session service[2m > [22m[2mshould preview a checkout session with vendor grouping
[22m[39mprisma:query db.CartItem.aggregate([ { $lookup: { from: "Cart", let: { left_0: "$cartId", }, pipeline: [ { $match: { $expr: { $and: [ { $eq: [ "$_id", "$$left_0", ], }, ], }, }, }, ], as: "CartToCartItem", }, }, { $match: { $expr: { $and: [ { $eq: [ { $size: { $filter: { input: "$CartToCartItem", as: "elem", cond: { $and: [ { $regexMatch: { input: "$$elem.userId", regex: "^checkout-test", options: "", }, }, { $ne: [ "$$elem.userId", "$$REMOVE", ], }, ], }, }, }, }, { $size: "$CartToCartItem", }, ], }, { $eq: [ { $size: "$CartToCartItem", }, 1, ], }, ], }, }, }, { $unwind: { path: "$CartToCartItem", preserveNullAndEmptyArrays: true, }, }, { $project: { _id: 1, }, }, ])

[90mstdout[2m | src/__tests__/checkout/checkout.test.ts[2m > [22m[2mcheckout session service[2m > [22m[2mshould preview a checkout session with vendor grouping
[22m[39mprisma:query db.CartItem.deleteMany({ _id: { $in: [ ObjectId("69d904fc3a77da4627d44d84"), ObjectId("69d904fd3a77da4627d44d85"), ], }, })

[90mstdout[2m | src/__tests__/checkout/checkout.test.ts[2m > [22m[2mcheckout session service[2m > [22m[2mshould preview a checkout session with vendor grouping
[22m[39mprisma:query db.Cart.aggregate([ { $match: { $expr: { $and: [ { $regexMatch: { input: "$userId", regex: "^checkout-test", options: "", }, }, { $ne: [ "$userId", "$$REMOVE", ], }, ], }, }, }, { $project: { _id: 1, }, }, ])

[90mstdout[2m | src/__tests__/checkout/checkout.test.ts[2m > [22m[2mcheckout session service[2m > [22m[2mshould preview a checkout session with vendor grouping
[22m[39mprisma:query db.CartItem.aggregate([ { $match: { $expr: { $and: [ { }, { $and: [ { $or: [ { $eq: [ "$cartId", { $literal: ObjectId("69d904fb3a77da4627d44d83"), }, ], }, ], }, { $ne: [ "$cartId", "$$REMOVE", ], }, ], }, ], }, }, }, { $project: { _id: 1, cartId: 1, }, }, ])

[90mstdout[2m | src/__tests__/checkout/checkout.test.ts[2m > [22m[2mcheckout session service[2m > [22m[2mshould preview a checkout session with vendor grouping
[22m[39mprisma:query db.Cart.deleteMany({ _id: { $in: [ ObjectId("69d904fb3a77da4627d44d83"), ], }, })

[90mstdout[2m | src/__tests__/checkout/checkout.test.ts[2m > [22m[2mcheckout session service[2m > [22m[2mshould preview a checkout session with vendor grouping
[22m[39mprisma:query db.Product.aggregate([ { $match: { $expr: { $and: [ { $regexMatch: { input: "$vendorId", regex: "^checkout-test", options: "", }, }, { $ne: [ "$vendorId", "$$REMOVE", ], }, ], }, }, }, { $project: { _id: 1, }, }, ])

[90mstdout[2m | src/__tests__/checkout/checkout.test.ts[2m > [22m[2mcheckout session service[2m > [22m[2mshould preview a checkout session with vendor grouping
[22m[39mprisma:query db.ProductVariant.aggregate([ { $match: { $expr: { $and: [ { $or: [ { $eq: [ "$productId", { $literal: ObjectId("69d904fa3a77da4627d44d82"), }, ], }, ], }, { $ne: [ "$productId", "$$REMOVE", ], }, ], }, }, }, { $project: { _id: 1, }, }, ])

[90mstdout[2m | src/__tests__/checkout/checkout.test.ts[2m > [22m[2mcheckout session service[2m > [22m[2mshould preview a checkout session with vendor grouping
[22m[39mprisma:query db.Product.aggregate([ { $match: { $expr: { $or: [ { $and: [ { $regexMatch: { input: "$vendorId", regex: "^checkout-test", options: "", }, }, { $ne: [ "$vendorId", "$$REMOVE", ], }, ], }, { $and: [ { $regexMatch: { input: "$slug", regex: "^checkout-test", options: "", }, }, { $ne: [ "$slug", "$$REMOVE", ], }, ], }, ], }, }, }, { $project: { _id: 1, }, }, ])

[90mstdout[2m | src/__tests__/checkout/checkout.test.ts[2m > [22m[2mcheckout session service[2m > [22m[2mshould preview a checkout session with vendor grouping
[22m[39mprisma:query db.DigitalAsset.aggregate([ { $match: { $expr: { $and: [ { }, { $and: [ { $or: [ { $eq: [ "$productId", { $literal: ObjectId("69d904fa3a77da4627d44d81"), }, ], }, { $eq: [ "$productId", { $literal: ObjectId("69d904fa3a77da4627d44d82"), }, ], }, ], }, { $ne: [ "$productId", "$$REMOVE", ], }, ], }, ], }, }, }, { $project: { _id: 1, productId: 1, }, }, ])

[90mstdout[2m | src/__tests__/checkout/checkout.test.ts[2m > [22m[2mcheckout session service[2m > [22m[2mshould preview a checkout session with vendor grouping
[22m[39mprisma:query db.WishlistItem.aggregate([ { $match: { $expr: { $and: [ { }, { $and: [ { $or: [ { $eq: [ "$productId", { $literal: ObjectId("69d904fa3a77da4627d44d81"), }, ], }, { $eq: [ "$productId", { $literal: ObjectId("69d904fa3a77da4627d44d82"), }, ], }, ], }, { $ne: [ "$productId", "$$REMOVE", ], }, ], }, ], }, }, }, { $project: { _id: 1, productId: 1, }, }, ])

[90mstdout[2m | src/__tests__/checkout/checkout.test.ts[2m > [22m[2mcheckout session service[2m > [22m[2mshould preview a checkout session with vendor grouping
[22m[39mprisma:query db.Review.aggregate([ { $match: { $expr: { $and: [ { }, { $and: [ { $or: [ { $eq: [ "$productId", { $literal: ObjectId("69d904fa3a77da4627d44d81"), }, ], }, { $eq: [ "$productId", { $literal: ObjectId("69d904fa3a77da4627d44d82"), }, ], }, ], }, { $ne: [ "$productId", "$$REMOVE", ], }, ], }, ], }, }, }, { $project: { _id: 1, productId: 1, }, }, ])

[90mstdout[2m | src/__tests__/checkout/checkout.test.ts[2m > [22m[2mcheckout session service[2m > [22m[2mshould preview a checkout session with vendor grouping
[22m[39mprisma:query db.OrderItem.aggregate([ { $match: { $expr: { $and: [ { }, { $and: [ { $or: [ { $eq: [ "$productId", { $literal: ObjectId("69d904fa3a77da4627d44d81"), }, ], }, { $eq: [ "$productId", { $literal: ObjectId("69d904fa3a77da4627d44d82"), }, ], }, ], }, { $ne: [ "$productId", "$$REMOVE", ], }, ], }, ], }, }, }, { $project: { _id: 1, productId: 1, }, }, ])

[90mstdout[2m | src/__tests__/checkout/checkout.test.ts[2m > [22m[2mcheckout session service[2m > [22m[2mshould preview a checkout session with vendor grouping
[22m[39mprisma:query db.CartItem.aggregate([ { $match: { $expr: { $and: [ { }, { $and: [ { $or: [ { $eq: [ "$productId", { $literal: ObjectId("69d904fa3a77da4627d44d81"), }, ], }, { $eq: [ "$productId", { $literal: ObjectId("69d904fa3a77da4627d44d82"), }, ], }, ], }, { $ne: [ "$productId", "$$REMOVE", ], }, ], }, ], }, }, }, { $project: { _id: 1, productId: 1, }, }, ])

[90mstdout[2m | src/__tests__/checkout/checkout.test.ts[2m > [22m[2mcheckout session service[2m > [22m[2mshould preview a checkout session with vendor grouping
[22m[39mprisma:query db.ProductVariant.aggregate([ { $match: { $expr: { $and: [ { }, { $and: [ { $or: [ { $eq: [ "$productId", { $literal: ObjectId("69d904fa3a77da4627d44d81"), }, ], }, { $eq: [ "$productId", { $literal: ObjectId("69d904fa3a77da4627d44d82"), }, ], }, ], }, { $ne: [ "$productId", "$$REMOVE", ], }, ], }, ], }, }, }, { $project: { _id: 1, productId: 1, }, }, ])

[90mstdout[2m | src/__tests__/checkout/checkout.test.ts[2m > [22m[2mcheckout session service[2m > [22m[2mshould preview a checkout session with vendor grouping
[22m[39mprisma:query db.Product.deleteMany({ _id: { $in: [ ObjectId("69d904fa3a77da4627d44d81"), ObjectId("69d904fa3a77da4627d44d82"), ], }, })

[90mstdout[2m | src/__tests__/checkout/checkout.test.ts[2m > [22m[2mcheckout session service[2m > [22m[2mshould preview a checkout session with vendor grouping
[22m[39mprisma:query db.UserProfile.aggregate([ { $match: { $expr: { $and: [ { $regexMatch: { input: "$userId", regex: "^checkout-test", options: "", }, }, { $ne: [ "$userId", "$$REMOVE", ], }, ], }, }, }, { $project: { _id: 1, }, }, ])

[90mstdout[2m | src/__tests__/checkout/checkout.test.ts[2m > [22m[2mcheckout session service[2m > [22m[2mshould preview a checkout session with vendor grouping
[22m[39mprisma:query db.UserProfile.deleteMany({ _id: { $in: [ ObjectId("69d904f93a77da4627d44d7f"), ObjectId("69d904f93a77da4627d44d80"), ], }, })

[90mstdout[2m | src/__tests__/checkout/checkout.test.ts[2m > [22m[2mcheckout session service[2m > [22m[2mshould detect stock issues in preview
[22m[39mprisma:query db.UserProfile.insertOne({ userId: "checkout-test-buyer2", email: "checkout-test-buyer2@test.com", firstName: "Test", lastName: "User", role: "CUSTOMER", isVendor: false, createdAt: DateTime("2026-04-10 14:11:15.226 +00:00:00"), updatedAt: DateTime("2026-04-10 14:11:15.226 +00:00:00"), })

[90mstdout[2m | src/__tests__/checkout/checkout.test.ts[2m > [22m[2mcheckout session service[2m > [22m[2mshould detect stock issues in preview
[22m[39mprisma:query db.UserProfile.aggregate([ { $match: { $expr: { $and: [ { $and: [ { $eq: [ "$_id", { $literal: ObjectId("69d905033a77da4627d44d86"), }, ], }, { $ne: [ "$_id", "$$REMOVE", ], }, ], }, ], }, }, }, { $project: { _id: 1, userId: 1, email: 1, firstName: 1, lastName: 1, phone: 1, avatar: 1, dateOfBirth: 1, gender: 1, role: 1, isVendor: 1, vendorStatus: 1, storeName: 1, storeSlug: 1, storeDescription: 1, vendorSince: 1, createdAt: 1, updatedAt: 1, }, }, ])

[90mstdout[2m | src/__tests__/checkout/checkout.test.ts[2m > [22m[2mcheckout session service[2m > [22m[2mshould detect stock issues in preview
[22m[39mprisma:query db.Product.insertOne({ name: "Low Stock Item", slug: "checkout-test-low-stock", description: "Low Stock Item description", stockKeepingUnit: "checkout-test-SKU-1775830275779-3", basePrice: 1000, type: "PHYSICAL", vendorId: null, approvalStatus: "APPROVED", tags: [ ], images: [ ], avgRating: 0, reviewCount: 0, stock: 2, lowStockThreshold: 10, isActive: true, isFeatured: false, isNewArrival: true, createdAt: DateTime("2026-04-10 14:11:15.78 +00:00:00"), updatedAt: DateTime("2026-04-10 14:11:15.78 +00:00:00"), })

[90mstdout[2m | src/__tests__/checkout/checkout.test.ts[2m > [22m[2mcheckout session service[2m > [22m[2mshould detect stock issues in preview
[22m[39mprisma:query db.Product.aggregate([ { $match: { $expr: { $and: [ { $and: [ { $eq: [ "$_id", { $literal: ObjectId("69d905033a77da4627d44d87"), }, ], }, { $ne: [ "$_id", "$$REMOVE", ], }, ], }, ], }, }, }, { $project: { _id: 1, name: 1, slug: 1, description: 1, shortDesc: 1, stockKeepingUnit: 1, basePrice: 1, salePrice: 1, type: 1, categoryId: 1, vendorId: 1, approvalStatus: 1, brand: 1, tags: 1, images: 1, avgRating: 1, reviewCount: 1, stock: 1, lowStockThreshold: 1, isActive: 1, isFeatured: 1, isNewArrival: 1, createdAt: 1, updatedAt: 1, }, }, ])

[90mstdout[2m | src/__tests__/checkout/checkout.test.ts[2m > [22m[2mcheckout session service[2m > [22m[2mshould detect stock issues in preview
[22m[39mprisma:query db.Cart.aggregate([ { $match: { $expr: { $and: [ { $and: [ { $and: [ { $eq: [ "$userId", { $literal: "checkout-test-buyer2", }, ], }, { $ne: [ "$userId", "$$REMOVE", ], }, ], }, ], }, { }, ], }, }, }, { $project: { _id: 1, userId: 1, sessionId: 1, createdAt: 1, updatedAt: 1, }, }, ])

[90mstdout[2m | src/__tests__/checkout/checkout.test.ts[2m > [22m[2mcheckout session service[2m > [22m[2mshould detect stock issues in preview
[22m[39mprisma:query db.Cart.insertOne({ userId: "checkout-test-buyer2", createdAt: DateTime("2026-04-10 14:11:16.467 +00:00:00"), updatedAt: DateTime("2026-04-10 14:11:16.467 +00:00:00"), })

[90mstdout[2m | src/__tests__/checkout/checkout.test.ts[2m > [22m[2mcheckout session service[2m > [22m[2mshould detect stock issues in preview
[22m[39mprisma:query db.Cart.aggregate([ { $match: { $expr: { $and: [ { $and: [ { $eq: [ "$_id", { $literal: ObjectId("69d905043a77da4627d44d88"), }, ], }, { $ne: [ "$_id", "$$REMOVE", ], }, ], }, ], }, }, }, { $project: { _id: 1, userId: 1, sessionId: 1, createdAt: 1, updatedAt: 1, }, }, ])

[90mstdout[2m | src/__tests__/checkout/checkout.test.ts[2m > [22m[2mcheckout session service[2m > [22m[2mshould detect stock issues in preview
[22m[39mprisma:query db.CartItem.insertOne({ cartId: ObjectId("69d905043a77da4627d44d88"), productId: ObjectId("69d905033a77da4627d44d87"), quantity: 5, createdAt: DateTime("2026-04-10 14:11:16.974 +00:00:00"), updatedAt: DateTime("2026-04-10 14:11:16.974 +00:00:00"), })

[90mstdout[2m | src/__tests__/checkout/checkout.test.ts[2m > [22m[2mcheckout session service[2m > [22m[2mshould detect stock issues in preview
[22m[39mprisma:query db.CartItem.aggregate([ { $match: { $expr: { $and: [ { $and: [ { $eq: [ "$_id", { $literal: ObjectId("69d905043a77da4627d44d89"), }, ], }, { $ne: [ "$_id", "$$REMOVE", ], }, ], }, ], }, }, }, { $project: { _id: 1, cartId: 1, productId: 1, variantId: 1, quantity: 1, createdAt: 1, updatedAt: 1, }, }, ])

[90mstdout[2m | src/__tests__/checkout/checkout.test.ts[2m > [22m[2mcheckout session service[2m > [22m[2mshould detect stock issues in preview
[22m[39mprisma:query db.Cart.aggregate([ { $match: { $expr: { $and: [ { $and: [ { $and: [ { $eq: [ "$userId", { $literal: "checkout-test-buyer2", }, ], }, { $ne: [ "$userId", "$$REMOVE", ], }, ], }, ], }, { }, ], }, }, }, { $project: { _id: 1, userId: 1, sessionId: 1, createdAt: 1, updatedAt: 1, }, }, ])

[90mstdout[2m | src/__tests__/checkout/checkout.test.ts[2m > [22m[2mcheckout session service[2m > [22m[2mshould detect stock issues in preview
[22m[39mprisma:query db.CartItem.aggregate([ { $match: { $expr: { $and: [ { $or: [ { $eq: [ "$cartId", { $literal: ObjectId("69d905043a77da4627d44d88"), }, ], }, ], }, { $ne: [ "$cartId", "$$REMOVE", ], }, ], }, }, }, { $project: { _id: 1, cartId: 1, productId: 1, variantId: 1, quantity: 1, createdAt: 1, updatedAt: 1, }, }, ])

[90mstdout[2m | src/__tests__/checkout/checkout.test.ts[2m > [22m[2mcheckout session service[2m > [22m[2mshould detect stock issues in preview
[22m[39mprisma:query db.Product.aggregate([ { $match: { $expr: { $and: [ { $or: [ { $eq: [ "$_id", { $literal: ObjectId("69d905033a77da4627d44d87"), }, ], }, ], }, { $ne: [ "$_id", "$$REMOVE", ], }, ], }, }, }, { $project: { _id: 1, name: 1, slug: 1, description: 1, shortDesc: 1, stockKeepingUnit: 1, basePrice: 1, salePrice: 1, type: 1, categoryId: 1, vendorId: 1, approvalStatus: 1, brand: 1, tags: 1, images: 1, avgRating: 1, reviewCount: 1, stock: 1, lowStockThreshold: 1, isActive: 1, isFeatured: 1, isNewArrival: 1, createdAt: 1, updatedAt: 1, }, }, ])

[90mstdout[2m | src/__tests__/checkout/checkout.test.ts[2m > [22m[2mcheckout session service[2m > [22m[2mshould detect stock issues in preview
[22m[39mprisma:query db.Order.aggregate([ { $match: { $expr: { $and: [ { $regexMatch: { input: "$userId", regex: "^checkout-test", options: "", }, }, { $ne: [ "$userId", "$$REMOVE", ], }, ], }, }, }, { $project: { _id: 1, }, }, ])

[90mstdout[2m | src/__tests__/checkout/checkout.test.ts[2m > [22m[2mcheckout session service[2m > [22m[2mshould detect stock issues in preview
[22m[39mprisma:query db.Payment.aggregate([ { $match: { $expr: { $and: [ { $regexMatch: { input: "$userId", regex: "^checkout-test", options: "", }, }, { $ne: [ "$userId", "$$REMOVE", ], }, ], }, }, }, { $project: { _id: 1, }, }, ])

[90mstdout[2m | src/__tests__/checkout/checkout.test.ts[2m > [22m[2mcheckout session service[2m > [22m[2mshould detect stock issues in preview
[22m[39mprisma:query db.Order.aggregate([ { $match: { $expr: { $and: [ { $regexMatch: { input: "$userId", regex: "^checkout-test", options: "", }, }, { $ne: [ "$userId", "$$REMOVE", ], }, ], }, }, }, { $project: { _id: 1, }, }, ])

[90mstdout[2m | src/__tests__/checkout/checkout.test.ts[2m > [22m[2mcheckout session service[2m > [22m[2mshould detect stock issues in preview
[22m[39mprisma:query db.CartItem.aggregate([ { $lookup: { from: "Cart", let: { left_0: "$cartId", }, pipeline: [ { $match: { $expr: { $and: [ { $eq: [ "$_id", "$$left_0", ], }, ], }, }, }, ], as: "CartToCartItem", }, }, { $match: { $expr: { $and: [ { $eq: [ { $size: { $filter: { input: "$CartToCartItem", as: "elem", cond: { $and: [ { $regexMatch: { input: "$$elem.userId", regex: "^checkout-test", options: "", }, }, { $ne: [ "$$elem.userId", "$$REMOVE", ], }, ], }, }, }, }, { $size: "$CartToCartItem", }, ], }, { $eq: [ { $size: "$CartToCartItem", }, 1, ], }, ], }, }, }, { $unwind: { path: "$CartToCartItem", preserveNullAndEmptyArrays: true, }, }, { $project: { _id: 1, }, }, ])

[90mstdout[2m | src/__tests__/checkout/checkout.test.ts[2m > [22m[2mcheckout session service[2m > [22m[2mshould detect stock issues in preview
[22m[39mprisma:query db.CartItem.deleteMany({ _id: { $in: [ ObjectId("69d905043a77da4627d44d89"), ], }, })

[90mstdout[2m | src/__tests__/checkout/checkout.test.ts[2m > [22m[2mcheckout session service[2m > [22m[2mshould detect stock issues in preview
[22m[39mprisma:query db.Cart.aggregate([ { $match: { $expr: { $and: [ { $regexMatch: { input: "$userId", regex: "^checkout-test", options: "", }, }, { $ne: [ "$userId", "$$REMOVE", ], }, ], }, }, }, { $project: { _id: 1, }, }, ])

[90mstdout[2m | src/__tests__/checkout/checkout.test.ts[2m > [22m[2mcheckout session service[2m > [22m[2mshould detect stock issues in preview
[22m[39mprisma:query db.CartItem.aggregate([ { $match: { $expr: { $and: [ { }, { $and: [ { $or: [ { $eq: [ "$cartId", { $literal: ObjectId("69d905043a77da4627d44d88"), }, ], }, ], }, { $ne: [ "$cartId", "$$REMOVE", ], }, ], }, ], }, }, }, { $project: { _id: 1, cartId: 1, }, }, ])

[90mstdout[2m | src/__tests__/checkout/checkout.test.ts[2m > [22m[2mcheckout session service[2m > [22m[2mshould detect stock issues in preview
[22m[39mprisma:query db.Cart.deleteMany({ _id: { $in: [ ObjectId("69d905043a77da4627d44d88"), ], }, })

[90mstdout[2m | src/__tests__/checkout/checkout.test.ts[2m > [22m[2mcheckout session service[2m > [22m[2mshould detect stock issues in preview
[22m[39mprisma:query db.Product.aggregate([ { $match: { $expr: { $and: [ { $regexMatch: { input: "$vendorId", regex: "^checkout-test", options: "", }, }, { $ne: [ "$vendorId", "$$REMOVE", ], }, ], }, }, }, { $project: { _id: 1, }, }, ])

[90mstdout[2m | src/__tests__/checkout/checkout.test.ts[2m > [22m[2mcheckout session service[2m > [22m[2mshould detect stock issues in preview
[22m[39mprisma:query db.Product.aggregate([ { $match: { $expr: { $or: [ { $and: [ { $regexMatch: { input: "$vendorId", regex: "^checkout-test", options: "", }, }, { $ne: [ "$vendorId", "$$REMOVE", ], }, ], }, { $and: [ { $regexMatch: { input: "$slug", regex: "^checkout-test", options: "", }, }, { $ne: [ "$slug", "$$REMOVE", ], }, ], }, ], }, }, }, { $project: { _id: 1, }, }, ])

[90mstdout[2m | src/__tests__/checkout/checkout.test.ts[2m > [22m[2mcheckout session service[2m > [22m[2mshould detect stock issues in preview
[22m[39mprisma:query db.DigitalAsset.aggregate([ { $match: { $expr: { $and: [ { }, { $and: [ { $or: [ { $eq: [ "$productId", { $literal: ObjectId("69d905033a77da4627d44d87"), }, ], }, ], }, { $ne: [ "$productId", "$$REMOVE", ], }, ], }, ], }, }, }, { $project: { _id: 1, productId: 1, }, }, ])

[90mstdout[2m | src/__tests__/checkout/checkout.test.ts[2m > [22m[2mcheckout session service[2m > [22m[2mshould detect stock issues in preview
[22m[39mprisma:query db.WishlistItem.aggregate([ { $match: { $expr: { $and: [ { }, { $and: [ { $or: [ { $eq: [ "$productId", { $literal: ObjectId("69d905033a77da4627d44d87"), }, ], }, ], }, { $ne: [ "$productId", "$$REMOVE", ], }, ], }, ], }, }, }, { $project: { _id: 1, productId: 1, }, }, ])

[90mstdout[2m | src/__tests__/checkout/checkout.test.ts[2m > [22m[2mcheckout session service[2m > [22m[2mshould detect stock issues in preview
[22m[39mprisma:query db.Review.aggregate([ { $match: { $expr: { $and: [ { }, { $and: [ { $or: [ { $eq: [ "$productId", { $literal: ObjectId("69d905033a77da4627d44d87"), }, ], }, ], }, { $ne: [ "$productId", "$$REMOVE", ], }, ], }, ], }, }, }, { $project: { _id: 1, productId: 1, }, }, ])

[90mstdout[2m | src/__tests__/checkout/checkout.test.ts[2m > [22m[2mcheckout session service[2m > [22m[2mshould detect stock issues in preview
[22m[39mprisma:query db.OrderItem.aggregate([ { $match: { $expr: { $and: [ { }, { $and: [ { $or: [ { $eq: [ "$productId", { $literal: ObjectId("69d905033a77da4627d44d87"), }, ], }, ], }, { $ne: [ "$productId", "$$REMOVE", ], }, ], }, ], }, }, }, { $project: { _id: 1, productId: 1, }, }, ])

[90mstdout[2m | src/__tests__/checkout/checkout.test.ts[2m > [22m[2mcheckout session service[2m > [22m[2mshould detect stock issues in preview
[22m[39mprisma:query db.CartItem.aggregate([ { $match: { $expr: { $and: [ { }, { $and: [ { $or: [ { $eq: [ "$productId", { $literal: ObjectId("69d905033a77da4627d44d87"), }, ], }, ], }, { $ne: [ "$productId", "$$REMOVE", ], }, ], }, ], }, }, }, { $project: { _id: 1, productId: 1, }, }, ])

[90mstdout[2m | src/__tests__/checkout/checkout.test.ts[2m > [22m[2mcheckout session service[2m > [22m[2mshould detect stock issues in preview
[22m[39mprisma:query db.ProductVariant.aggregate([ { $match: { $expr: { $and: [ { }, { $and: [ { $or: [ { $eq: [ "$productId", { $literal: ObjectId("69d905033a77da4627d44d87"), }, ], }, ], }, { $ne: [ "$productId", "$$REMOVE", ], }, ], }, ], }, }, }, { $project: { _id: 1, productId: 1, }, }, ])

[90mstdout[2m | src/__tests__/checkout/checkout.test.ts[2m > [22m[2mcheckout session service[2m > [22m[2mshould detect stock issues in preview
[22m[39mprisma:query db.Product.deleteMany({ _id: { $in: [ ObjectId("69d905033a77da4627d44d87"), ], }, })

[90mstdout[2m | src/__tests__/checkout/checkout.test.ts[2m > [22m[2mcheckout session service[2m > [22m[2mshould detect stock issues in preview
[22m[39mprisma:query db.UserProfile.aggregate([ { $match: { $expr: { $and: [ { $regexMatch: { input: "$userId", regex: "^checkout-test", options: "", }, }, { $ne: [ "$userId", "$$REMOVE", ], }, ], }, }, }, { $project: { _id: 1, }, }, ])

[90mstdout[2m | src/__tests__/checkout/checkout.test.ts[2m > [22m[2mcheckout session service[2m > [22m[2mshould detect stock issues in preview
[22m[39mprisma:query db.UserProfile.deleteMany({ _id: { $in: [ ObjectId("69d905033a77da4627d44d86"), ], }, })

[90mstdout[2m | src/__tests__/checkout/checkout.test.ts[2m > [22m[2mcheckout session service[2m > [22m[2mshould throw for empty cart
[22m[39mprisma:query db.UserProfile.insertOne({ userId: "checkout-test-buyer3", email: "checkout-test-buyer3@test.com", firstName: "Test", lastName: "User", role: "CUSTOMER", isVendor: false, createdAt: DateTime("2026-04-10 14:11:24.624 +00:00:00"), updatedAt: DateTime("2026-04-10 14:11:24.624 +00:00:00"), })

[90mstdout[2m | src/__tests__/checkout/checkout.test.ts[2m > [22m[2mcheckout session service[2m > [22m[2mshould throw for empty cart
[22m[39mprisma:query db.UserProfile.aggregate([ { $match: { $expr: { $and: [ { $and: [ { $eq: [ "$_id", { $literal: ObjectId("69d9050c3a77da4627d44d8a"), }, ], }, { $ne: [ "$_id", "$$REMOVE", ], }, ], }, ], }, }, }, { $project: { _id: 1, userId: 1, email: 1, firstName: 1, lastName: 1, phone: 1, avatar: 1, dateOfBirth: 1, gender: 1, role: 1, isVendor: 1, vendorStatus: 1, storeName: 1, storeSlug: 1, storeDescription: 1, vendorSince: 1, createdAt: 1, updatedAt: 1, }, }, ])

[90mstdout[2m | src/__tests__/checkout/checkout.test.ts[2m > [22m[2mcheckout session service[2m > [22m[2mshould throw for empty cart
[22m[39mprisma:query db.Cart.aggregate([ { $match: { $expr: { $and: [ { $and: [ { $and: [ { $eq: [ "$userId", { $literal: "checkout-test-buyer3", }, ], }, { $ne: [ "$userId", "$$REMOVE", ], }, ], }, ], }, { }, ], }, }, }, { $project: { _id: 1, userId: 1, sessionId: 1, createdAt: 1, updatedAt: 1, }, }, ])

[90mstdout[2m | src/__tests__/checkout/checkout.test.ts[2m > [22m[2mcheckout session service[2m > [22m[2mshould throw for empty cart
[22m[39mprisma:query db.Order.aggregate([ { $match: { $expr: { $and: [ { $regexMatch: { input: "$userId", regex: "^checkout-test", options: "", }, }, { $ne: [ "$userId", "$$REMOVE", ], }, ], }, }, }, { $project: { _id: 1, }, }, ])

[90mstdout[2m | src/__tests__/checkout/checkout.test.ts[2m > [22m[2mcheckout session service[2m > [22m[2mshould throw for empty cart
[22m[39mprisma:query db.Payment.aggregate([ { $match: { $expr: { $and: [ { $regexMatch: { input: "$userId", regex: "^checkout-test", options: "", }, }, { $ne: [ "$userId", "$$REMOVE", ], }, ], }, }, }, { $project: { _id: 1, }, }, ])

[90mstdout[2m | src/__tests__/checkout/checkout.test.ts[2m > [22m[2mcheckout session service[2m > [22m[2mshould throw for empty cart
[22m[39mprisma:query db.Order.aggregate([ { $match: { $expr: { $and: [ { $regexMatch: { input: "$userId", regex: "^checkout-test", options: "", }, }, { $ne: [ "$userId", "$$REMOVE", ], }, ], }, }, }, { $project: { _id: 1, }, }, ])

[90mstdout[2m | src/__tests__/checkout/checkout.test.ts[2m > [22m[2mcheckout session service[2m > [22m[2mshould throw for empty cart
[22m[39mprisma:query db.CartItem.aggregate([ { $lookup: { from: "Cart", let: { left_0: "$cartId", }, pipeline: [ { $match: { $expr: { $and: [ { $eq: [ "$_id", "$$left_0", ], }, ], }, }, }, ], as: "CartToCartItem", }, }, { $match: { $expr: { $and: [ { $eq: [ { $size: { $filter: { input: "$CartToCartItem", as: "elem", cond: { $and: [ { $regexMatch: { input: "$$elem.userId", regex: "^checkout-test", options: "", }, }, { $ne: [ "$$elem.userId", "$$REMOVE", ], }, ], }, }, }, }, { $size: "$CartToCartItem", }, ], }, { $eq: [ { $size: "$CartToCartItem", }, 1, ], }, ], }, }, }, { $unwind: { path: "$CartToCartItem", preserveNullAndEmptyArrays: true, }, }, { $project: { _id: 1, }, }, ])

[90mstdout[2m | src/__tests__/checkout/checkout.test.ts[2m > [22m[2mcheckout session service[2m > [22m[2mshould throw for empty cart
[22m[39mprisma:query db.Cart.aggregate([ { $match: { $expr: { $and: [ { $regexMatch: { input: "$userId", regex: "^checkout-test", options: "", }, }, { $ne: [ "$userId", "$$REMOVE", ], }, ], }, }, }, { $project: { _id: 1, }, }, ])

[90mstdout[2m | src/__tests__/checkout/checkout.test.ts[2m > [22m[2mcheckout session service[2m > [22m[2mshould throw for empty cart
[22m[39mprisma:query db.Product.aggregate([ { $match: { $expr: { $and: [ { $regexMatch: { input: "$vendorId", regex: "^checkout-test", options: "", }, }, { $ne: [ "$vendorId", "$$REMOVE", ], }, ], }, }, }, { $project: { _id: 1, }, }, ])

[90mstdout[2m | src/__tests__/checkout/checkout.test.ts[2m > [22m[2mcheckout session service[2m > [22m[2mshould throw for empty cart
[22m[39mprisma:query db.Product.aggregate([ { $match: { $expr: { $or: [ { $and: [ { $regexMatch: { input: "$vendorId", regex: "^checkout-test", options: "", }, }, { $ne: [ "$vendorId", "$$REMOVE", ], }, ], }, { $and: [ { $regexMatch: { input: "$slug", regex: "^checkout-test", options: "", }, }, { $ne: [ "$slug", "$$REMOVE", ], }, ], }, ], }, }, }, { $project: { _id: 1, }, }, ])

[90mstdout[2m | src/__tests__/checkout/checkout.test.ts[2m > [22m[2mcheckout session service[2m > [22m[2mshould throw for empty cart
[22m[39mprisma:query db.UserProfile.aggregate([ { $match: { $expr: { $and: [ { $regexMatch: { input: "$userId", regex: "^checkout-test", options: "", }, }, { $ne: [ "$userId", "$$REMOVE", ], }, ], }, }, }, { $project: { _id: 1, }, }, ])

[90mstdout[2m | src/__tests__/checkout/checkout.test.ts[2m > [22m[2mcheckout session service[2m > [22m[2mshould throw for empty cart
[22m[39mprisma:query db.UserProfile.deleteMany({ _id: { $in: [ ObjectId("69d9050c3a77da4627d44d8a"), ], }, })

[90mstdout[2m | src/__tests__/checkout/checkout.test.ts[2m > [22m[2mcheckout session service[2m > [22m[2mshould confirm checkout and create orders split by vendor
[22m[39mprisma:query db.UserProfile.insertOne({ userId: "checkout-test-buyer4", email: "checkout-test-buyer4@test.com", firstName: "Test", lastName: "User", role: "CUSTOMER", isVendor: false, createdAt: DateTime("2026-04-10 14:11:28.52 +00:00:00"), updatedAt: DateTime("2026-04-10 14:11:28.52 +00:00:00"), })

[90mstdout[2m | src/__tests__/checkout/checkout.test.ts[2m > [22m[2mcheckout session service[2m > [22m[2mshould confirm checkout and create orders split by vendor
[22m[39mprisma:query db.UserProfile.aggregate([ { $match: { $expr: { $and: [ { $and: [ { $eq: [ "$_id", { $literal: ObjectId("69d905103a77da4627d44d8b"), }, ], }, { $ne: [ "$_id", "$$REMOVE", ], }, ], }, ], }, }, }, { $project: { _id: 1, userId: 1, email: 1, firstName: 1, lastName: 1, phone: 1, avatar: 1, dateOfBirth: 1, gender: 1, role: 1, isVendor: 1, vendorStatus: 1, storeName: 1, storeSlug: 1, storeDescription: 1, vendorSince: 1, createdAt: 1, updatedAt: 1, }, }, ])

[90mstdout[2m | src/__tests__/checkout/checkout.test.ts[2m > [22m[2mcheckout session service[2m > [22m[2mshould confirm checkout and create orders split by vendor
[22m[39mprisma:query db.UserProfile.insertOne({ userId: "checkout-test-vendor2", email: "checkout-test-vendor2@test.com", firstName: "Test", lastName: "User", role: "CUSTOMER", isVendor: true, vendorStatus: "ACTIVE", storeName: "Vendor Two", storeSlug: "vendor-two", createdAt: DateTime("2026-04-10 14:11:29.3 +00:00:00"), updatedAt: DateTime("2026-04-10 14:11:29.3 +00:00:00"), })

[90mstdout[2m | src/__tests__/checkout/checkout.test.ts[2m > [22m[2mcheckout session service[2m > [22m[2mshould confirm checkout and create orders split by vendor
[22m[39mprisma:query db.UserProfile.aggregate([ { $match: { $expr: { $and: [ { $and: [ { $eq: [ "$_id", { $literal: ObjectId("69d905113a77da4627d44d8c"), }, ], }, { $ne: [ "$_id", "$$REMOVE", ], }, ], }, ], }, }, }, { $project: { _id: 1, userId: 1, email: 1, firstName: 1, lastName: 1, phone: 1, avatar: 1, dateOfBirth: 1, gender: 1, role: 1, isVendor: 1, vendorStatus: 1, storeName: 1, storeSlug: 1, storeDescription: 1, vendorSince: 1, createdAt: 1, updatedAt: 1, }, }, ])

[90mstdout[2m | src/__tests__/checkout/checkout.test.ts[2m > [22m[2mcheckout session service[2m > [22m[2mshould confirm checkout and create orders split by vendor
[22m[39mprisma:query db.Product.insertOne({ name: "Plat Product", slug: "checkout-test-plat-p", description: "Plat Product description", stockKeepingUnit: "checkout-test-SKU-1775830290082-4", basePrice: 10000, type: "PHYSICAL", vendorId: null, approvalStatus: "APPROVED", tags: [ ], images: [ ], avgRating: 0, reviewCount: 0, stock: 5, lowStockThreshold: 10, isActive: true, isFeatured: false, isNewArrival: true, createdAt: DateTime("2026-04-10 14:11:30.083 +00:00:00"), updatedAt: DateTime("2026-04-10 14:11:30.083 +00:00:00"), })

[90mstdout[2m | src/__tests__/checkout/checkout.test.ts[2m > [22m[2mcheckout session service[2m > [22m[2mshould confirm checkout and create orders split by vendor
[22m[39mprisma:query db.Product.aggregate([ { $match: { $expr: { $and: [ { $and: [ { $eq: [ "$_id", { $literal: ObjectId("69d905123a77da4627d44d8d"), }, ], }, { $ne: [ "$_id", "$$REMOVE", ], }, ], }, ], }, }, }, { $project: { _id: 1, name: 1, slug: 1, description: 1, shortDesc: 1, stockKeepingUnit: 1, basePrice: 1, salePrice: 1, type: 1, categoryId: 1, vendorId: 1, approvalStatus: 1, brand: 1, tags: 1, images: 1, avgRating: 1, reviewCount: 1, stock: 1, lowStockThreshold: 1, isActive: 1, isFeatured: 1, isNewArrival: 1, createdAt: 1, updatedAt: 1, }, }, ])

[90mstdout[2m | src/__tests__/checkout/checkout.test.ts[2m > [22m[2mcheckout session service[2m > [22m[2mshould confirm checkout and create orders split by vendor
[22m[39mprisma:query db.Product.insertOne({ name: "Vend Product", slug: "checkout-test-vend-p", description: "Vend Product description", stockKeepingUnit: "checkout-test-SKU-1775830290801-5", basePrice: 8000, type: "PHYSICAL", vendorId: "checkout-test-vendor2", approvalStatus: "APPROVED", tags: [ ], images: [ ], avgRating: 0, reviewCount: 0, stock: 3, lowStockThreshold: 10, isActive: true, isFeatured: false, isNewArrival: true, createdAt: DateTime("2026-04-10 14:11:30.802 +00:00:00"), updatedAt: DateTime("2026-04-10 14:11:30.802 +00:00:00"), })

[90mstdout[2m | src/__tests__/checkout/checkout.test.ts[2m > [22m[2mcheckout session service[2m > [22m[2mshould confirm checkout and create orders split by vendor
[22m[39mprisma:query db.Product.aggregate([ { $match: { $expr: { $and: [ { $and: [ { $eq: [ "$_id", { $literal: ObjectId("69d905123a77da4627d44d8e"), }, ], }, { $ne: [ "$_id", "$$REMOVE", ], }, ], }, ], }, }, }, { $project: { _id: 1, name: 1, slug: 1, description: 1, shortDesc: 1, stockKeepingUnit: 1, basePrice: 1, salePrice: 1, type: 1, categoryId: 1, vendorId: 1, approvalStatus: 1, brand: 1, tags: 1, images: 1, avgRating: 1, reviewCount: 1, stock: 1, lowStockThreshold: 1, isActive: 1, isFeatured: 1, isNewArrival: 1, createdAt: 1, updatedAt: 1, }, }, ])

[90mstdout[2m | src/__tests__/checkout/checkout.test.ts[2m > [22m[2mcheckout session service[2m > [22m[2mshould confirm checkout and create orders split by vendor
[22m[39mprisma:query db.Cart.aggregate([ { $match: { $expr: { $and: [ { $and: [ { $and: [ { $eq: [ "$userId", { $literal: "checkout-test-buyer4", }, ], }, { $ne: [ "$userId", "$$REMOVE", ], }, ], }, ], }, { }, ], }, }, }, { $project: { _id: 1, userId: 1, sessionId: 1, createdAt: 1, updatedAt: 1, }, }, ])

[90mstdout[2m | src/__tests__/checkout/checkout.test.ts[2m > [22m[2mcheckout session service[2m > [22m[2mshould confirm checkout and create orders split by vendor
[22m[39mprisma:query db.Cart.insertOne({ userId: "checkout-test-buyer4", createdAt: DateTime("2026-04-10 14:11:31.603 +00:00:00"), updatedAt: DateTime("2026-04-10 14:11:31.603 +00:00:00"), })

[90mstdout[2m | src/__tests__/checkout/checkout.test.ts[2m > [22m[2mcheckout session service[2m > [22m[2mshould confirm checkout and create orders split by vendor
[22m[39mprisma:query db.Cart.aggregate([ { $match: { $expr: { $and: [ { $and: [ { $eq: [ "$_id", { $literal: ObjectId("69d905133a77da4627d44d8f"), }, ], }, { $ne: [ "$_id", "$$REMOVE", ], }, ], }, ], }, }, }, { $project: { _id: 1, userId: 1, sessionId: 1, createdAt: 1, updatedAt: 1, }, }, ])

[90mstdout[2m | src/__tests__/checkout/checkout.test.ts[2m > [22m[2mcheckout session service[2m > [22m[2mshould confirm checkout and create orders split by vendor
[22m[39mprisma:query db.CartItem.insertOne({ cartId: ObjectId("69d905133a77da4627d44d8f"), productId: ObjectId("69d905123a77da4627d44d8d"), quantity: 1, createdAt: DateTime("2026-04-10 14:11:32.181 +00:00:00"), updatedAt: DateTime("2026-04-10 14:11:32.181 +00:00:00"), })

[90mstdout[2m | src/__tests__/checkout/checkout.test.ts[2m > [22m[2mcheckout session service[2m > [22m[2mshould confirm checkout and create orders split by vendor
[22m[39mprisma:query db.CartItem.aggregate([ { $match: { $expr: { $and: [ { $and: [ { $eq: [ "$_id", { $literal: ObjectId("69d905143a77da4627d44d90"), }, ], }, { $ne: [ "$_id", "$$REMOVE", ], }, ], }, ], }, }, }, { $project: { _id: 1, cartId: 1, productId: 1, variantId: 1, quantity: 1, createdAt: 1, updatedAt: 1, }, }, ])

[90mstdout[2m | src/__tests__/checkout/checkout.test.ts[2m > [22m[2mcheckout session service[2m > [22m[2mshould confirm checkout and create orders split by vendor
[22m[39mprisma:query db.Cart.aggregate([ { $match: { $expr: { $and: [ { $and: [ { $and: [ { $eq: [ "$userId", { $literal: "checkout-test-buyer4", }, ], }, { $ne: [ "$userId", "$$REMOVE", ], }, ], }, ], }, { }, ], }, }, }, { $project: { _id: 1, userId: 1, sessionId: 1, createdAt: 1, updatedAt: 1, }, }, ])

[90mstdout[2m | src/__tests__/checkout/checkout.test.ts[2m > [22m[2mcheckout session service[2m > [22m[2mshould confirm checkout and create orders split by vendor
[22m[39mprisma:query db.CartItem.insertOne({ cartId: ObjectId("69d905133a77da4627d44d8f"), productId: ObjectId("69d905123a77da4627d44d8e"), quantity: 2, createdAt: DateTime("2026-04-10 14:11:33.279 +00:00:00"), updatedAt: DateTime("2026-04-10 14:11:33.279 +00:00:00"), })

[90mstdout[2m | src/__tests__/checkout/checkout.test.ts[2m > [22m[2mcheckout session service[2m > [22m[2mshould confirm checkout and create orders split by vendor
[22m[39mprisma:query db.CartItem.aggregate([ { $match: { $expr: { $and: [ { $and: [ { $eq: [ "$_id", { $literal: ObjectId("69d905153a77da4627d44d91"), }, ], }, { $ne: [ "$_id", "$$REMOVE", ], }, ], }, ], }, }, }, { $project: { _id: 1, cartId: 1, productId: 1, variantId: 1, quantity: 1, createdAt: 1, updatedAt: 1, }, }, ])

[90mstdout[2m | src/__tests__/checkout/checkout.test.ts[2m > [22m[2mcheckout session service[2m > [22m[2mshould confirm checkout and create orders split by vendor
[22m[39mprisma:query db.Cart.aggregate([ { $match: { $expr: { $and: [ { $and: [ { $and: [ { $eq: [ "$userId", { $literal: "checkout-test-buyer4", }, ], }, { $ne: [ "$userId", "$$REMOVE", ], }, ], }, ], }, { }, ], }, }, }, { $project: { _id: 1, userId: 1, sessionId: 1, createdAt: 1, updatedAt: 1, }, }, ])

[90mstdout[2m | src/__tests__/checkout/checkout.test.ts[2m > [22m[2mcheckout session service[2m > [22m[2mshould confirm checkout and create orders split by vendor
[22m[39mprisma:query db.CartItem.aggregate([ { $match: { $expr: { $and: [ { $or: [ { $eq: [ "$cartId", { $literal: ObjectId("69d905133a77da4627d44d8f"), }, ], }, ], }, { $ne: [ "$cartId", "$$REMOVE", ], }, ], }, }, }, { $project: { _id: 1, cartId: 1, productId: 1, variantId: 1, quantity: 1, createdAt: 1, updatedAt: 1, }, }, ])

[90mstdout[2m | src/__tests__/checkout/checkout.test.ts[2m > [22m[2mcheckout session service[2m > [22m[2mshould confirm checkout and create orders split by vendor
[22m[39mprisma:query db.Product.aggregate([ { $match: { $expr: { $and: [ { $or: [ { $eq: [ "$_id", { $literal: ObjectId("69d905123a77da4627d44d8d"), }, ], }, { $eq: [ "$_id", { $literal: ObjectId("69d905123a77da4627d44d8e"), }, ], }, ], }, { $ne: [ "$_id", "$$REMOVE", ], }, ], }, }, }, { $project: { _id: 1, name: 1, slug: 1, description: 1, shortDesc: 1, stockKeepingUnit: 1, basePrice: 1, salePrice: 1, type: 1, categoryId: 1, vendorId: 1, approvalStatus: 1, brand: 1, tags: 1, images: 1, avgRating: 1, reviewCount: 1, stock: 1, lowStockThreshold: 1, isActive: 1, isFeatured: 1, isNewArrival: 1, createdAt: 1, updatedAt: 1, }, }, ])

[90mstdout[2m | src/__tests__/checkout/checkout.test.ts[2m > [22m[2mcheckout session service[2m > [22m[2mshould confirm checkout and create orders split by vendor
[22m[39mprisma:query db.UserProfile.aggregate([ { $match: { $expr: { $and: [ { $and: [ { $or: [ { $eq: [ "$userId", { $literal: "checkout-test-vendor2", }, ], }, ], }, { $ne: [ "$userId", "$$REMOVE", ], }, ], }, { $and: [ { $eq: [ "$isVendor", { $literal: true, }, ], }, { $ne: [ "$isVendor", "$$REMOVE", ], }, ], }, ], }, }, }, { $project: { _id: 1, userId: 1, storeName: 1, }, }, ])

[90mstdout[2m | src/__tests__/checkout/checkout.test.ts[2m > [22m[2mcheckout session service[2m > [22m[2mshould confirm checkout and create orders split by vendor
[22m[39mprisma:query db.Cart.aggregate([ { $match: { $expr: { $and: [ { $and: [ { $and: [ { $eq: [ "$userId", { $literal: "checkout-test-buyer4", }, ], }, { $ne: [ "$userId", "$$REMOVE", ], }, ], }, ], }, { }, ], }, }, }, { $project: { _id: 1, userId: 1, sessionId: 1, createdAt: 1, updatedAt: 1, }, }, ])

[90mstdout[2m | src/__tests__/checkout/checkout.test.ts[2m > [22m[2mcheckout session service[2m > [22m[2mshould confirm checkout and create orders split by vendor
[22m[39mprisma:query db.CartItem.aggregate([ { $match: { $expr: { $and: [ { $or: [ { $eq: [ "$cartId", { $literal: ObjectId("69d905133a77da4627d44d8f"), }, ], }, ], }, { $ne: [ "$cartId", "$$REMOVE", ], }, ], }, }, }, { $project: { _id: 1, cartId: 1, productId: 1, variantId: 1, quantity: 1, createdAt: 1, updatedAt: 1, }, }, ])

[90mstdout[2m | src/__tests__/checkout/checkout.test.ts[2m > [22m[2mcheckout session service[2m > [22m[2mshould confirm checkout and create orders split by vendor
[22m[39mprisma:query db.Product.aggregate([ { $match: { $expr: { $and: [ { $or: [ { $eq: [ "$_id", { $literal: ObjectId("69d905123a77da4627d44d8d"), }, ], }, { $eq: [ "$_id", { $literal: ObjectId("69d905123a77da4627d44d8e"), }, ], }, ], }, { $ne: [ "$_id", "$$REMOVE", ], }, ], }, }, }, { $project: { _id: 1, name: 1, slug: 1, description: 1, shortDesc: 1, stockKeepingUnit: 1, basePrice: 1, salePrice: 1, type: 1, categoryId: 1, vendorId: 1, approvalStatus: 1, brand: 1, tags: 1, images: 1, avgRating: 1, reviewCount: 1, stock: 1, lowStockThreshold: 1, isActive: 1, isFeatured: 1, isNewArrival: 1, createdAt: 1, updatedAt: 1, }, }, ])

[90mstdout[2m | src/__tests__/checkout/checkout.test.ts[2m > [22m[2mcheckout session service[2m > [22m[2mshould confirm checkout and create orders split by vendor
[22m[39mprisma:query db.UserProfile.aggregate([ { $match: { $expr: { $and: [ { $and: [ { $or: [ { $eq: [ "$userId", { $literal: "checkout-test-vendor2", }, ], }, ], }, { $ne: [ "$userId", "$$REMOVE", ], }, ], }, { $and: [ { $eq: [ "$isVendor", { $literal: true, }, ], }, { $ne: [ "$isVendor", "$$REMOVE", ], }, ], }, ], }, }, }, { $project: { _id: 1, userId: 1, storeName: 1, }, }, ])

[90mstdout[2m | src/__tests__/checkout/checkout.test.ts[2m > [22m[2mcheckout session service[2m > [22m[2mshould confirm checkout and create orders split by vendor
[22m[39mprisma:query db.Order.insertOne({ orderNumber: "WS-20260410-1VA3N", userId: "checkout-test-buyer4", vendorId: null, checkoutSessionId: "50b0cf24-5080-4a7a-9c17-75cf58e8ea38", status: "CREATED", shippingAddress: { firstName: "Test", lastName: "User", phone: "08012345678", street: "123 Test St", city: "Lagos", state: "Lagos", country: "Nigeria", postalCode: "100001", }, subtotal: 10000, shipping: 2500, discount: 0, total: 12500, createdAt: DateTime("2026-04-10 14:11:35.582 +00:00:00"), updatedAt: DateTime("2026-04-10 14:11:35.582 +00:00:00"), })

[90mstdout[2m | src/__tests__/checkout/checkout.test.ts[2m > [22m[2mcheckout session service[2m > [22m[2mshould confirm checkout and create orders split by vendor
[22m[39mprisma:query db.OrderItem.insertOne({ orderId: ObjectId("69d905173a77da4627d44d92"), productId: ObjectId("69d905123a77da4627d44d8d"), variantId: null, productName: "Plat Product", productImage: null, sku: "checkout-test-SKU-1775830290082-4", variantName: null, quantity: 1, unitPrice: 10000, totalPrice: 10000, createdAt: DateTime("2026-04-10 14:11:35.582 +00:00:00"), })

[90mstdout[2m | src/__tests__/checkout/checkout.test.ts[2m > [22m[2mcheckout session service[2m > [22m[2mshould confirm checkout and create orders split by vendor
[22m[39mprisma:query db.OrderStatusHistory.insertOne({ orderId: ObjectId("69d905173a77da4627d44d92"), status: "CREATED", note: "Order placed", createdAt: DateTime("2026-04-10 14:11:35.582 +00:00:00"), })

[90mstdout[2m | src/__tests__/checkout/checkout.test.ts[2m > [22m[2mcheckout session service[2m > [22m[2mshould confirm checkout and create orders split by vendor
[22m[39mprisma:query db.Order.aggregate([ { $match: { $expr: { $and: [ { $and: [ { $eq: [ "$_id", { $literal: ObjectId("69d905173a77da4627d44d92"), }, ], }, { $ne: [ "$_id", "$$REMOVE", ], }, ], }, ], }, }, }, { $project: { _id: 1, orderNumber: 1, userId: 1, vendorId: 1, checkoutSessionId: 1, status: 1, shippingAddress: 1, billingAddress: 1, subtotal: 1, shipping: 1, discount: 1, total: 1, couponCode: 1, notes: 1, createdAt: 1, updatedAt: 1, paidAt: 1, shippedAt: 1, deliveredAt: 1, }, }, ])

[90mstdout[2m | src/__tests__/checkout/checkout.test.ts[2m > [22m[2mcheckout session service[2m > [22m[2mshould confirm checkout and create orders split by vendor
[22m[39mprisma:query db.Product.aggregate([ { $match: { $expr: { $and: [ { $and: [ { $and: [ { $eq: [ "$_id", { $literal: ObjectId("69d905123a77da4627d44d8d"), }, ], }, { $ne: [ "$_id", "$$REMOVE", ], }, ], }, ], }, { }, ], }, }, }, { $project: { _id: 1, }, }, ])

[90mstdout[2m | src/__tests__/checkout/checkout.test.ts[2m > [22m[2mcheckout session service[2m > [22m[2mshould confirm checkout and create orders split by vendor
[22m[39mprisma:query db.Product.updateMany({ _id: { $in: [ ObjectId("69d905123a77da4627d44d8d"), ], }, },[{ $set: { stock: { $subtract: [ "$stock", 1, ], }, }, },
{ $set: { updatedAt: { $literal: DateTime("2026-04-10 14:11:36.526 +00:00:00"), }, }, }])

[90mstdout[2m | src/__tests__/checkout/checkout.test.ts[2m > [22m[2mcheckout session service[2m > [22m[2mshould confirm checkout and create orders split by vendor
[22m[39mprisma:query db.Product.aggregate([ { $match: { $expr: { $and: [ { $and: [ { $eq: [ "$_id", { $literal: ObjectId("69d905123a77da4627d44d8d"), }, ], }, { $ne: [ "$_id", "$$REMOVE", ], }, ], }, ], }, }, }, { $project: { _id: 1, name: 1, slug: 1, description: 1, shortDesc: 1, stockKeepingUnit: 1, basePrice: 1, salePrice: 1, type: 1, categoryId: 1, vendorId: 1, approvalStatus: 1, brand: 1, tags: 1, images: 1, avgRating: 1, reviewCount: 1, stock: 1, lowStockThreshold: 1, isActive: 1, isFeatured: 1, isNewArrival: 1, createdAt: 1, updatedAt: 1, }, }, ])

[90mstdout[2m | src/__tests__/checkout/checkout.test.ts[2m > [22m[2mcheckout session service[2m > [22m[2mshould confirm checkout and create orders split by vendor
[22m[39mprisma:query db.Order.insertOne({ orderNumber: "WS-20260410-O2ECA", userId: "checkout-test-buyer4", vendorId: "checkout-test-vendor2", checkoutSessionId: "50b0cf24-5080-4a7a-9c17-75cf58e8ea38", status: "CREATED", shippingAddress: { firstName: "Test", lastName: "User", phone: "08012345678", street: "123 Test St", city: "Lagos", state: "Lagos", country: "Nigeria", postalCode: "100001", }, subtotal: 16000, shipping: 2500, discount: 0, total: 18500, createdAt: DateTime("2026-04-10 14:11:37.321 +00:00:00"), updatedAt: DateTime("2026-04-10 14:11:37.321 +00:00:00"), })

[90mstdout[2m | src/__tests__/checkout/checkout.test.ts[2m > [22m[2mcheckout session service[2m > [22m[2mshould confirm checkout and create orders split by vendor
[22m[39mprisma:query db.OrderItem.insertOne({ orderId: ObjectId("69d905193a77da4627d44d95"), productId: ObjectId("69d905123a77da4627d44d8e"), variantId: null, productName: "Vend Product", productImage: null, sku: "checkout-test-SKU-1775830290801-5", variantName: null, quantity: 2, unitPrice: 8000, totalPrice: 16000, createdAt: DateTime("2026-04-10 14:11:37.321 +00:00:00"), })

[90mstdout[2m | src/__tests__/checkout/checkout.test.ts[2m > [22m[2mcheckout session service[2m > [22m[2mshould confirm checkout and create orders split by vendor
[22m[39mprisma:query db.OrderStatusHistory.insertOne({ orderId: ObjectId("69d905193a77da4627d44d95"), status: "CREATED", note: "Order placed", createdAt: DateTime("2026-04-10 14:11:37.321 +00:00:00"), })

[90mstdout[2m | src/__tests__/checkout/checkout.test.ts[2m > [22m[2mcheckout session service[2m > [22m[2mshould confirm checkout and create orders split by vendor
[22m[39mprisma:query db.Order.aggregate([ { $match: { $expr: { $and: [ { $and: [ { $eq: [ "$_id", { $literal: ObjectId("69d905193a77da4627d44d95"), }, ], }, { $ne: [ "$_id", "$$REMOVE", ], }, ], }, ], }, }, }, { $project: { _id: 1, orderNumber: 1, userId: 1, vendorId: 1, checkoutSessionId: 1, status: 1, shippingAddress: 1, billingAddress: 1, subtotal: 1, shipping: 1, discount: 1, total: 1, couponCode: 1, notes: 1, createdAt: 1, updatedAt: 1, paidAt: 1, shippedAt: 1, deliveredAt: 1, }, }, ])

[90mstdout[2m | src/__tests__/checkout/checkout.test.ts[2m > [22m[2mcheckout session service[2m > [22m[2mshould confirm checkout and create orders split by vendor
[22m[39mprisma:query db.Product.aggregate([ { $match: { $expr: { $and: [ { $and: [ { $and: [ { $eq: [ "$_id", { $literal: ObjectId("69d905123a77da4627d44d8e"), }, ], }, { $ne: [ "$_id", "$$REMOVE", ], }, ], }, ], }, { }, ], }, }, }, { $project: { _id: 1, }, }, ])

[90mstdout[2m | src/__tests__/checkout/checkout.test.ts[2m > [22m[2mcheckout session service[2m > [22m[2mshould confirm checkout and create orders split by vendor
[22m[39mprisma:query db.Product.updateMany({ _id: { $in: [ ObjectId("69d905123a77da4627d44d8e"), ], }, },[{ $set: { stock: { $subtract: [ "$stock", 2, ], }, }, },
{ $set: { updatedAt: { $literal: DateTime("2026-04-10 14:11:38.07 +00:00:00"), }, }, }])

[90mstdout[2m | src/__tests__/checkout/checkout.test.ts[2m > [22m[2mcheckout session service[2m > [22m[2mshould confirm checkout and create orders split by vendor
[22m[39mprisma:query db.Product.aggregate([ { $match: { $expr: { $and: [ { $and: [ { $eq: [ "$_id", { $literal: ObjectId("69d905123a77da4627d44d8e"), }, ], }, { $ne: [ "$_id", "$$REMOVE", ], }, ], }, ], }, }, }, { $project: { _id: 1, name: 1, slug: 1, description: 1, shortDesc: 1, stockKeepingUnit: 1, basePrice: 1, salePrice: 1, type: 1, categoryId: 1, vendorId: 1, approvalStatus: 1, brand: 1, tags: 1, images: 1, avgRating: 1, reviewCount: 1, stock: 1, lowStockThreshold: 1, isActive: 1, isFeatured: 1, isNewArrival: 1, createdAt: 1, updatedAt: 1, }, }, ])

[90mstdout[2m | src/__tests__/checkout/checkout.test.ts[2m > [22m[2mcheckout session service[2m > [22m[2mshould confirm checkout and create orders split by vendor
[22m[39mprisma:query db.CartItem.aggregate([ { $match: { $expr: { $and: [ { $eq: [ "$cartId", { $literal: ObjectId("69d905133a77da4627d44d8f"), }, ], }, { $ne: [ "$cartId", "$$REMOVE", ], }, ], }, }, }, { $project: { _id: 1, }, }, ])

[90mstdout[2m | src/__tests__/checkout/checkout.test.ts[2m > [22m[2mcheckout session service[2m > [22m[2mshould confirm checkout and create orders split by vendor
[22m[39mprisma:query db.CartItem.deleteMany({ _id: { $in: [ ObjectId("69d905143a77da4627d44d90"), ObjectId("69d905153a77da4627d44d91"), ], }, })

[90mstdout[2m | src/__tests__/checkout/checkout.test.ts[2m > [22m[2mcheckout session service[2m > [22m[2mshould confirm checkout and create orders split by vendor
[22m[39mprisma:query db.Order.aggregate([ { $match: { $expr: { $and: [ { $eq: [ "$checkoutSessionId", { $literal: "50b0cf24-5080-4a7a-9c17-75cf58e8ea38", }, ], }, { $ne: [ "$checkoutSessionId", "$$REMOVE", ], }, ], }, }, }, { $project: { _id: 1, orderNumber: 1, userId: 1, vendorId: 1, checkoutSessionId: 1, status: 1, shippingAddress: 1, billingAddress: 1, subtotal: 1, shipping: 1, discount: 1, total: 1, couponCode: 1, notes: 1, createdAt: 1, updatedAt: 1, paidAt: 1, shippedAt: 1, deliveredAt: 1, }, }, ])

[90mstdout[2m | src/__tests__/checkout/checkout.test.ts[2m > [22m[2mcheckout session service[2m > [22m[2mshould confirm checkout and create orders split by vendor
[22m[39mprisma:query db.OrderItem.aggregate([ { $match: { $expr: { $and: [ { $or: [ { $eq: [ "$orderId", { $literal: ObjectId("69d905173a77da4627d44d92"), }, ], }, { $eq: [ "$orderId", { $literal: ObjectId("69d905193a77da4627d44d95"), }, ], }, ], }, { $ne: [ "$orderId", "$$REMOVE", ], }, ], }, }, }, { $project: { _id: 1, orderId: 1, productId: 1, variantId: 1, productName: 1, productImage: 1, sku: 1, variantName: 1, quantity: 1, unitPrice: 1, totalPrice: 1, createdAt: 1, }, }, ])

[90mstdout[2m | src/__tests__/checkout/checkout.test.ts[2m > [22m[2mcheckout session service[2m > [22m[2mshould confirm checkout and create orders split by vendor
[22m[39mprisma:query db.Product.aggregate([ { $match: { $expr: { $and: [ { $and: [ { $and: [ { $eq: [ "$_id", { $literal: ObjectId("69d905123a77da4627d44d8d"), }, ], }, { $ne: [ "$_id", "$$REMOVE", ], }, ], }, ], }, { }, ], }, }, }, { $project: { _id: 1, name: 1, slug: 1, description: 1, shortDesc: 1, stockKeepingUnit: 1, basePrice: 1, salePrice: 1, type: 1, categoryId: 1, vendorId: 1, approvalStatus: 1, brand: 1, tags: 1, images: 1, avgRating: 1, reviewCount: 1, stock: 1, lowStockThreshold: 1, isActive: 1, isFeatured: 1, isNewArrival: 1, createdAt: 1, updatedAt: 1, }, }, ])

[90mstdout[2m | src/__tests__/checkout/checkout.test.ts[2m > [22m[2mcheckout session service[2m > [22m[2mshould confirm checkout and create orders split by vendor
[22m[39mprisma:query db.Product.aggregate([ { $match: { $expr: { $and: [ { $and: [ { $and: [ { $eq: [ "$_id", { $literal: ObjectId("69d905123a77da4627d44d8e"), }, ], }, { $ne: [ "$_id", "$$REMOVE", ], }, ], }, ], }, { }, ], }, }, }, { $project: { _id: 1, name: 1, slug: 1, description: 1, shortDesc: 1, stockKeepingUnit: 1, basePrice: 1, salePrice: 1, type: 1, categoryId: 1, vendorId: 1, approvalStatus: 1, brand: 1, tags: 1, images: 1, avgRating: 1, reviewCount: 1, stock: 1, lowStockThreshold: 1, isActive: 1, isFeatured: 1, isNewArrival: 1, createdAt: 1, updatedAt: 1, }, }, ])

[90mstdout[2m | src/__tests__/checkout/checkout.test.ts[2m > [22m[2mcheckout session service[2m > [22m[2mshould confirm checkout and create orders split by vendor
[22m[39mprisma:query db.Cart.aggregate([ { $match: { $expr: { $and: [ { $and: [ { $and: [ { $eq: [ "$userId", { $literal: "checkout-test-buyer4", }, ], }, { $ne: [ "$userId", "$$REMOVE", ], }, ], }, ], }, { }, ], }, }, }, { $project: { _id: 1, userId: 1, sessionId: 1, createdAt: 1, updatedAt: 1, }, }, ])

[90mstdout[2m | src/__tests__/checkout/checkout.test.ts[2m > [22m[2mcheckout session service[2m > [22m[2mshould confirm checkout and create orders split by vendor
[22m[39mprisma:query db.CartItem.aggregate([ { $match: { $expr: { $and: [ { $or: [ { $eq: [ "$cartId", { $literal: ObjectId("69d905133a77da4627d44d8f"), }, ], }, ], }, { $ne: [ "$cartId", "$$REMOVE", ], }, ], }, }, }, { $project: { _id: 1, cartId: 1, productId: 1, variantId: 1, quantity: 1, createdAt: 1, updatedAt: 1, }, }, ])

[90mstdout[2m | src/__tests__/checkout/checkout.test.ts[2m > [22m[2mcheckout session service[2m > [22m[2mshould confirm checkout and create orders split by vendor
[22m[39mprisma:query db.Order.aggregate([ { $match: { $expr: { $and: [ { $regexMatch: { input: "$userId", regex: "^checkout-test", options: "", }, }, { $ne: [ "$userId", "$$REMOVE", ], }, ], }, }, }, { $project: { _id: 1, }, }, ])

[90mstdout[2m | src/__tests__/checkout/checkout.test.ts[2m > [22m[2mcheckout session service[2m > [22m[2mshould confirm checkout and create orders split by vendor
[22m[39mprisma:query db.OrderStatusHistory.aggregate([ { $match: { $expr: { $and: [ { $or: [ { $eq: [ "$orderId", { $literal: ObjectId("69d905173a77da4627d44d92"), }, ], }, { $eq: [ "$orderId", { $literal: ObjectId("69d905193a77da4627d44d95"), }, ], }, ], }, { $ne: [ "$orderId", "$$REMOVE", ], }, ], }, }, }, { $project: { _id: 1, }, }, ])

[90mstdout[2m | src/__tests__/checkout/checkout.test.ts[2m > [22m[2mcheckout session service[2m > [22m[2mshould confirm checkout and create orders split by vendor
[22m[39mprisma:query db.OrderStatusHistory.deleteMany({ _id: { $in: [ ObjectId("69d905183a77da4627d44d94"), ObjectId("69d905193a77da4627d44d97"), ], }, })

[90mstdout[2m | src/__tests__/checkout/checkout.test.ts[2m > [22m[2mcheckout session service[2m > [22m[2mshould confirm checkout and create orders split by vendor
[22m[39mprisma:query db.OrderItem.aggregate([ { $match: { $expr: { $and: [ { $or: [ { $eq: [ "$orderId", { $literal: ObjectId("69d905173a77da4627d44d92"), }, ], }, { $eq: [ "$orderId", { $literal: ObjectId("69d905193a77da4627d44d95"), }, ], }, ], }, { $ne: [ "$orderId", "$$REMOVE", ], }, ], }, }, }, { $project: { _id: 1, }, }, ])

[90mstdout[2m | src/__tests__/checkout/checkout.test.ts[2m > [22m[2mcheckout session service[2m > [22m[2mshould confirm checkout and create orders split by vendor
[22m[39mprisma:query db.OrderItem.deleteMany({ _id: { $in: [ ObjectId("69d905173a77da4627d44d93"), ObjectId("69d905193a77da4627d44d96"), ], }, })

[90mstdout[2m | src/__tests__/checkout/checkout.test.ts[2m > [22m[2mcheckout session service[2m > [22m[2mshould confirm checkout and create orders split by vendor
[22m[39mprisma:query db.Payment.aggregate([ { $match: { $expr: { $and: [ { $regexMatch: { input: "$userId", regex: "^checkout-test", options: "", }, }, { $ne: [ "$userId", "$$REMOVE", ], }, ], }, }, }, { $project: { _id: 1, }, }, ])

[90mstdout[2m | src/__tests__/checkout/checkout.test.ts[2m > [22m[2mcheckout session service[2m > [22m[2mshould confirm checkout and create orders split by vendor
[22m[39mprisma:query db.Order.aggregate([ { $match: { $expr: { $and: [ { $regexMatch: { input: "$userId", regex: "^checkout-test", options: "", }, }, { $ne: [ "$userId", "$$REMOVE", ], }, ], }, }, }, { $project: { _id: 1, }, }, ])

[90mstdout[2m | src/__tests__/checkout/checkout.test.ts[2m > [22m[2mcheckout session service[2m > [22m[2mshould confirm checkout and create orders split by vendor
[22m[39mprisma:query db.OrderStatusHistory.aggregate([ { $match: { $expr: { $and: [ { }, { $and: [ { $or: [ { $eq: [ "$orderId", { $literal: ObjectId("69d905173a77da4627d44d92"), }, ], }, { $eq: [ "$orderId", { $literal: ObjectId("69d905193a77da4627d44d95"), }, ], }, ], }, { $ne: [ "$orderId", "$$REMOVE", ], }, ], }, ], }, }, }, { $project: { _id: 1, orderId: 1, }, }, ])

[90mstdout[2m | src/__tests__/checkout/checkout.test.ts[2m > [22m[2mcheckout session service[2m > [22m[2mshould confirm checkout and create orders split by vendor
[22m[39mprisma:query db.OrderItem.aggregate([ { $match: { $expr: { $and: [ { }, { $and: [ { $or: [ { $eq: [ "$orderId", { $literal: ObjectId("69d905173a77da4627d44d92"), }, ], }, { $eq: [ "$orderId", { $literal: ObjectId("69d905193a77da4627d44d95"), }, ], }, ], }, { $ne: [ "$orderId", "$$REMOVE", ], }, ], }, ], }, }, }, { $project: { _id: 1, orderId: 1, }, }, ])

[90mstdout[2m | src/__tests__/checkout/checkout.test.ts[2m > [22m[2mcheckout session service[2m > [22m[2mshould confirm checkout and create orders split by vendor
[22m[39mprisma:query db.Order.deleteMany({ _id: { $in: [ ObjectId("69d905173a77da4627d44d92"), ObjectId("69d905193a77da4627d44d95"), ], }, })

[90mstdout[2m | src/__tests__/checkout/checkout.test.ts[2m > [22m[2mcheckout session service[2m > [22m[2mshould confirm checkout and create orders split by vendor
[22m[39mprisma:query db.CartItem.aggregate([ { $lookup: { from: "Cart", let: { left_0: "$cartId", }, pipeline: [ { $match: { $expr: { $and: [ { $eq: [ "$_id", "$$left_0", ], }, ], }, }, }, ], as: "CartToCartItem", }, }, { $match: { $expr: { $and: [ { $eq: [ { $size: { $filter: { input: "$CartToCartItem", as: "elem", cond: { $and: [ { $regexMatch: { input: "$$elem.userId", regex: "^checkout-test", options: "", }, }, { $ne: [ "$$elem.userId", "$$REMOVE", ], }, ], }, }, }, }, { $size: "$CartToCartItem", }, ], }, { $eq: [ { $size: "$CartToCartItem", }, 1, ], }, ], }, }, }, { $unwind: { path: "$CartToCartItem", preserveNullAndEmptyArrays: true, }, }, { $project: { _id: 1, }, }, ])

[90mstdout[2m | src/__tests__/checkout/checkout.test.ts[2m > [22m[2mcheckout session service[2m > [22m[2mshould confirm checkout and create orders split by vendor
[22m[39mprisma:query db.Cart.aggregate([ { $match: { $expr: { $and: [ { $regexMatch: { input: "$userId", regex: "^checkout-test", options: "", }, }, { $ne: [ "$userId", "$$REMOVE", ], }, ], }, }, }, { $project: { _id: 1, }, }, ])

[90mstdout[2m | src/__tests__/checkout/checkout.test.ts[2m > [22m[2mcheckout session service[2m > [22m[2mshould confirm checkout and create orders split by vendor
[22m[39mprisma:query db.CartItem.aggregate([ { $match: { $expr: { $and: [ { }, { $and: [ { $or: [ { $eq: [ "$cartId", { $literal: ObjectId("69d905133a77da4627d44d8f"), }, ], }, ], }, { $ne: [ "$cartId", "$$REMOVE", ], }, ], }, ], }, }, }, { $project: { _id: 1, cartId: 1, }, }, ])

[90mstdout[2m | src/__tests__/checkout/checkout.test.ts[2m > [22m[2mcheckout session service[2m > [22m[2mshould confirm checkout and create orders split by vendor
[22m[39mprisma:query db.Cart.deleteMany({ _id: { $in: [ ObjectId("69d905133a77da4627d44d8f"), ], }, })

[90mstdout[2m | src/__tests__/checkout/checkout.test.ts[2m > [22m[2mcheckout session service[2m > [22m[2mshould confirm checkout and create orders split by vendor
[22m[39mprisma:query db.Product.aggregate([ { $match: { $expr: { $and: [ { $regexMatch: { input: "$vendorId", regex: "^checkout-test", options: "", }, }, { $ne: [ "$vendorId", "$$REMOVE", ], }, ], }, }, }, { $project: { _id: 1, }, }, ])

[90mstdout[2m | src/__tests__/checkout/checkout.test.ts[2m > [22m[2mcheckout session service[2m > [22m[2mshould confirm checkout and create orders split by vendor
[22m[39mprisma:query db.ProductVariant.aggregate([ { $match: { $expr: { $and: [ { $or: [ { $eq: [ "$productId", { $literal: ObjectId("69d905123a77da4627d44d8e"), }, ], }, ], }, { $ne: [ "$productId", "$$REMOVE", ], }, ], }, }, }, { $project: { _id: 1, }, }, ])

[90mstdout[2m | src/__tests__/checkout/checkout.test.ts[2m > [22m[2mcheckout session service[2m > [22m[2mshould confirm checkout and create orders split by vendor
[22m[39mprisma:query db.Product.aggregate([ { $match: { $expr: { $or: [ { $and: [ { $regexMatch: { input: "$vendorId", regex: "^checkout-test", options: "", }, }, { $ne: [ "$vendorId", "$$REMOVE", ], }, ], }, { $and: [ { $regexMatch: { input: "$slug", regex: "^checkout-test", options: "", }, }, { $ne: [ "$slug", "$$REMOVE", ], }, ], }, ], }, }, }, { $project: { _id: 1, }, }, ])

[90mstdout[2m | src/__tests__/checkout/checkout.test.ts[2m > [22m[2mcheckout session service[2m > [22m[2mshould confirm checkout and create orders split by vendor
[22m[39mprisma:query db.DigitalAsset.aggregate([ { $match: { $expr: { $and: [ { }, { $and: [ { $or: [ { $eq: [ "$productId", { $literal: ObjectId("69d905123a77da4627d44d8d"), }, ], }, { $eq: [ "$productId", { $literal: ObjectId("69d905123a77da4627d44d8e"), }, ], }, ], }, { $ne: [ "$productId", "$$REMOVE", ], }, ], }, ], }, }, }, { $project: { _id: 1, productId: 1, }, }, ])

[90mstdout[2m | src/__tests__/checkout/checkout.test.ts[2m > [22m[2mcheckout session service[2m > [22m[2mshould confirm checkout and create orders split by vendor
[22m[39mprisma:query db.WishlistItem.aggregate([ { $match: { $expr: { $and: [ { }, { $and: [ { $or: [ { $eq: [ "$productId", { $literal: ObjectId("69d905123a77da4627d44d8d"), }, ], }, { $eq: [ "$productId", { $literal: ObjectId("69d905123a77da4627d44d8e"), }, ], }, ], }, { $ne: [ "$productId", "$$REMOVE", ], }, ], }, ], }, }, }, { $project: { _id: 1, productId: 1, }, }, ])

[90mstdout[2m | src/__tests__/checkout/checkout.test.ts[2m > [22m[2mcheckout session service[2m > [22m[2mshould confirm checkout and create orders split by vendor
[22m[39mprisma:query db.Review.aggregate([ { $match: { $expr: { $and: [ { }, { $and: [ { $or: [ { $eq: [ "$productId", { $literal: ObjectId("69d905123a77da4627d44d8d"), }, ], }, { $eq: [ "$productId", { $literal: ObjectId("69d905123a77da4627d44d8e"), }, ], }, ], }, { $ne: [ "$productId", "$$REMOVE", ], }, ], }, ], }, }, }, { $project: { _id: 1, productId: 1, }, }, ])

[90mstdout[2m | src/__tests__/checkout/checkout.test.ts[2m > [22m[2mcheckout session service[2m > [22m[2mshould confirm checkout and create orders split by vendor
[22m[39mprisma:query db.OrderItem.aggregate([ { $match: { $expr: { $and: [ { }, { $and: [ { $or: [ { $eq: [ "$productId", { $literal: ObjectId("69d905123a77da4627d44d8d"), }, ], }, { $eq: [ "$productId", { $literal: ObjectId("69d905123a77da4627d44d8e"), }, ], }, ], }, { $ne: [ "$productId", "$$REMOVE", ], }, ], }, ], }, }, }, { $project: { _id: 1, productId: 1, }, }, ])

[90mstdout[2m | src/__tests__/checkout/checkout.test.ts[2m > [22m[2mcheckout session service[2m > [22m[2mshould confirm checkout and create orders split by vendor
[22m[39mprisma:query db.CartItem.aggregate([ { $match: { $expr: { $and: [ { }, { $and: [ { $or: [ { $eq: [ "$productId", { $literal: ObjectId("69d905123a77da4627d44d8d"), }, ], }, { $eq: [ "$productId", { $literal: ObjectId("69d905123a77da4627d44d8e"), }, ], }, ], }, { $ne: [ "$productId", "$$REMOVE", ], }, ], }, ], }, }, }, { $project: { _id: 1, productId: 1, }, }, ])

[90mstdout[2m | src/__tests__/checkout/checkout.test.ts[2m > [22m[2mcheckout session service[2m > [22m[2mshould confirm checkout and create orders split by vendor
[22m[39mprisma:query db.ProductVariant.aggregate([ { $match: { $expr: { $and: [ { }, { $and: [ { $or: [ { $eq: [ "$productId", { $literal: ObjectId("69d905123a77da4627d44d8d"), }, ], }, { $eq: [ "$productId", { $literal: ObjectId("69d905123a77da4627d44d8e"), }, ], }, ], }, { $ne: [ "$productId", "$$REMOVE", ], }, ], }, ], }, }, }, { $project: { _id: 1, productId: 1, }, }, ])

[90mstdout[2m | src/__tests__/checkout/checkout.test.ts[2m > [22m[2mcheckout session service[2m > [22m[2mshould confirm checkout and create orders split by vendor
[22m[39mprisma:query db.Product.deleteMany({ _id: { $in: [ ObjectId("69d905123a77da4627d44d8d"), ObjectId("69d905123a77da4627d44d8e"), ], }, })

[90mstdout[2m | src/__tests__/checkout/checkout.test.ts[2m > [22m[2mcheckout session service[2m > [22m[2mshould confirm checkout and create orders split by vendor
[22m[39mprisma:query db.UserProfile.aggregate([ { $match: { $expr: { $and: [ { $regexMatch: { input: "$userId", regex: "^checkout-test", options: "", }, }, { $ne: [ "$userId", "$$REMOVE", ], }, ], }, }, }, { $project: { _id: 1, }, }, ])

[90mstdout[2m | src/__tests__/checkout/checkout.test.ts[2m > [22m[2mcheckout session service[2m > [22m[2mshould confirm checkout and create orders split by vendor
[22m[39mprisma:query db.UserProfile.deleteMany({ _id: { $in: [ ObjectId("69d905103a77da4627d44d8b"), ObjectId("69d905113a77da4627d44d8c"), ], }, })

[90mstdout[2m | src/__tests__/checkout/checkout.test.ts[2m > [22m[2mcheckout session service[2m > [22m[2mshould throw 409 if cart changed since preview
[22m[39mprisma:query db.UserProfile.insertOne({ userId: "checkout-test-buyer5", email: "checkout-test-buyer5@test.com", firstName: "Test", lastName: "User", role: "CUSTOMER", isVendor: false, createdAt: DateTime("2026-04-10 14:11:54.037 +00:00:00"), updatedAt: DateTime("2026-04-10 14:11:54.037 +00:00:00"), })

[90mstdout[2m | src/__tests__/checkout/checkout.test.ts[2m > [22m[2mcheckout session service[2m > [22m[2mshould throw 409 if cart changed since preview
[22m[39mprisma:query db.UserProfile.aggregate([ { $match: { $expr: { $and: [ { $and: [ { $eq: [ "$_id", { $literal: ObjectId("69d9052a3a77da4627d44d98"), }, ], }, { $ne: [ "$_id", "$$REMOVE", ], }, ], }, ], }, }, }, { $project: { _id: 1, userId: 1, email: 1, firstName: 1, lastName: 1, phone: 1, avatar: 1, dateOfBirth: 1, gender: 1, role: 1, isVendor: 1, vendorStatus: 1, storeName: 1, storeSlug: 1, storeDescription: 1, vendorSince: 1, createdAt: 1, updatedAt: 1, }, }, ])

[90mstdout[2m | src/__tests__/checkout/checkout.test.ts[2m > [22m[2mcheckout session service[2m > [22m[2mshould throw 409 if cart changed since preview
[22m[39mprisma:query db.Product.insertOne({ name: "Change Item", slug: "checkout-test-change", description: "Change Item description", stockKeepingUnit: "checkout-test-SKU-1775830314718-6", basePrice: 5000, type: "PHYSICAL", vendorId: null, approvalStatus: "APPROVED", tags: [ ], images: [ ], avgRating: 0, reviewCount: 0, stock: 10, lowStockThreshold: 10, isActive: true, isFeatured: false, isNewArrival: true, createdAt: DateTime("2026-04-10 14:11:54.72 +00:00:00"), updatedAt: DateTime("2026-04-10 14:11:54.72 +00:00:00"), })

[90mstdout[2m | src/__tests__/checkout/checkout.test.ts[2m > [22m[2mcheckout session service[2m > [22m[2mshould throw 409 if cart changed since preview
[22m[39mprisma:query db.Product.aggregate([ { $match: { $expr: { $and: [ { $and: [ { $eq: [ "$_id", { $literal: ObjectId("69d9052a3a77da4627d44d99"), }, ], }, { $ne: [ "$_id", "$$REMOVE", ], }, ], }, ], }, }, }, { $project: { _id: 1, name: 1, slug: 1, description: 1, shortDesc: 1, stockKeepingUnit: 1, basePrice: 1, salePrice: 1, type: 1, categoryId: 1, vendorId: 1, approvalStatus: 1, brand: 1, tags: 1, images: 1, avgRating: 1, reviewCount: 1, stock: 1, lowStockThreshold: 1, isActive: 1, isFeatured: 1, isNewArrival: 1, createdAt: 1, updatedAt: 1, }, }, ])

[90mstdout[2m | src/__tests__/checkout/checkout.test.ts[2m > [22m[2mcheckout session service[2m > [22m[2mshould throw 409 if cart changed since preview
[22m[39mprisma:query db.Cart.aggregate([ { $match: { $expr: { $and: [ { $and: [ { $and: [ { $eq: [ "$userId", { $literal: "checkout-test-buyer5", }, ], }, { $ne: [ "$userId", "$$REMOVE", ], }, ], }, ], }, { }, ], }, }, }, { $project: { _id: 1, userId: 1, sessionId: 1, createdAt: 1, updatedAt: 1, }, }, ])

[90mstdout[2m | src/__tests__/checkout/checkout.test.ts[2m > [22m[2mcheckout session service[2m > [22m[2mshould throw 409 if cart changed since preview
[22m[39mprisma:query db.Cart.insertOne({ userId: "checkout-test-buyer5", createdAt: DateTime("2026-04-10 14:11:56.123 +00:00:00"), updatedAt: DateTime("2026-04-10 14:11:56.123 +00:00:00"), })

[90mstdout[2m | src/__tests__/checkout/checkout.test.ts[2m > [22m[2mcheckout session service[2m > [22m[2mshould throw 409 if cart changed since preview
[22m[39mprisma:query db.Cart.aggregate([ { $match: { $expr: { $and: [ { $and: [ { $eq: [ "$_id", { $literal: ObjectId("69d9052c3a77da4627d44d9a"), }, ], }, { $ne: [ "$_id", "$$REMOVE", ], }, ], }, ], }, }, }, { $project: { _id: 1, userId: 1, sessionId: 1, createdAt: 1, updatedAt: 1, }, }, ])

[90mstdout[2m | src/__tests__/checkout/checkout.test.ts[2m > [22m[2mcheckout session service[2m > [22m[2mshould throw 409 if cart changed since preview
[22m[39mprisma:query db.CartItem.insertOne({ cartId: ObjectId("69d9052c3a77da4627d44d9a"), productId: ObjectId("69d9052a3a77da4627d44d99"), quantity: 1, createdAt: DateTime("2026-04-10 14:11:57.243 +00:00:00"), updatedAt: DateTime("2026-04-10 14:11:57.243 +00:00:00"), })

[90mstdout[2m | src/__tests__/checkout/checkout.test.ts[2m > [22m[2mcheckout session service[2m > [22m[2mshould throw 409 if cart changed since preview
[22m[39mprisma:query db.CartItem.aggregate([ { $match: { $expr: { $and: [ { $and: [ { $eq: [ "$_id", { $literal: ObjectId("69d9052d3a77da4627d44d9b"), }, ], }, { $ne: [ "$_id", "$$REMOVE", ], }, ], }, ], }, }, }, { $project: { _id: 1, cartId: 1, productId: 1, variantId: 1, quantity: 1, createdAt: 1, updatedAt: 1, }, }, ])

[90mstdout[2m | src/__tests__/checkout/checkout.test.ts[2m > [22m[2mcheckout session service[2m > [22m[2mshould throw 409 if cart changed since preview
[22m[39mprisma:query db.Cart.aggregate([ { $match: { $expr: { $and: [ { $and: [ { $and: [ { $eq: [ "$userId", { $literal: "checkout-test-buyer5", }, ], }, { $ne: [ "$userId", "$$REMOVE", ], }, ], }, ], }, { }, ], }, }, }, { $project: { _id: 1, userId: 1, sessionId: 1, createdAt: 1, updatedAt: 1, }, }, ])

[90mstdout[2m | src/__tests__/checkout/checkout.test.ts[2m > [22m[2mcheckout session service[2m > [22m[2mshould throw 409 if cart changed since preview
[22m[39mprisma:query db.CartItem.aggregate([ { $match: { $expr: { $and: [ { $or: [ { $eq: [ "$cartId", { $literal: ObjectId("69d9052c3a77da4627d44d9a"), }, ], }, ], }, { $ne: [ "$cartId", "$$REMOVE", ], }, ], }, }, }, { $project: { _id: 1, cartId: 1, productId: 1, variantId: 1, quantity: 1, createdAt: 1, updatedAt: 1, }, }, ])

[90mstdout[2m | src/__tests__/checkout/checkout.test.ts[2m > [22m[2mcheckout session service[2m > [22m[2mshould throw 409 if cart changed since preview
[22m[39mprisma:query db.Product.aggregate([ { $match: { $expr: { $and: [ { $or: [ { $eq: [ "$_id", { $literal: ObjectId("69d9052a3a77da4627d44d99"), }, ], }, ], }, { $ne: [ "$_id", "$$REMOVE", ], }, ], }, }, }, { $project: { _id: 1, name: 1, slug: 1, description: 1, shortDesc: 1, stockKeepingUnit: 1, basePrice: 1, salePrice: 1, type: 1, categoryId: 1, vendorId: 1, approvalStatus: 1, brand: 1, tags: 1, images: 1, avgRating: 1, reviewCount: 1, stock: 1, lowStockThreshold: 1, isActive: 1, isFeatured: 1, isNewArrival: 1, createdAt: 1, updatedAt: 1, }, }, ])

[90mstdout[2m | src/__tests__/checkout/checkout.test.ts[2m > [22m[2mcheckout session service[2m > [22m[2mshould throw 409 if cart changed since preview
[22m[39mprisma:query db.Cart.aggregate([ { $match: { $expr: { $and: [ { $and: [ { $and: [ { $eq: [ "$userId", { $literal: "checkout-test-buyer5", }, ], }, { $ne: [ "$userId", "$$REMOVE", ], }, ], }, ], }, { }, ], }, }, }, { $project: { _id: 1, userId: 1, sessionId: 1, createdAt: 1, updatedAt: 1, }, }, ])

[90mstdout[2m | src/__tests__/checkout/checkout.test.ts[2m > [22m[2mcheckout session service[2m > [22m[2mshould throw 409 if cart changed since preview
[22m[39mprisma:query db.CartItem.aggregate([ { $match: { $expr: { $and: [ { $eq: [ "$cartId", { $literal: ObjectId("69d9052c3a77da4627d44d9a"), }, ], }, { $ne: [ "$cartId", "$$REMOVE", ], }, ], }, }, }, { $project: { _id: 1, }, }, ])

[90mstdout[2m | src/__tests__/checkout/checkout.test.ts[2m > [22m[2mcheckout session service[2m > [22m[2mshould throw 409 if cart changed since preview
[22m[39mprisma:query db.CartItem.updateMany({ _id: { $in: [ ObjectId("69d9052d3a77da4627d44d9b"), ], }, },[{ $set: { quantity: { $literal: 3, }, }, },
{ $set: { updatedAt: { $literal: DateTime("2026-04-10 14:12:00.743 +00:00:00"), }, }, }])

[90mstdout[2m | src/__tests__/checkout/checkout.test.ts[2m > [22m[2mcheckout session service[2m > [22m[2mshould throw 409 if cart changed since preview
[22m[39mprisma:query db.Cart.aggregate([ { $match: { $expr: { $and: [ { $and: [ { $and: [ { $eq: [ "$userId", { $literal: "checkout-test-buyer5", }, ], }, { $ne: [ "$userId", "$$REMOVE", ], }, ], }, ], }, { }, ], }, }, }, { $project: { _id: 1, userId: 1, sessionId: 1, createdAt: 1, updatedAt: 1, }, }, ])

[90mstdout[2m | src/__tests__/checkout/checkout.test.ts[2m > [22m[2mcheckout session service[2m > [22m[2mshould throw 409 if cart changed since preview
[22m[39mprisma:query db.CartItem.aggregate([ { $match: { $expr: { $and: [ { $or: [ { $eq: [ "$cartId", { $literal: ObjectId("69d9052c3a77da4627d44d9a"), }, ], }, ], }, { $ne: [ "$cartId", "$$REMOVE", ], }, ], }, }, }, { $project: { _id: 1, cartId: 1, productId: 1, variantId: 1, quantity: 1, createdAt: 1, updatedAt: 1, }, }, ])

[90mstdout[2m | src/__tests__/checkout/checkout.test.ts[2m > [22m[2mcheckout session service[2m > [22m[2mshould throw 409 if cart changed since preview
[22m[39mprisma:query db.Product.aggregate([ { $match: { $expr: { $and: [ { $or: [ { $eq: [ "$_id", { $literal: ObjectId("69d9052a3a77da4627d44d99"), }, ], }, ], }, { $ne: [ "$_id", "$$REMOVE", ], }, ], }, }, }, { $project: { _id: 1, name: 1, slug: 1, description: 1, shortDesc: 1, stockKeepingUnit: 1, basePrice: 1, salePrice: 1, type: 1, categoryId: 1, vendorId: 1, approvalStatus: 1, brand: 1, tags: 1, images: 1, avgRating: 1, reviewCount: 1, stock: 1, lowStockThreshold: 1, isActive: 1, isFeatured: 1, isNewArrival: 1, createdAt: 1, updatedAt: 1, }, }, ])

[90mstdout[2m | src/__tests__/checkout/checkout.test.ts[2m > [22m[2mcheckout session service[2m > [22m[2mshould throw 409 if cart changed since preview
[22m[39mprisma:query db.Cart.aggregate([ { $match: { $expr: { $and: [ { $and: [ { $and: [ { $eq: [ "$userId", { $literal: "checkout-test-buyer5", }, ], }, { $ne: [ "$userId", "$$REMOVE", ], }, ], }, ], }, { }, ], }, }, }, { $project: { _id: 1, userId: 1, sessionId: 1, createdAt: 1, updatedAt: 1, }, }, ])

[90mstdout[2m | src/__tests__/checkout/checkout.test.ts[2m > [22m[2mcheckout session service[2m > [22m[2mshould throw 409 if cart changed since preview
[22m[39mprisma:query db.CartItem.aggregate([ { $match: { $expr: { $and: [ { $or: [ { $eq: [ "$cartId", { $literal: ObjectId("69d9052c3a77da4627d44d9a"), }, ], }, ], }, { $ne: [ "$cartId", "$$REMOVE", ], }, ], }, }, }, { $project: { _id: 1, cartId: 1, productId: 1, variantId: 1, quantity: 1, createdAt: 1, updatedAt: 1, }, }, ])

[90mstdout[2m | src/__tests__/checkout/checkout.test.ts[2m > [22m[2mcheckout session service[2m > [22m[2mshould throw 409 if cart changed since preview
[22m[39mprisma:query db.Product.aggregate([ { $match: { $expr: { $and: [ { $or: [ { $eq: [ "$_id", { $literal: ObjectId("69d9052a3a77da4627d44d99"), }, ], }, ], }, { $ne: [ "$_id", "$$REMOVE", ], }, ], }, }, }, { $project: { _id: 1, name: 1, slug: 1, description: 1, shortDesc: 1, stockKeepingUnit: 1, basePrice: 1, salePrice: 1, type: 1, categoryId: 1, vendorId: 1, approvalStatus: 1, brand: 1, tags: 1, images: 1, avgRating: 1, reviewCount: 1, stock: 1, lowStockThreshold: 1, isActive: 1, isFeatured: 1, isNewArrival: 1, createdAt: 1, updatedAt: 1, }, }, ])

[90mstdout[2m | src/__tests__/checkout/checkout.test.ts[2m > [22m[2mcheckout session service[2m > [22m[2mshould throw 409 if cart changed since preview
[22m[39mprisma:query db.Order.aggregate([ { $match: { $expr: { $and: [ { $regexMatch: { input: "$userId", regex: "^checkout-test", options: "", }, }, { $ne: [ "$userId", "$$REMOVE", ], }, ], }, }, }, { $project: { _id: 1, }, }, ])

[90mstdout[2m | src/__tests__/checkout/checkout.test.ts[2m > [22m[2mcheckout session service[2m > [22m[2mshould throw 409 if cart changed since preview
[22m[39mprisma:query db.Payment.aggregate([ { $match: { $expr: { $and: [ { $regexMatch: { input: "$userId", regex: "^checkout-test", options: "", }, }, { $ne: [ "$userId", "$$REMOVE", ], }, ], }, }, }, { $project: { _id: 1, }, }, ])

[90mstdout[2m | src/__tests__/checkout/checkout.test.ts[2m > [22m[2mcheckout session service[2m > [22m[2mshould throw 409 if cart changed since preview
[22m[39mprisma:query db.Order.aggregate([ { $match: { $expr: { $and: [ { $regexMatch: { input: "$userId", regex: "^checkout-test", options: "", }, }, { $ne: [ "$userId", "$$REMOVE", ], }, ], }, }, }, { $project: { _id: 1, }, }, ])

[90mstdout[2m | src/__tests__/checkout/checkout.test.ts[2m > [22m[2mcheckout session service[2m > [22m[2mshould throw 409 if cart changed since preview
[22m[39mprisma:query db.CartItem.aggregate([ { $lookup: { from: "Cart", let: { left_0: "$cartId", }, pipeline: [ { $match: { $expr: { $and: [ { $eq: [ "$_id", "$$left_0", ], }, ], }, }, }, ], as: "CartToCartItem", }, }, { $match: { $expr: { $and: [ { $eq: [ { $size: { $filter: { input: "$CartToCartItem", as: "elem", cond: { $and: [ { $regexMatch: { input: "$$elem.userId", regex: "^checkout-test", options: "", }, }, { $ne: [ "$$elem.userId", "$$REMOVE", ], }, ], }, }, }, }, { $size: "$CartToCartItem", }, ], }, { $eq: [ { $size: "$CartToCartItem", }, 1, ], }, ], }, }, }, { $unwind: { path: "$CartToCartItem", preserveNullAndEmptyArrays: true, }, }, { $project: { _id: 1, }, }, ])

[90mstdout[2m | src/__tests__/checkout/checkout.test.ts[2m > [22m[2mcheckout session service[2m > [22m[2mshould throw 409 if cart changed since preview
[22m[39mprisma:query db.CartItem.deleteMany({ _id: { $in: [ ObjectId("69d9052d3a77da4627d44d9b"), ], }, })

[90mstdout[2m | src/__tests__/checkout/checkout.test.ts[2m > [22m[2mcheckout session service[2m > [22m[2mshould throw 409 if cart changed since preview
[22m[39mprisma:query db.Cart.aggregate([ { $match: { $expr: { $and: [ { $regexMatch: { input: "$userId", regex: "^checkout-test", options: "", }, }, { $ne: [ "$userId", "$$REMOVE", ], }, ], }, }, }, { $project: { _id: 1, }, }, ])

[90mstdout[2m | src/__tests__/checkout/checkout.test.ts[2m > [22m[2mcheckout session service[2m > [22m[2mshould throw 409 if cart changed since preview
[22m[39mprisma:query db.CartItem.aggregate([ { $match: { $expr: { $and: [ { }, { $and: [ { $or: [ { $eq: [ "$cartId", { $literal: ObjectId("69d9052c3a77da4627d44d9a"), }, ], }, ], }, { $ne: [ "$cartId", "$$REMOVE", ], }, ], }, ], }, }, }, { $project: { _id: 1, cartId: 1, }, }, ])

[90mstdout[2m | src/__tests__/checkout/checkout.test.ts[2m > [22m[2mcheckout session service[2m > [22m[2mshould throw 409 if cart changed since preview
[22m[39mprisma:query db.Cart.deleteMany({ _id: { $in: [ ObjectId("69d9052c3a77da4627d44d9a"), ], }, })

[90mstdout[2m | src/__tests__/checkout/checkout.test.ts[2m > [22m[2mcheckout session service[2m > [22m[2mshould throw 409 if cart changed since preview
[22m[39mprisma:query db.Product.aggregate([ { $match: { $expr: { $and: [ { $regexMatch: { input: "$vendorId", regex: "^checkout-test", options: "", }, }, { $ne: [ "$vendorId", "$$REMOVE", ], }, ], }, }, }, { $project: { _id: 1, }, }, ])

[90mstdout[2m | src/__tests__/checkout/checkout.test.ts[2m > [22m[2mcheckout session service[2m > [22m[2mshould throw 409 if cart changed since preview
[22m[39mprisma:query db.Product.aggregate([ { $match: { $expr: { $or: [ { $and: [ { $regexMatch: { input: "$vendorId", regex: "^checkout-test", options: "", }, }, { $ne: [ "$vendorId", "$$REMOVE", ], }, ], }, { $and: [ { $regexMatch: { input: "$slug", regex: "^checkout-test", options: "", }, }, { $ne: [ "$slug", "$$REMOVE", ], }, ], }, ], }, }, }, { $project: { _id: 1, }, }, ])

[90mstdout[2m | src/__tests__/checkout/checkout.test.ts[2m > [22m[2mcheckout session service[2m > [22m[2mshould throw 409 if cart changed since preview
[22m[39mprisma:query db.DigitalAsset.aggregate([ { $match: { $expr: { $and: [ { }, { $and: [ { $or: [ { $eq: [ "$productId", { $literal: ObjectId("69d9052a3a77da4627d44d99"), }, ], }, ], }, { $ne: [ "$productId", "$$REMOVE", ], }, ], }, ], }, }, }, { $project: { _id: 1, productId: 1, }, }, ])

[90mstdout[2m | src/__tests__/checkout/checkout.test.ts[2m > [22m[2mcheckout session service[2m > [22m[2mshould throw 409 if cart changed since preview
[22m[39mprisma:query db.WishlistItem.aggregate([ { $match: { $expr: { $and: [ { }, { $and: [ { $or: [ { $eq: [ "$productId", { $literal: ObjectId("69d9052a3a77da4627d44d99"), }, ], }, ], }, { $ne: [ "$productId", "$$REMOVE", ], }, ], }, ], }, }, }, { $project: { _id: 1, productId: 1, }, }, ])

[90mstdout[2m | src/__tests__/checkout/checkout.test.ts[2m > [22m[2mcheckout session service[2m > [22m[2mshould throw 409 if cart changed since preview
[22m[39mprisma:query db.Review.aggregate([ { $match: { $expr: { $and: [ { }, { $and: [ { $or: [ { $eq: [ "$productId", { $literal: ObjectId("69d9052a3a77da4627d44d99"), }, ], }, ], }, { $ne: [ "$productId", "$$REMOVE", ], }, ], }, ], }, }, }, { $project: { _id: 1, productId: 1, }, }, ])

[90mstdout[2m | src/__tests__/checkout/checkout.test.ts[2m > [22m[2mcheckout session service[2m > [22m[2mshould throw 409 if cart changed since preview
[22m[39mprisma:query db.OrderItem.aggregate([ { $match: { $expr: { $and: [ { }, { $and: [ { $or: [ { $eq: [ "$productId", { $literal: ObjectId("69d9052a3a77da4627d44d99"), }, ], }, ], }, { $ne: [ "$productId", "$$REMOVE", ], }, ], }, ], }, }, }, { $project: { _id: 1, productId: 1, }, }, ])

[90mstdout[2m | src/__tests__/checkout/checkout.test.ts[2m > [22m[2mcheckout session service[2m > [22m[2mshould throw 409 if cart changed since preview
[22m[39mprisma:query db.CartItem.aggregate([ { $match: { $expr: { $and: [ { }, { $and: [ { $or: [ { $eq: [ "$productId", { $literal: ObjectId("69d9052a3a77da4627d44d99"), }, ], }, ], }, { $ne: [ "$productId", "$$REMOVE", ], }, ], }, ], }, }, }, { $project: { _id: 1, productId: 1, }, }, ])

[90mstdout[2m | src/__tests__/checkout/checkout.test.ts[2m > [22m[2mcheckout session service[2m > [22m[2mshould throw 409 if cart changed since preview
[22m[39mprisma:query db.ProductVariant.aggregate([ { $match: { $expr: { $and: [ { }, { $and: [ { $or: [ { $eq: [ "$productId", { $literal: ObjectId("69d9052a3a77da4627d44d99"), }, ], }, ], }, { $ne: [ "$productId", "$$REMOVE", ], }, ], }, ], }, }, }, { $project: { _id: 1, productId: 1, }, }, ])

[90mstdout[2m | src/__tests__/checkout/checkout.test.ts[2m > [22m[2mcheckout session service[2m > [22m[2mshould throw 409 if cart changed since preview
[22m[39mprisma:query db.Product.deleteMany({ _id: { $in: [ ObjectId("69d9052a3a77da4627d44d99"), ], }, })

[90mstdout[2m | src/__tests__/checkout/checkout.test.ts[2m > [22m[2mcheckout session service[2m > [22m[2mshould throw 409 if cart changed since preview
[22m[39mprisma:query db.UserProfile.aggregate([ { $match: { $expr: { $and: [ { $regexMatch: { input: "$userId", regex: "^checkout-test", options: "", }, }, { $ne: [ "$userId", "$$REMOVE", ], }, ], }, }, }, { $project: { _id: 1, }, }, ])

[90mstdout[2m | src/__tests__/checkout/checkout.test.ts[2m > [22m[2mcheckout session service[2m > [22m[2mshould throw 409 if cart changed since preview
[22m[39mprisma:query db.UserProfile.deleteMany({ _id: { $in: [ ObjectId("69d9052a3a77da4627d44d98"), ], }, })

[90mstdout[2m | src/__tests__/checkout/checkout.test.ts[2m > [22m[2mcheckout session service[2m > [22m[2mshould handle digital-only checkout without shipping address
[22m[39mprisma:query db.UserProfile.insertOne({ userId: "checkout-test-buyer6", email: "checkout-test-buyer6@test.com", firstName: "Test", lastName: "User", role: "CUSTOMER", isVendor: false, createdAt: DateTime("2026-04-10 14:12:09.521 +00:00:00"), updatedAt: DateTime("2026-04-10 14:12:09.521 +00:00:00"), })

[90mstdout[2m | src/__tests__/checkout/checkout.test.ts[2m > [22m[2mcheckout session service[2m > [22m[2mshould handle digital-only checkout without shipping address
[22m[39mprisma:query db.UserProfile.aggregate([ { $match: { $expr: { $and: [ { $and: [ { $eq: [ "$_id", { $literal: ObjectId("69d905393a77da4627d44d9c"), }, ], }, { $ne: [ "$_id", "$$REMOVE", ], }, ], }, ], }, }, }, { $project: { _id: 1, userId: 1, email: 1, firstName: 1, lastName: 1, phone: 1, avatar: 1, dateOfBirth: 1, gender: 1, role: 1, isVendor: 1, vendorStatus: 1, storeName: 1, storeSlug: 1, storeDescription: 1, vendorSince: 1, createdAt: 1, updatedAt: 1, }, }, ])

[90mstdout[2m | src/__tests__/checkout/checkout.test.ts[2m > [22m[2mcheckout session service[2m > [22m[2mshould handle digital-only checkout without shipping address
[22m[39mprisma:query db.Product.insertOne({ name: "Digital Item", slug: "checkout-test-digital", description: "Digital Item description", stockKeepingUnit: "checkout-test-SKU-1775830330406-7", basePrice: 2000, type: "DIGITAL", vendorId: null, approvalStatus: "APPROVED", tags: [ ], images: [ ], avgRating: 0, reviewCount: 0, stock: 10, lowStockThreshold: 10, isActive: true, isFeatured: false, isNewArrival: true, createdAt: DateTime("2026-04-10 14:12:10.408 +00:00:00"), updatedAt: DateTime("2026-04-10 14:12:10.408 +00:00:00"), })

[90mstdout[2m | src/__tests__/checkout/checkout.test.ts[2m > [22m[2mcheckout session service[2m > [22m[2mshould handle digital-only checkout without shipping address
[22m[39mprisma:query db.Product.aggregate([ { $match: { $expr: { $and: [ { $and: [ { $eq: [ "$_id", { $literal: ObjectId("69d9053a3a77da4627d44d9d"), }, ], }, { $ne: [ "$_id", "$$REMOVE", ], }, ], }, ], }, }, }, { $project: { _id: 1, name: 1, slug: 1, description: 1, shortDesc: 1, stockKeepingUnit: 1, basePrice: 1, salePrice: 1, type: 1, categoryId: 1, vendorId: 1, approvalStatus: 1, brand: 1, tags: 1, images: 1, avgRating: 1, reviewCount: 1, stock: 1, lowStockThreshold: 1, isActive: 1, isFeatured: 1, isNewArrival: 1, createdAt: 1, updatedAt: 1, }, }, ])

[90mstdout[2m | src/__tests__/checkout/checkout.test.ts[2m > [22m[2mcheckout session service[2m > [22m[2mshould handle digital-only checkout without shipping address
[22m[39mprisma:query db.Cart.aggregate([ { $match: { $expr: { $and: [ { $and: [ { $and: [ { $eq: [ "$userId", { $literal: "checkout-test-buyer6", }, ], }, { $ne: [ "$userId", "$$REMOVE", ], }, ], }, ], }, { }, ], }, }, }, { $project: { _id: 1, userId: 1, sessionId: 1, createdAt: 1, updatedAt: 1, }, }, ])

[90mstdout[2m | src/__tests__/checkout/checkout.test.ts[2m > [22m[2mcheckout session service[2m > [22m[2mshould handle digital-only checkout without shipping address
[22m[39mprisma:query db.Cart.insertOne({ userId: "checkout-test-buyer6", createdAt: DateTime("2026-04-10 14:12:11.317 +00:00:00"), updatedAt: DateTime("2026-04-10 14:12:11.317 +00:00:00"), })

[90mstdout[2m | src/__tests__/checkout/checkout.test.ts[2m > [22m[2mcheckout session service[2m > [22m[2mshould handle digital-only checkout without shipping address
[22m[39mprisma:query db.Cart.aggregate([ { $match: { $expr: { $and: [ { $and: [ { $eq: [ "$_id", { $literal: ObjectId("69d9053b3a77da4627d44d9e"), }, ], }, { $ne: [ "$_id", "$$REMOVE", ], }, ], }, ], }, }, }, { $project: { _id: 1, userId: 1, sessionId: 1, createdAt: 1, updatedAt: 1, }, }, ])

[90mstdout[2m | src/__tests__/checkout/checkout.test.ts[2m > [22m[2mcheckout session service[2m > [22m[2mshould handle digital-only checkout without shipping address
[22m[39mprisma:query db.CartItem.insertOne({ cartId: ObjectId("69d9053b3a77da4627d44d9e"), productId: ObjectId("69d9053a3a77da4627d44d9d"), quantity: 1, createdAt: DateTime("2026-04-10 14:12:11.872 +00:00:00"), updatedAt: DateTime("2026-04-10 14:12:11.872 +00:00:00"), })

[90mstdout[2m | src/__tests__/checkout/checkout.test.ts[2m > [22m[2mcheckout session service[2m > [22m[2mshould handle digital-only checkout without shipping address
[22m[39mprisma:query db.CartItem.aggregate([ { $match: { $expr: { $and: [ { $and: [ { $eq: [ "$_id", { $literal: ObjectId("69d9053b3a77da4627d44d9f"), }, ], }, { $ne: [ "$_id", "$$REMOVE", ], }, ], }, ], }, }, }, { $project: { _id: 1, cartId: 1, productId: 1, variantId: 1, quantity: 1, createdAt: 1, updatedAt: 1, }, }, ])

[90mstdout[2m | src/__tests__/checkout/checkout.test.ts[2m > [22m[2mcheckout session service[2m > [22m[2mshould handle digital-only checkout without shipping address
[22m[39mprisma:query db.Cart.aggregate([ { $match: { $expr: { $and: [ { $and: [ { $and: [ { $eq: [ "$userId", { $literal: "checkout-test-buyer6", }, ], }, { $ne: [ "$userId", "$$REMOVE", ], }, ], }, ], }, { }, ], }, }, }, { $project: { _id: 1, userId: 1, sessionId: 1, createdAt: 1, updatedAt: 1, }, }, ])

[90mstdout[2m | src/__tests__/checkout/checkout.test.ts[2m > [22m[2mcheckout session service[2m > [22m[2mshould handle digital-only checkout without shipping address
[22m[39mprisma:query db.CartItem.aggregate([ { $match: { $expr: { $and: [ { $or: [ { $eq: [ "$cartId", { $literal: ObjectId("69d9053b3a77da4627d44d9e"), }, ], }, ], }, { $ne: [ "$cartId", "$$REMOVE", ], }, ], }, }, }, { $project: { _id: 1, cartId: 1, productId: 1, variantId: 1, quantity: 1, createdAt: 1, updatedAt: 1, }, }, ])

[90mstdout[2m | src/__tests__/checkout/checkout.test.ts[2m > [22m[2mcheckout session service[2m > [22m[2mshould handle digital-only checkout without shipping address
[22m[39mprisma:query db.Product.aggregate([ { $match: { $expr: { $and: [ { $or: [ { $eq: [ "$_id", { $literal: ObjectId("69d9053a3a77da4627d44d9d"), }, ], }, ], }, { $ne: [ "$_id", "$$REMOVE", ], }, ], }, }, }, { $project: { _id: 1, name: 1, slug: 1, description: 1, shortDesc: 1, stockKeepingUnit: 1, basePrice: 1, salePrice: 1, type: 1, categoryId: 1, vendorId: 1, approvalStatus: 1, brand: 1, tags: 1, images: 1, avgRating: 1, reviewCount: 1, stock: 1, lowStockThreshold: 1, isActive: 1, isFeatured: 1, isNewArrival: 1, createdAt: 1, updatedAt: 1, }, }, ])

[90mstdout[2m | src/__tests__/checkout/checkout.test.ts[2m > [22m[2mcheckout session service[2m > [22m[2mshould handle digital-only checkout without shipping address
[22m[39mprisma:query db.Cart.aggregate([ { $match: { $expr: { $and: [ { $and: [ { $and: [ { $eq: [ "$userId", { $literal: "checkout-test-buyer6", }, ], }, { $ne: [ "$userId", "$$REMOVE", ], }, ], }, ], }, { }, ], }, }, }, { $project: { _id: 1, userId: 1, sessionId: 1, createdAt: 1, updatedAt: 1, }, }, ])

[90mstdout[2m | src/__tests__/checkout/checkout.test.ts[2m > [22m[2mcheckout session service[2m > [22m[2mshould handle digital-only checkout without shipping address
[22m[39mprisma:query db.CartItem.aggregate([ { $match: { $expr: { $and: [ { $or: [ { $eq: [ "$cartId", { $literal: ObjectId("69d9053b3a77da4627d44d9e"), }, ], }, ], }, { $ne: [ "$cartId", "$$REMOVE", ], }, ], }, }, }, { $project: { _id: 1, cartId: 1, productId: 1, variantId: 1, quantity: 1, createdAt: 1, updatedAt: 1, }, }, ])

[90mstdout[2m | src/__tests__/checkout/checkout.test.ts[2m > [22m[2mcheckout session service[2m > [22m[2mshould handle digital-only checkout without shipping address
[22m[39mprisma:query db.Product.aggregate([ { $match: { $expr: { $and: [ { $or: [ { $eq: [ "$_id", { $literal: ObjectId("69d9053a3a77da4627d44d9d"), }, ], }, ], }, { $ne: [ "$_id", "$$REMOVE", ], }, ], }, }, }, { $project: { _id: 1, name: 1, slug: 1, description: 1, shortDesc: 1, stockKeepingUnit: 1, basePrice: 1, salePrice: 1, type: 1, categoryId: 1, vendorId: 1, approvalStatus: 1, brand: 1, tags: 1, images: 1, avgRating: 1, reviewCount: 1, stock: 1, lowStockThreshold: 1, isActive: 1, isFeatured: 1, isNewArrival: 1, createdAt: 1, updatedAt: 1, }, }, ])

[90mstdout[2m | src/__tests__/checkout/checkout.test.ts[2m > [22m[2mcheckout session service[2m > [22m[2mshould handle digital-only checkout without shipping address
[22m[39mprisma:query db.Order.insertOne({ orderNumber: "WS-20260410-LHEKO", userId: "checkout-test-buyer6", vendorId: null, checkoutSessionId: "3e05cb96-33a9-4fd7-a6c5-768398395854", status: "CREATED", subtotal: 2000, shipping: 0, discount: 0, total: 2000, createdAt: DateTime("2026-04-10 14:12:15.513 +00:00:00"), updatedAt: DateTime("2026-04-10 14:12:15.513 +00:00:00"), })

[90mstdout[2m | src/__tests__/checkout/checkout.test.ts[2m > [22m[2mcheckout session service[2m > [22m[2mshould handle digital-only checkout without shipping address
[22m[39mprisma:query db.OrderItem.insertOne({ orderId: ObjectId("69d9053f3a77da4627d44da0"), productId: ObjectId("69d9053a3a77da4627d44d9d"), variantId: null, productName: "Digital Item", productImage: null, sku: "checkout-test-SKU-1775830330406-7", variantName: null, quantity: 1, unitPrice: 2000, totalPrice: 2000, createdAt: DateTime("2026-04-10 14:12:15.513 +00:00:00"), })

[90mstdout[2m | src/__tests__/checkout/checkout.test.ts[2m > [22m[2mcheckout session service[2m > [22m[2mshould handle digital-only checkout without shipping address
[22m[39mprisma:query db.OrderStatusHistory.insertOne({ orderId: ObjectId("69d9053f3a77da4627d44da0"), status: "CREATED", note: "Order placed", createdAt: DateTime("2026-04-10 14:12:15.513 +00:00:00"), })

[90mstdout[2m | src/__tests__/checkout/checkout.test.ts[2m > [22m[2mcheckout session service[2m > [22m[2mshould handle digital-only checkout without shipping address
[22m[39mprisma:query db.Order.aggregate([ { $match: { $expr: { $and: [ { $and: [ { $eq: [ "$_id", { $literal: ObjectId("69d9053f3a77da4627d44da0"), }, ], }, { $ne: [ "$_id", "$$REMOVE", ], }, ], }, ], }, }, }, { $project: { _id: 1, orderNumber: 1, userId: 1, vendorId: 1, checkoutSessionId: 1, status: 1, shippingAddress: 1, billingAddress: 1, subtotal: 1, shipping: 1, discount: 1, total: 1, couponCode: 1, notes: 1, createdAt: 1, updatedAt: 1, paidAt: 1, shippedAt: 1, deliveredAt: 1, }, }, ])

[90mstdout[2m | src/__tests__/checkout/checkout.test.ts[2m > [22m[2mcheckout session service[2m > [22m[2mshould handle digital-only checkout without shipping address
[22m[39mprisma:query db.CartItem.aggregate([ { $match: { $expr: { $and: [ { $eq: [ "$cartId", { $literal: ObjectId("69d9053b3a77da4627d44d9e"), }, ], }, { $ne: [ "$cartId", "$$REMOVE", ], }, ], }, }, }, { $project: { _id: 1, }, }, ])

[90mstdout[2m | src/__tests__/checkout/checkout.test.ts[2m > [22m[2mcheckout session service[2m > [22m[2mshould handle digital-only checkout without shipping address
[22m[39mprisma:query db.CartItem.deleteMany({ _id: { $in: [ ObjectId("69d9053b3a77da4627d44d9f"), ], }, })

[90mstdout[2m | src/__tests__/checkout/checkout.test.ts[2m > [22m[2mcheckout session service[2m > [22m[2mshould handle digital-only checkout without shipping address
[22m[39mprisma:query db.Order.aggregate([ { $match: { $expr: { $and: [ { $regexMatch: { input: "$userId", regex: "^checkout-test", options: "", }, }, { $ne: [ "$userId", "$$REMOVE", ], }, ], }, }, }, { $project: { _id: 1, }, }, ])

[90mstdout[2m | src/__tests__/checkout/checkout.test.ts[2m > [22m[2mcheckout session service[2m > [22m[2mshould handle digital-only checkout without shipping address
[22m[39mprisma:query db.OrderStatusHistory.aggregate([ { $match: { $expr: { $and: [ { $or: [ { $eq: [ "$orderId", { $literal: ObjectId("69d9053f3a77da4627d44da0"), }, ], }, ], }, { $ne: [ "$orderId", "$$REMOVE", ], }, ], }, }, }, { $project: { _id: 1, }, }, ])

[90mstdout[2m | src/__tests__/checkout/checkout.test.ts[2m > [22m[2mcheckout session service[2m > [22m[2mshould handle digital-only checkout without shipping address
[22m[39mprisma:query db.OrderStatusHistory.deleteMany({ _id: { $in: [ ObjectId("69d9053f3a77da4627d44da2"), ], }, })

[90mstdout[2m | src/__tests__/checkout/checkout.test.ts[2m > [22m[2mcheckout session service[2m > [22m[2mshould handle digital-only checkout without shipping address
[22m[39mprisma:query db.OrderItem.aggregate([ { $match: { $expr: { $and: [ { $or: [ { $eq: [ "$orderId", { $literal: ObjectId("69d9053f3a77da4627d44da0"), }, ], }, ], }, { $ne: [ "$orderId", "$$REMOVE", ], }, ], }, }, }, { $project: { _id: 1, }, }, ])

[90mstdout[2m | src/__tests__/checkout/checkout.test.ts[2m > [22m[2mcheckout session service[2m > [22m[2mshould handle digital-only checkout without shipping address
[22m[39mprisma:query db.OrderItem.deleteMany({ _id: { $in: [ ObjectId("69d9053f3a77da4627d44da1"), ], }, })

[90mstdout[2m | src/__tests__/checkout/checkout.test.ts[2m > [22m[2mcheckout session service[2m > [22m[2mshould handle digital-only checkout without shipping address
[22m[39mprisma:query db.Payment.aggregate([ { $match: { $expr: { $and: [ { $regexMatch: { input: "$userId", regex: "^checkout-test", options: "", }, }, { $ne: [ "$userId", "$$REMOVE", ], }, ], }, }, }, { $project: { _id: 1, }, }, ])

[90mstdout[2m | src/__tests__/checkout/checkout.test.ts[2m > [22m[2mcheckout session service[2m > [22m[2mshould handle digital-only checkout without shipping address
[22m[39mprisma:query db.Order.aggregate([ { $match: { $expr: { $and: [ { $regexMatch: { input: "$userId", regex: "^checkout-test", options: "", }, }, { $ne: [ "$userId", "$$REMOVE", ], }, ], }, }, }, { $project: { _id: 1, }, }, ])

[90mstdout[2m | src/__tests__/checkout/checkout.test.ts[2m > [22m[2mcheckout session service[2m > [22m[2mshould handle digital-only checkout without shipping address
[22m[39mprisma:query db.OrderStatusHistory.aggregate([ { $match: { $expr: { $and: [ { }, { $and: [ { $or: [ { $eq: [ "$orderId", { $literal: ObjectId("69d9053f3a77da4627d44da0"), }, ], }, ], }, { $ne: [ "$orderId", "$$REMOVE", ], }, ], }, ], }, }, }, { $project: { _id: 1, orderId: 1, }, }, ])

[90mstdout[2m | src/__tests__/checkout/checkout.test.ts[2m > [22m[2mcheckout session service[2m > [22m[2mshould handle digital-only checkout without shipping address
[22m[39mprisma:query db.OrderItem.aggregate([ { $match: { $expr: { $and: [ { }, { $and: [ { $or: [ { $eq: [ "$orderId", { $literal: ObjectId("69d9053f3a77da4627d44da0"), }, ], }, ], }, { $ne: [ "$orderId", "$$REMOVE", ], }, ], }, ], }, }, }, { $project: { _id: 1, orderId: 1, }, }, ])

[90mstdout[2m | src/__tests__/checkout/checkout.test.ts[2m > [22m[2mcheckout session service[2m > [22m[2mshould handle digital-only checkout without shipping address
[22m[39mprisma:query db.Order.deleteMany({ _id: { $in: [ ObjectId("69d9053f3a77da4627d44da0"), ], }, })

[90mstdout[2m | src/__tests__/checkout/checkout.test.ts[2m > [22m[2mcheckout session service[2m > [22m[2mshould handle digital-only checkout without shipping address
[22m[39mprisma:query db.CartItem.aggregate([ { $lookup: { from: "Cart", let: { left_0: "$cartId", }, pipeline: [ { $match: { $expr: { $and: [ { $eq: [ "$_id", "$$left_0", ], }, ], }, }, }, ], as: "CartToCartItem", }, }, { $match: { $expr: { $and: [ { $eq: [ { $size: { $filter: { input: "$CartToCartItem", as: "elem", cond: { $and: [ { $regexMatch: { input: "$$elem.userId", regex: "^checkout-test", options: "", }, }, { $ne: [ "$$elem.userId", "$$REMOVE", ], }, ], }, }, }, }, { $size: "$CartToCartItem", }, ], }, { $eq: [ { $size: "$CartToCartItem", }, 1, ], }, ], }, }, }, { $unwind: { path: "$CartToCartItem", preserveNullAndEmptyArrays: true, }, }, { $project: { _id: 1, }, }, ])

[90mstdout[2m | src/__tests__/checkout/checkout.test.ts[2m > [22m[2mcheckout session service[2m > [22m[2mshould handle digital-only checkout without shipping address
[22m[39mprisma:query db.Cart.aggregate([ { $match: { $expr: { $and: [ { $regexMatch: { input: "$userId", regex: "^checkout-test", options: "", }, }, { $ne: [ "$userId", "$$REMOVE", ], }, ], }, }, }, { $project: { _id: 1, }, }, ])

[90mstdout[2m | src/__tests__/checkout/checkout.test.ts[2m > [22m[2mcheckout session service[2m > [22m[2mshould handle digital-only checkout without shipping address
[22m[39mprisma:query db.CartItem.aggregate([ { $match: { $expr: { $and: [ { }, { $and: [ { $or: [ { $eq: [ "$cartId", { $literal: ObjectId("69d9053b3a77da4627d44d9e"), }, ], }, ], }, { $ne: [ "$cartId", "$$REMOVE", ], }, ], }, ], }, }, }, { $project: { _id: 1, cartId: 1, }, }, ])

[90mstdout[2m | src/__tests__/checkout/checkout.test.ts[2m > [22m[2mcheckout session service[2m > [22m[2mshould handle digital-only checkout without shipping address
[22m[39mprisma:query db.Cart.deleteMany({ _id: { $in: [ ObjectId("69d9053b3a77da4627d44d9e"), ], }, })

[90mstdout[2m | src/__tests__/checkout/checkout.test.ts[2m > [22m[2mcheckout session service[2m > [22m[2mshould handle digital-only checkout without shipping address
[22m[39mprisma:query db.Product.aggregate([ { $match: { $expr: { $and: [ { $regexMatch: { input: "$vendorId", regex: "^checkout-test", options: "", }, }, { $ne: [ "$vendorId", "$$REMOVE", ], }, ], }, }, }, { $project: { _id: 1, }, }, ])

[90mstdout[2m | src/__tests__/checkout/checkout.test.ts[2m > [22m[2mcheckout session service[2m > [22m[2mshould handle digital-only checkout without shipping address
[22m[39mprisma:query db.Product.aggregate([ { $match: { $expr: { $or: [ { $and: [ { $regexMatch: { input: "$vendorId", regex: "^checkout-test", options: "", }, }, { $ne: [ "$vendorId", "$$REMOVE", ], }, ], }, { $and: [ { $regexMatch: { input: "$slug", regex: "^checkout-test", options: "", }, }, { $ne: [ "$slug", "$$REMOVE", ], }, ], }, ], }, }, }, { $project: { _id: 1, }, }, ])

[90mstdout[2m | src/__tests__/checkout/checkout.test.ts[2m > [22m[2mcheckout session service[2m > [22m[2mshould handle digital-only checkout without shipping address
[22m[39mprisma:query db.DigitalAsset.aggregate([ { $match: { $expr: { $and: [ { }, { $and: [ { $or: [ { $eq: [ "$productId", { $literal: ObjectId("69d9053a3a77da4627d44d9d"), }, ], }, ], }, { $ne: [ "$productId", "$$REMOVE", ], }, ], }, ], }, }, }, { $project: { _id: 1, productId: 1, }, }, ])

[90mstdout[2m | src/__tests__/checkout/checkout.test.ts[2m > [22m[2mcheckout session service[2m > [22m[2mshould handle digital-only checkout without shipping address
[22m[39mprisma:query db.WishlistItem.aggregate([ { $match: { $expr: { $and: [ { }, { $and: [ { $or: [ { $eq: [ "$productId", { $literal: ObjectId("69d9053a3a77da4627d44d9d"), }, ], }, ], }, { $ne: [ "$productId", "$$REMOVE", ], }, ], }, ], }, }, }, { $project: { _id: 1, productId: 1, }, }, ])

[90mstdout[2m | src/__tests__/checkout/checkout.test.ts[2m > [22m[2mcheckout session service[2m > [22m[2mshould handle digital-only checkout without shipping address
[22m[39mprisma:query db.Review.aggregate([ { $match: { $expr: { $and: [ { }, { $and: [ { $or: [ { $eq: [ "$productId", { $literal: ObjectId("69d9053a3a77da4627d44d9d"), }, ], }, ], }, { $ne: [ "$productId", "$$REMOVE", ], }, ], }, ], }, }, }, { $project: { _id: 1, productId: 1, }, }, ])

[90mstdout[2m | src/__tests__/checkout/checkout.test.ts[2m > [22m[2mcheckout session service[2m > [22m[2mshould handle digital-only checkout without shipping address
[22m[39mprisma:query db.OrderItem.aggregate([ { $match: { $expr: { $and: [ { }, { $and: [ { $or: [ { $eq: [ "$productId", { $literal: ObjectId("69d9053a3a77da4627d44d9d"), }, ], }, ], }, { $ne: [ "$productId", "$$REMOVE", ], }, ], }, ], }, }, }, { $project: { _id: 1, productId: 1, }, }, ])

[90mstdout[2m | src/__tests__/checkout/checkout.test.ts[2m > [22m[2mcheckout session service[2m > [22m[2mshould handle digital-only checkout without shipping address
[22m[39mprisma:query db.CartItem.aggregate([ { $match: { $expr: { $and: [ { }, { $and: [ { $or: [ { $eq: [ "$productId", { $literal: ObjectId("69d9053a3a77da4627d44d9d"), }, ], }, ], }, { $ne: [ "$productId", "$$REMOVE", ], }, ], }, ], }, }, }, { $project: { _id: 1, productId: 1, }, }, ])

[90mstdout[2m | src/__tests__/checkout/checkout.test.ts[2m > [22m[2mcheckout session service[2m > [22m[2mshould handle digital-only checkout without shipping address
[22m[39mprisma:query db.ProductVariant.aggregate([ { $match: { $expr: { $and: [ { }, { $and: [ { $or: [ { $eq: [ "$productId", { $literal: ObjectId("69d9053a3a77da4627d44d9d"), }, ], }, ], }, { $ne: [ "$productId", "$$REMOVE", ], }, ], }, ], }, }, }, { $project: { _id: 1, productId: 1, }, }, ])

[90mstdout[2m | src/__tests__/checkout/checkout.test.ts[2m > [22m[2mcheckout session service[2m > [22m[2mshould handle digital-only checkout without shipping address
[22m[39mprisma:query db.Product.deleteMany({ _id: { $in: [ ObjectId("69d9053a3a77da4627d44d9d"), ], }, })

[90mstdout[2m | src/__tests__/checkout/checkout.test.ts[2m > [22m[2mcheckout session service[2m > [22m[2mshould handle digital-only checkout without shipping address
[22m[39mprisma:query db.UserProfile.aggregate([ { $match: { $expr: { $and: [ { $regexMatch: { input: "$userId", regex: "^checkout-test", options: "", }, }, { $ne: [ "$userId", "$$REMOVE", ], }, ], }, }, }, { $project: { _id: 1, }, }, ])

[90mstdout[2m | src/__tests__/checkout/checkout.test.ts[2m > [22m[2mcheckout session service[2m > [22m[2mshould handle digital-only checkout without shipping address
[22m[39mprisma:query db.UserProfile.deleteMany({ _id: { $in: [ ObjectId("69d905393a77da4627d44d9c"), ], }, })

[90mstdout[2m | src/__tests__/checkout/checkout.test.ts[2m > [22m[2mmock payment service
[22m[39mprisma:query db.Order.aggregate([ { $match: { $expr: { $and: [ { $regexMatch: { input: "$userId", regex: "^checkout-test", options: "", }, }, { $ne: [ "$userId", "$$REMOVE", ], }, ], }, }, }, { $project: { _id: 1, }, }, ])

[90mstdout[2m | src/__tests__/checkout/checkout.test.ts[2m > [22m[2mmock payment service
[22m[39mprisma:query db.Payment.aggregate([ { $match: { $expr: { $and: [ { $regexMatch: { input: "$userId", regex: "^checkout-test", options: "", }, }, { $ne: [ "$userId", "$$REMOVE", ], }, ], }, }, }, { $project: { _id: 1, }, }, ])

[90mstdout[2m | src/__tests__/checkout/checkout.test.ts[2m > [22m[2mmock payment service
[22m[39mprisma:query db.Order.aggregate([ { $match: { $expr: { $and: [ { $regexMatch: { input: "$userId", regex: "^checkout-test", options: "", }, }, { $ne: [ "$userId", "$$REMOVE", ], }, ], }, }, }, { $project: { _id: 1, }, }, ])

[90mstdout[2m | src/__tests__/checkout/checkout.test.ts[2m > [22m[2mmock payment service
[22m[39mprisma:query db.CartItem.aggregate([ { $lookup: { from: "Cart", let: { left_0: "$cartId", }, pipeline: [ { $match: { $expr: { $and: [ { $eq: [ "$_id", "$$left_0", ], }, ], }, }, }, ], as: "CartToCartItem", }, }, { $match: { $expr: { $and: [ { $eq: [ { $size: { $filter: { input: "$CartToCartItem", as: "elem", cond: { $and: [ { $regexMatch: { input: "$$elem.userId", regex: "^checkout-test", options: "", }, }, { $ne: [ "$$elem.userId", "$$REMOVE", ], }, ], }, }, }, }, { $size: "$CartToCartItem", }, ], }, { $eq: [ { $size: "$CartToCartItem", }, 1, ], }, ], }, }, }, { $unwind: { path: "$CartToCartItem", preserveNullAndEmptyArrays: true, }, }, { $project: { _id: 1, }, }, ])

[90mstdout[2m | src/__tests__/checkout/checkout.test.ts[2m > [22m[2mmock payment service
[22m[39mprisma:query db.Cart.aggregate([ { $match: { $expr: { $and: [ { $regexMatch: { input: "$userId", regex: "^checkout-test", options: "", }, }, { $ne: [ "$userId", "$$REMOVE", ], }, ], }, }, }, { $project: { _id: 1, }, }, ])

[90mstdout[2m | src/__tests__/checkout/checkout.test.ts[2m > [22m[2mmock payment service
[22m[39mprisma:query db.Product.aggregate([ { $match: { $expr: { $and: [ { $regexMatch: { input: "$vendorId", regex: "^checkout-test", options: "", }, }, { $ne: [ "$vendorId", "$$REMOVE", ], }, ], }, }, }, { $project: { _id: 1, }, }, ])

[90mstdout[2m | src/__tests__/checkout/checkout.test.ts[2m > [22m[2mmock payment service
[22m[39mprisma:query db.Product.aggregate([ { $match: { $expr: { $or: [ { $and: [ { $regexMatch: { input: "$vendorId", regex: "^checkout-test", options: "", }, }, { $ne: [ "$vendorId", "$$REMOVE", ], }, ], }, { $and: [ { $regexMatch: { input: "$slug", regex: "^checkout-test", options: "", }, }, { $ne: [ "$slug", "$$REMOVE", ], }, ], }, ], }, }, }, { $project: { _id: 1, }, }, ])

[90mstdout[2m | src/__tests__/checkout/checkout.test.ts[2m > [22m[2mmock payment service
[22m[39mprisma:query db.UserProfile.aggregate([ { $match: { $expr: { $and: [ { $regexMatch: { input: "$userId", regex: "^checkout-test", options: "", }, }, { $ne: [ "$userId", "$$REMOVE", ], }, ], }, }, }, { $project: { _id: 1, }, }, ])

[90mstdout[2m | src/__tests__/checkout/checkout.test.ts[2m > [22m[2mmock payment service[2m > [22m[2mshould initialize payment and return redirect URL
[22m[39mprisma:query db.UserProfile.insertOne({ userId: "checkout-test-pay-buyer", email: "checkout-test-pay@test.com", firstName: "Test", lastName: "User", role: "CUSTOMER", isVendor: false, createdAt: DateTime("2026-04-10 14:12:28.162 +00:00:00"), updatedAt: DateTime("2026-04-10 14:12:28.162 +00:00:00"), })

[90mstdout[2m | src/__tests__/checkout/checkout.test.ts[2m > [22m[2mmock payment service[2m > [22m[2mshould initialize payment and return redirect URL
[22m[39mprisma:query db.UserProfile.aggregate([ { $match: { $expr: { $and: [ { $and: [ { $eq: [ "$_id", { $literal: ObjectId("69d9054c3a77da4627d44da3"), }, ], }, { $ne: [ "$_id", "$$REMOVE", ], }, ], }, ], }, }, }, { $project: { _id: 1, userId: 1, email: 1, firstName: 1, lastName: 1, phone: 1, avatar: 1, dateOfBirth: 1, gender: 1, role: 1, isVendor: 1, vendorStatus: 1, storeName: 1, storeSlug: 1, storeDescription: 1, vendorSince: 1, createdAt: 1, updatedAt: 1, }, }, ])

[90mstdout[2m | src/__tests__/checkout/checkout.test.ts[2m > [22m[2mmock payment service[2m > [22m[2mshould initialize payment and return redirect URL
[22m[39mprisma:query db.Product.insertOne({ name: "Pay Item", slug: "checkout-test-pay-item", description: "Pay Item description", stockKeepingUnit: "checkout-test-SKU-1775830349661-8", basePrice: 10000, type: "PHYSICAL", vendorId: null, approvalStatus: "APPROVED", tags: [ ], images: [ ], avgRating: 0, reviewCount: 0, stock: 10, lowStockThreshold: 10, isActive: true, isFeatured: false, isNewArrival: true, createdAt: DateTime("2026-04-10 14:12:29.664 +00:00:00"), updatedAt: DateTime("2026-04-10 14:12:29.664 +00:00:00"), })

[90mstdout[2m | src/__tests__/checkout/checkout.test.ts[2m > [22m[2mmock payment service[2m > [22m[2mshould initialize payment and return redirect URL
[22m[39mprisma:query db.Product.aggregate([ { $match: { $expr: { $and: [ { $and: [ { $eq: [ "$_id", { $literal: ObjectId("69d9054d3a77da4627d44da4"), }, ], }, { $ne: [ "$_id", "$$REMOVE", ], }, ], }, ], }, }, }, { $project: { _id: 1, name: 1, slug: 1, description: 1, shortDesc: 1, stockKeepingUnit: 1, basePrice: 1, salePrice: 1, type: 1, categoryId: 1, vendorId: 1, approvalStatus: 1, brand: 1, tags: 1, images: 1, avgRating: 1, reviewCount: 1, stock: 1, lowStockThreshold: 1, isActive: 1, isFeatured: 1, isNewArrival: 1, createdAt: 1, updatedAt: 1, }, }, ])

[90mstdout[2m | src/__tests__/checkout/checkout.test.ts[2m > [22m[2mmock payment service[2m > [22m[2mshould initialize payment and return redirect URL
[22m[39mprisma:query db.Cart.aggregate([ { $match: { $expr: { $and: [ { $and: [ { $and: [ { $eq: [ "$userId", { $literal: "checkout-test-pay-buyer", }, ], }, { $ne: [ "$userId", "$$REMOVE", ], }, ], }, ], }, { }, ], }, }, }, { $project: { _id: 1, userId: 1, sessionId: 1, createdAt: 1, updatedAt: 1, }, }, ])

[90mstdout[2m | src/__tests__/checkout/checkout.test.ts[2m > [22m[2mmock payment service[2m > [22m[2mshould initialize payment and return redirect URL
[22m[39mprisma:query db.Cart.insertOne({ userId: "checkout-test-pay-buyer", createdAt: DateTime("2026-04-10 14:12:31.127 +00:00:00"), updatedAt: DateTime("2026-04-10 14:12:31.127 +00:00:00"), })

[90mstdout[2m | src/__tests__/checkout/checkout.test.ts[2m > [22m[2mmock payment service[2m > [22m[2mshould initialize payment and return redirect URL
[22m[39mprisma:query db.Cart.aggregate([ { $match: { $expr: { $and: [ { $and: [ { $eq: [ "$_id", { $literal: ObjectId("69d9054f3a77da4627d44da5"), }, ], }, { $ne: [ "$_id", "$$REMOVE", ], }, ], }, ], }, }, }, { $project: { _id: 1, userId: 1, sessionId: 1, createdAt: 1, updatedAt: 1, }, }, ])

[90mstdout[2m | src/__tests__/checkout/checkout.test.ts[2m > [22m[2mmock payment service[2m > [22m[2mshould initialize payment and return redirect URL
[22m[39mprisma:query db.CartItem.insertOne({ cartId: ObjectId("69d9054f3a77da4627d44da5"), productId: ObjectId("69d9054d3a77da4627d44da4"), quantity: 1, createdAt: DateTime("2026-04-10 14:12:31.68 +00:00:00"), updatedAt: DateTime("2026-04-10 14:12:31.68 +00:00:00"), })

[90mstdout[2m | src/__tests__/checkout/checkout.test.ts[2m > [22m[2mmock payment service[2m > [22m[2mshould initialize payment and return redirect URL
[22m[39mprisma:query db.CartItem.aggregate([ { $match: { $expr: { $and: [ { $and: [ { $eq: [ "$_id", { $literal: ObjectId("69d9054f3a77da4627d44da6"), }, ], }, { $ne: [ "$_id", "$$REMOVE", ], }, ], }, ], }, }, }, { $project: { _id: 1, cartId: 1, productId: 1, variantId: 1, quantity: 1, createdAt: 1, updatedAt: 1, }, }, ])

[90mstdout[2m | src/__tests__/checkout/checkout.test.ts[2m > [22m[2mmock payment service[2m > [22m[2mshould initialize payment and return redirect URL
[22m[39mprisma:query db.Cart.aggregate([ { $match: { $expr: { $and: [ { $and: [ { $and: [ { $eq: [ "$userId", { $literal: "checkout-test-pay-buyer", }, ], }, { $ne: [ "$userId", "$$REMOVE", ], }, ], }, ], }, { }, ], }, }, }, { $project: { _id: 1, userId: 1, sessionId: 1, createdAt: 1, updatedAt: 1, }, }, ])

[90mstdout[2m | src/__tests__/checkout/checkout.test.ts[2m > [22m[2mmock payment service[2m > [22m[2mshould initialize payment and return redirect URL
[22m[39mprisma:query db.CartItem.aggregate([ { $match: { $expr: { $and: [ { $or: [ { $eq: [ "$cartId", { $literal: ObjectId("69d9054f3a77da4627d44da5"), }, ], }, ], }, { $ne: [ "$cartId", "$$REMOVE", ], }, ], }, }, }, { $project: { _id: 1, cartId: 1, productId: 1, variantId: 1, quantity: 1, createdAt: 1, updatedAt: 1, }, }, ])

[90mstdout[2m | src/__tests__/checkout/checkout.test.ts[2m > [22m[2mmock payment service[2m > [22m[2mshould initialize payment and return redirect URL
[22m[39mprisma:query db.Product.aggregate([ { $match: { $expr: { $and: [ { $or: [ { $eq: [ "$_id", { $literal: ObjectId("69d9054d3a77da4627d44da4"), }, ], }, ], }, { $ne: [ "$_id", "$$REMOVE", ], }, ], }, }, }, { $project: { _id: 1, name: 1, slug: 1, description: 1, shortDesc: 1, stockKeepingUnit: 1, basePrice: 1, salePrice: 1, type: 1, categoryId: 1, vendorId: 1, approvalStatus: 1, brand: 1, tags: 1, images: 1, avgRating: 1, reviewCount: 1, stock: 1, lowStockThreshold: 1, isActive: 1, isFeatured: 1, isNewArrival: 1, createdAt: 1, updatedAt: 1, }, }, ])

[90mstdout[2m | src/__tests__/checkout/checkout.test.ts[2m > [22m[2mmock payment service[2m > [22m[2mshould initialize payment and return redirect URL
[22m[39mprisma:query db.Cart.aggregate([ { $match: { $expr: { $and: [ { $and: [ { $and: [ { $eq: [ "$userId", { $literal: "checkout-test-pay-buyer", }, ], }, { $ne: [ "$userId", "$$REMOVE", ], }, ], }, ], }, { }, ], }, }, }, { $project: { _id: 1, userId: 1, sessionId: 1, createdAt: 1, updatedAt: 1, }, }, ])

[90mstdout[2m | src/__tests__/checkout/checkout.test.ts[2m > [22m[2mmock payment service[2m > [22m[2mshould initialize payment and return redirect URL
[22m[39mprisma:query db.CartItem.aggregate([ { $match: { $expr: { $and: [ { $or: [ { $eq: [ "$cartId", { $literal: ObjectId("69d9054f3a77da4627d44da5"), }, ], }, ], }, { $ne: [ "$cartId", "$$REMOVE", ], }, ], }, }, }, { $project: { _id: 1, cartId: 1, productId: 1, variantId: 1, quantity: 1, createdAt: 1, updatedAt: 1, }, }, ])

[90mstdout[2m | src/__tests__/checkout/checkout.test.ts[2m > [22m[2mmock payment service[2m > [22m[2mshould initialize payment and return redirect URL
[22m[39mprisma:query db.Product.aggregate([ { $match: { $expr: { $and: [ { $or: [ { $eq: [ "$_id", { $literal: ObjectId("69d9054d3a77da4627d44da4"), }, ], }, ], }, { $ne: [ "$_id", "$$REMOVE", ], }, ], }, }, }, { $project: { _id: 1, name: 1, slug: 1, description: 1, shortDesc: 1, stockKeepingUnit: 1, basePrice: 1, salePrice: 1, type: 1, categoryId: 1, vendorId: 1, approvalStatus: 1, brand: 1, tags: 1, images: 1, avgRating: 1, reviewCount: 1, stock: 1, lowStockThreshold: 1, isActive: 1, isFeatured: 1, isNewArrival: 1, createdAt: 1, updatedAt: 1, }, }, ])

[90mstdout[2m | src/__tests__/checkout/checkout.test.ts[2m > [22m[2mmock payment service[2m > [22m[2mshould initialize payment and return redirect URL
[22m[39mprisma:query db.Order.insertOne({ orderNumber: "WS-20260410-FI7LR", userId: "checkout-test-pay-buyer", vendorId: null, checkoutSessionId: "87574db4-8052-4621-8a8d-b9acaec7ab8d", status: "CREATED", shippingAddress: { firstName: "Test", lastName: "User", phone: "08012345678", street: "123 Test St", city: "Lagos", state: "Lagos", country: "Nigeria", postalCode: "100001", }, subtotal: 10000, shipping: 2500, discount: 0, total: 12500, createdAt: DateTime("2026-04-10 14:12:33.973 +00:00:00"), updatedAt: DateTime("2026-04-10 14:12:33.973 +00:00:00"), })

[90mstdout[2m | src/__tests__/checkout/checkout.test.ts[2m > [22m[2mmock payment service[2m > [22m[2mshould initialize payment and return redirect URL
[22m[39mprisma:query db.OrderItem.insertOne({ orderId: ObjectId("69d905513a77da4627d44da7"), productId: ObjectId("69d9054d3a77da4627d44da4"), variantId: null, productName: "Pay Item", productImage: null, sku: "checkout-test-SKU-1775830349661-8", variantName: null, quantity: 1, unitPrice: 10000, totalPrice: 10000, createdAt: DateTime("2026-04-10 14:12:33.973 +00:00:00"), })

[90mstdout[2m | src/__tests__/checkout/checkout.test.ts[2m > [22m[2mmock payment service[2m > [22m[2mshould initialize payment and return redirect URL
[22m[39mprisma:query db.OrderStatusHistory.insertOne({ orderId: ObjectId("69d905513a77da4627d44da7"), status: "CREATED", note: "Order placed", createdAt: DateTime("2026-04-10 14:12:33.973 +00:00:00"), })

[90mstdout[2m | src/__tests__/checkout/checkout.test.ts[2m > [22m[2mmock payment service[2m > [22m[2mshould initialize payment and return redirect URL
[22m[39mprisma:query db.Order.aggregate([ { $match: { $expr: { $and: [ { $and: [ { $eq: [ "$_id", { $literal: ObjectId("69d905513a77da4627d44da7"), }, ], }, { $ne: [ "$_id", "$$REMOVE", ], }, ], }, ], }, }, }, { $project: { _id: 1, orderNumber: 1, userId: 1, vendorId: 1, checkoutSessionId: 1, status: 1, shippingAddress: 1, billingAddress: 1, subtotal: 1, shipping: 1, discount: 1, total: 1, couponCode: 1, notes: 1, createdAt: 1, updatedAt: 1, paidAt: 1, shippedAt: 1, deliveredAt: 1, }, }, ])

[90mstdout[2m | src/__tests__/checkout/checkout.test.ts[2m > [22m[2mmock payment service[2m > [22m[2mshould initialize payment and return redirect URL
[22m[39mprisma:query db.Product.aggregate([ { $match: { $expr: { $and: [ { $and: [ { $and: [ { $eq: [ "$_id", { $literal: ObjectId("69d9054d3a77da4627d44da4"), }, ], }, { $ne: [ "$_id", "$$REMOVE", ], }, ], }, ], }, { }, ], }, }, }, { $project: { _id: 1, }, }, ])

[90mstdout[2m | src/__tests__/checkout/checkout.test.ts[2m > [22m[2mmock payment service[2m > [22m[2mshould initialize payment and return redirect URL
[22m[39mprisma:query db.Product.updateMany({ _id: { $in: [ ObjectId("69d9054d3a77da4627d44da4"), ], }, },[{ $set: { stock: { $subtract: [ "$stock", 1, ], }, }, },
{ $set: { updatedAt: { $literal: DateTime("2026-04-10 14:12:34.793 +00:00:00"), }, }, }])

[90mstdout[2m | src/__tests__/checkout/checkout.test.ts[2m > [22m[2mmock payment service[2m > [22m[2mshould initialize payment and return redirect URL
[22m[39mprisma:query db.Product.aggregate([ { $match: { $expr: { $and: [ { $and: [ { $eq: [ "$_id", { $literal: ObjectId("69d9054d3a77da4627d44da4"), }, ], }, { $ne: [ "$_id", "$$REMOVE", ], }, ], }, ], }, }, }, { $project: { _id: 1, name: 1, slug: 1, description: 1, shortDesc: 1, stockKeepingUnit: 1, basePrice: 1, salePrice: 1, type: 1, categoryId: 1, vendorId: 1, approvalStatus: 1, brand: 1, tags: 1, images: 1, avgRating: 1, reviewCount: 1, stock: 1, lowStockThreshold: 1, isActive: 1, isFeatured: 1, isNewArrival: 1, createdAt: 1, updatedAt: 1, }, }, ])

[90mstdout[2m | src/__tests__/checkout/checkout.test.ts[2m > [22m[2mmock payment service[2m > [22m[2mshould initialize payment and return redirect URL
[22m[39mprisma:query db.CartItem.aggregate([ { $match: { $expr: { $and: [ { $eq: [ "$cartId", { $literal: ObjectId("69d9054f3a77da4627d44da5"), }, ], }, { $ne: [ "$cartId", "$$REMOVE", ], }, ], }, }, }, { $project: { _id: 1, }, }, ])

[90mstdout[2m | src/__tests__/checkout/checkout.test.ts[2m > [22m[2mmock payment service[2m > [22m[2mshould initialize payment and return redirect URL
[22m[39mprisma:query db.CartItem.deleteMany({ _id: { $in: [ ObjectId("69d9054f3a77da4627d44da6"), ], }, })

[90mstdout[2m | src/__tests__/checkout/checkout.test.ts[2m > [22m[2mmock payment service[2m > [22m[2mshould initialize payment and return redirect URL
[22m[39mprisma:query db.Order.aggregate([ { $match: { $expr: { $and: [ { $and: [ { $eq: [ "$checkoutSessionId", { $literal: "87574db4-8052-4621-8a8d-b9acaec7ab8d", }, ], }, { $ne: [ "$checkoutSessionId", "$$REMOVE", ], }, ], }, { $and: [ { $eq: [ "$userId", { $literal: "checkout-test-pay-buyer", }, ], }, { $ne: [ "$userId", "$$REMOVE", ], }, ], }, ], }, }, }, { $project: { _id: 1, orderNumber: 1, userId: 1, vendorId: 1, checkoutSessionId: 1, status: 1, shippingAddress: 1, billingAddress: 1, subtotal: 1, shipping: 1, discount: 1, total: 1, couponCode: 1, notes: 1, createdAt: 1, updatedAt: 1, paidAt: 1, shippedAt: 1, deliveredAt: 1, }, }, ])

[90mstdout[2m | src/__tests__/checkout/checkout.test.ts[2m > [22m[2mmock payment service[2m > [22m[2mshould initialize payment and return redirect URL
[22m[39mprisma:query db.Payment.aggregate([ { $match: { $expr: { $and: [ { $and: [ { $and: [ { $eq: [ "$checkoutSessionId", { $literal: "87574db4-8052-4621-8a8d-b9acaec7ab8d", }, ], }, { $ne: [ "$checkoutSessionId", "$$REMOVE", ], }, ], }, ], }, { }, ], }, }, }, { $project: { _id: 1, checkoutSessionId: 1, userId: 1, amount: 1, currency: 1, status: 1, provider: 1, transactionRef: 1, providerData: 1, metadata: 1, createdAt: 1, updatedAt: 1, paidAt: 1, }, }, ])

[90mstdout[2m | src/__tests__/checkout/checkout.test.ts[2m > [22m[2mmock payment service[2m > [22m[2mshould initialize payment and return redirect URL
[22m[39mprisma:query db.Payment.insertOne({ checkoutSessionId: "87574db4-8052-4621-8a8d-b9acaec7ab8d", userId: "checkout-test-pay-buyer", amount: 12500, currency: "NGN", status: "PENDING", provider: "mock", transactionRef: "WS-PAY-21e7148a66be4702", createdAt: DateTime("2026-04-10 14:12:36.363 +00:00:00"), updatedAt: DateTime("2026-04-10 14:12:36.363 +00:00:00"), })

[90mstdout[2m | src/__tests__/checkout/checkout.test.ts[2m > [22m[2mmock payment service[2m > [22m[2mshould initialize payment and return redirect URL
[22m[39mprisma:query db.Payment.aggregate([ { $match: { $expr: { $and: [ { $and: [ { $eq: [ "$_id", { $literal: ObjectId("69d905543a77da4627d44daa"), }, ], }, { $ne: [ "$_id", "$$REMOVE", ], }, ], }, ], }, }, }, { $project: { _id: 1, checkoutSessionId: 1, userId: 1, amount: 1, currency: 1, status: 1, provider: 1, transactionRef: 1, providerData: 1, metadata: 1, createdAt: 1, updatedAt: 1, paidAt: 1, }, }, ])

[90mstdout[2m | src/__tests__/checkout/checkout.test.ts[2m > [22m[2mmock payment service[2m > [22m[2mshould initialize payment and return redirect URL
[22m[39mprisma:query db.Payment.aggregate([ { $match: { $expr: { $and: [ { $and: [ { $and: [ { $eq: [ "$checkoutSessionId", { $literal: "87574db4-8052-4621-8a8d-b9acaec7ab8d", }, ], }, { $ne: [ "$checkoutSessionId", "$$REMOVE", ], }, ], }, ], }, { }, ], }, }, }, { $project: { _id: 1, checkoutSessionId: 1, userId: 1, amount: 1, currency: 1, status: 1, provider: 1, transactionRef: 1, providerData: 1, metadata: 1, createdAt: 1, updatedAt: 1, paidAt: 1, }, }, ])

[90mstdout[2m | src/__tests__/checkout/checkout.test.ts[2m > [22m[2mmock payment service[2m > [22m[2mshould initialize payment and return redirect URL
[22m[39mprisma:query db.Order.aggregate([ { $match: { $expr: { $and: [ { $regexMatch: { input: "$userId", regex: "^checkout-test", options: "", }, }, { $ne: [ "$userId", "$$REMOVE", ], }, ], }, }, }, { $project: { _id: 1, }, }, ])

[90mstdout[2m | src/__tests__/checkout/checkout.test.ts[2m > [22m[2mmock payment service[2m > [22m[2mshould initialize payment and return redirect URL
[22m[39mprisma:query db.OrderStatusHistory.aggregate([ { $match: { $expr: { $and: [ { $or: [ { $eq: [ "$orderId", { $literal: ObjectId("69d905513a77da4627d44da7"), }, ], }, ], }, { $ne: [ "$orderId", "$$REMOVE", ], }, ], }, }, }, { $project: { _id: 1, }, }, ])

[90mstdout[2m | src/__tests__/checkout/checkout.test.ts[2m > [22m[2mmock payment service[2m > [22m[2mshould initialize payment and return redirect URL
[22m[39mprisma:query db.OrderStatusHistory.deleteMany({ _id: { $in: [ ObjectId("69d905523a77da4627d44da9"), ], }, })

[90mstdout[2m | src/__tests__/checkout/checkout.test.ts[2m > [22m[2mmock payment service[2m > [22m[2mshould initialize payment and return redirect URL
[22m[39mprisma:query db.OrderItem.aggregate([ { $match: { $expr: { $and: [ { $or: [ { $eq: [ "$orderId", { $literal: ObjectId("69d905513a77da4627d44da7"), }, ], }, ], }, { $ne: [ "$orderId", "$$REMOVE", ], }, ], }, }, }, { $project: { _id: 1, }, }, ])

[90mstdout[2m | src/__tests__/checkout/checkout.test.ts[2m > [22m[2mmock payment service[2m > [22m[2mshould initialize payment and return redirect URL
[22m[39mprisma:query db.OrderItem.deleteMany({ _id: { $in: [ ObjectId("69d905523a77da4627d44da8"), ], }, })

[90mstdout[2m | src/__tests__/checkout/checkout.test.ts[2m > [22m[2mmock payment service[2m > [22m[2mshould initialize payment and return redirect URL
[22m[39mprisma:query db.Payment.aggregate([ { $match: { $expr: { $and: [ { $regexMatch: { input: "$userId", regex: "^checkout-test", options: "", }, }, { $ne: [ "$userId", "$$REMOVE", ], }, ], }, }, }, { $project: { _id: 1, }, }, ])

[90mstdout[2m | src/__tests__/checkout/checkout.test.ts[2m > [22m[2mmock payment service[2m > [22m[2mshould initialize payment and return redirect URL
[22m[39mprisma:query db.Payment.deleteMany({ _id: { $in: [ ObjectId("69d905543a77da4627d44daa"), ], }, })

[90mstdout[2m | src/__tests__/checkout/checkout.test.ts[2m > [22m[2mmock payment service[2m > [22m[2mshould initialize payment and return redirect URL
[22m[39mprisma:query db.Order.aggregate([ { $match: { $expr: { $and: [ { $regexMatch: { input: "$userId", regex: "^checkout-test", options: "", }, }, { $ne: [ "$userId", "$$REMOVE", ], }, ], }, }, }, { $project: { _id: 1, }, }, ])

[90mstdout[2m | src/__tests__/checkout/checkout.test.ts[2m > [22m[2mmock payment service[2m > [22m[2mshould initialize payment and return redirect URL
[22m[39mprisma:query db.OrderStatusHistory.aggregate([ { $match: { $expr: { $and: [ { }, { $and: [ { $or: [ { $eq: [ "$orderId", { $literal: ObjectId("69d905513a77da4627d44da7"), }, ], }, ], }, { $ne: [ "$orderId", "$$REMOVE", ], }, ], }, ], }, }, }, { $project: { _id: 1, orderId: 1, }, }, ])

[90mstdout[2m | src/__tests__/checkout/checkout.test.ts[2m > [22m[2mmock payment service[2m > [22m[2mshould initialize payment and return redirect URL
[22m[39mprisma:query db.OrderItem.aggregate([ { $match: { $expr: { $and: [ { }, { $and: [ { $or: [ { $eq: [ "$orderId", { $literal: ObjectId("69d905513a77da4627d44da7"), }, ], }, ], }, { $ne: [ "$orderId", "$$REMOVE", ], }, ], }, ], }, }, }, { $project: { _id: 1, orderId: 1, }, }, ])

[90mstdout[2m | src/__tests__/checkout/checkout.test.ts[2m > [22m[2mmock payment service[2m > [22m[2mshould initialize payment and return redirect URL
[22m[39mprisma:query db.Order.deleteMany({ _id: { $in: [ ObjectId("69d905513a77da4627d44da7"), ], }, })

[90mstdout[2m | src/__tests__/checkout/checkout.test.ts[2m > [22m[2mmock payment service[2m > [22m[2mshould initialize payment and return redirect URL
[22m[39mprisma:query db.CartItem.aggregate([ { $lookup: { from: "Cart", let: { left_0: "$cartId", }, pipeline: [ { $match: { $expr: { $and: [ { $eq: [ "$_id", "$$left_0", ], }, ], }, }, }, ], as: "CartToCartItem", }, }, { $match: { $expr: { $and: [ { $eq: [ { $size: { $filter: { input: "$CartToCartItem", as: "elem", cond: { $and: [ { $regexMatch: { input: "$$elem.userId", regex: "^checkout-test", options: "", }, }, { $ne: [ "$$elem.userId", "$$REMOVE", ], }, ], }, }, }, }, { $size: "$CartToCartItem", }, ], }, { $eq: [ { $size: "$CartToCartItem", }, 1, ], }, ], }, }, }, { $unwind: { path: "$CartToCartItem", preserveNullAndEmptyArrays: true, }, }, { $project: { _id: 1, }, }, ])

[90mstdout[2m | src/__tests__/checkout/checkout.test.ts[2m > [22m[2mmock payment service[2m > [22m[2mshould initialize payment and return redirect URL
[22m[39mprisma:query db.Cart.aggregate([ { $match: { $expr: { $and: [ { $regexMatch: { input: "$userId", regex: "^checkout-test", options: "", }, }, { $ne: [ "$userId", "$$REMOVE", ], }, ], }, }, }, { $project: { _id: 1, }, }, ])

[90mstdout[2m | src/__tests__/checkout/checkout.test.ts[2m > [22m[2mmock payment service[2m > [22m[2mshould initialize payment and return redirect URL
[22m[39mprisma:query db.CartItem.aggregate([ { $match: { $expr: { $and: [ { }, { $and: [ { $or: [ { $eq: [ "$cartId", { $literal: ObjectId("69d9054f3a77da4627d44da5"), }, ], }, ], }, { $ne: [ "$cartId", "$$REMOVE", ], }, ], }, ], }, }, }, { $project: { _id: 1, cartId: 1, }, }, ])

[90mstdout[2m | src/__tests__/checkout/checkout.test.ts[2m > [22m[2mmock payment service[2m > [22m[2mshould initialize payment and return redirect URL
[22m[39mprisma:query db.Cart.deleteMany({ _id: { $in: [ ObjectId("69d9054f3a77da4627d44da5"), ], }, })

[90mstdout[2m | src/__tests__/checkout/checkout.test.ts[2m > [22m[2mmock payment service[2m > [22m[2mshould initialize payment and return redirect URL
[22m[39mprisma:query db.Product.aggregate([ { $match: { $expr: { $and: [ { $regexMatch: { input: "$vendorId", regex: "^checkout-test", options: "", }, }, { $ne: [ "$vendorId", "$$REMOVE", ], }, ], }, }, }, { $project: { _id: 1, }, }, ])

[90mstdout[2m | src/__tests__/checkout/checkout.test.ts[2m > [22m[2mmock payment service[2m > [22m[2mshould initialize payment and return redirect URL
[22m[39mprisma:query db.Product.aggregate([ { $match: { $expr: { $or: [ { $and: [ { $regexMatch: { input: "$vendorId", regex: "^checkout-test", options: "", }, }, { $ne: [ "$vendorId", "$$REMOVE", ], }, ], }, { $and: [ { $regexMatch: { input: "$slug", regex: "^checkout-test", options: "", }, }, { $ne: [ "$slug", "$$REMOVE", ], }, ], }, ], }, }, }, { $project: { _id: 1, }, }, ])

[90mstdout[2m | src/__tests__/checkout/checkout.test.ts[2m > [22m[2mmock payment service[2m > [22m[2mshould initialize payment and return redirect URL
[22m[39mprisma:query db.DigitalAsset.aggregate([ { $match: { $expr: { $and: [ { }, { $and: [ { $or: [ { $eq: [ "$productId", { $literal: ObjectId("69d9054d3a77da4627d44da4"), }, ], }, ], }, { $ne: [ "$productId", "$$REMOVE", ], }, ], }, ], }, }, }, { $project: { _id: 1, productId: 1, }, }, ])

[90mstdout[2m | src/__tests__/checkout/checkout.test.ts[2m > [22m[2mmock payment service[2m > [22m[2mshould initialize payment and return redirect URL
[22m[39mprisma:query db.WishlistItem.aggregate([ { $match: { $expr: { $and: [ { }, { $and: [ { $or: [ { $eq: [ "$productId", { $literal: ObjectId("69d9054d3a77da4627d44da4"), }, ], }, ], }, { $ne: [ "$productId", "$$REMOVE", ], }, ], }, ], }, }, }, { $project: { _id: 1, productId: 1, }, }, ])

[90mstdout[2m | src/__tests__/checkout/checkout.test.ts[2m > [22m[2mmock payment service[2m > [22m[2mshould initialize payment and return redirect URL
[22m[39mprisma:query db.Review.aggregate([ { $match: { $expr: { $and: [ { }, { $and: [ { $or: [ { $eq: [ "$productId", { $literal: ObjectId("69d9054d3a77da4627d44da4"), }, ], }, ], }, { $ne: [ "$productId", "$$REMOVE", ], }, ], }, ], }, }, }, { $project: { _id: 1, productId: 1, }, }, ])

[90mstdout[2m | src/__tests__/checkout/checkout.test.ts[2m > [22m[2mmock payment service[2m > [22m[2mshould initialize payment and return redirect URL
[22m[39mprisma:query db.OrderItem.aggregate([ { $match: { $expr: { $and: [ { }, { $and: [ { $or: [ { $eq: [ "$productId", { $literal: ObjectId("69d9054d3a77da4627d44da4"), }, ], }, ], }, { $ne: [ "$productId", "$$REMOVE", ], }, ], }, ], }, }, }, { $project: { _id: 1, productId: 1, }, }, ])

[90mstdout[2m | src/__tests__/checkout/checkout.test.ts[2m > [22m[2mmock payment service[2m > [22m[2mshould initialize payment and return redirect URL
[22m[39mprisma:query db.CartItem.aggregate([ { $match: { $expr: { $and: [ { }, { $and: [ { $or: [ { $eq: [ "$productId", { $literal: ObjectId("69d9054d3a77da4627d44da4"), }, ], }, ], }, { $ne: [ "$productId", "$$REMOVE", ], }, ], }, ], }, }, }, { $project: { _id: 1, productId: 1, }, }, ])

[90mstdout[2m | src/__tests__/checkout/checkout.test.ts[2m > [22m[2mmock payment service[2m > [22m[2mshould initialize payment and return redirect URL
[22m[39mprisma:query db.ProductVariant.aggregate([ { $match: { $expr: { $and: [ { }, { $and: [ { $or: [ { $eq: [ "$productId", { $literal: ObjectId("69d9054d3a77da4627d44da4"), }, ], }, ], }, { $ne: [ "$productId", "$$REMOVE", ], }, ], }, ], }, }, }, { $project: { _id: 1, productId: 1, }, }, ])

[90mstdout[2m | src/__tests__/checkout/checkout.test.ts[2m > [22m[2mmock payment service[2m > [22m[2mshould initialize payment and return redirect URL
[22m[39mprisma:query db.Product.deleteMany({ _id: { $in: [ ObjectId("69d9054d3a77da4627d44da4"), ], }, })

[90mstdout[2m | src/__tests__/checkout/checkout.test.ts[2m > [22m[2mmock payment service[2m > [22m[2mshould initialize payment and return redirect URL
[22m[39mprisma:query db.UserProfile.aggregate([ { $match: { $expr: { $and: [ { $regexMatch: { input: "$userId", regex: "^checkout-test", options: "", }, }, { $ne: [ "$userId", "$$REMOVE", ], }, ], }, }, }, { $project: { _id: 1, }, }, ])

[90mstdout[2m | src/__tests__/checkout/checkout.test.ts[2m > [22m[2mmock payment service[2m > [22m[2mshould initialize payment and return redirect URL
[22m[39mprisma:query db.UserProfile.deleteMany({ _id: { $in: [ ObjectId("69d9054c3a77da4627d44da3"), ], }, })

[90mstdout[2m | src/__tests__/checkout/checkout.test.ts[2m > [22m[2mmock payment service[2m > [22m[2mshould confirm payment via webhook and mark orders PAID
[22m[39mprisma:query db.UserProfile.insertOne({ userId: "checkout-test-pay-buyer", email: "checkout-test-pay@test.com", firstName: "Test", lastName: "User", role: "CUSTOMER", isVendor: false, createdAt: DateTime("2026-04-10 14:12:44.328 +00:00:00"), updatedAt: DateTime("2026-04-10 14:12:44.328 +00:00:00"), })

[90mstdout[2m | src/__tests__/checkout/checkout.test.ts[2m > [22m[2mmock payment service[2m > [22m[2mshould confirm payment via webhook and mark orders PAID
[22m[39mprisma:query db.UserProfile.aggregate([ { $match: { $expr: { $and: [ { $and: [ { $eq: [ "$_id", { $literal: ObjectId("69d9055c3a77da4627d44dab"), }, ], }, { $ne: [ "$_id", "$$REMOVE", ], }, ], }, ], }, }, }, { $project: { _id: 1, userId: 1, email: 1, firstName: 1, lastName: 1, phone: 1, avatar: 1, dateOfBirth: 1, gender: 1, role: 1, isVendor: 1, vendorStatus: 1, storeName: 1, storeSlug: 1, storeDescription: 1, vendorSince: 1, createdAt: 1, updatedAt: 1, }, }, ])

[90mstdout[2m | src/__tests__/checkout/checkout.test.ts[2m > [22m[2mmock payment service[2m > [22m[2mshould confirm payment via webhook and mark orders PAID
[22m[39mprisma:query db.Product.insertOne({ name: "Pay Item", slug: "checkout-test-pay-item", description: "Pay Item description", stockKeepingUnit: "checkout-test-SKU-1775830364888-9", basePrice: 10000, type: "PHYSICAL", vendorId: null, approvalStatus: "APPROVED", tags: [ ], images: [ ], avgRating: 0, reviewCount: 0, stock: 10, lowStockThreshold: 10, isActive: true, isFeatured: false, isNewArrival: true, createdAt: DateTime("2026-04-10 14:12:44.89 +00:00:00"), updatedAt: DateTime("2026-04-10 14:12:44.89 +00:00:00"), })

[90mstdout[2m | src/__tests__/checkout/checkout.test.ts[2m > [22m[2mmock payment service[2m > [22m[2mshould confirm payment via webhook and mark orders PAID
[22m[39mprisma:query db.Product.aggregate([ { $match: { $expr: { $and: [ { $and: [ { $eq: [ "$_id", { $literal: ObjectId("69d9055c3a77da4627d44dac"), }, ], }, { $ne: [ "$_id", "$$REMOVE", ], }, ], }, ], }, }, }, { $project: { _id: 1, name: 1, slug: 1, description: 1, shortDesc: 1, stockKeepingUnit: 1, basePrice: 1, salePrice: 1, type: 1, categoryId: 1, vendorId: 1, approvalStatus: 1, brand: 1, tags: 1, images: 1, avgRating: 1, reviewCount: 1, stock: 1, lowStockThreshold: 1, isActive: 1, isFeatured: 1, isNewArrival: 1, createdAt: 1, updatedAt: 1, }, }, ])

[90mstdout[2m | src/__tests__/checkout/checkout.test.ts[2m > [22m[2mmock payment service[2m > [22m[2mshould confirm payment via webhook and mark orders PAID
[22m[39mprisma:query db.Cart.aggregate([ { $match: { $expr: { $and: [ { $and: [ { $and: [ { $eq: [ "$userId", { $literal: "checkout-test-pay-buyer", }, ], }, { $ne: [ "$userId", "$$REMOVE", ], }, ], }, ], }, { }, ], }, }, }, { $project: { _id: 1, userId: 1, sessionId: 1, createdAt: 1, updatedAt: 1, }, }, ])

[90mstdout[2m | src/__tests__/checkout/checkout.test.ts[2m > [22m[2mmock payment service[2m > [22m[2mshould confirm payment via webhook and mark orders PAID
[22m[39mprisma:query db.Cart.insertOne({ userId: "checkout-test-pay-buyer", createdAt: DateTime("2026-04-10 14:12:45.695 +00:00:00"), updatedAt: DateTime("2026-04-10 14:12:45.695 +00:00:00"), })

[90mstdout[2m | src/__tests__/checkout/checkout.test.ts[2m > [22m[2mmock payment service[2m > [22m[2mshould confirm payment via webhook and mark orders PAID
[22m[39mprisma:query db.Cart.aggregate([ { $match: { $expr: { $and: [ { $and: [ { $eq: [ "$_id", { $literal: ObjectId("69d9055d3a77da4627d44dad"), }, ], }, { $ne: [ "$_id", "$$REMOVE", ], }, ], }, ], }, }, }, { $project: { _id: 1, userId: 1, sessionId: 1, createdAt: 1, updatedAt: 1, }, }, ])

[90mstdout[2m | src/__tests__/checkout/checkout.test.ts[2m > [22m[2mmock payment service[2m > [22m[2mshould confirm payment via webhook and mark orders PAID
[22m[39mprisma:query db.CartItem.insertOne({ cartId: ObjectId("69d9055d3a77da4627d44dad"), productId: ObjectId("69d9055c3a77da4627d44dac"), quantity: 1, createdAt: DateTime("2026-04-10 14:12:46.388 +00:00:00"), updatedAt: DateTime("2026-04-10 14:12:46.388 +00:00:00"), })

[90mstdout[2m | src/__tests__/checkout/checkout.test.ts[2m > [22m[2mmock payment service[2m > [22m[2mshould confirm payment via webhook and mark orders PAID
[22m[39mprisma:query db.CartItem.aggregate([ { $match: { $expr: { $and: [ { $and: [ { $eq: [ "$_id", { $literal: ObjectId("69d9055e3a77da4627d44dae"), }, ], }, { $ne: [ "$_id", "$$REMOVE", ], }, ], }, ], }, }, }, { $project: { _id: 1, cartId: 1, productId: 1, variantId: 1, quantity: 1, createdAt: 1, updatedAt: 1, }, }, ])

[90mstdout[2m | src/__tests__/checkout/checkout.test.ts[2m > [22m[2mmock payment service[2m > [22m[2mshould confirm payment via webhook and mark orders PAID
[22m[39mprisma:query db.Cart.aggregate([ { $match: { $expr: { $and: [ { $and: [ { $and: [ { $eq: [ "$userId", { $literal: "checkout-test-pay-buyer", }, ], }, { $ne: [ "$userId", "$$REMOVE", ], }, ], }, ], }, { }, ], }, }, }, { $project: { _id: 1, userId: 1, sessionId: 1, createdAt: 1, updatedAt: 1, }, }, ])

[90mstdout[2m | src/__tests__/checkout/checkout.test.ts[2m > [22m[2mmock payment service[2m > [22m[2mshould confirm payment via webhook and mark orders PAID
[22m[39mprisma:query db.CartItem.aggregate([ { $match: { $expr: { $and: [ { $or: [ { $eq: [ "$cartId", { $literal: ObjectId("69d9055d3a77da4627d44dad"), }, ], }, ], }, { $ne: [ "$cartId", "$$REMOVE", ], }, ], }, }, }, { $project: { _id: 1, cartId: 1, productId: 1, variantId: 1, quantity: 1, createdAt: 1, updatedAt: 1, }, }, ])

[90mstdout[2m | src/__tests__/checkout/checkout.test.ts[2m > [22m[2mmock payment service[2m > [22m[2mshould confirm payment via webhook and mark orders PAID
[22m[39mprisma:query db.Product.aggregate([ { $match: { $expr: { $and: [ { $or: [ { $eq: [ "$_id", { $literal: ObjectId("69d9055c3a77da4627d44dac"), }, ], }, ], }, { $ne: [ "$_id", "$$REMOVE", ], }, ], }, }, }, { $project: { _id: 1, name: 1, slug: 1, description: 1, shortDesc: 1, stockKeepingUnit: 1, basePrice: 1, salePrice: 1, type: 1, categoryId: 1, vendorId: 1, approvalStatus: 1, brand: 1, tags: 1, images: 1, avgRating: 1, reviewCount: 1, stock: 1, lowStockThreshold: 1, isActive: 1, isFeatured: 1, isNewArrival: 1, createdAt: 1, updatedAt: 1, }, }, ])

[90mstdout[2m | src/__tests__/checkout/checkout.test.ts[2m > [22m[2mmock payment service[2m > [22m[2mshould confirm payment via webhook and mark orders PAID
[22m[39mprisma:query db.Cart.aggregate([ { $match: { $expr: { $and: [ { $and: [ { $and: [ { $eq: [ "$userId", { $literal: "checkout-test-pay-buyer", }, ], }, { $ne: [ "$userId", "$$REMOVE", ], }, ], }, ], }, { }, ], }, }, }, { $project: { _id: 1, userId: 1, sessionId: 1, createdAt: 1, updatedAt: 1, }, }, ])

[90mstdout[2m | src/__tests__/checkout/checkout.test.ts[2m > [22m[2mmock payment service[2m > [22m[2mshould confirm payment via webhook and mark orders PAID
[22m[39mprisma:query db.CartItem.aggregate([ { $match: { $expr: { $and: [ { $or: [ { $eq: [ "$cartId", { $literal: ObjectId("69d9055d3a77da4627d44dad"), }, ], }, ], }, { $ne: [ "$cartId", "$$REMOVE", ], }, ], }, }, }, { $project: { _id: 1, cartId: 1, productId: 1, variantId: 1, quantity: 1, createdAt: 1, updatedAt: 1, }, }, ])

[90mstdout[2m | src/__tests__/checkout/checkout.test.ts[2m > [22m[2mmock payment service[2m > [22m[2mshould confirm payment via webhook and mark orders PAID
[22m[39mprisma:query db.Product.aggregate([ { $match: { $expr: { $and: [ { $or: [ { $eq: [ "$_id", { $literal: ObjectId("69d9055c3a77da4627d44dac"), }, ], }, ], }, { $ne: [ "$_id", "$$REMOVE", ], }, ], }, }, }, { $project: { _id: 1, name: 1, slug: 1, description: 1, shortDesc: 1, stockKeepingUnit: 1, basePrice: 1, salePrice: 1, type: 1, categoryId: 1, vendorId: 1, approvalStatus: 1, brand: 1, tags: 1, images: 1, avgRating: 1, reviewCount: 1, stock: 1, lowStockThreshold: 1, isActive: 1, isFeatured: 1, isNewArrival: 1, createdAt: 1, updatedAt: 1, }, }, ])

[90mstdout[2m | src/__tests__/checkout/checkout.test.ts[2m > [22m[2mmock payment service[2m > [22m[2mshould confirm payment via webhook and mark orders PAID
[22m[39mprisma:query db.Order.insertOne({ orderNumber: "WS-20260410-V9B3W", userId: "checkout-test-pay-buyer", vendorId: null, checkoutSessionId: "34e71df5-0162-4712-9e4a-ac1b773ebc09", status: "CREATED", shippingAddress: { firstName: "Test", lastName: "User", phone: "08012345678", street: "123 Test St", city: "Lagos", state: "Lagos", country: "Nigeria", postalCode: "100001", }, subtotal: 10000, shipping: 2500, discount: 0, total: 12500, createdAt: DateTime("2026-04-10 14:12:48.412 +00:00:00"), updatedAt: DateTime("2026-04-10 14:12:48.412 +00:00:00"), })

[90mstdout[2m | src/__tests__/checkout/checkout.test.ts[2m > [22m[2mmock payment service[2m > [22m[2mshould confirm payment via webhook and mark orders PAID
[22m[39mprisma:query db.OrderItem.insertOne({ orderId: ObjectId("69d905603a77da4627d44daf"), productId: ObjectId("69d9055c3a77da4627d44dac"), variantId: null, productName: "Pay Item", productImage: null, sku: "checkout-test-SKU-1775830364888-9", variantName: null, quantity: 1, unitPrice: 10000, totalPrice: 10000, createdAt: DateTime("2026-04-10 14:12:48.412 +00:00:00"), })

[90mstdout[2m | src/__tests__/checkout/checkout.test.ts[2m > [22m[2mmock payment service[2m > [22m[2mshould confirm payment via webhook and mark orders PAID
[22m[39mprisma:query db.OrderStatusHistory.insertOne({ orderId: ObjectId("69d905603a77da4627d44daf"), status: "CREATED", note: "Order placed", createdAt: DateTime("2026-04-10 14:12:48.412 +00:00:00"), })

[90mstdout[2m | src/__tests__/checkout/checkout.test.ts[2m > [22m[2mmock payment service[2m > [22m[2mshould confirm payment via webhook and mark orders PAID
[22m[39mprisma:query db.Order.aggregate([ { $match: { $expr: { $and: [ { $and: [ { $eq: [ "$_id", { $literal: ObjectId("69d905603a77da4627d44daf"), }, ], }, { $ne: [ "$_id", "$$REMOVE", ], }, ], }, ], }, }, }, { $project: { _id: 1, orderNumber: 1, userId: 1, vendorId: 1, checkoutSessionId: 1, status: 1, shippingAddress: 1, billingAddress: 1, subtotal: 1, shipping: 1, discount: 1, total: 1, couponCode: 1, notes: 1, createdAt: 1, updatedAt: 1, paidAt: 1, shippedAt: 1, deliveredAt: 1, }, }, ])

[90mstdout[2m | src/__tests__/checkout/checkout.test.ts[2m > [22m[2mmock payment service[2m > [22m[2mshould confirm payment via webhook and mark orders PAID
[22m[39mprisma:query db.Product.aggregate([ { $match: { $expr: { $and: [ { $and: [ { $and: [ { $eq: [ "$_id", { $literal: ObjectId("69d9055c3a77da4627d44dac"), }, ], }, { $ne: [ "$_id", "$$REMOVE", ], }, ], }, ], }, { }, ], }, }, }, { $project: { _id: 1, }, }, ])

[90mstdout[2m | src/__tests__/checkout/checkout.test.ts[2m > [22m[2mmock payment service[2m > [22m[2mshould confirm payment via webhook and mark orders PAID
[22m[39mprisma:query db.Product.updateMany({ _id: { $in: [ ObjectId("69d9055c3a77da4627d44dac"), ], }, },[{ $set: { stock: { $subtract: [ "$stock", 1, ], }, }, },
{ $set: { updatedAt: { $literal: DateTime("2026-04-10 14:12:49.754 +00:00:00"), }, }, }])

[90mstdout[2m | src/__tests__/checkout/checkout.test.ts[2m > [22m[2mmock payment service[2m > [22m[2mshould confirm payment via webhook and mark orders PAID
[22m[39mprisma:query db.Product.aggregate([ { $match: { $expr: { $and: [ { $and: [ { $eq: [ "$_id", { $literal: ObjectId("69d9055c3a77da4627d44dac"), }, ], }, { $ne: [ "$_id", "$$REMOVE", ], }, ], }, ], }, }, }, { $project: { _id: 1, name: 1, slug: 1, description: 1, shortDesc: 1, stockKeepingUnit: 1, basePrice: 1, salePrice: 1, type: 1, categoryId: 1, vendorId: 1, approvalStatus: 1, brand: 1, tags: 1, images: 1, avgRating: 1, reviewCount: 1, stock: 1, lowStockThreshold: 1, isActive: 1, isFeatured: 1, isNewArrival: 1, createdAt: 1, updatedAt: 1, }, }, ])

[90mstdout[2m | src/__tests__/checkout/checkout.test.ts[2m > [22m[2mmock payment service[2m > [22m[2mshould confirm payment via webhook and mark orders PAID
[22m[39mprisma:query db.CartItem.aggregate([ { $match: { $expr: { $and: [ { $eq: [ "$cartId", { $literal: ObjectId("69d9055d3a77da4627d44dad"), }, ], }, { $ne: [ "$cartId", "$$REMOVE", ], }, ], }, }, }, { $project: { _id: 1, }, }, ])

[90mstdout[2m | src/__tests__/checkout/checkout.test.ts[2m > [22m[2mmock payment service[2m > [22m[2mshould confirm payment via webhook and mark orders PAID
[22m[39mprisma:query db.CartItem.deleteMany({ _id: { $in: [ ObjectId("69d9055e3a77da4627d44dae"), ], }, })

[90mstdout[2m | src/__tests__/checkout/checkout.test.ts[2m > [22m[2mmock payment service[2m > [22m[2mshould confirm payment via webhook and mark orders PAID
[22m[39mprisma:query db.Order.aggregate([ { $match: { $expr: { $and: [ { $and: [ { $eq: [ "$checkoutSessionId", { $literal: "34e71df5-0162-4712-9e4a-ac1b773ebc09", }, ], }, { $ne: [ "$checkoutSessionId", "$$REMOVE", ], }, ], }, { $and: [ { $eq: [ "$userId", { $literal: "checkout-test-pay-buyer", }, ], }, { $ne: [ "$userId", "$$REMOVE", ], }, ], }, ], }, }, }, { $project: { _id: 1, orderNumber: 1, userId: 1, vendorId: 1, checkoutSessionId: 1, status: 1, shippingAddress: 1, billingAddress: 1, subtotal: 1, shipping: 1, discount: 1, total: 1, couponCode: 1, notes: 1, createdAt: 1, updatedAt: 1, paidAt: 1, shippedAt: 1, deliveredAt: 1, }, }, ])

[90mstdout[2m | src/__tests__/checkout/checkout.test.ts[2m > [22m[2mmock payment service[2m > [22m[2mshould confirm payment via webhook and mark orders PAID
[22m[39mprisma:query db.Payment.aggregate([ { $match: { $expr: { $and: [ { $and: [ { $and: [ { $eq: [ "$checkoutSessionId", { $literal: "34e71df5-0162-4712-9e4a-ac1b773ebc09", }, ], }, { $ne: [ "$checkoutSessionId", "$$REMOVE", ], }, ], }, ], }, { }, ], }, }, }, { $project: { _id: 1, checkoutSessionId: 1, userId: 1, amount: 1, currency: 1, status: 1, provider: 1, transactionRef: 1, providerData: 1, metadata: 1, createdAt: 1, updatedAt: 1, paidAt: 1, }, }, ])

[90mstdout[2m | src/__tests__/checkout/checkout.test.ts[2m > [22m[2mmock payment service[2m > [22m[2mshould confirm payment via webhook and mark orders PAID
[22m[39mprisma:query db.Payment.insertOne({ checkoutSessionId: "34e71df5-0162-4712-9e4a-ac1b773ebc09", userId: "checkout-test-pay-buyer", amount: 12500, currency: "NGN", status: "PENDING", provider: "mock", transactionRef: "WS-PAY-2c96125624b24eac", createdAt: DateTime("2026-04-10 14:12:51.394 +00:00:00"), updatedAt: DateTime("2026-04-10 14:12:51.394 +00:00:00"), })

[90mstdout[2m | src/__tests__/checkout/checkout.test.ts[2m > [22m[2mmock payment service[2m > [22m[2mshould confirm payment via webhook and mark orders PAID
[22m[39mprisma:query db.Payment.aggregate([ { $match: { $expr: { $and: [ { $and: [ { $eq: [ "$_id", { $literal: ObjectId("69d905633a77da4627d44db2"), }, ], }, { $ne: [ "$_id", "$$REMOVE", ], }, ], }, ], }, }, }, { $project: { _id: 1, checkoutSessionId: 1, userId: 1, amount: 1, currency: 1, status: 1, provider: 1, transactionRef: 1, providerData: 1, metadata: 1, createdAt: 1, updatedAt: 1, paidAt: 1, }, }, ])

[90mstdout[2m | src/__tests__/checkout/checkout.test.ts[2m > [22m[2mmock payment service[2m > [22m[2mshould confirm payment via webhook and mark orders PAID
[22m[39mprisma:query db.Payment.aggregate([ { $match: { $expr: { $and: [ { $and: [ { $and: [ { $eq: [ "$checkoutSessionId", { $literal: "34e71df5-0162-4712-9e4a-ac1b773ebc09", }, ], }, { $ne: [ "$checkoutSessionId", "$$REMOVE", ], }, ], }, ], }, { }, ], }, }, }, { $project: { _id: 1, checkoutSessionId: 1, userId: 1, amount: 1, currency: 1, status: 1, provider: 1, transactionRef: 1, providerData: 1, metadata: 1, createdAt: 1, updatedAt: 1, paidAt: 1, }, }, ])

[90mstdout[2m | src/__tests__/checkout/checkout.test.ts[2m > [22m[2mmock payment service[2m > [22m[2mshould confirm payment via webhook and mark orders PAID
[22m[39mprisma:query db.Order.aggregate([ { $match: { $expr: { $and: [ { $eq: [ "$checkoutSessionId", { $literal: "34e71df5-0162-4712-9e4a-ac1b773ebc09", }, ], }, { $ne: [ "$checkoutSessionId", "$$REMOVE", ], }, ], }, }, }, { $project: { _id: 1, orderNumber: 1, userId: 1, vendorId: 1, checkoutSessionId: 1, status: 1, shippingAddress: 1, billingAddress: 1, subtotal: 1, shipping: 1, discount: 1, total: 1, couponCode: 1, notes: 1, createdAt: 1, updatedAt: 1, paidAt: 1, shippedAt: 1, deliveredAt: 1, }, }, ])

[90mstdout[2m | src/__tests__/checkout/checkout.test.ts[2m > [22m[2mmock payment service[2m > [22m[2mshould confirm payment via webhook and mark orders PAID
[22m[39mprisma:query db.Payment.aggregate([ { $match: { $expr: { $and: [ { $and: [ { $and: [ { $eq: [ "$checkoutSessionId", { $literal: "34e71df5-0162-4712-9e4a-ac1b773ebc09", }, ], }, { $ne: [ "$checkoutSessionId", "$$REMOVE", ], }, ], }, ], }, { }, ], }, }, }, { $project: { _id: 1, }, }, ])

[90mstdout[2m | src/__tests__/checkout/checkout.test.ts[2m > [22m[2mmock payment service[2m > [22m[2mshould confirm payment via webhook and mark orders PAID
[22m[39mprisma:query db.Payment.updateMany({ _id: { $in: [ ObjectId("69d905633a77da4627d44db2"), ], }, },[{ $set: { status: { $literal: "COMPLETED", }, }, },
{ $set: { providerData: { $literal: { confirmedAt: "2026-04-10T14:12:52.528Z", method: "mock", }, }, }, },
{ $set: { updatedAt: { $literal: DateTime("2026-04-10 14:12:52.535 +00:00:00"), }, }, },
{ $set: { paidAt: { $literal: DateTime("2026-04-10 14:12:52.528 +00:00:00"), }, }, }])

[90mstdout[2m | src/__tests__/checkout/checkout.test.ts[2m > [22m[2mmock payment service[2m > [22m[2mshould confirm payment via webhook and mark orders PAID
[22m[39mprisma:query db.Payment.aggregate([ { $match: { $expr: { $and: [ { $and: [ { $eq: [ "$_id", { $literal: ObjectId("69d905633a77da4627d44db2"), }, ], }, { $ne: [ "$_id", "$$REMOVE", ], }, ], }, ], }, }, }, { $project: { _id: 1, checkoutSessionId: 1, userId: 1, amount: 1, currency: 1, status: 1, provider: 1, transactionRef: 1, providerData: 1, metadata: 1, createdAt: 1, updatedAt: 1, paidAt: 1, }, }, ])

[90mstdout[2m | src/__tests__/checkout/checkout.test.ts[2m > [22m[2mmock payment service[2m > [22m[2mshould confirm payment via webhook and mark orders PAID
[22m[39mprisma:query db.Order.aggregate([ { $match: { $expr: { $and: [ { $and: [ { $and: [ { $eq: [ "$_id", { $literal: ObjectId("69d905603a77da4627d44daf"), }, ], }, { $ne: [ "$_id", "$$REMOVE", ], }, ], }, ], }, { }, ], }, }, }, { $project: { _id: 1, }, }, ])

[90mstdout[2m | src/__tests__/checkout/checkout.test.ts[2m > [22m[2mmock payment service[2m > [22m[2mshould confirm payment via webhook and mark orders PAID
[22m[39mprisma:query db.Order.updateMany({ _id: { $in: [ ObjectId("69d905603a77da4627d44daf"), ], }, },[{ $set: { status: { $literal: "PAID", }, }, },
{ $set: { updatedAt: { $literal: DateTime("2026-04-10 14:12:52.535 +00:00:00"), }, }, },
{ $set: { paidAt: { $literal: DateTime("2026-04-10 14:12:52.528 +00:00:00"), }, }, }])

[90mstdout[2m | src/__tests__/checkout/checkout.test.ts[2m > [22m[2mmock payment service[2m > [22m[2mshould confirm payment via webhook and mark orders PAID
[22m[39mprisma:query db.Order.aggregate([ { $match: { $expr: { $and: [ { $and: [ { $eq: [ "$_id", { $literal: ObjectId("69d905603a77da4627d44daf"), }, ], }, { $ne: [ "$_id", "$$REMOVE", ], }, ], }, ], }, }, }, { $project: { _id: 1, orderNumber: 1, userId: 1, vendorId: 1, checkoutSessionId: 1, status: 1, shippingAddress: 1, billingAddress: 1, subtotal: 1, shipping: 1, discount: 1, total: 1, couponCode: 1, notes: 1, createdAt: 1, updatedAt: 1, paidAt: 1, shippedAt: 1, deliveredAt: 1, }, }, ])

[90mstdout[2m | src/__tests__/checkout/checkout.test.ts[2m > [22m[2mmock payment service[2m > [22m[2mshould confirm payment via webhook and mark orders PAID
[22m[39mprisma:query db.OrderStatusHistory.insertOne({ orderId: ObjectId("69d905603a77da4627d44daf"), status: "PAID", note: "Payment confirmed via mock payment", createdAt: DateTime("2026-04-10 14:12:52.535 +00:00:00"), })

[90mstdout[2m | src/__tests__/checkout/checkout.test.ts[2m > [22m[2mmock payment service[2m > [22m[2mshould confirm payment via webhook and mark orders PAID
[22m[39mprisma:query db.OrderStatusHistory.aggregate([ { $match: { $expr: { $and: [ { $and: [ { $eq: [ "$_id", { $literal: ObjectId("69d905653a77da4627d44db3"), }, ], }, { $ne: [ "$_id", "$$REMOVE", ], }, ], }, ], }, }, }, { $project: { _id: 1, orderId: 1, status: 1, note: 1, createdAt: 1, }, }, ])

[90mstdout[2m | src/__tests__/checkout/checkout.test.ts[2m > [22m[2mmock payment service[2m > [22m[2mshould confirm payment via webhook and mark orders PAID
[22m[39mprisma:query db.Payment.aggregate([ { $match: { $expr: { $and: [ { $and: [ { $and: [ { $eq: [ "$_id", { $literal: ObjectId("69d905633a77da4627d44db2"), }, ], }, { $ne: [ "$_id", "$$REMOVE", ], }, ], }, ], }, { }, ], }, }, }, { $project: { _id: 1, checkoutSessionId: 1, userId: 1, amount: 1, currency: 1, status: 1, provider: 1, transactionRef: 1, providerData: 1, metadata: 1, createdAt: 1, updatedAt: 1, paidAt: 1, }, }, ])

[90mstdout[2m | src/__tests__/checkout/checkout.test.ts[2m > [22m[2mmock payment service[2m > [22m[2mshould confirm payment via webhook and mark orders PAID
[22m[39mprisma:query db.Order.aggregate([ { $match: { $expr: { $and: [ { $and: [ { $and: [ { $eq: [ "$_id", { $literal: ObjectId("69d905603a77da4627d44daf"), }, ], }, { $ne: [ "$_id", "$$REMOVE", ], }, ], }, ], }, { }, ], }, }, }, { $project: { _id: 1, orderNumber: 1, userId: 1, vendorId: 1, checkoutSessionId: 1, status: 1, shippingAddress: 1, billingAddress: 1, subtotal: 1, shipping: 1, discount: 1, total: 1, couponCode: 1, notes: 1, createdAt: 1, updatedAt: 1, paidAt: 1, shippedAt: 1, deliveredAt: 1, }, }, ])

[90mstdout[2m | src/__tests__/checkout/checkout.test.ts[2m > [22m[2mmock payment service[2m > [22m[2mshould confirm payment via webhook and mark orders PAID
[22m[39mprisma:query db.OrderItem.aggregate([ { $match: { $expr: { $and: [ { $or: [ { $eq: [ "$orderId", { $literal: ObjectId("69d905603a77da4627d44daf"), }, ], }, ], }, { $ne: [ "$orderId", "$$REMOVE", ], }, ], }, }, }, { $project: { _id: 1, orderId: 1, productId: 1, variantId: 1, productName: 1, productImage: 1, sku: 1, variantName: 1, quantity: 1, unitPrice: 1, totalPrice: 1, createdAt: 1, }, }, ])

[90mstdout[2m | src/__tests__/checkout/checkout.test.ts[2m > [22m[2mmock payment service[2m > [22m[2mshould confirm payment via webhook and mark orders PAID
[22m[39mprisma:query db.Product.aggregate([ { $match: { $expr: { $and: [ { $or: [ { $eq: [ "$_id", { $literal: ObjectId("69d9055c3a77da4627d44dac"), }, ], }, ], }, { $ne: [ "$_id", "$$REMOVE", ], }, ], }, }, }, { $project: { _id: 1, type: 1, }, }, ])

[90mstdout[2m | src/__tests__/checkout/checkout.test.ts[2m > [22m[2mmock payment service[2m > [22m[2mshould confirm payment via webhook and mark orders PAID
[22m[39mprisma:query db.UserProfile.aggregate([ { $match: { $expr: { $and: [ { $and: [ { $and: [ { $eq: [ "$userId", { $literal: "checkout-test-pay-buyer", }, ], }, { $ne: [ "$userId", "$$REMOVE", ], }, ], }, ], }, { }, ], }, }, }, { $project: { _id: 1, userId: 1, email: 1, firstName: 1, lastName: 1, phone: 1, avatar: 1, dateOfBirth: 1, gender: 1, role: 1, isVendor: 1, vendorStatus: 1, storeName: 1, storeSlug: 1, storeDescription: 1, vendorSince: 1, createdAt: 1, updatedAt: 1, }, }, ])

[90mstdout[2m | src/__tests__/checkout/checkout.test.ts[2m > [22m[2mmock payment service[2m > [22m[2mshould confirm payment via webhook and mark orders PAID
[22m[39mprisma:query db.Payment.aggregate([ { $match: { $expr: { $and: [ { $and: [ { $and: [ { $eq: [ "$checkoutSessionId", { $literal: "34e71df5-0162-4712-9e4a-ac1b773ebc09", }, ], }, { $ne: [ "$checkoutSessionId", "$$REMOVE", ], }, ], }, ], }, { }, ], }, }, }, { $project: { _id: 1, checkoutSessionId: 1, userId: 1, amount: 1, currency: 1, status: 1, provider: 1, transactionRef: 1, providerData: 1, metadata: 1, createdAt: 1, updatedAt: 1, paidAt: 1, }, }, ])

[90mstdout[2m | src/__tests__/checkout/checkout.test.ts[2m > [22m[2mmock payment service[2m > [22m[2mshould confirm payment via webhook and mark orders PAID
[22m[39mprisma:query db.Order.aggregate([ { $match: { $expr: { $and: [ { $eq: [ "$checkoutSessionId", { $literal: "34e71df5-0162-4712-9e4a-ac1b773ebc09", }, ], }, { $ne: [ "$checkoutSessionId", "$$REMOVE", ], }, ], }, }, }, { $project: { _id: 1, orderNumber: 1, userId: 1, vendorId: 1, checkoutSessionId: 1, status: 1, shippingAddress: 1, billingAddress: 1, subtotal: 1, shipping: 1, discount: 1, total: 1, couponCode: 1, notes: 1, createdAt: 1, updatedAt: 1, paidAt: 1, shippedAt: 1, deliveredAt: 1, }, }, ])

[90mstdout[2m | src/__tests__/checkout/checkout.test.ts[2m > [22m[2mmock payment service[2m > [22m[2mshould confirm payment via webhook and mark orders PAID
[22m[39mprisma:query db.Order.aggregate([ { $match: { $expr: { $and: [ { $regexMatch: { input: "$userId", regex: "^checkout-test", options: "", }, }, { $ne: [ "$userId", "$$REMOVE", ], }, ], }, }, }, { $project: { _id: 1, }, }, ])

[90mstdout[2m | src/__tests__/checkout/checkout.test.ts[2m > [22m[2mmock payment service[2m > [22m[2mshould confirm payment via webhook and mark orders PAID
[22m[39mprisma:query db.OrderStatusHistory.aggregate([ { $match: { $expr: { $and: [ { $or: [ { $eq: [ "$orderId", { $literal: ObjectId("69d905603a77da4627d44daf"), }, ], }, ], }, { $ne: [ "$orderId", "$$REMOVE", ], }, ], }, }, }, { $project: { _id: 1, }, }, ])

[90mstdout[2m | src/__tests__/checkout/checkout.test.ts[2m > [22m[2mmock payment service[2m > [22m[2mshould confirm payment via webhook and mark orders PAID
[22m[39mprisma:query db.OrderStatusHistory.deleteMany({ _id: { $in: [ ObjectId("69d905603a77da4627d44db1"), ObjectId("69d905653a77da4627d44db3"), ], }, })

[90mstdout[2m | src/__tests__/checkout/checkout.test.ts[2m > [22m[2mmock payment service[2m > [22m[2mshould confirm payment via webhook and mark orders PAID
[22m[39mprisma:query db.OrderItem.aggregate([ { $match: { $expr: { $and: [ { $or: [ { $eq: [ "$orderId", { $literal: ObjectId("69d905603a77da4627d44daf"), }, ], }, ], }, { $ne: [ "$orderId", "$$REMOVE", ], }, ], }, }, }, { $project: { _id: 1, }, }, ])

[90mstdout[2m | src/__tests__/checkout/checkout.test.ts[2m > [22m[2mmock payment service[2m > [22m[2mshould confirm payment via webhook and mark orders PAID
[22m[39m[32minfo[39m: [32m[Email] Order receipt sent[39m {"emailId":"c316009c-fd81-4bb1-b4c5-3fcdbdf15f28","label":"Global","orderNumber":"WS-20260410-V9B3W","timestamp":"2026-04-10 15:12:57","to":"checkout-test-pay@test.com"}

[90mstdout[2m | src/__tests__/checkout/checkout.test.ts[2m > [22m[2mmock payment service[2m > [22m[2mshould confirm payment via webhook and mark orders PAID
[22m[39mprisma:query db.OrderItem.deleteMany({ _id: { $in: [ ObjectId("69d905603a77da4627d44db0"), ], }, })

[90mstdout[2m | src/__tests__/checkout/checkout.test.ts[2m > [22m[2mmock payment service[2m > [22m[2mshould confirm payment via webhook and mark orders PAID
[22m[39mprisma:query db.Payment.aggregate([ { $match: { $expr: { $and: [ { $and: [ { $and: [ { $eq: [ "$_id", { $literal: ObjectId("69d905633a77da4627d44db2"), }, ], }, { $ne: [ "$_id", "$$REMOVE", ], }, ], }, ], }, { }, ], }, }, }, { $project: { _id: 1, }, }, ])

[90mstdout[2m | src/__tests__/checkout/checkout.test.ts[2m > [22m[2mmock payment service[2m > [22m[2mshould confirm payment via webhook and mark orders PAID
[22m[39mprisma:query db.Payment.aggregate([ { $match: { $expr: { $and: [ { $regexMatch: { input: "$userId", regex: "^checkout-test", options: "", }, }, { $ne: [ "$userId", "$$REMOVE", ], }, ], }, }, }, { $project: { _id: 1, }, }, ])

[90mstdout[2m | src/__tests__/checkout/checkout.test.ts[2m > [22m[2mmock payment service[2m > [22m[2mshould confirm payment via webhook and mark orders PAID
[22m[39mprisma:query db.Payment.updateMany({ _id: { $in: [ ObjectId("69d905633a77da4627d44db2"), ], }, },[{ $set: { metadata: { $literal: { receiptSent_69d905603a77da4627d44daf: "2026-04-10T14:12:57.120Z", }, }, }, },
{ $set: { updatedAt: { $literal: DateTime("2026-04-10 14:12:57.121 +00:00:00"), }, }, }])

[90mstdout[2m | src/__tests__/checkout/checkout.test.ts[2m > [22m[2mmock payment service[2m > [22m[2mshould confirm payment via webhook and mark orders PAID
[22m[39mprisma:query db.Payment.aggregate([ { $match: { $expr: { $and: [ { $and: [ { $eq: [ "$_id", { $literal: ObjectId("69d905633a77da4627d44db2"), }, ], }, { $ne: [ "$_id", "$$REMOVE", ], }, ], }, ], }, }, }, { $project: { _id: 1, checkoutSessionId: 1, userId: 1, amount: 1, currency: 1, status: 1, provider: 1, transactionRef: 1, providerData: 1, metadata: 1, createdAt: 1, updatedAt: 1, paidAt: 1, }, }, ])

[90mstdout[2m | src/__tests__/checkout/checkout.test.ts[2m > [22m[2mmock payment service[2m > [22m[2mshould confirm payment via webhook and mark orders PAID
[22m[39mprisma:query db.Payment.deleteMany({ _id: { $in: [ ObjectId("69d905633a77da4627d44db2"), ], }, })

[90mstdout[2m | src/__tests__/checkout/checkout.test.ts[2m > [22m[2mmock payment service[2m > [22m[2mshould confirm payment via webhook and mark orders PAID
[22m[39mprisma:query db.Payment.aggregate([ { $match: { $expr: { $and: [ { $regexMatch: { input: "$userId", regex: "^checkout-test", options: "", }, }, { $ne: [ "$userId", "$$REMOVE", ], }, ], }, }, }, { $project: { _id: 1, }, }, ])

[90mstdout[2m | src/__tests__/checkout/checkout.test.ts[2m > [22m[2mmock payment service[2m > [22m[2mshould confirm payment via webhook and mark orders PAID
[22m[39mprisma:query db.Payment.deleteMany({ _id: { $in: [ ObjectId("69d905633a77da4627d44db2"), ], }, })

[90mstdout[2m | src/__tests__/checkout/checkout.test.ts[2m > [22m[2mmock payment service[2m > [22m[2mshould confirm payment via webhook and mark orders PAID
[22m[39mprisma:query db.Order.aggregate([ { $match: { $expr: { $and: [ { $regexMatch: { input: "$userId", regex: "^checkout-test", options: "", }, }, { $ne: [ "$userId", "$$REMOVE", ], }, ], }, }, }, { $project: { _id: 1, }, }, ])

[90mstdout[2m | src/__tests__/checkout/checkout.test.ts[2m > [22m[2mmock payment service[2m > [22m[2mshould confirm payment via webhook and mark orders PAID
[22m[39mprisma:query db.OrderStatusHistory.aggregate([ { $match: { $expr: { $and: [ { }, { $and: [ { $or: [ { $eq: [ "$orderId", { $literal: ObjectId("69d905603a77da4627d44daf"), }, ], }, ], }, { $ne: [ "$orderId", "$$REMOVE", ], }, ], }, ], }, }, }, { $project: { _id: 1, orderId: 1, }, }, ])

[90mstdout[2m | src/__tests__/checkout/checkout.test.ts[2m > [22m[2mmock payment service[2m > [22m[2mshould confirm payment via webhook and mark orders PAID
[22m[39mprisma:query db.OrderItem.aggregate([ { $match: { $expr: { $and: [ { }, { $and: [ { $or: [ { $eq: [ "$orderId", { $literal: ObjectId("69d905603a77da4627d44daf"), }, ], }, ], }, { $ne: [ "$orderId", "$$REMOVE", ], }, ], }, ], }, }, }, { $project: { _id: 1, orderId: 1, }, }, ])

[90mstdout[2m | src/__tests__/checkout/checkout.test.ts[2m > [22m[2mmock payment service[2m > [22m[2mshould confirm payment via webhook and mark orders PAID
[22m[39mprisma:query db.Order.deleteMany({ _id: { $in: [ ObjectId("69d905603a77da4627d44daf"), ], }, })

[90mstdout[2m | src/__tests__/checkout/checkout.test.ts[2m > [22m[2mmock payment service[2m > [22m[2mshould confirm payment via webhook and mark orders PAID
[22m[39mprisma:query db.CartItem.aggregate([ { $lookup: { from: "Cart", let: { left_0: "$cartId", }, pipeline: [ { $match: { $expr: { $and: [ { $eq: [ "$_id", "$$left_0", ], }, ], }, }, }, ], as: "CartToCartItem", }, }, { $match: { $expr: { $and: [ { $eq: [ { $size: { $filter: { input: "$CartToCartItem", as: "elem", cond: { $and: [ { $regexMatch: { input: "$$elem.userId", regex: "^checkout-test", options: "", }, }, { $ne: [ "$$elem.userId", "$$REMOVE", ], }, ], }, }, }, }, { $size: "$CartToCartItem", }, ], }, { $eq: [ { $size: "$CartToCartItem", }, 1, ], }, ], }, }, }, { $unwind: { path: "$CartToCartItem", preserveNullAndEmptyArrays: true, }, }, { $project: { _id: 1, }, }, ])

[90mstdout[2m | src/__tests__/checkout/checkout.test.ts[2m > [22m[2mmock payment service[2m > [22m[2mshould confirm payment via webhook and mark orders PAID
[22m[39mprisma:query db.Cart.aggregate([ { $match: { $expr: { $and: [ { $regexMatch: { input: "$userId", regex: "^checkout-test", options: "", }, }, { $ne: [ "$userId", "$$REMOVE", ], }, ], }, }, }, { $project: { _id: 1, }, }, ])

[90mstdout[2m | src/__tests__/checkout/checkout.test.ts[2m > [22m[2mmock payment service[2m > [22m[2mshould confirm payment via webhook and mark orders PAID
[22m[39mprisma:query db.CartItem.aggregate([ { $match: { $expr: { $and: [ { }, { $and: [ { $or: [ { $eq: [ "$cartId", { $literal: ObjectId("69d9055d3a77da4627d44dad"), }, ], }, ], }, { $ne: [ "$cartId", "$$REMOVE", ], }, ], }, ], }, }, }, { $project: { _id: 1, cartId: 1, }, }, ])

[90mstdout[2m | src/__tests__/checkout/checkout.test.ts[2m > [22m[2mmock payment service[2m > [22m[2mshould confirm payment via webhook and mark orders PAID
[22m[39mprisma:query db.Cart.deleteMany({ _id: { $in: [ ObjectId("69d9055d3a77da4627d44dad"), ], }, })

[90mstdout[2m | src/__tests__/checkout/checkout.test.ts[2m > [22m[2mmock payment service[2m > [22m[2mshould confirm payment via webhook and mark orders PAID
[22m[39mprisma:query db.Product.aggregate([ { $match: { $expr: { $and: [ { $regexMatch: { input: "$vendorId", regex: "^checkout-test", options: "", }, }, { $ne: [ "$vendorId", "$$REMOVE", ], }, ], }, }, }, { $project: { _id: 1, }, }, ])

[90mstdout[2m | src/__tests__/checkout/checkout.test.ts[2m > [22m[2mmock payment service[2m > [22m[2mshould confirm payment via webhook and mark orders PAID
[22m[39mprisma:query db.Product.aggregate([ { $match: { $expr: { $or: [ { $and: [ { $regexMatch: { input: "$vendorId", regex: "^checkout-test", options: "", }, }, { $ne: [ "$vendorId", "$$REMOVE", ], }, ], }, { $and: [ { $regexMatch: { input: "$slug", regex: "^checkout-test", options: "", }, }, { $ne: [ "$slug", "$$REMOVE", ], }, ], }, ], }, }, }, { $project: { _id: 1, }, }, ])

[90mstdout[2m | src/__tests__/checkout/checkout.test.ts[2m > [22m[2mmock payment service[2m > [22m[2mshould confirm payment via webhook and mark orders PAID
[22m[39mprisma:query db.DigitalAsset.aggregate([ { $match: { $expr: { $and: [ { }, { $and: [ { $or: [ { $eq: [ "$productId", { $literal: ObjectId("69d9055c3a77da4627d44dac"), }, ], }, ], }, { $ne: [ "$productId", "$$REMOVE", ], }, ], }, ], }, }, }, { $project: { _id: 1, productId: 1, }, }, ])

[90mstdout[2m | src/__tests__/checkout/checkout.test.ts[2m > [22m[2mmock payment service[2m > [22m[2mshould confirm payment via webhook and mark orders PAID
[22m[39mprisma:query db.WishlistItem.aggregate([ { $match: { $expr: { $and: [ { }, { $and: [ { $or: [ { $eq: [ "$productId", { $literal: ObjectId("69d9055c3a77da4627d44dac"), }, ], }, ], }, { $ne: [ "$productId", "$$REMOVE", ], }, ], }, ], }, }, }, { $project: { _id: 1, productId: 1, }, }, ])

[90mstdout[2m | src/__tests__/checkout/checkout.test.ts[2m > [22m[2mmock payment service[2m > [22m[2mshould confirm payment via webhook and mark orders PAID
[22m[39mprisma:query db.Review.aggregate([ { $match: { $expr: { $and: [ { }, { $and: [ { $or: [ { $eq: [ "$productId", { $literal: ObjectId("69d9055c3a77da4627d44dac"), }, ], }, ], }, { $ne: [ "$productId", "$$REMOVE", ], }, ], }, ], }, }, }, { $project: { _id: 1, productId: 1, }, }, ])

[90mstdout[2m | src/__tests__/checkout/checkout.test.ts[2m > [22m[2mmock payment service[2m > [22m[2mshould confirm payment via webhook and mark orders PAID
[22m[39mprisma:query db.OrderItem.aggregate([ { $match: { $expr: { $and: [ { }, { $and: [ { $or: [ { $eq: [ "$productId", { $literal: ObjectId("69d9055c3a77da4627d44dac"), }, ], }, ], }, { $ne: [ "$productId", "$$REMOVE", ], }, ], }, ], }, }, }, { $project: { _id: 1, productId: 1, }, }, ])

[90mstdout[2m | src/__tests__/checkout/checkout.test.ts[2m > [22m[2mmock payment service[2m > [22m[2mshould confirm payment via webhook and mark orders PAID
[22m[39mprisma:query db.CartItem.aggregate([ { $match: { $expr: { $and: [ { }, { $and: [ { $or: [ { $eq: [ "$productId", { $literal: ObjectId("69d9055c3a77da4627d44dac"), }, ], }, ], }, { $ne: [ "$productId", "$$REMOVE", ], }, ], }, ], }, }, }, { $project: { _id: 1, productId: 1, }, }, ])

[90mstdout[2m | src/__tests__/checkout/checkout.test.ts[2m > [22m[2mmock payment service[2m > [22m[2mshould confirm payment via webhook and mark orders PAID
[22m[39mprisma:query db.ProductVariant.aggregate([ { $match: { $expr: { $and: [ { }, { $and: [ { $or: [ { $eq: [ "$productId", { $literal: ObjectId("69d9055c3a77da4627d44dac"), }, ], }, ], }, { $ne: [ "$productId", "$$REMOVE", ], }, ], }, ], }, }, }, { $project: { _id: 1, productId: 1, }, }, ])

[90mstdout[2m | src/__tests__/checkout/checkout.test.ts[2m > [22m[2mmock payment service[2m > [22m[2mshould confirm payment via webhook and mark orders PAID
[22m[39mprisma:query db.Product.deleteMany({ _id: { $in: [ ObjectId("69d9055c3a77da4627d44dac"), ], }, })

[90mstdout[2m | src/__tests__/checkout/checkout.test.ts[2m > [22m[2mmock payment service[2m > [22m[2mshould confirm payment via webhook and mark orders PAID
[22m[39mprisma:query db.UserProfile.aggregate([ { $match: { $expr: { $and: [ { $regexMatch: { input: "$userId", regex: "^checkout-test", options: "", }, }, { $ne: [ "$userId", "$$REMOVE", ], }, ], }, }, }, { $project: { _id: 1, }, }, ])

[90mstdout[2m | src/__tests__/checkout/checkout.test.ts[2m > [22m[2mmock payment service[2m > [22m[2mshould confirm payment via webhook and mark orders PAID
[22m[39mprisma:query db.UserProfile.deleteMany({ _id: { $in: [ ObjectId("69d9055c3a77da4627d44dab"), ], }, })

[90mstdout[2m | src/__tests__/checkout/checkout.test.ts[2m > [22m[2mmock payment service[2m > [22m[2mshould decline payment via webhook and cancel orders
[22m[39mprisma:query db.UserProfile.insertOne({ userId: "checkout-test-pay-buyer", email: "checkout-test-pay@test.com", firstName: "Test", lastName: "User", role: "CUSTOMER", isVendor: false, createdAt: DateTime("2026-04-10 14:13:04.488 +00:00:00"), updatedAt: DateTime("2026-04-10 14:13:04.488 +00:00:00"), })

[90mstdout[2m | src/__tests__/checkout/checkout.test.ts[2m > [22m[2mmock payment service[2m > [22m[2mshould decline payment via webhook and cancel orders
[22m[39mprisma:query db.UserProfile.aggregate([ { $match: { $expr: { $and: [ { $and: [ { $eq: [ "$_id", { $literal: ObjectId("69d905703a77da4627d44db4"), }, ], }, { $ne: [ "$_id", "$$REMOVE", ], }, ], }, ], }, }, }, { $project: { _id: 1, userId: 1, email: 1, firstName: 1, lastName: 1, phone: 1, avatar: 1, dateOfBirth: 1, gender: 1, role: 1, isVendor: 1, vendorStatus: 1, storeName: 1, storeSlug: 1, storeDescription: 1, vendorSince: 1, createdAt: 1, updatedAt: 1, }, }, ])

[90mstdout[2m | src/__tests__/checkout/checkout.test.ts[2m > [22m[2mmock payment service[2m > [22m[2mshould decline payment via webhook and cancel orders
[22m[39mprisma:query db.Product.insertOne({ name: "Pay Item", slug: "checkout-test-pay-item", description: "Pay Item description", stockKeepingUnit: "checkout-test-SKU-1775830385697-10", basePrice: 10000, type: "PHYSICAL", vendorId: null, approvalStatus: "APPROVED", tags: [ ], images: [ ], avgRating: 0, reviewCount: 0, stock: 10, lowStockThreshold: 10, isActive: true, isFeatured: false, isNewArrival: true, createdAt: DateTime("2026-04-10 14:13:05.699 +00:00:00"), updatedAt: DateTime("2026-04-10 14:13:05.699 +00:00:00"), })

[90mstdout[2m | src/__tests__/checkout/checkout.test.ts[2m > [22m[2mmock payment service[2m > [22m[2mshould decline payment via webhook and cancel orders
[22m[39mprisma:query db.Product.aggregate([ { $match: { $expr: { $and: [ { $and: [ { $eq: [ "$_id", { $literal: ObjectId("69d905713a77da4627d44db5"), }, ], }, { $ne: [ "$_id", "$$REMOVE", ], }, ], }, ], }, }, }, { $project: { _id: 1, name: 1, slug: 1, description: 1, shortDesc: 1, stockKeepingUnit: 1, basePrice: 1, salePrice: 1, type: 1, categoryId: 1, vendorId: 1, approvalStatus: 1, brand: 1, tags: 1, images: 1, avgRating: 1, reviewCount: 1, stock: 1, lowStockThreshold: 1, isActive: 1, isFeatured: 1, isNewArrival: 1, createdAt: 1, updatedAt: 1, }, }, ])

[90mstdout[2m | src/__tests__/checkout/checkout.test.ts[2m > [22m[2mmock payment service[2m > [22m[2mshould decline payment via webhook and cancel orders
[22m[39mprisma:query db.Cart.aggregate([ { $match: { $expr: { $and: [ { $and: [ { $and: [ { $eq: [ "$userId", { $literal: "checkout-test-pay-buyer", }, ], }, { $ne: [ "$userId", "$$REMOVE", ], }, ], }, ], }, { }, ], }, }, }, { $project: { _id: 1, userId: 1, sessionId: 1, createdAt: 1, updatedAt: 1, }, }, ])

[90mstdout[2m | src/__tests__/checkout/checkout.test.ts[2m > [22m[2mmock payment service[2m > [22m[2mshould decline payment via webhook and cancel orders
[22m[39mprisma:query db.Cart.insertOne({ userId: "checkout-test-pay-buyer", createdAt: DateTime("2026-04-10 14:13:08.547 +00:00:00"), updatedAt: DateTime("2026-04-10 14:13:08.547 +00:00:00"), })

[90mstdout[2m | src/__tests__/checkout/checkout.test.ts[2m > [22m[2mmock payment service[2m > [22m[2mshould decline payment via webhook and cancel orders
[22m[39mprisma:query db.Cart.aggregate([ { $match: { $expr: { $and: [ { $and: [ { $eq: [ "$_id", { $literal: ObjectId("69d905743a77da4627d44db6"), }, ], }, { $ne: [ "$_id", "$$REMOVE", ], }, ], }, ], }, }, }, { $project: { _id: 1, userId: 1, sessionId: 1, createdAt: 1, updatedAt: 1, }, }, ])

[90mstdout[2m | src/__tests__/checkout/checkout.test.ts[2m > [22m[2mmock payment service[2m > [22m[2mshould decline payment via webhook and cancel orders
[22m[39mprisma:query db.CartItem.insertOne({ cartId: ObjectId("69d905743a77da4627d44db6"), productId: ObjectId("69d905713a77da4627d44db5"), quantity: 1, createdAt: DateTime("2026-04-10 14:13:10.183 +00:00:00"), updatedAt: DateTime("2026-04-10 14:13:10.183 +00:00:00"), })

[90mstdout[2m | src/__tests__/checkout/checkout.test.ts[2m > [22m[2mmock payment service[2m > [22m[2mshould decline payment via webhook and cancel orders
[22m[39mprisma:query db.CartItem.aggregate([ { $match: { $expr: { $and: [ { $and: [ { $eq: [ "$_id", { $literal: ObjectId("69d905763a77da4627d44db7"), }, ], }, { $ne: [ "$_id", "$$REMOVE", ], }, ], }, ], }, }, }, { $project: { _id: 1, cartId: 1, productId: 1, variantId: 1, quantity: 1, createdAt: 1, updatedAt: 1, }, }, ])

[90mstdout[2m | src/__tests__/checkout/checkout.test.ts[2m > [22m[2mmock payment service[2m > [22m[2mshould decline payment via webhook and cancel orders
[22m[39mprisma:query db.Cart.aggregate([ { $match: { $expr: { $and: [ { $and: [ { $and: [ { $eq: [ "$userId", { $literal: "checkout-test-pay-buyer", }, ], }, { $ne: [ "$userId", "$$REMOVE", ], }, ], }, ], }, { }, ], }, }, }, { $project: { _id: 1, userId: 1, sessionId: 1, createdAt: 1, updatedAt: 1, }, }, ])

[90mstdout[2m | src/__tests__/checkout/checkout.test.ts[2m > [22m[2mmock payment service[2m > [22m[2mshould decline payment via webhook and cancel orders
[22m[39mprisma:query db.CartItem.aggregate([ { $match: { $expr: { $and: [ { $or: [ { $eq: [ "$cartId", { $literal: ObjectId("69d905743a77da4627d44db6"), }, ], }, ], }, { $ne: [ "$cartId", "$$REMOVE", ], }, ], }, }, }, { $project: { _id: 1, cartId: 1, productId: 1, variantId: 1, quantity: 1, createdAt: 1, updatedAt: 1, }, }, ])

[90mstdout[2m | src/__tests__/checkout/checkout.test.ts[2m > [22m[2mmock payment service[2m > [22m[2mshould decline payment via webhook and cancel orders
[22m[39mprisma:query db.Product.aggregate([ { $match: { $expr: { $and: [ { $or: [ { $eq: [ "$_id", { $literal: ObjectId("69d905713a77da4627d44db5"), }, ], }, ], }, { $ne: [ "$_id", "$$REMOVE", ], }, ], }, }, }, { $project: { _id: 1, name: 1, slug: 1, description: 1, shortDesc: 1, stockKeepingUnit: 1, basePrice: 1, salePrice: 1, type: 1, categoryId: 1, vendorId: 1, approvalStatus: 1, brand: 1, tags: 1, images: 1, avgRating: 1, reviewCount: 1, stock: 1, lowStockThreshold: 1, isActive: 1, isFeatured: 1, isNewArrival: 1, createdAt: 1, updatedAt: 1, }, }, ])

[90mstdout[2m | src/__tests__/checkout/checkout.test.ts[2m > [22m[2mmock payment service[2m > [22m[2mshould decline payment via webhook and cancel orders
[22m[39mprisma:query db.Cart.aggregate([ { $match: { $expr: { $and: [ { $and: [ { $and: [ { $eq: [ "$userId", { $literal: "checkout-test-pay-buyer", }, ], }, { $ne: [ "$userId", "$$REMOVE", ], }, ], }, ], }, { }, ], }, }, }, { $project: { _id: 1, userId: 1, sessionId: 1, createdAt: 1, updatedAt: 1, }, }, ])

[90mstdout[2m | src/__tests__/checkout/checkout.test.ts[2m > [22m[2mmock payment service[2m > [22m[2mshould decline payment via webhook and cancel orders
[22m[39mprisma:query db.CartItem.aggregate([ { $match: { $expr: { $and: [ { $or: [ { $eq: [ "$cartId", { $literal: ObjectId("69d905743a77da4627d44db6"), }, ], }, ], }, { $ne: [ "$cartId", "$$REMOVE", ], }, ], }, }, }, { $project: { _id: 1, cartId: 1, productId: 1, variantId: 1, quantity: 1, createdAt: 1, updatedAt: 1, }, }, ])

[90mstdout[2m | src/__tests__/checkout/checkout.test.ts[2m > [22m[2mmock payment service[2m > [22m[2mshould decline payment via webhook and cancel orders
[22m[39mprisma:query db.Product.aggregate([ { $match: { $expr: { $and: [ { $or: [ { $eq: [ "$_id", { $literal: ObjectId("69d905713a77da4627d44db5"), }, ], }, ], }, { $ne: [ "$_id", "$$REMOVE", ], }, ], }, }, }, { $project: { _id: 1, name: 1, slug: 1, description: 1, shortDesc: 1, stockKeepingUnit: 1, basePrice: 1, salePrice: 1, type: 1, categoryId: 1, vendorId: 1, approvalStatus: 1, brand: 1, tags: 1, images: 1, avgRating: 1, reviewCount: 1, stock: 1, lowStockThreshold: 1, isActive: 1, isFeatured: 1, isNewArrival: 1, createdAt: 1, updatedAt: 1, }, }, ])

[90mstdout[2m | src/__tests__/checkout/checkout.test.ts[2m > [22m[2mmock payment service[2m > [22m[2mshould decline payment via webhook and cancel orders
[22m[39mprisma:query db.Order.insertOne({ orderNumber: "WS-20260410-VE68G", userId: "checkout-test-pay-buyer", vendorId: null, checkoutSessionId: "f4833786-8eb1-4c49-90c5-4a660cf5c0e6", status: "CREATED", shippingAddress: { firstName: "Test", lastName: "User", phone: "08012345678", street: "123 Test St", city: "Lagos", state: "Lagos", country: "Nigeria", postalCode: "100001", }, subtotal: 10000, shipping: 2500, discount: 0, total: 12500, createdAt: DateTime("2026-04-10 14:13:13.655 +00:00:00"), updatedAt: DateTime("2026-04-10 14:13:13.655 +00:00:00"), })

[90mstdout[2m | src/__tests__/checkout/checkout.test.ts[2m > [22m[2mmock payment service[2m > [22m[2mshould decline payment via webhook and cancel orders
[22m[39mprisma:query db.OrderItem.insertOne({ orderId: ObjectId("69d905793a77da4627d44db8"), productId: ObjectId("69d905713a77da4627d44db5"), variantId: null, productName: "Pay Item", productImage: null, sku: "checkout-test-SKU-1775830385697-10", variantName: null, quantity: 1, unitPrice: 10000, totalPrice: 10000, createdAt: DateTime("2026-04-10 14:13:13.655 +00:00:00"), })

[90mstdout[2m | src/__tests__/checkout/checkout.test.ts[2m > [22m[2mmock payment service[2m > [22m[2mshould decline payment via webhook and cancel orders
[22m[39mprisma:query db.OrderStatusHistory.insertOne({ orderId: ObjectId("69d905793a77da4627d44db8"), status: "CREATED", note: "Order placed", createdAt: DateTime("2026-04-10 14:13:13.655 +00:00:00"), })

[90mstdout[2m | src/__tests__/checkout/checkout.test.ts[2m > [22m[2mmock payment service[2m > [22m[2mshould decline payment via webhook and cancel orders
[22m[39mprisma:query db.Order.aggregate([ { $match: { $expr: { $and: [ { $and: [ { $eq: [ "$_id", { $literal: ObjectId("69d905793a77da4627d44db8"), }, ], }, { $ne: [ "$_id", "$$REMOVE", ], }, ], }, ], }, }, }, { $project: { _id: 1, orderNumber: 1, userId: 1, vendorId: 1, checkoutSessionId: 1, status: 1, shippingAddress: 1, billingAddress: 1, subtotal: 1, shipping: 1, discount: 1, total: 1, couponCode: 1, notes: 1, createdAt: 1, updatedAt: 1, paidAt: 1, shippedAt: 1, deliveredAt: 1, }, }, ])

[90mstdout[2m | src/__tests__/checkout/checkout.test.ts[2m > [22m[2mmock payment service[2m > [22m[2mshould decline payment via webhook and cancel orders
[22m[39mprisma:query db.Product.aggregate([ { $match: { $expr: { $and: [ { $and: [ { $and: [ { $eq: [ "$_id", { $literal: ObjectId("69d905713a77da4627d44db5"), }, ], }, { $ne: [ "$_id", "$$REMOVE", ], }, ], }, ], }, { }, ], }, }, }, { $project: { _id: 1, }, }, ])

[90mstdout[2m | src/__tests__/checkout/checkout.test.ts[2m > [22m[2mmock payment service[2m > [22m[2mshould decline payment via webhook and cancel orders
[22m[39mprisma:query db.Product.updateMany({ _id: { $in: [ ObjectId("69d905713a77da4627d44db5"), ], }, },[{ $set: { stock: { $subtract: [ "$stock", 1, ], }, }, },
{ $set: { updatedAt: { $literal: DateTime("2026-04-10 14:13:14.537 +00:00:00"), }, }, }])

[90mstdout[2m | src/__tests__/checkout/checkout.test.ts[2m > [22m[2mmock payment service[2m > [22m[2mshould decline payment via webhook and cancel orders
[22m[39mprisma:query db.Product.aggregate([ { $match: { $expr: { $and: [ { $and: [ { $eq: [ "$_id", { $literal: ObjectId("69d905713a77da4627d44db5"), }, ], }, { $ne: [ "$_id", "$$REMOVE", ], }, ], }, ], }, }, }, { $project: { _id: 1, name: 1, slug: 1, description: 1, shortDesc: 1, stockKeepingUnit: 1, basePrice: 1, salePrice: 1, type: 1, categoryId: 1, vendorId: 1, approvalStatus: 1, brand: 1, tags: 1, images: 1, avgRating: 1, reviewCount: 1, stock: 1, lowStockThreshold: 1, isActive: 1, isFeatured: 1, isNewArrival: 1, createdAt: 1, updatedAt: 1, }, }, ])

[90mstdout[2m | src/__tests__/checkout/checkout.test.ts[2m > [22m[2mmock payment service[2m > [22m[2mshould decline payment via webhook and cancel orders
[22m[39mprisma:query db.CartItem.aggregate([ { $match: { $expr: { $and: [ { $eq: [ "$cartId", { $literal: ObjectId("69d905743a77da4627d44db6"), }, ], }, { $ne: [ "$cartId", "$$REMOVE", ], }, ], }, }, }, { $project: { _id: 1, }, }, ])

[90mstdout[2m | src/__tests__/checkout/checkout.test.ts[2m > [22m[2mmock payment service[2m > [22m[2mshould decline payment via webhook and cancel orders
[22m[39mprisma:query db.CartItem.deleteMany({ _id: { $in: [ ObjectId("69d905763a77da4627d44db7"), ], }, })

[90mstdout[2m | src/__tests__/checkout/checkout.test.ts[2m > [22m[2mmock payment service[2m > [22m[2mshould decline payment via webhook and cancel orders
[22m[39mprisma:query db.Order.aggregate([ { $match: { $expr: { $and: [ { $and: [ { $eq: [ "$checkoutSessionId", { $literal: "f4833786-8eb1-4c49-90c5-4a660cf5c0e6", }, ], }, { $ne: [ "$checkoutSessionId", "$$REMOVE", ], }, ], }, { $and: [ { $eq: [ "$userId", { $literal: "checkout-test-pay-buyer", }, ], }, { $ne: [ "$userId", "$$REMOVE", ], }, ], }, ], }, }, }, { $project: { _id: 1, orderNumber: 1, userId: 1, vendorId: 1, checkoutSessionId: 1, status: 1, shippingAddress: 1, billingAddress: 1, subtotal: 1, shipping: 1, discount: 1, total: 1, couponCode: 1, notes: 1, createdAt: 1, updatedAt: 1, paidAt: 1, shippedAt: 1, deliveredAt: 1, }, }, ])

[90mstdout[2m | src/__tests__/checkout/checkout.test.ts[2m > [22m[2mmock payment service[2m > [22m[2mshould decline payment via webhook and cancel orders
[22m[39mprisma:query db.Payment.aggregate([ { $match: { $expr: { $and: [ { $and: [ { $and: [ { $eq: [ "$checkoutSessionId", { $literal: "f4833786-8eb1-4c49-90c5-4a660cf5c0e6", }, ], }, { $ne: [ "$checkoutSessionId", "$$REMOVE", ], }, ], }, ], }, { }, ], }, }, }, { $project: { _id: 1, checkoutSessionId: 1, userId: 1, amount: 1, currency: 1, status: 1, provider: 1, transactionRef: 1, providerData: 1, metadata: 1, createdAt: 1, updatedAt: 1, paidAt: 1, }, }, ])

[90mstdout[2m | src/__tests__/checkout/checkout.test.ts[2m > [22m[2mmock payment service[2m > [22m[2mshould decline payment via webhook and cancel orders
[22m[39mprisma:query db.Payment.insertOne({ checkoutSessionId: "f4833786-8eb1-4c49-90c5-4a660cf5c0e6", userId: "checkout-test-pay-buyer", amount: 12500, currency: "NGN", status: "PENDING", provider: "mock", transactionRef: "WS-PAY-efe4b13690e24b8e", createdAt: DateTime("2026-04-10 14:13:16.83 +00:00:00"), updatedAt: DateTime("2026-04-10 14:13:16.83 +00:00:00"), })

[90mstdout[2m | src/__tests__/checkout/checkout.test.ts[2m > [22m[2mmock payment service[2m > [22m[2mshould decline payment via webhook and cancel orders
[22m[39mprisma:query db.Payment.aggregate([ { $match: { $expr: { $and: [ { $and: [ { $eq: [ "$_id", { $literal: ObjectId("69d9057c3a77da4627d44dbb"), }, ], }, { $ne: [ "$_id", "$$REMOVE", ], }, ], }, ], }, }, }, { $project: { _id: 1, checkoutSessionId: 1, userId: 1, amount: 1, currency: 1, status: 1, provider: 1, transactionRef: 1, providerData: 1, metadata: 1, createdAt: 1, updatedAt: 1, paidAt: 1, }, }, ])

[90mstdout[2m | src/__tests__/checkout/checkout.test.ts[2m > [22m[2mmock payment service[2m > [22m[2mshould decline payment via webhook and cancel orders
[22m[39mprisma:query db.Payment.aggregate([ { $match: { $expr: { $and: [ { $and: [ { $and: [ { $eq: [ "$checkoutSessionId", { $literal: "f4833786-8eb1-4c49-90c5-4a660cf5c0e6", }, ], }, { $ne: [ "$checkoutSessionId", "$$REMOVE", ], }, ], }, ], }, { }, ], }, }, }, { $project: { _id: 1, checkoutSessionId: 1, userId: 1, amount: 1, currency: 1, status: 1, provider: 1, transactionRef: 1, providerData: 1, metadata: 1, createdAt: 1, updatedAt: 1, paidAt: 1, }, }, ])

[90mstdout[2m | src/__tests__/checkout/checkout.test.ts[2m > [22m[2mmock payment service[2m > [22m[2mshould decline payment via webhook and cancel orders
[22m[39mprisma:query db.Order.aggregate([ { $match: { $expr: { $and: [ { $eq: [ "$checkoutSessionId", { $literal: "f4833786-8eb1-4c49-90c5-4a660cf5c0e6", }, ], }, { $ne: [ "$checkoutSessionId", "$$REMOVE", ], }, ], }, }, }, { $project: { _id: 1, orderNumber: 1, userId: 1, vendorId: 1, checkoutSessionId: 1, status: 1, shippingAddress: 1, billingAddress: 1, subtotal: 1, shipping: 1, discount: 1, total: 1, couponCode: 1, notes: 1, createdAt: 1, updatedAt: 1, paidAt: 1, shippedAt: 1, deliveredAt: 1, }, }, ])

[90mstdout[2m | src/__tests__/checkout/checkout.test.ts[2m > [22m[2mmock payment service[2m > [22m[2mshould decline payment via webhook and cancel orders
[22m[39mprisma:query db.Payment.aggregate([ { $match: { $expr: { $and: [ { $and: [ { $and: [ { $eq: [ "$checkoutSessionId", { $literal: "f4833786-8eb1-4c49-90c5-4a660cf5c0e6", }, ], }, { $ne: [ "$checkoutSessionId", "$$REMOVE", ], }, ], }, ], }, { }, ], }, }, }, { $project: { _id: 1, }, }, ])

[90mstdout[2m | src/__tests__/checkout/checkout.test.ts[2m > [22m[2mmock payment service[2m > [22m[2mshould decline payment via webhook and cancel orders
[22m[39mprisma:query db.Payment.updateMany({ _id: { $in: [ ObjectId("69d9057c3a77da4627d44dbb"), ], }, },[{ $set: { status: { $literal: "FAILED", }, }, },
{ $set: { providerData: { $literal: { declinedAt: "2026-04-10T14:13:18.940Z", method: "mock", }, }, }, },
{ $set: { updatedAt: { $literal: DateTime("2026-04-10 14:13:18.943 +00:00:00"), }, }, }])

[90mstdout[2m | src/__tests__/checkout/checkout.test.ts[2m > [22m[2mmock payment service[2m > [22m[2mshould decline payment via webhook and cancel orders
[22m[39mprisma:query db.Payment.aggregate([ { $match: { $expr: { $and: [ { $and: [ { $eq: [ "$_id", { $literal: ObjectId("69d9057c3a77da4627d44dbb"), }, ], }, { $ne: [ "$_id", "$$REMOVE", ], }, ], }, ], }, }, }, { $project: { _id: 1, checkoutSessionId: 1, userId: 1, amount: 1, currency: 1, status: 1, provider: 1, transactionRef: 1, providerData: 1, metadata: 1, createdAt: 1, updatedAt: 1, paidAt: 1, }, }, ])

[90mstdout[2m | src/__tests__/checkout/checkout.test.ts[2m > [22m[2mmock payment service[2m > [22m[2mshould decline payment via webhook and cancel orders
[22m[39mprisma:query db.Order.aggregate([ { $match: { $expr: { $and: [ { $and: [ { $and: [ { $eq: [ "$_id", { $literal: ObjectId("69d905793a77da4627d44db8"), }, ], }, { $ne: [ "$_id", "$$REMOVE", ], }, ], }, ], }, { }, ], }, }, }, { $project: { _id: 1, }, }, ])

[90mstdout[2m | src/__tests__/checkout/checkout.test.ts[2m > [22m[2mmock payment service[2m > [22m[2mshould decline payment via webhook and cancel orders
[22m[39mprisma:query db.Order.updateMany({ _id: { $in: [ ObjectId("69d905793a77da4627d44db8"), ], }, },[{ $set: { status: { $literal: "CANCELLED", }, }, },
{ $set: { updatedAt: { $literal: DateTime("2026-04-10 14:13:18.943 +00:00:00"), }, }, }])

[90mstdout[2m | src/__tests__/checkout/checkout.test.ts[2m > [22m[2mmock payment service[2m > [22m[2mshould decline payment via webhook and cancel orders
[22m[39mprisma:query db.Order.aggregate([ { $match: { $expr: { $and: [ { $and: [ { $eq: [ "$_id", { $literal: ObjectId("69d905793a77da4627d44db8"), }, ], }, { $ne: [ "$_id", "$$REMOVE", ], }, ], }, ], }, }, }, { $project: { _id: 1, orderNumber: 1, userId: 1, vendorId: 1, checkoutSessionId: 1, status: 1, shippingAddress: 1, billingAddress: 1, subtotal: 1, shipping: 1, discount: 1, total: 1, couponCode: 1, notes: 1, createdAt: 1, updatedAt: 1, paidAt: 1, shippedAt: 1, deliveredAt: 1, }, }, ])

[90mstdout[2m | src/__tests__/checkout/checkout.test.ts[2m > [22m[2mmock payment service[2m > [22m[2mshould decline payment via webhook and cancel orders
[22m[39mprisma:query db.OrderStatusHistory.insertOne({ orderId: ObjectId("69d905793a77da4627d44db8"), status: "CANCELLED", note: "Payment declined via mock payment", createdAt: DateTime("2026-04-10 14:13:18.943 +00:00:00"), })

[90mstdout[2m | src/__tests__/checkout/checkout.test.ts[2m > [22m[2mmock payment service[2m > [22m[2mshould decline payment via webhook and cancel orders
[22m[39mprisma:query db.OrderStatusHistory.aggregate([ { $match: { $expr: { $and: [ { $and: [ { $eq: [ "$_id", { $literal: ObjectId("69d905803a77da4627d44dbc"), }, ], }, { $ne: [ "$_id", "$$REMOVE", ], }, ], }, ], }, }, }, { $project: { _id: 1, orderId: 1, status: 1, note: 1, createdAt: 1, }, }, ])

[90mstdout[2m | src/__tests__/checkout/checkout.test.ts[2m > [22m[2mmock payment service[2m > [22m[2mshould decline payment via webhook and cancel orders
[22m[39mprisma:query db.OrderItem.aggregate([ { $match: { $expr: { $and: [ { $eq: [ "$orderId", { $literal: ObjectId("69d905793a77da4627d44db8"), }, ], }, { $ne: [ "$orderId", "$$REMOVE", ], }, ], }, }, }, { $project: { _id: 1, orderId: 1, productId: 1, variantId: 1, productName: 1, productImage: 1, sku: 1, variantName: 1, quantity: 1, unitPrice: 1, totalPrice: 1, createdAt: 1, }, }, ])

[90mstdout[2m | src/__tests__/checkout/checkout.test.ts[2m > [22m[2mmock payment service[2m > [22m[2mshould decline payment via webhook and cancel orders
[22m[39mprisma:query db.Product.aggregate([ { $match: { $expr: { $and: [ { $or: [ { $eq: [ "$_id", { $literal: ObjectId("69d905713a77da4627d44db5"), }, ], }, ], }, { $ne: [ "$_id", "$$REMOVE", ], }, ], }, }, }, { $project: { _id: 1, type: 1, }, }, ])

[90mstdout[2m | src/__tests__/checkout/checkout.test.ts[2m > [22m[2mmock payment service[2m > [22m[2mshould decline payment via webhook and cancel orders
[22m[39mprisma:query db.Product.aggregate([ { $match: { $expr: { $and: [ { $and: [ { $and: [ { $eq: [ "$_id", { $literal: ObjectId("69d905713a77da4627d44db5"), }, ], }, { $ne: [ "$_id", "$$REMOVE", ], }, ], }, ], }, { }, ], }, }, }, { $project: { _id: 1, }, }, ])

[90mstdout[2m | src/__tests__/checkout/checkout.test.ts[2m > [22m[2mmock payment service[2m > [22m[2mshould decline payment via webhook and cancel orders
[22m[39mprisma:query db.Product.updateMany({ _id: { $in: [ ObjectId("69d905713a77da4627d44db5"), ], }, },[{ $set: { stock: { $add: [ "$stock", 1, ], }, }, },
{ $set: { updatedAt: { $literal: DateTime("2026-04-10 14:13:21.312 +00:00:00"), }, }, }])

[90mstdout[2m | src/__tests__/checkout/checkout.test.ts[2m > [22m[2mmock payment service[2m > [22m[2mshould decline payment via webhook and cancel orders
[22m[39mprisma:query db.Product.aggregate([ { $match: { $expr: { $and: [ { $and: [ { $eq: [ "$_id", { $literal: ObjectId("69d905713a77da4627d44db5"), }, ], }, { $ne: [ "$_id", "$$REMOVE", ], }, ], }, ], }, }, }, { $project: { _id: 1, name: 1, slug: 1, description: 1, shortDesc: 1, stockKeepingUnit: 1, basePrice: 1, salePrice: 1, type: 1, categoryId: 1, vendorId: 1, approvalStatus: 1, brand: 1, tags: 1, images: 1, avgRating: 1, reviewCount: 1, stock: 1, lowStockThreshold: 1, isActive: 1, isFeatured: 1, isNewArrival: 1, createdAt: 1, updatedAt: 1, }, }, ])

[90mstdout[2m | src/__tests__/checkout/checkout.test.ts[2m > [22m[2mmock payment service[2m > [22m[2mshould decline payment via webhook and cancel orders
[22m[39mprisma:query db.Payment.aggregate([ { $match: { $expr: { $and: [ { $and: [ { $and: [ { $eq: [ "$checkoutSessionId", { $literal: "f4833786-8eb1-4c49-90c5-4a660cf5c0e6", }, ], }, { $ne: [ "$checkoutSessionId", "$$REMOVE", ], }, ], }, ], }, { }, ], }, }, }, { $project: { _id: 1, checkoutSessionId: 1, userId: 1, amount: 1, currency: 1, status: 1, provider: 1, transactionRef: 1, providerData: 1, metadata: 1, createdAt: 1, updatedAt: 1, paidAt: 1, }, }, ])

[90mstdout[2m | src/__tests__/checkout/checkout.test.ts[2m > [22m[2mmock payment service[2m > [22m[2mshould decline payment via webhook and cancel orders
[22m[39mprisma:query db.Order.aggregate([ { $match: { $expr: { $and: [ { $eq: [ "$checkoutSessionId", { $literal: "f4833786-8eb1-4c49-90c5-4a660cf5c0e6", }, ], }, { $ne: [ "$checkoutSessionId", "$$REMOVE", ], }, ], }, }, }, { $project: { _id: 1, orderNumber: 1, userId: 1, vendorId: 1, checkoutSessionId: 1, status: 1, shippingAddress: 1, billingAddress: 1, subtotal: 1, shipping: 1, discount: 1, total: 1, couponCode: 1, notes: 1, createdAt: 1, updatedAt: 1, paidAt: 1, shippedAt: 1, deliveredAt: 1, }, }, ])

[90mstdout[2m | src/__tests__/checkout/checkout.test.ts[2m > [22m[2mmock payment service[2m > [22m[2mshould decline payment via webhook and cancel orders
[22m[39mprisma:query db.Order.aggregate([ { $match: { $expr: { $and: [ { $regexMatch: { input: "$userId", regex: "^checkout-test", options: "", }, }, { $ne: [ "$userId", "$$REMOVE", ], }, ], }, }, }, { $project: { _id: 1, }, }, ])

[90mstdout[2m | src/__tests__/checkout/checkout.test.ts[2m > [22m[2mmock payment service[2m > [22m[2mshould decline payment via webhook and cancel orders
[22m[39mprisma:query db.OrderStatusHistory.aggregate([ { $match: { $expr: { $and: [ { $or: [ { $eq: [ "$orderId", { $literal: ObjectId("69d905793a77da4627d44db8"), }, ], }, ], }, { $ne: [ "$orderId", "$$REMOVE", ], }, ], }, }, }, { $project: { _id: 1, }, }, ])

[90mstdout[2m | src/__tests__/checkout/checkout.test.ts[2m > [22m[2mmock payment service[2m > [22m[2mshould decline payment via webhook and cancel orders
[22m[39mprisma:query db.OrderStatusHistory.deleteMany({ _id: { $in: [ ObjectId("69d9057a3a77da4627d44dba"), ObjectId("69d905803a77da4627d44dbc"), ], }, })

[90mstdout[2m | src/__tests__/checkout/checkout.test.ts[2m > [22m[2mmock payment service[2m > [22m[2mshould decline payment via webhook and cancel orders
[22m[39mprisma:query db.OrderItem.aggregate([ { $match: { $expr: { $and: [ { $or: [ { $eq: [ "$orderId", { $literal: ObjectId("69d905793a77da4627d44db8"), }, ], }, ], }, { $ne: [ "$orderId", "$$REMOVE", ], }, ], }, }, }, { $project: { _id: 1, }, }, ])

[90mstdout[2m | src/__tests__/checkout/checkout.test.ts[2m > [22m[2mmock payment service[2m > [22m[2mshould decline payment via webhook and cancel orders
[22m[39mprisma:query db.OrderItem.deleteMany({ _id: { $in: [ ObjectId("69d905793a77da4627d44db9"), ], }, })

[90mstdout[2m | src/__tests__/checkout/checkout.test.ts[2m > [22m[2mmock payment service[2m > [22m[2mshould decline payment via webhook and cancel orders
[22m[39mprisma:query db.Payment.aggregate([ { $match: { $expr: { $and: [ { $regexMatch: { input: "$userId", regex: "^checkout-test", options: "", }, }, { $ne: [ "$userId", "$$REMOVE", ], }, ], }, }, }, { $project: { _id: 1, }, }, ])

[90mstdout[2m | src/__tests__/checkout/checkout.test.ts[2m > [22m[2mmock payment service[2m > [22m[2mshould decline payment via webhook and cancel orders
[22m[39mprisma:query db.Payment.deleteMany({ _id: { $in: [ ObjectId("69d9057c3a77da4627d44dbb"), ], }, })

[90mstdout[2m | src/__tests__/checkout/checkout.test.ts[2m > [22m[2mmock payment service[2m > [22m[2mshould decline payment via webhook and cancel orders
[22m[39mprisma:query db.Order.aggregate([ { $match: { $expr: { $and: [ { $regexMatch: { input: "$userId", regex: "^checkout-test", options: "", }, }, { $ne: [ "$userId", "$$REMOVE", ], }, ], }, }, }, { $project: { _id: 1, }, }, ])

[90mstdout[2m | src/__tests__/checkout/checkout.test.ts[2m > [22m[2mmock payment service[2m > [22m[2mshould decline payment via webhook and cancel orders
[22m[39mprisma:query db.OrderStatusHistory.aggregate([ { $match: { $expr: { $and: [ { }, { $and: [ { $or: [ { $eq: [ "$orderId", { $literal: ObjectId("69d905793a77da4627d44db8"), }, ], }, ], }, { $ne: [ "$orderId", "$$REMOVE", ], }, ], }, ], }, }, }, { $project: { _id: 1, orderId: 1, }, }, ])

[90mstdout[2m | src/__tests__/checkout/checkout.test.ts[2m > [22m[2mmock payment service[2m > [22m[2mshould decline payment via webhook and cancel orders
[22m[39mprisma:query db.OrderItem.aggregate([ { $match: { $expr: { $and: [ { }, { $and: [ { $or: [ { $eq: [ "$orderId", { $literal: ObjectId("69d905793a77da4627d44db8"), }, ], }, ], }, { $ne: [ "$orderId", "$$REMOVE", ], }, ], }, ], }, }, }, { $project: { _id: 1, orderId: 1, }, }, ])

[90mstdout[2m | src/__tests__/checkout/checkout.test.ts[2m > [22m[2mmock payment service[2m > [22m[2mshould decline payment via webhook and cancel orders
[22m[39mprisma:query db.Order.deleteMany({ _id: { $in: [ ObjectId("69d905793a77da4627d44db8"), ], }, })

[90mstdout[2m | src/__tests__/checkout/checkout.test.ts[2m > [22m[2mmock payment service[2m > [22m[2mshould decline payment via webhook and cancel orders
[22m[39mprisma:query db.CartItem.aggregate([ { $lookup: { from: "Cart", let: { left_0: "$cartId", }, pipeline: [ { $match: { $expr: { $and: [ { $eq: [ "$_id", "$$left_0", ], }, ], }, }, }, ], as: "CartToCartItem", }, }, { $match: { $expr: { $and: [ { $eq: [ { $size: { $filter: { input: "$CartToCartItem", as: "elem", cond: { $and: [ { $regexMatch: { input: "$$elem.userId", regex: "^checkout-test", options: "", }, }, { $ne: [ "$$elem.userId", "$$REMOVE", ], }, ], }, }, }, }, { $size: "$CartToCartItem", }, ], }, { $eq: [ { $size: "$CartToCartItem", }, 1, ], }, ], }, }, }, { $unwind: { path: "$CartToCartItem", preserveNullAndEmptyArrays: true, }, }, { $project: { _id: 1, }, }, ])

[90mstdout[2m | src/__tests__/checkout/checkout.test.ts[2m > [22m[2mmock payment service[2m > [22m[2mshould decline payment via webhook and cancel orders
[22m[39mprisma:query db.Cart.aggregate([ { $match: { $expr: { $and: [ { $regexMatch: { input: "$userId", regex: "^checkout-test", options: "", }, }, { $ne: [ "$userId", "$$REMOVE", ], }, ], }, }, }, { $project: { _id: 1, }, }, ])

[90mstdout[2m | src/__tests__/checkout/checkout.test.ts[2m > [22m[2mmock payment service[2m > [22m[2mshould decline payment via webhook and cancel orders
[22m[39mprisma:query db.CartItem.aggregate([ { $match: { $expr: { $and: [ { }, { $and: [ { $or: [ { $eq: [ "$cartId", { $literal: ObjectId("69d905743a77da4627d44db6"), }, ], }, ], }, { $ne: [ "$cartId", "$$REMOVE", ], }, ], }, ], }, }, }, { $project: { _id: 1, cartId: 1, }, }, ])

[90mstdout[2m | src/__tests__/checkout/checkout.test.ts[2m > [22m[2mmock payment service[2m > [22m[2mshould decline payment via webhook and cancel orders
[22m[39mprisma:query db.Cart.deleteMany({ _id: { $in: [ ObjectId("69d905743a77da4627d44db6"), ], }, })

[90mstdout[2m | src/__tests__/checkout/checkout.test.ts[2m > [22m[2mmock payment service[2m > [22m[2mshould decline payment via webhook and cancel orders
[22m[39mprisma:query db.Product.aggregate([ { $match: { $expr: { $and: [ { $regexMatch: { input: "$vendorId", regex: "^checkout-test", options: "", }, }, { $ne: [ "$vendorId", "$$REMOVE", ], }, ], }, }, }, { $project: { _id: 1, }, }, ])

[90mstdout[2m | src/__tests__/checkout/checkout.test.ts[2m > [22m[2mmock payment service[2m > [22m[2mshould decline payment via webhook and cancel orders
[22m[39mprisma:query db.Product.aggregate([ { $match: { $expr: { $or: [ { $and: [ { $regexMatch: { input: "$vendorId", regex: "^checkout-test", options: "", }, }, { $ne: [ "$vendorId", "$$REMOVE", ], }, ], }, { $and: [ { $regexMatch: { input: "$slug", regex: "^checkout-test", options: "", }, }, { $ne: [ "$slug", "$$REMOVE", ], }, ], }, ], }, }, }, { $project: { _id: 1, }, }, ])

[90mstdout[2m | src/__tests__/checkout/checkout.test.ts[2m > [22m[2mmock payment service[2m > [22m[2mshould decline payment via webhook and cancel orders
[22m[39mprisma:query db.DigitalAsset.aggregate([ { $match: { $expr: { $and: [ { }, { $and: [ { $or: [ { $eq: [ "$productId", { $literal: ObjectId("69d905713a77da4627d44db5"), }, ], }, ], }, { $ne: [ "$productId", "$$REMOVE", ], }, ], }, ], }, }, }, { $project: { _id: 1, productId: 1, }, }, ])

[90mstdout[2m | src/__tests__/checkout/checkout.test.ts[2m > [22m[2mmock payment service[2m > [22m[2mshould decline payment via webhook and cancel orders
[22m[39mprisma:query db.WishlistItem.aggregate([ { $match: { $expr: { $and: [ { }, { $and: [ { $or: [ { $eq: [ "$productId", { $literal: ObjectId("69d905713a77da4627d44db5"), }, ], }, ], }, { $ne: [ "$productId", "$$REMOVE", ], }, ], }, ], }, }, }, { $project: { _id: 1, productId: 1, }, }, ])

[90mstdout[2m | src/__tests__/checkout/checkout.test.ts[2m > [22m[2mmock payment service[2m > [22m[2mshould decline payment via webhook and cancel orders
[22m[39mprisma:query db.Review.aggregate([ { $match: { $expr: { $and: [ { }, { $and: [ { $or: [ { $eq: [ "$productId", { $literal: ObjectId("69d905713a77da4627d44db5"), }, ], }, ], }, { $ne: [ "$productId", "$$REMOVE", ], }, ], }, ], }, }, }, { $project: { _id: 1, productId: 1, }, }, ])

[90mstdout[2m | src/__tests__/checkout/checkout.test.ts[2m > [22m[2mmock payment service[2m > [22m[2mshould decline payment via webhook and cancel orders
[22m[39mprisma:query db.OrderItem.aggregate([ { $match: { $expr: { $and: [ { }, { $and: [ { $or: [ { $eq: [ "$productId", { $literal: ObjectId("69d905713a77da4627d44db5"), }, ], }, ], }, { $ne: [ "$productId", "$$REMOVE", ], }, ], }, ], }, }, }, { $project: { _id: 1, productId: 1, }, }, ])

[90mstdout[2m | src/__tests__/checkout/checkout.test.ts[2m > [22m[2mmock payment service[2m > [22m[2mshould decline payment via webhook and cancel orders
[22m[39mprisma:query db.CartItem.aggregate([ { $match: { $expr: { $and: [ { }, { $and: [ { $or: [ { $eq: [ "$productId", { $literal: ObjectId("69d905713a77da4627d44db5"), }, ], }, ], }, { $ne: [ "$productId", "$$REMOVE", ], }, ], }, ], }, }, }, { $project: { _id: 1, productId: 1, }, }, ])

[90mstdout[2m | src/__tests__/checkout/checkout.test.ts[2m > [22m[2mmock payment service[2m > [22m[2mshould decline payment via webhook and cancel orders
[22m[39mprisma:query db.ProductVariant.aggregate([ { $match: { $expr: { $and: [ { }, { $and: [ { $or: [ { $eq: [ "$productId", { $literal: ObjectId("69d905713a77da4627d44db5"), }, ], }, ], }, { $ne: [ "$productId", "$$REMOVE", ], }, ], }, ], }, }, }, { $project: { _id: 1, productId: 1, }, }, ])

[90mstdout[2m | src/__tests__/checkout/checkout.test.ts[2m > [22m[2mmock payment service[2m > [22m[2mshould decline payment via webhook and cancel orders
[22m[39mprisma:query db.Product.deleteMany({ _id: { $in: [ ObjectId("69d905713a77da4627d44db5"), ], }, })

[90mstdout[2m | src/__tests__/checkout/checkout.test.ts[2m > [22m[2mmock payment service[2m > [22m[2mshould decline payment via webhook and cancel orders
[22m[39mprisma:query db.UserProfile.aggregate([ { $match: { $expr: { $and: [ { $regexMatch: { input: "$userId", regex: "^checkout-test", options: "", }, }, { $ne: [ "$userId", "$$REMOVE", ], }, ], }, }, }, { $project: { _id: 1, }, }, ])

[90mstdout[2m | src/__tests__/checkout/checkout.test.ts[2m > [22m[2mmock payment service[2m > [22m[2mshould decline payment via webhook and cancel orders
[22m[39mprisma:query db.UserProfile.deleteMany({ _id: { $in: [ ObjectId("69d905703a77da4627d44db4"), ], }, })

[90mstdout[2m | src/__tests__/checkout/checkout.test.ts[2m > [22m[2mmock payment service[2m > [22m[2mshould be idempotent on duplicate webhook
[22m[39mprisma:query db.UserProfile.insertOne({ userId: "checkout-test-pay-buyer", email: "checkout-test-pay@test.com", firstName: "Test", lastName: "User", role: "CUSTOMER", isVendor: false, createdAt: DateTime("2026-04-10 14:13:33.578 +00:00:00"), updatedAt: DateTime("2026-04-10 14:13:33.578 +00:00:00"), })

[90mstdout[2m | src/__tests__/checkout/checkout.test.ts[2m > [22m[2mmock payment service[2m > [22m[2mshould be idempotent on duplicate webhook
[22m[39mprisma:query db.UserProfile.aggregate([ { $match: { $expr: { $and: [ { $and: [ { $eq: [ "$_id", { $literal: ObjectId("69d9058d3a77da4627d44dbd"), }, ], }, { $ne: [ "$_id", "$$REMOVE", ], }, ], }, ], }, }, }, { $project: { _id: 1, userId: 1, email: 1, firstName: 1, lastName: 1, phone: 1, avatar: 1, dateOfBirth: 1, gender: 1, role: 1, isVendor: 1, vendorStatus: 1, storeName: 1, storeSlug: 1, storeDescription: 1, vendorSince: 1, createdAt: 1, updatedAt: 1, }, }, ])

[90mstdout[2m | src/__tests__/checkout/checkout.test.ts[2m > [22m[2mmock payment service[2m > [22m[2mshould be idempotent on duplicate webhook
[22m[39mprisma:query db.Product.insertOne({ name: "Pay Item", slug: "checkout-test-pay-item", description: "Pay Item description", stockKeepingUnit: "checkout-test-SKU-1775830414276-11", basePrice: 10000, type: "PHYSICAL", vendorId: null, approvalStatus: "APPROVED", tags: [ ], images: [ ], avgRating: 0, reviewCount: 0, stock: 10, lowStockThreshold: 10, isActive: true, isFeatured: false, isNewArrival: true, createdAt: DateTime("2026-04-10 14:13:34.277 +00:00:00"), updatedAt: DateTime("2026-04-10 14:13:34.277 +00:00:00"), })

[90mstdout[2m | src/__tests__/checkout/checkout.test.ts[2m > [22m[2mmock payment service[2m > [22m[2mshould be idempotent on duplicate webhook
[22m[39mprisma:query db.Product.aggregate([ { $match: { $expr: { $and: [ { $and: [ { $eq: [ "$_id", { $literal: ObjectId("69d9058e3a77da4627d44dbe"), }, ], }, { $ne: [ "$_id", "$$REMOVE", ], }, ], }, ], }, }, }, { $project: { _id: 1, name: 1, slug: 1, description: 1, shortDesc: 1, stockKeepingUnit: 1, basePrice: 1, salePrice: 1, type: 1, categoryId: 1, vendorId: 1, approvalStatus: 1, brand: 1, tags: 1, images: 1, avgRating: 1, reviewCount: 1, stock: 1, lowStockThreshold: 1, isActive: 1, isFeatured: 1, isNewArrival: 1, createdAt: 1, updatedAt: 1, }, }, ])

[90mstdout[2m | src/__tests__/checkout/checkout.test.ts[2m > [22m[2mmock payment service[2m > [22m[2mshould be idempotent on duplicate webhook
[22m[39mprisma:query db.Cart.aggregate([ { $match: { $expr: { $and: [ { $and: [ { $and: [ { $eq: [ "$userId", { $literal: "checkout-test-pay-buyer", }, ], }, { $ne: [ "$userId", "$$REMOVE", ], }, ], }, ], }, { }, ], }, }, }, { $project: { _id: 1, userId: 1, sessionId: 1, createdAt: 1, updatedAt: 1, }, }, ])

[90mstdout[2m | src/__tests__/checkout/checkout.test.ts[2m > [22m[2mmock payment service[2m > [22m[2mshould be idempotent on duplicate webhook
[22m[39mprisma:query db.Cart.insertOne({ userId: "checkout-test-pay-buyer", createdAt: DateTime("2026-04-10 14:13:35.293 +00:00:00"), updatedAt: DateTime("2026-04-10 14:13:35.293 +00:00:00"), })

[90mstdout[2m | src/__tests__/checkout/checkout.test.ts[2m > [22m[2mmock payment service[2m > [22m[2mshould be idempotent on duplicate webhook
[22m[39mprisma:query db.Cart.aggregate([ { $match: { $expr: { $and: [ { $and: [ { $eq: [ "$_id", { $literal: ObjectId("69d9058f3a77da4627d44dbf"), }, ], }, { $ne: [ "$_id", "$$REMOVE", ], }, ], }, ], }, }, }, { $project: { _id: 1, userId: 1, sessionId: 1, createdAt: 1, updatedAt: 1, }, }, ])

[90mstdout[2m | src/__tests__/checkout/checkout.test.ts[2m > [22m[2mmock payment service[2m > [22m[2mshould be idempotent on duplicate webhook
[22m[39mprisma:query db.CartItem.insertOne({ cartId: ObjectId("69d9058f3a77da4627d44dbf"), productId: ObjectId("69d9058e3a77da4627d44dbe"), quantity: 1, createdAt: DateTime("2026-04-10 14:13:35.846 +00:00:00"), updatedAt: DateTime("2026-04-10 14:13:35.846 +00:00:00"), })

[90mstdout[2m | src/__tests__/checkout/checkout.test.ts[2m > [22m[2mmock payment service[2m > [22m[2mshould be idempotent on duplicate webhook
[22m[39mprisma:query db.CartItem.aggregate([ { $match: { $expr: { $and: [ { $and: [ { $eq: [ "$_id", { $literal: ObjectId("69d9058f3a77da4627d44dc0"), }, ], }, { $ne: [ "$_id", "$$REMOVE", ], }, ], }, ], }, }, }, { $project: { _id: 1, cartId: 1, productId: 1, variantId: 1, quantity: 1, createdAt: 1, updatedAt: 1, }, }, ])

[90mstdout[2m | src/__tests__/checkout/checkout.test.ts[2m > [22m[2mmock payment service[2m > [22m[2mshould be idempotent on duplicate webhook
[22m[39mprisma:query db.Cart.aggregate([ { $match: { $expr: { $and: [ { $and: [ { $and: [ { $eq: [ "$userId", { $literal: "checkout-test-pay-buyer", }, ], }, { $ne: [ "$userId", "$$REMOVE", ], }, ], }, ], }, { }, ], }, }, }, { $project: { _id: 1, userId: 1, sessionId: 1, createdAt: 1, updatedAt: 1, }, }, ])

[90mstdout[2m | src/__tests__/checkout/checkout.test.ts[2m > [22m[2mmock payment service[2m > [22m[2mshould be idempotent on duplicate webhook
[22m[39mprisma:query db.CartItem.aggregate([ { $match: { $expr: { $and: [ { $or: [ { $eq: [ "$cartId", { $literal: ObjectId("69d9058f3a77da4627d44dbf"), }, ], }, ], }, { $ne: [ "$cartId", "$$REMOVE", ], }, ], }, }, }, { $project: { _id: 1, cartId: 1, productId: 1, variantId: 1, quantity: 1, createdAt: 1, updatedAt: 1, }, }, ])

[90mstdout[2m | src/__tests__/checkout/checkout.test.ts[2m > [22m[2mmock payment service[2m > [22m[2mshould be idempotent on duplicate webhook
[22m[39mprisma:query db.Product.aggregate([ { $match: { $expr: { $and: [ { $or: [ { $eq: [ "$_id", { $literal: ObjectId("69d9058e3a77da4627d44dbe"), }, ], }, ], }, { $ne: [ "$_id", "$$REMOVE", ], }, ], }, }, }, { $project: { _id: 1, name: 1, slug: 1, description: 1, shortDesc: 1, stockKeepingUnit: 1, basePrice: 1, salePrice: 1, type: 1, categoryId: 1, vendorId: 1, approvalStatus: 1, brand: 1, tags: 1, images: 1, avgRating: 1, reviewCount: 1, stock: 1, lowStockThreshold: 1, isActive: 1, isFeatured: 1, isNewArrival: 1, createdAt: 1, updatedAt: 1, }, }, ])

[90mstdout[2m | src/__tests__/checkout/checkout.test.ts[2m > [22m[2mmock payment service[2m > [22m[2mshould be idempotent on duplicate webhook
[22m[39mprisma:query db.Cart.aggregate([ { $match: { $expr: { $and: [ { $and: [ { $and: [ { $eq: [ "$userId", { $literal: "checkout-test-pay-buyer", }, ], }, { $ne: [ "$userId", "$$REMOVE", ], }, ], }, ], }, { }, ], }, }, }, { $project: { _id: 1, userId: 1, sessionId: 1, createdAt: 1, updatedAt: 1, }, }, ])

[90mstdout[2m | src/__tests__/checkout/checkout.test.ts[2m > [22m[2mmock payment service[2m > [22m[2mshould be idempotent on duplicate webhook
[22m[39mprisma:query db.CartItem.aggregate([ { $match: { $expr: { $and: [ { $or: [ { $eq: [ "$cartId", { $literal: ObjectId("69d9058f3a77da4627d44dbf"), }, ], }, ], }, { $ne: [ "$cartId", "$$REMOVE", ], }, ], }, }, }, { $project: { _id: 1, cartId: 1, productId: 1, variantId: 1, quantity: 1, createdAt: 1, updatedAt: 1, }, }, ])

[90mstdout[2m | src/__tests__/checkout/checkout.test.ts[2m > [22m[2mmock payment service[2m > [22m[2mshould be idempotent on duplicate webhook
[22m[39mprisma:query db.Product.aggregate([ { $match: { $expr: { $and: [ { $or: [ { $eq: [ "$_id", { $literal: ObjectId("69d9058e3a77da4627d44dbe"), }, ], }, ], }, { $ne: [ "$_id", "$$REMOVE", ], }, ], }, }, }, { $project: { _id: 1, name: 1, slug: 1, description: 1, shortDesc: 1, stockKeepingUnit: 1, basePrice: 1, salePrice: 1, type: 1, categoryId: 1, vendorId: 1, approvalStatus: 1, brand: 1, tags: 1, images: 1, avgRating: 1, reviewCount: 1, stock: 1, lowStockThreshold: 1, isActive: 1, isFeatured: 1, isNewArrival: 1, createdAt: 1, updatedAt: 1, }, }, ])

[90mstdout[2m | src/__tests__/checkout/checkout.test.ts[2m > [22m[2mmock payment service[2m > [22m[2mshould be idempotent on duplicate webhook
[22m[39mprisma:query db.Order.insertOne({ orderNumber: "WS-20260410-8X0HJ", userId: "checkout-test-pay-buyer", vendorId: null, checkoutSessionId: "13f7aa81-d6ee-446a-ad4c-f9ca85d79a28", status: "CREATED", shippingAddress: { firstName: "Test", lastName: "User", phone: "08012345678", street: "123 Test St", city: "Lagos", state: "Lagos", country: "Nigeria", postalCode: "100001", }, subtotal: 10000, shipping: 2500, discount: 0, total: 12500, createdAt: DateTime("2026-04-10 14:13:37.804 +00:00:00"), updatedAt: DateTime("2026-04-10 14:13:37.804 +00:00:00"), })

[90mstdout[2m | src/__tests__/checkout/checkout.test.ts[2m > [22m[2mmock payment service[2m > [22m[2mshould be idempotent on duplicate webhook
[22m[39mprisma:query db.OrderItem.insertOne({ orderId: ObjectId("69d905913a77da4627d44dc1"), productId: ObjectId("69d9058e3a77da4627d44dbe"), variantId: null, productName: "Pay Item", productImage: null, sku: "checkout-test-SKU-1775830414276-11", variantName: null, quantity: 1, unitPrice: 10000, totalPrice: 10000, createdAt: DateTime("2026-04-10 14:13:37.804 +00:00:00"), })

[90mstdout[2m | src/__tests__/checkout/checkout.test.ts[2m > [22m[2mmock payment service[2m > [22m[2mshould be idempotent on duplicate webhook
[22m[39mprisma:query db.OrderStatusHistory.insertOne({ orderId: ObjectId("69d905913a77da4627d44dc1"), status: "CREATED", note: "Order placed", createdAt: DateTime("2026-04-10 14:13:37.804 +00:00:00"), })

[90mstdout[2m | src/__tests__/checkout/checkout.test.ts[2m > [22m[2mmock payment service[2m > [22m[2mshould be idempotent on duplicate webhook
[22m[39mprisma:query db.Order.aggregate([ { $match: { $expr: { $and: [ { $and: [ { $eq: [ "$_id", { $literal: ObjectId("69d905913a77da4627d44dc1"), }, ], }, { $ne: [ "$_id", "$$REMOVE", ], }, ], }, ], }, }, }, { $project: { _id: 1, orderNumber: 1, userId: 1, vendorId: 1, checkoutSessionId: 1, status: 1, shippingAddress: 1, billingAddress: 1, subtotal: 1, shipping: 1, discount: 1, total: 1, couponCode: 1, notes: 1, createdAt: 1, updatedAt: 1, paidAt: 1, shippedAt: 1, deliveredAt: 1, }, }, ])

[90mstdout[2m | src/__tests__/checkout/checkout.test.ts[2m > [22m[2mmock payment service[2m > [22m[2mshould be idempotent on duplicate webhook
[22m[39mprisma:query db.Product.aggregate([ { $match: { $expr: { $and: [ { $and: [ { $and: [ { $eq: [ "$_id", { $literal: ObjectId("69d9058e3a77da4627d44dbe"), }, ], }, { $ne: [ "$_id", "$$REMOVE", ], }, ], }, ], }, { }, ], }, }, }, { $project: { _id: 1, }, }, ])

[90mstdout[2m | src/__tests__/checkout/checkout.test.ts[2m > [22m[2mmock payment service[2m > [22m[2mshould be idempotent on duplicate webhook
[22m[39mprisma:query db.Product.updateMany({ _id: { $in: [ ObjectId("69d9058e3a77da4627d44dbe"), ], }, },[{ $set: { stock: { $subtract: [ "$stock", 1, ], }, }, },
{ $set: { updatedAt: { $literal: DateTime("2026-04-10 14:13:39.309 +00:00:00"), }, }, }])

[90mstdout[2m | src/__tests__/checkout/checkout.test.ts[2m > [22m[2mmock payment service[2m > [22m[2mshould be idempotent on duplicate webhook
[22m[39mprisma:query db.Product.aggregate([ { $match: { $expr: { $and: [ { $and: [ { $eq: [ "$_id", { $literal: ObjectId("69d9058e3a77da4627d44dbe"), }, ], }, { $ne: [ "$_id", "$$REMOVE", ], }, ], }, ], }, }, }, { $project: { _id: 1, name: 1, slug: 1, description: 1, shortDesc: 1, stockKeepingUnit: 1, basePrice: 1, salePrice: 1, type: 1, categoryId: 1, vendorId: 1, approvalStatus: 1, brand: 1, tags: 1, images: 1, avgRating: 1, reviewCount: 1, stock: 1, lowStockThreshold: 1, isActive: 1, isFeatured: 1, isNewArrival: 1, createdAt: 1, updatedAt: 1, }, }, ])

[90mstdout[2m | src/__tests__/checkout/checkout.test.ts[2m > [22m[2mmock payment service[2m > [22m[2mshould be idempotent on duplicate webhook
[22m[39mprisma:query db.CartItem.aggregate([ { $match: { $expr: { $and: [ { $eq: [ "$cartId", { $literal: ObjectId("69d9058f3a77da4627d44dbf"), }, ], }, { $ne: [ "$cartId", "$$REMOVE", ], }, ], }, }, }, { $project: { _id: 1, }, }, ])

[90mstdout[2m | src/__tests__/checkout/checkout.test.ts[2m > [22m[2mmock payment service[2m > [22m[2mshould be idempotent on duplicate webhook
[22m[39mprisma:query db.CartItem.deleteMany({ _id: { $in: [ ObjectId("69d9058f3a77da4627d44dc0"), ], }, })

[90mstdout[2m | src/__tests__/checkout/checkout.test.ts[2m > [22m[2mmock payment service[2m > [22m[2mshould be idempotent on duplicate webhook
[22m[39mprisma:query db.Order.aggregate([ { $match: { $expr: { $and: [ { $and: [ { $eq: [ "$checkoutSessionId", { $literal: "13f7aa81-d6ee-446a-ad4c-f9ca85d79a28", }, ], }, { $ne: [ "$checkoutSessionId", "$$REMOVE", ], }, ], }, { $and: [ { $eq: [ "$userId", { $literal: "checkout-test-pay-buyer", }, ], }, { $ne: [ "$userId", "$$REMOVE", ], }, ], }, ], }, }, }, { $project: { _id: 1, orderNumber: 1, userId: 1, vendorId: 1, checkoutSessionId: 1, status: 1, shippingAddress: 1, billingAddress: 1, subtotal: 1, shipping: 1, discount: 1, total: 1, couponCode: 1, notes: 1, createdAt: 1, updatedAt: 1, paidAt: 1, shippedAt: 1, deliveredAt: 1, }, }, ])

[90mstdout[2m | src/__tests__/checkout/checkout.test.ts[2m > [22m[2mmock payment service[2m > [22m[2mshould be idempotent on duplicate webhook
[22m[39mprisma:query db.Payment.aggregate([ { $match: { $expr: { $and: [ { $and: [ { $and: [ { $eq: [ "$checkoutSessionId", { $literal: "13f7aa81-d6ee-446a-ad4c-f9ca85d79a28", }, ], }, { $ne: [ "$checkoutSessionId", "$$REMOVE", ], }, ], }, ], }, { }, ], }, }, }, { $project: { _id: 1, checkoutSessionId: 1, userId: 1, amount: 1, currency: 1, status: 1, provider: 1, transactionRef: 1, providerData: 1, metadata: 1, createdAt: 1, updatedAt: 1, paidAt: 1, }, }, ])

[90mstdout[2m | src/__tests__/checkout/checkout.test.ts[2m > [22m[2mmock payment service[2m > [22m[2mshould be idempotent on duplicate webhook
[22m[39mprisma:query db.Payment.insertOne({ checkoutSessionId: "13f7aa81-d6ee-446a-ad4c-f9ca85d79a28", userId: "checkout-test-pay-buyer", amount: 12500, currency: "NGN", status: "PENDING", provider: "mock", transactionRef: "WS-PAY-9ec7024b5ac04eb7", createdAt: DateTime("2026-04-10 14:13:43.242 +00:00:00"), updatedAt: DateTime("2026-04-10 14:13:43.242 +00:00:00"), })

[90mstdout[2m | src/__tests__/checkout/checkout.test.ts[2m > [22m[2mmock payment service[2m > [22m[2mshould be idempotent on duplicate webhook
[22m[39mprisma:query db.Payment.aggregate([ { $match: { $expr: { $and: [ { $and: [ { $eq: [ "$_id", { $literal: ObjectId("69d905973a77da4627d44dc4"), }, ], }, { $ne: [ "$_id", "$$REMOVE", ], }, ], }, ], }, }, }, { $project: { _id: 1, checkoutSessionId: 1, userId: 1, amount: 1, currency: 1, status: 1, provider: 1, transactionRef: 1, providerData: 1, metadata: 1, createdAt: 1, updatedAt: 1, paidAt: 1, }, }, ])

[90mstdout[2m | src/__tests__/checkout/checkout.test.ts[2m > [22m[2mmock payment service[2m > [22m[2mshould be idempotent on duplicate webhook
[22m[39mprisma:query db.Payment.aggregate([ { $match: { $expr: { $and: [ { $and: [ { $and: [ { $eq: [ "$checkoutSessionId", { $literal: "13f7aa81-d6ee-446a-ad4c-f9ca85d79a28", }, ], }, { $ne: [ "$checkoutSessionId", "$$REMOVE", ], }, ], }, ], }, { }, ], }, }, }, { $project: { _id: 1, checkoutSessionId: 1, userId: 1, amount: 1, currency: 1, status: 1, provider: 1, transactionRef: 1, providerData: 1, metadata: 1, createdAt: 1, updatedAt: 1, paidAt: 1, }, }, ])

[90mstdout[2m | src/__tests__/checkout/checkout.test.ts[2m > [22m[2mmock payment service[2m > [22m[2mshould be idempotent on duplicate webhook
[22m[39mprisma:query db.Order.aggregate([ { $match: { $expr: { $and: [ { $eq: [ "$checkoutSessionId", { $literal: "13f7aa81-d6ee-446a-ad4c-f9ca85d79a28", }, ], }, { $ne: [ "$checkoutSessionId", "$$REMOVE", ], }, ], }, }, }, { $project: { _id: 1, orderNumber: 1, userId: 1, vendorId: 1, checkoutSessionId: 1, status: 1, shippingAddress: 1, billingAddress: 1, subtotal: 1, shipping: 1, discount: 1, total: 1, couponCode: 1, notes: 1, createdAt: 1, updatedAt: 1, paidAt: 1, shippedAt: 1, deliveredAt: 1, }, }, ])

[90mstdout[2m | src/__tests__/checkout/checkout.test.ts[2m > [22m[2mmock payment service[2m > [22m[2mshould be idempotent on duplicate webhook
[22m[39mprisma:query db.Payment.aggregate([ { $match: { $expr: { $and: [ { $and: [ { $and: [ { $eq: [ "$checkoutSessionId", { $literal: "13f7aa81-d6ee-446a-ad4c-f9ca85d79a28", }, ], }, { $ne: [ "$checkoutSessionId", "$$REMOVE", ], }, ], }, ], }, { }, ], }, }, }, { $project: { _id: 1, }, }, ])

[90mstdout[2m | src/__tests__/checkout/checkout.test.ts[2m > [22m[2mmock payment service[2m > [22m[2mshould be idempotent on duplicate webhook
[22m[39mprisma:query db.Payment.updateMany({ _id: { $in: [ ObjectId("69d905973a77da4627d44dc4"), ], }, },[{ $set: { status: { $literal: "COMPLETED", }, }, },
{ $set: { providerData: { $literal: { confirmedAt: "2026-04-10T14:13:44.721Z", method: "mock", }, }, }, },
{ $set: { updatedAt: { $literal: DateTime("2026-04-10 14:13:44.723 +00:00:00"), }, }, },
{ $set: { paidAt: { $literal: DateTime("2026-04-10 14:13:44.721 +00:00:00"), }, }, }])

[90mstdout[2m | src/__tests__/checkout/checkout.test.ts[2m > [22m[2mmock payment service[2m > [22m[2mshould be idempotent on duplicate webhook
[22m[39mprisma:query db.Payment.aggregate([ { $match: { $expr: { $and: [ { $and: [ { $eq: [ "$_id", { $literal: ObjectId("69d905973a77da4627d44dc4"), }, ], }, { $ne: [ "$_id", "$$REMOVE", ], }, ], }, ], }, }, }, { $project: { _id: 1, checkoutSessionId: 1, userId: 1, amount: 1, currency: 1, status: 1, provider: 1, transactionRef: 1, providerData: 1, metadata: 1, createdAt: 1, updatedAt: 1, paidAt: 1, }, }, ])

[90mstdout[2m | src/__tests__/checkout/checkout.test.ts[2m > [22m[2mmock payment service[2m > [22m[2mshould be idempotent on duplicate webhook
[22m[39mprisma:query db.Order.aggregate([ { $match: { $expr: { $and: [ { $and: [ { $and: [ { $eq: [ "$_id", { $literal: ObjectId("69d905913a77da4627d44dc1"), }, ], }, { $ne: [ "$_id", "$$REMOVE", ], }, ], }, ], }, { }, ], }, }, }, { $project: { _id: 1, }, }, ])

[90mstdout[2m | src/__tests__/checkout/checkout.test.ts[2m > [22m[2mmock payment service[2m > [22m[2mshould be idempotent on duplicate webhook
[22m[39mprisma:query db.Order.updateMany({ _id: { $in: [ ObjectId("69d905913a77da4627d44dc1"), ], }, },[{ $set: { status: { $literal: "PAID", }, }, },
{ $set: { updatedAt: { $literal: DateTime("2026-04-10 14:13:44.723 +00:00:00"), }, }, },
{ $set: { paidAt: { $literal: DateTime("2026-04-10 14:13:44.721 +00:00:00"), }, }, }])

[90mstdout[2m | src/__tests__/checkout/checkout.test.ts[2m > [22m[2mmock payment service[2m > [22m[2mshould be idempotent on duplicate webhook
[22m[39mprisma:query db.Order.aggregate([ { $match: { $expr: { $and: [ { $and: [ { $eq: [ "$_id", { $literal: ObjectId("69d905913a77da4627d44dc1"), }, ], }, { $ne: [ "$_id", "$$REMOVE", ], }, ], }, ], }, }, }, { $project: { _id: 1, orderNumber: 1, userId: 1, vendorId: 1, checkoutSessionId: 1, status: 1, shippingAddress: 1, billingAddress: 1, subtotal: 1, shipping: 1, discount: 1, total: 1, couponCode: 1, notes: 1, createdAt: 1, updatedAt: 1, paidAt: 1, shippedAt: 1, deliveredAt: 1, }, }, ])

[90mstdout[2m | src/__tests__/checkout/checkout.test.ts[2m > [22m[2mmock payment service[2m > [22m[2mshould be idempotent on duplicate webhook
[22m[39mprisma:query db.OrderStatusHistory.insertOne({ orderId: ObjectId("69d905913a77da4627d44dc1"), status: "PAID", note: "Payment confirmed via mock payment", createdAt: DateTime("2026-04-10 14:13:44.723 +00:00:00"), })

[90mstdout[2m | src/__tests__/checkout/checkout.test.ts[2m > [22m[2mmock payment service[2m > [22m[2mshould be idempotent on duplicate webhook
[22m[39mprisma:query db.OrderStatusHistory.aggregate([ { $match: { $expr: { $and: [ { $and: [ { $eq: [ "$_id", { $literal: ObjectId("69d9059a3a77da4627d44dc5"), }, ], }, { $ne: [ "$_id", "$$REMOVE", ], }, ], }, ], }, }, }, { $project: { _id: 1, orderId: 1, status: 1, note: 1, createdAt: 1, }, }, ])

[90mstdout[2m | src/__tests__/checkout/checkout.test.ts[2m > [22m[2mmock payment service[2m > [22m[2mshould be idempotent on duplicate webhook
[22m[39mprisma:query db.Payment.aggregate([ { $match: { $expr: { $and: [ { $and: [ { $and: [ { $eq: [ "$checkoutSessionId", { $literal: "13f7aa81-d6ee-446a-ad4c-f9ca85d79a28", }, ], }, { $ne: [ "$checkoutSessionId", "$$REMOVE", ], }, ], }, ], }, { }, ], }, }, }, { $project: { _id: 1, checkoutSessionId: 1, userId: 1, amount: 1, currency: 1, status: 1, provider: 1, transactionRef: 1, providerData: 1, metadata: 1, createdAt: 1, updatedAt: 1, paidAt: 1, }, }, ])

[90mstdout[2m | src/__tests__/checkout/checkout.test.ts[2m > [22m[2mmock payment service[2m > [22m[2mshould be idempotent on duplicate webhook
[22m[39mprisma:query db.Payment.aggregate([ { $match: { $expr: { $and: [ { $and: [ { $and: [ { $eq: [ "$_id", { $literal: ObjectId("69d905973a77da4627d44dc4"), }, ], }, { $ne: [ "$_id", "$$REMOVE", ], }, ], }, ], }, { }, ], }, }, }, { $project: { _id: 1, checkoutSessionId: 1, userId: 1, amount: 1, currency: 1, status: 1, provider: 1, transactionRef: 1, providerData: 1, metadata: 1, createdAt: 1, updatedAt: 1, paidAt: 1, }, }, ])

[90mstdout[2m | src/__tests__/checkout/checkout.test.ts[2m > [22m[2mmock payment service[2m > [22m[2mshould be idempotent on duplicate webhook
[22m[39mprisma:query db.Order.aggregate([ { $match: { $expr: { $and: [ { $regexMatch: { input: "$userId", regex: "^checkout-test", options: "", }, }, { $ne: [ "$userId", "$$REMOVE", ], }, ], }, }, }, { $project: { _id: 1, }, }, ])

[90mstdout[2m | src/__tests__/checkout/checkout.test.ts[2m > [22m[2mmock payment service[2m > [22m[2mshould be idempotent on duplicate webhook
[22m[39mprisma:query db.Order.aggregate([ { $match: { $expr: { $and: [ { $and: [ { $and: [ { $eq: [ "$_id", { $literal: ObjectId("69d905913a77da4627d44dc1"), }, ], }, { $ne: [ "$_id", "$$REMOVE", ], }, ], }, ], }, { }, ], }, }, }, { $project: { _id: 1, orderNumber: 1, userId: 1, vendorId: 1, checkoutSessionId: 1, status: 1, shippingAddress: 1, billingAddress: 1, subtotal: 1, shipping: 1, discount: 1, total: 1, couponCode: 1, notes: 1, createdAt: 1, updatedAt: 1, paidAt: 1, shippedAt: 1, deliveredAt: 1, }, }, ])

[90mstdout[2m | src/__tests__/checkout/checkout.test.ts[2m > [22m[2mmock payment service[2m > [22m[2mshould be idempotent on duplicate webhook
[22m[39mprisma:query db.OrderStatusHistory.aggregate([ { $match: { $expr: { $and: [ { $or: [ { $eq: [ "$orderId", { $literal: ObjectId("69d905913a77da4627d44dc1"), }, ], }, ], }, { $ne: [ "$orderId", "$$REMOVE", ], }, ], }, }, }, { $project: { _id: 1, }, }, ])

[90mstdout[2m | src/__tests__/checkout/checkout.test.ts[2m > [22m[2mmock payment service[2m > [22m[2mshould be idempotent on duplicate webhook
[22m[39mprisma:query db.OrderItem.aggregate([ { $match: { $expr: { $and: [ { $or: [ { $eq: [ "$orderId", { $literal: ObjectId("69d905913a77da4627d44dc1"), }, ], }, ], }, { $ne: [ "$orderId", "$$REMOVE", ], }, ], }, }, }, { $project: { _id: 1, orderId: 1, productId: 1, variantId: 1, productName: 1, productImage: 1, sku: 1, variantName: 1, quantity: 1, unitPrice: 1, totalPrice: 1, createdAt: 1, }, }, ])

[90mstdout[2m | src/__tests__/checkout/checkout.test.ts[2m > [22m[2mmock payment service[2m > [22m[2mshould be idempotent on duplicate webhook
[22m[39mprisma:query db.OrderStatusHistory.deleteMany({ _id: { $in: [ ObjectId("69d905923a77da4627d44dc3"), ObjectId("69d9059a3a77da4627d44dc5"), ], }, })

[90mstdout[2m | src/__tests__/checkout/checkout.test.ts[2m > [22m[2mmock payment service[2m > [22m[2mshould be idempotent on duplicate webhook
[22m[39mprisma:query db.Product.aggregate([ { $match: { $expr: { $and: [ { $or: [ { $eq: [ "$_id", { $literal: ObjectId("69d9058e3a77da4627d44dbe"), }, ], }, ], }, { $ne: [ "$_id", "$$REMOVE", ], }, ], }, }, }, { $project: { _id: 1, type: 1, }, }, ])

[90mstdout[2m | src/__tests__/checkout/checkout.test.ts[2m > [22m[2mmock payment service[2m > [22m[2mshould be idempotent on duplicate webhook
[22m[39mprisma:query db.UserProfile.aggregate([ { $match: { $expr: { $and: [ { $and: [ { $and: [ { $eq: [ "$userId", { $literal: "checkout-test-pay-buyer", }, ], }, { $ne: [ "$userId", "$$REMOVE", ], }, ], }, ], }, { }, ], }, }, }, { $project: { _id: 1, userId: 1, email: 1, firstName: 1, lastName: 1, phone: 1, avatar: 1, dateOfBirth: 1, gender: 1, role: 1, isVendor: 1, vendorStatus: 1, storeName: 1, storeSlug: 1, storeDescription: 1, vendorSince: 1, createdAt: 1, updatedAt: 1, }, }, ])

[90mstdout[2m | src/__tests__/checkout/checkout.test.ts[2m > [22m[2mmock payment service[2m > [22m[2mshould be idempotent on duplicate webhook
[22m[39mprisma:query db.OrderItem.aggregate([ { $match: { $expr: { $and: [ { $or: [ { $eq: [ "$orderId", { $literal: ObjectId("69d905913a77da4627d44dc1"), }, ], }, ], }, { $ne: [ "$orderId", "$$REMOVE", ], }, ], }, }, }, { $project: { _id: 1, }, }, ])

[90mstdout[2m | src/__tests__/checkout/checkout.test.ts[2m > [22m[2mmock payment service[2m > [22m[2mshould be idempotent on duplicate webhook
[22m[39mprisma:query db.OrderItem.deleteMany({ _id: { $in: [ ObjectId("69d905923a77da4627d44dc2"), ], }, })

[90mstdout[2m | src/__tests__/checkout/checkout.test.ts[2m > [22m[2mmock payment service[2m > [22m[2mshould be idempotent on duplicate webhook
[22m[39mprisma:query db.Payment.aggregate([ { $match: { $expr: { $and: [ { $regexMatch: { input: "$userId", regex: "^checkout-test", options: "", }, }, { $ne: [ "$userId", "$$REMOVE", ], }, ], }, }, }, { $project: { _id: 1, }, }, ])

[90mstdout[2m | src/__tests__/checkout/checkout.test.ts[2m > [22m[2mmock payment service[2m > [22m[2mshould be idempotent on duplicate webhook
[22m[39mprisma:query db.Payment.deleteMany({ _id: { $in: [ ObjectId("69d905973a77da4627d44dc4"), ], }, })

[90mstdout[2m | src/__tests__/checkout/checkout.test.ts[2m > [22m[2mmock payment service[2m > [22m[2mshould be idempotent on duplicate webhook
[22m[39m[32minfo[39m: [32m[Email] Order receipt sent[39m {"emailId":"2cf337d9-7887-4b3b-987f-a4230059110a","label":"Global","orderNumber":"WS-20260410-8X0HJ","timestamp":"2026-04-10 15:13:49","to":"checkout-test-pay@test.com"}

[90mstdout[2m | src/__tests__/checkout/checkout.test.ts[2m > [22m[2mmock payment service[2m > [22m[2mshould be idempotent on duplicate webhook
[22m[39mprisma:query db.Payment.aggregate([ { $match: { $expr: { $and: [ { $and: [ { $and: [ { $eq: [ "$_id", { $literal: ObjectId("69d905973a77da4627d44dc4"), }, ], }, { $ne: [ "$_id", "$$REMOVE", ], }, ], }, ], }, { }, ], }, }, }, { $project: { _id: 1, }, }, ])

[90mstdout[2m | src/__tests__/checkout/checkout.test.ts[2m > [22m[2mmock payment service[2m > [22m[2mshould be idempotent on duplicate webhook
[22m[39mprisma:error 
Invalid `.update()` invocation in
C:/Users/God's d greatest/Desktop/ecommerce/worldshop-server/src/services/payment.service.ts:200:6

  197   existingMetadata: Record<string, unknown>,
  198 ): Promise<void> {
  199   return prisma.payment
ΓåÆ 200     .update(
An operation failed because it depends on one or more records that were required but not found. No record was found for an update.

[90mstdout[2m | src/__tests__/checkout/checkout.test.ts[2m > [22m[2mmock payment service[2m > [22m[2mshould be idempotent on duplicate webhook
[22m[39m[33mwarn[39m: [33m[Email] Failed to persist receiptSentAt metadata[39m {"label":"Global","orderId":"69d905913a77da4627d44dc1","paymentId":"69d905973a77da4627d44dc4","timestamp":"2026-04-10 15:13:50"}

[90mstdout[2m | src/__tests__/checkout/checkout.test.ts[2m > [22m[2mmock payment service[2m > [22m[2mshould be idempotent on duplicate webhook
[22m[39mprisma:query db.Order.aggregate([ { $match: { $expr: { $and: [ { $regexMatch: { input: "$userId", regex: "^checkout-test", options: "", }, }, { $ne: [ "$userId", "$$REMOVE", ], }, ], }, }, }, { $project: { _id: 1, }, }, ])

[90mstdout[2m | src/__tests__/checkout/checkout.test.ts[2m > [22m[2mmock payment service[2m > [22m[2mshould be idempotent on duplicate webhook
[22m[39mprisma:query db.OrderStatusHistory.aggregate([ { $match: { $expr: { $and: [ { }, { $and: [ { $or: [ { $eq: [ "$orderId", { $literal: ObjectId("69d905913a77da4627d44dc1"), }, ], }, ], }, { $ne: [ "$orderId", "$$REMOVE", ], }, ], }, ], }, }, }, { $project: { _id: 1, orderId: 1, }, }, ])

[90mstdout[2m | src/__tests__/checkout/checkout.test.ts[2m > [22m[2mmock payment service[2m > [22m[2mshould be idempotent on duplicate webhook
[22m[39mprisma:query db.OrderItem.aggregate([ { $match: { $expr: { $and: [ { }, { $and: [ { $or: [ { $eq: [ "$orderId", { $literal: ObjectId("69d905913a77da4627d44dc1"), }, ], }, ], }, { $ne: [ "$orderId", "$$REMOVE", ], }, ], }, ], }, }, }, { $project: { _id: 1, orderId: 1, }, }, ])

[90mstdout[2m | src/__tests__/checkout/checkout.test.ts[2m > [22m[2mmock payment service[2m > [22m[2mshould be idempotent on duplicate webhook
[22m[39mprisma:query db.Order.deleteMany({ _id: { $in: [ ObjectId("69d905913a77da4627d44dc1"), ], }, })

[90mstdout[2m | src/__tests__/checkout/checkout.test.ts[2m > [22m[2mmock payment service[2m > [22m[2mshould be idempotent on duplicate webhook
[22m[39mprisma:query db.CartItem.aggregate([ { $lookup: { from: "Cart", let: { left_0: "$cartId", }, pipeline: [ { $match: { $expr: { $and: [ { $eq: [ "$_id", "$$left_0", ], }, ], }, }, }, ], as: "CartToCartItem", }, }, { $match: { $expr: { $and: [ { $eq: [ { $size: { $filter: { input: "$CartToCartItem", as: "elem", cond: { $and: [ { $regexMatch: { input: "$$elem.userId", regex: "^checkout-test", options: "", }, }, { $ne: [ "$$elem.userId", "$$REMOVE", ], }, ], }, }, }, }, { $size: "$CartToCartItem", }, ], }, { $eq: [ { $size: "$CartToCartItem", }, 1, ], }, ], }, }, }, { $unwind: { path: "$CartToCartItem", preserveNullAndEmptyArrays: true, }, }, { $project: { _id: 1, }, }, ])

[90mstdout[2m | src/__tests__/checkout/checkout.test.ts[2m > [22m[2mmock payment service[2m > [22m[2mshould be idempotent on duplicate webhook
[22m[39mprisma:query db.Cart.aggregate([ { $match: { $expr: { $and: [ { $regexMatch: { input: "$userId", regex: "^checkout-test", options: "", }, }, { $ne: [ "$userId", "$$REMOVE", ], }, ], }, }, }, { $project: { _id: 1, }, }, ])

[90mstdout[2m | src/__tests__/checkout/checkout.test.ts[2m > [22m[2mmock payment service[2m > [22m[2mshould be idempotent on duplicate webhook
[22m[39mprisma:query db.CartItem.aggregate([ { $match: { $expr: { $and: [ { }, { $and: [ { $or: [ { $eq: [ "$cartId", { $literal: ObjectId("69d9058f3a77da4627d44dbf"), }, ], }, ], }, { $ne: [ "$cartId", "$$REMOVE", ], }, ], }, ], }, }, }, { $project: { _id: 1, cartId: 1, }, }, ])

[90mstdout[2m | src/__tests__/checkout/checkout.test.ts[2m > [22m[2mmock payment service[2m > [22m[2mshould be idempotent on duplicate webhook
[22m[39mprisma:query db.Cart.deleteMany({ _id: { $in: [ ObjectId("69d9058f3a77da4627d44dbf"), ], }, })

[90mstdout[2m | src/__tests__/checkout/checkout.test.ts[2m > [22m[2mmock payment service[2m > [22m[2mshould be idempotent on duplicate webhook
[22m[39mprisma:query db.Product.aggregate([ { $match: { $expr: { $and: [ { $regexMatch: { input: "$vendorId", regex: "^checkout-test", options: "", }, }, { $ne: [ "$vendorId", "$$REMOVE", ], }, ], }, }, }, { $project: { _id: 1, }, }, ])

[90mstdout[2m | src/__tests__/checkout/checkout.test.ts[2m > [22m[2mmock payment service[2m > [22m[2mshould be idempotent on duplicate webhook
[22m[39mprisma:query db.Product.aggregate([ { $match: { $expr: { $or: [ { $and: [ { $regexMatch: { input: "$vendorId", regex: "^checkout-test", options: "", }, }, { $ne: [ "$vendorId", "$$REMOVE", ], }, ], }, { $and: [ { $regexMatch: { input: "$slug", regex: "^checkout-test", options: "", }, }, { $ne: [ "$slug", "$$REMOVE", ], }, ], }, ], }, }, }, { $project: { _id: 1, }, }, ])

[90mstdout[2m | src/__tests__/checkout/checkout.test.ts[2m > [22m[2mmock payment service[2m > [22m[2mshould be idempotent on duplicate webhook
[22m[39mprisma:query db.DigitalAsset.aggregate([ { $match: { $expr: { $and: [ { }, { $and: [ { $or: [ { $eq: [ "$productId", { $literal: ObjectId("69d9058e3a77da4627d44dbe"), }, ], }, ], }, { $ne: [ "$productId", "$$REMOVE", ], }, ], }, ], }, }, }, { $project: { _id: 1, productId: 1, }, }, ])

[90mstdout[2m | src/__tests__/checkout/checkout.test.ts[2m > [22m[2mmock payment service[2m > [22m[2mshould be idempotent on duplicate webhook
[22m[39mprisma:query db.WishlistItem.aggregate([ { $match: { $expr: { $and: [ { }, { $and: [ { $or: [ { $eq: [ "$productId", { $literal: ObjectId("69d9058e3a77da4627d44dbe"), }, ], }, ], }, { $ne: [ "$productId", "$$REMOVE", ], }, ], }, ], }, }, }, { $project: { _id: 1, productId: 1, }, }, ])

[90mstdout[2m | src/__tests__/checkout/checkout.test.ts[2m > [22m[2mmock payment service[2m > [22m[2mshould be idempotent on duplicate webhook
[22m[39mprisma:query db.Review.aggregate([ { $match: { $expr: { $and: [ { }, { $and: [ { $or: [ { $eq: [ "$productId", { $literal: ObjectId("69d9058e3a77da4627d44dbe"), }, ], }, ], }, { $ne: [ "$productId", "$$REMOVE", ], }, ], }, ], }, }, }, { $project: { _id: 1, productId: 1, }, }, ])

[90mstdout[2m | src/__tests__/checkout/checkout.test.ts[2m > [22m[2mmock payment service[2m > [22m[2mshould be idempotent on duplicate webhook
[22m[39mprisma:query db.OrderItem.aggregate([ { $match: { $expr: { $and: [ { }, { $and: [ { $or: [ { $eq: [ "$productId", { $literal: ObjectId("69d9058e3a77da4627d44dbe"), }, ], }, ], }, { $ne: [ "$productId", "$$REMOVE", ], }, ], }, ], }, }, }, { $project: { _id: 1, productId: 1, }, }, ])

[90mstdout[2m | src/__tests__/checkout/checkout.test.ts[2m > [22m[2mmock payment service[2m > [22m[2mshould be idempotent on duplicate webhook
[22m[39mprisma:query db.CartItem.aggregate([ { $match: { $expr: { $and: [ { }, { $and: [ { $or: [ { $eq: [ "$productId", { $literal: ObjectId("69d9058e3a77da4627d44dbe"), }, ], }, ], }, { $ne: [ "$productId", "$$REMOVE", ], }, ], }, ], }, }, }, { $project: { _id: 1, productId: 1, }, }, ])

[90mstdout[2m | src/__tests__/checkout/checkout.test.ts[2m > [22m[2mmock payment service[2m > [22m[2mshould be idempotent on duplicate webhook
[22m[39mprisma:query db.ProductVariant.aggregate([ { $match: { $expr: { $and: [ { }, { $and: [ { $or: [ { $eq: [ "$productId", { $literal: ObjectId("69d9058e3a77da4627d44dbe"), }, ], }, ], }, { $ne: [ "$productId", "$$REMOVE", ], }, ], }, ], }, }, }, { $project: { _id: 1, productId: 1, }, }, ])

[90mstdout[2m | src/__tests__/checkout/checkout.test.ts[2m > [22m[2mmock payment service[2m > [22m[2mshould be idempotent on duplicate webhook
[22m[39mprisma:query db.Product.deleteMany({ _id: { $in: [ ObjectId("69d9058e3a77da4627d44dbe"), ], }, })

[90mstdout[2m | src/__tests__/checkout/checkout.test.ts[2m > [22m[2mmock payment service[2m > [22m[2mshould be idempotent on duplicate webhook
[22m[39mprisma:query db.UserProfile.aggregate([ { $match: { $expr: { $and: [ { $regexMatch: { input: "$userId", regex: "^checkout-test", options: "", }, }, { $ne: [ "$userId", "$$REMOVE", ], }, ], }, }, }, { $project: { _id: 1, }, }, ])

[90mstdout[2m | src/__tests__/checkout/checkout.test.ts[2m > [22m[2mmock payment service[2m > [22m[2mshould be idempotent on duplicate webhook
[22m[39mprisma:query db.UserProfile.deleteMany({ _id: { $in: [ ObjectId("69d9058d3a77da4627d44dbd"), ], }, })

[90mstdout[2m | src/__tests__/checkout/checkout.test.ts[2m > [22m[2mmock payment service[2m > [22m[2mshould verify payment status
[22m[39mprisma:query db.UserProfile.insertOne({ userId: "checkout-test-pay-buyer", email: "checkout-test-pay@test.com", firstName: "Test", lastName: "User", role: "CUSTOMER", isVendor: false, createdAt: DateTime("2026-04-10 14:14:02.509 +00:00:00"), updatedAt: DateTime("2026-04-10 14:14:02.509 +00:00:00"), })

[90mstdout[2m | src/__tests__/checkout/checkout.test.ts[2m > [22m[2mmock payment service[2m > [22m[2mshould verify payment status
[22m[39mprisma:query db.UserProfile.aggregate([ { $match: { $expr: { $and: [ { $and: [ { $eq: [ "$_id", { $literal: ObjectId("69d905aa3a77da4627d44dc6"), }, ], }, { $ne: [ "$_id", "$$REMOVE", ], }, ], }, ], }, }, }, { $project: { _id: 1, userId: 1, email: 1, firstName: 1, lastName: 1, phone: 1, avatar: 1, dateOfBirth: 1, gender: 1, role: 1, isVendor: 1, vendorStatus: 1, storeName: 1, storeSlug: 1, storeDescription: 1, vendorSince: 1, createdAt: 1, updatedAt: 1, }, }, ])

[90mstdout[2m | src/__tests__/checkout/checkout.test.ts[2m > [22m[2mmock payment service[2m > [22m[2mshould verify payment status
[22m[39mprisma:query db.Product.insertOne({ name: "Pay Item", slug: "checkout-test-pay-item", description: "Pay Item description", stockKeepingUnit: "checkout-test-SKU-1775830443028-12", basePrice: 10000, type: "PHYSICAL", vendorId: null, approvalStatus: "APPROVED", tags: [ ], images: [ ], avgRating: 0, reviewCount: 0, stock: 10, lowStockThreshold: 10, isActive: true, isFeatured: false, isNewArrival: true, createdAt: DateTime("2026-04-10 14:14:03.03 +00:00:00"), updatedAt: DateTime("2026-04-10 14:14:03.03 +00:00:00"), })

[90mstdout[2m | src/__tests__/checkout/checkout.test.ts[2m > [22m[2mmock payment service[2m > [22m[2mshould verify payment status
[22m[39mprisma:query db.Product.aggregate([ { $match: { $expr: { $and: [ { $and: [ { $eq: [ "$_id", { $literal: ObjectId("69d905ab3a77da4627d44dc7"), }, ], }, { $ne: [ "$_id", "$$REMOVE", ], }, ], }, ], }, }, }, { $project: { _id: 1, name: 1, slug: 1, description: 1, shortDesc: 1, stockKeepingUnit: 1, basePrice: 1, salePrice: 1, type: 1, categoryId: 1, vendorId: 1, approvalStatus: 1, brand: 1, tags: 1, images: 1, avgRating: 1, reviewCount: 1, stock: 1, lowStockThreshold: 1, isActive: 1, isFeatured: 1, isNewArrival: 1, createdAt: 1, updatedAt: 1, }, }, ])

[90mstdout[2m | src/__tests__/checkout/checkout.test.ts[2m > [22m[2mmock payment service[2m > [22m[2mshould verify payment status
[22m[39mprisma:query db.Cart.aggregate([ { $match: { $expr: { $and: [ { $and: [ { $and: [ { $eq: [ "$userId", { $literal: "checkout-test-pay-buyer", }, ], }, { $ne: [ "$userId", "$$REMOVE", ], }, ], }, ], }, { }, ], }, }, }, { $project: { _id: 1, userId: 1, sessionId: 1, createdAt: 1, updatedAt: 1, }, }, ])

[90mstdout[2m | src/__tests__/checkout/checkout.test.ts[2m > [22m[2mmock payment service[2m > [22m[2mshould verify payment status
[22m[39mprisma:query db.Cart.insertOne({ userId: "checkout-test-pay-buyer", createdAt: DateTime("2026-04-10 14:14:03.743 +00:00:00"), updatedAt: DateTime("2026-04-10 14:14:03.743 +00:00:00"), })

[90mstdout[2m | src/__tests__/checkout/checkout.test.ts[2m > [22m[2mmock payment service[2m > [22m[2mshould verify payment status
[22m[39mprisma:query db.Cart.aggregate([ { $match: { $expr: { $and: [ { $and: [ { $eq: [ "$_id", { $literal: ObjectId("69d905ab3a77da4627d44dc8"), }, ], }, { $ne: [ "$_id", "$$REMOVE", ], }, ], }, ], }, }, }, { $project: { _id: 1, userId: 1, sessionId: 1, createdAt: 1, updatedAt: 1, }, }, ])

[90mstdout[2m | src/__tests__/checkout/checkout.test.ts[2m > [22m[2mmock payment service[2m > [22m[2mshould verify payment status
[22m[39mprisma:query db.CartItem.insertOne({ cartId: ObjectId("69d905ab3a77da4627d44dc8"), productId: ObjectId("69d905ab3a77da4627d44dc7"), quantity: 1, createdAt: DateTime("2026-04-10 14:14:04.216 +00:00:00"), updatedAt: DateTime("2026-04-10 14:14:04.216 +00:00:00"), })

[90mstdout[2m | src/__tests__/checkout/checkout.test.ts[2m > [22m[2mmock payment service[2m > [22m[2mshould verify payment status
[22m[39mprisma:query db.CartItem.aggregate([ { $match: { $expr: { $and: [ { $and: [ { $eq: [ "$_id", { $literal: ObjectId("69d905ac3a77da4627d44dc9"), }, ], }, { $ne: [ "$_id", "$$REMOVE", ], }, ], }, ], }, }, }, { $project: { _id: 1, cartId: 1, productId: 1, variantId: 1, quantity: 1, createdAt: 1, updatedAt: 1, }, }, ])

[90mstdout[2m | src/__tests__/checkout/checkout.test.ts[2m > [22m[2mmock payment service[2m > [22m[2mshould verify payment status
[22m[39mprisma:query db.Cart.aggregate([ { $match: { $expr: { $and: [ { $and: [ { $and: [ { $eq: [ "$userId", { $literal: "checkout-test-pay-buyer", }, ], }, { $ne: [ "$userId", "$$REMOVE", ], }, ], }, ], }, { }, ], }, }, }, { $project: { _id: 1, userId: 1, sessionId: 1, createdAt: 1, updatedAt: 1, }, }, ])

[90mstdout[2m | src/__tests__/checkout/checkout.test.ts[2m > [22m[2mmock payment service[2m > [22m[2mshould verify payment status
[22m[39mprisma:query db.CartItem.aggregate([ { $match: { $expr: { $and: [ { $or: [ { $eq: [ "$cartId", { $literal: ObjectId("69d905ab3a77da4627d44dc8"), }, ], }, ], }, { $ne: [ "$cartId", "$$REMOVE", ], }, ], }, }, }, { $project: { _id: 1, cartId: 1, productId: 1, variantId: 1, quantity: 1, createdAt: 1, updatedAt: 1, }, }, ])

[90mstdout[2m | src/__tests__/checkout/checkout.test.ts[2m > [22m[2mmock payment service[2m > [22m[2mshould verify payment status
[22m[39mprisma:query db.Product.aggregate([ { $match: { $expr: { $and: [ { $or: [ { $eq: [ "$_id", { $literal: ObjectId("69d905ab3a77da4627d44dc7"), }, ], }, ], }, { $ne: [ "$_id", "$$REMOVE", ], }, ], }, }, }, { $project: { _id: 1, name: 1, slug: 1, description: 1, shortDesc: 1, stockKeepingUnit: 1, basePrice: 1, salePrice: 1, type: 1, categoryId: 1, vendorId: 1, approvalStatus: 1, brand: 1, tags: 1, images: 1, avgRating: 1, reviewCount: 1, stock: 1, lowStockThreshold: 1, isActive: 1, isFeatured: 1, isNewArrival: 1, createdAt: 1, updatedAt: 1, }, }, ])

[90mstdout[2m | src/__tests__/checkout/checkout.test.ts[2m > [22m[2mmock payment service[2m > [22m[2mshould verify payment status
[22m[39mprisma:query db.Cart.aggregate([ { $match: { $expr: { $and: [ { $and: [ { $and: [ { $eq: [ "$userId", { $literal: "checkout-test-pay-buyer", }, ], }, { $ne: [ "$userId", "$$REMOVE", ], }, ], }, ], }, { }, ], }, }, }, { $project: { _id: 1, userId: 1, sessionId: 1, createdAt: 1, updatedAt: 1, }, }, ])

[90mstdout[2m | src/__tests__/checkout/checkout.test.ts[2m > [22m[2mmock payment service[2m > [22m[2mshould verify payment status
[22m[39mprisma:query db.CartItem.aggregate([ { $match: { $expr: { $and: [ { $or: [ { $eq: [ "$cartId", { $literal: ObjectId("69d905ab3a77da4627d44dc8"), }, ], }, ], }, { $ne: [ "$cartId", "$$REMOVE", ], }, ], }, }, }, { $project: { _id: 1, cartId: 1, productId: 1, variantId: 1, quantity: 1, createdAt: 1, updatedAt: 1, }, }, ])

[90mstdout[2m | src/__tests__/checkout/checkout.test.ts[2m > [22m[2mmock payment service[2m > [22m[2mshould verify payment status
[22m[39mprisma:query db.Product.aggregate([ { $match: { $expr: { $and: [ { $or: [ { $eq: [ "$_id", { $literal: ObjectId("69d905ab3a77da4627d44dc7"), }, ], }, ], }, { $ne: [ "$_id", "$$REMOVE", ], }, ], }, }, }, { $project: { _id: 1, name: 1, slug: 1, description: 1, shortDesc: 1, stockKeepingUnit: 1, basePrice: 1, salePrice: 1, type: 1, categoryId: 1, vendorId: 1, approvalStatus: 1, brand: 1, tags: 1, images: 1, avgRating: 1, reviewCount: 1, stock: 1, lowStockThreshold: 1, isActive: 1, isFeatured: 1, isNewArrival: 1, createdAt: 1, updatedAt: 1, }, }, ])

[90mstdout[2m | src/__tests__/checkout/checkout.test.ts[2m > [22m[2mmock payment service[2m > [22m[2mshould verify payment status
[22m[39mprisma:query db.Order.insertOne({ orderNumber: "WS-20260410-VIZXU", userId: "checkout-test-pay-buyer", vendorId: null, checkoutSessionId: "2f80c129-93e3-45a0-a94d-9691f8e51271", status: "CREATED", shippingAddress: { firstName: "Test", lastName: "User", phone: "08012345678", street: "123 Test St", city: "Lagos", state: "Lagos", country: "Nigeria", postalCode: "100001", }, subtotal: 10000, shipping: 2500, discount: 0, total: 12500, createdAt: DateTime("2026-04-10 14:14:05.923 +00:00:00"), updatedAt: DateTime("2026-04-10 14:14:05.923 +00:00:00"), })

[90mstdout[2m | src/__tests__/checkout/checkout.test.ts[2m > [22m[2mmock payment service[2m > [22m[2mshould verify payment status
[22m[39mprisma:query db.OrderItem.insertOne({ orderId: ObjectId("69d905ad3a77da4627d44dca"), productId: ObjectId("69d905ab3a77da4627d44dc7"), variantId: null, productName: "Pay Item", productImage: null, sku: "checkout-test-SKU-1775830443028-12", variantName: null, quantity: 1, unitPrice: 10000, totalPrice: 10000, createdAt: DateTime("2026-04-10 14:14:05.923 +00:00:00"), })

[90mstdout[2m | src/__tests__/checkout/checkout.test.ts[2m > [22m[2mmock payment service[2m > [22m[2mshould verify payment status
[22m[39mprisma:query db.OrderStatusHistory.insertOne({ orderId: ObjectId("69d905ad3a77da4627d44dca"), status: "CREATED", note: "Order placed", createdAt: DateTime("2026-04-10 14:14:05.923 +00:00:00"), })

[90mstdout[2m | src/__tests__/checkout/checkout.test.ts[2m > [22m[2mmock payment service[2m > [22m[2mshould verify payment status
[22m[39mprisma:query db.Order.aggregate([ { $match: { $expr: { $and: [ { $and: [ { $eq: [ "$_id", { $literal: ObjectId("69d905ad3a77da4627d44dca"), }, ], }, { $ne: [ "$_id", "$$REMOVE", ], }, ], }, ], }, }, }, { $project: { _id: 1, orderNumber: 1, userId: 1, vendorId: 1, checkoutSessionId: 1, status: 1, shippingAddress: 1, billingAddress: 1, subtotal: 1, shipping: 1, discount: 1, total: 1, couponCode: 1, notes: 1, createdAt: 1, updatedAt: 1, paidAt: 1, shippedAt: 1, deliveredAt: 1, }, }, ])

[90mstdout[2m | src/__tests__/checkout/checkout.test.ts[2m > [22m[2mmock payment service[2m > [22m[2mshould verify payment status
[22m[39mprisma:query db.Product.aggregate([ { $match: { $expr: { $and: [ { $and: [ { $and: [ { $eq: [ "$_id", { $literal: ObjectId("69d905ab3a77da4627d44dc7"), }, ], }, { $ne: [ "$_id", "$$REMOVE", ], }, ], }, ], }, { }, ], }, }, }, { $project: { _id: 1, }, }, ])

[90mstdout[2m | src/__tests__/checkout/checkout.test.ts[2m > [22m[2mmock payment service[2m > [22m[2mshould verify payment status
[22m[39mprisma:query db.Product.updateMany({ _id: { $in: [ ObjectId("69d905ab3a77da4627d44dc7"), ], }, },[{ $set: { stock: { $subtract: [ "$stock", 1, ], }, }, },
{ $set: { updatedAt: { $literal: DateTime("2026-04-10 14:14:06.996 +00:00:00"), }, }, }])

[90mstdout[2m | src/__tests__/checkout/checkout.test.ts[2m > [22m[2mmock payment service[2m > [22m[2mshould verify payment status
[22m[39mprisma:query db.Product.aggregate([ { $match: { $expr: { $and: [ { $and: [ { $eq: [ "$_id", { $literal: ObjectId("69d905ab3a77da4627d44dc7"), }, ], }, { $ne: [ "$_id", "$$REMOVE", ], }, ], }, ], }, }, }, { $project: { _id: 1, name: 1, slug: 1, description: 1, shortDesc: 1, stockKeepingUnit: 1, basePrice: 1, salePrice: 1, type: 1, categoryId: 1, vendorId: 1, approvalStatus: 1, brand: 1, tags: 1, images: 1, avgRating: 1, reviewCount: 1, stock: 1, lowStockThreshold: 1, isActive: 1, isFeatured: 1, isNewArrival: 1, createdAt: 1, updatedAt: 1, }, }, ])

[90mstdout[2m | src/__tests__/checkout/checkout.test.ts[2m > [22m[2mmock payment service[2m > [22m[2mshould verify payment status
[22m[39mprisma:query db.CartItem.aggregate([ { $match: { $expr: { $and: [ { $eq: [ "$cartId", { $literal: ObjectId("69d905ab3a77da4627d44dc8"), }, ], }, { $ne: [ "$cartId", "$$REMOVE", ], }, ], }, }, }, { $project: { _id: 1, }, }, ])

[90mstdout[2m | src/__tests__/checkout/checkout.test.ts[2m > [22m[2mmock payment service[2m > [22m[2mshould verify payment status
[22m[39mprisma:query db.CartItem.deleteMany({ _id: { $in: [ ObjectId("69d905ac3a77da4627d44dc9"), ], }, })

[90mstdout[2m | src/__tests__/checkout/checkout.test.ts[2m > [22m[2mmock payment service[2m > [22m[2mshould verify payment status
[22m[39mprisma:query db.Order.aggregate([ { $match: { $expr: { $and: [ { $and: [ { $eq: [ "$checkoutSessionId", { $literal: "2f80c129-93e3-45a0-a94d-9691f8e51271", }, ], }, { $ne: [ "$checkoutSessionId", "$$REMOVE", ], }, ], }, { $and: [ { $eq: [ "$userId", { $literal: "checkout-test-pay-buyer", }, ], }, { $ne: [ "$userId", "$$REMOVE", ], }, ], }, ], }, }, }, { $project: { _id: 1, orderNumber: 1, userId: 1, vendorId: 1, checkoutSessionId: 1, status: 1, shippingAddress: 1, billingAddress: 1, subtotal: 1, shipping: 1, discount: 1, total: 1, couponCode: 1, notes: 1, createdAt: 1, updatedAt: 1, paidAt: 1, shippedAt: 1, deliveredAt: 1, }, }, ])

[90mstdout[2m | src/__tests__/checkout/checkout.test.ts[2m > [22m[2mmock payment service[2m > [22m[2mshould verify payment status
[22m[39mprisma:query db.Payment.aggregate([ { $match: { $expr: { $and: [ { $and: [ { $and: [ { $eq: [ "$checkoutSessionId", { $literal: "2f80c129-93e3-45a0-a94d-9691f8e51271", }, ], }, { $ne: [ "$checkoutSessionId", "$$REMOVE", ], }, ], }, ], }, { }, ], }, }, }, { $project: { _id: 1, checkoutSessionId: 1, userId: 1, amount: 1, currency: 1, status: 1, provider: 1, transactionRef: 1, providerData: 1, metadata: 1, createdAt: 1, updatedAt: 1, paidAt: 1, }, }, ])

[90mstdout[2m | src/__tests__/checkout/checkout.test.ts[2m > [22m[2mmock payment service[2m > [22m[2mshould verify payment status
[22m[39mprisma:query db.Payment.insertOne({ checkoutSessionId: "2f80c129-93e3-45a0-a94d-9691f8e51271", userId: "checkout-test-pay-buyer", amount: 12500, currency: "NGN", status: "PENDING", provider: "mock", transactionRef: "WS-PAY-3ab668bdb2794b05", createdAt: DateTime("2026-04-10 14:14:15.346 +00:00:00"), updatedAt: DateTime("2026-04-10 14:14:15.346 +00:00:00"), })

[90mstdout[2m | src/__tests__/checkout/checkout.test.ts[2m > [22m[2mmock payment service[2m > [22m[2mshould verify payment status
[22m[39mprisma:query db.Payment.aggregate([ { $match: { $expr: { $and: [ { $and: [ { $eq: [ "$_id", { $literal: ObjectId("69d905b73a77da4627d44dcd"), }, ], }, { $ne: [ "$_id", "$$REMOVE", ], }, ], }, ], }, }, }, { $project: { _id: 1, checkoutSessionId: 1, userId: 1, amount: 1, currency: 1, status: 1, provider: 1, transactionRef: 1, providerData: 1, metadata: 1, createdAt: 1, updatedAt: 1, paidAt: 1, }, }, ])

[90mstdout[2m | src/__tests__/checkout/checkout.test.ts[2m > [22m[2mmock payment service[2m > [22m[2mshould verify payment status
[22m[39mprisma:query db.Payment.aggregate([ { $match: { $expr: { $and: [ { $and: [ { $and: [ { $eq: [ "$transactionRef", { $literal: "WS-PAY-3ab668bdb2794b05", }, ], }, { $ne: [ "$transactionRef", "$$REMOVE", ], }, ], }, ], }, { }, ], }, }, }, { $project: { _id: 1, checkoutSessionId: 1, userId: 1, amount: 1, currency: 1, status: 1, provider: 1, transactionRef: 1, providerData: 1, metadata: 1, createdAt: 1, updatedAt: 1, paidAt: 1, }, }, ])

[90mstdout[2m | src/__tests__/checkout/checkout.test.ts[2m > [22m[2mmock payment service[2m > [22m[2mshould verify payment status
[22m[39mprisma:query db.Payment.aggregate([ { $match: { $expr: { $and: [ { $and: [ { $and: [ { $eq: [ "$transactionRef", { $literal: "WS-PAY-3ab668bdb2794b05", }, ], }, { $ne: [ "$transactionRef", "$$REMOVE", ], }, ], }, ], }, { }, ], }, }, }, { $project: { _id: 1, checkoutSessionId: 1, userId: 1, amount: 1, currency: 1, status: 1, provider: 1, transactionRef: 1, providerData: 1, metadata: 1, createdAt: 1, updatedAt: 1, paidAt: 1, }, }, ])

[90mstdout[2m | src/__tests__/checkout/checkout.test.ts[2m > [22m[2mmock payment service[2m > [22m[2mshould verify payment status
[22m[39mprisma:query db.Order.aggregate([ { $match: { $expr: { $and: [ { $eq: [ "$checkoutSessionId", { $literal: "2f80c129-93e3-45a0-a94d-9691f8e51271", }, ], }, { $ne: [ "$checkoutSessionId", "$$REMOVE", ], }, ], }, }, }, { $project: { _id: 1, orderNumber: 1, status: 1, }, }, ])

[90mstdout[2m | src/__tests__/checkout/checkout.test.ts[2m > [22m[2mmock payment service[2m > [22m[2mshould verify payment status
[22m[39mprisma:query db.Payment.aggregate([ { $match: { $expr: { $and: [ { $and: [ { $and: [ { $eq: [ "$checkoutSessionId", { $literal: "2f80c129-93e3-45a0-a94d-9691f8e51271", }, ], }, { $ne: [ "$checkoutSessionId", "$$REMOVE", ], }, ], }, ], }, { }, ], }, }, }, { $project: { _id: 1, checkoutSessionId: 1, userId: 1, amount: 1, currency: 1, status: 1, provider: 1, transactionRef: 1, providerData: 1, metadata: 1, createdAt: 1, updatedAt: 1, paidAt: 1, }, }, ])

[90mstdout[2m | src/__tests__/checkout/checkout.test.ts[2m > [22m[2mmock payment service[2m > [22m[2mshould verify payment status
[22m[39mprisma:query db.Order.aggregate([ { $match: { $expr: { $and: [ { $eq: [ "$checkoutSessionId", { $literal: "2f80c129-93e3-45a0-a94d-9691f8e51271", }, ], }, { $ne: [ "$checkoutSessionId", "$$REMOVE", ], }, ], }, }, }, { $project: { _id: 1, orderNumber: 1, userId: 1, vendorId: 1, checkoutSessionId: 1, status: 1, shippingAddress: 1, billingAddress: 1, subtotal: 1, shipping: 1, discount: 1, total: 1, couponCode: 1, notes: 1, createdAt: 1, updatedAt: 1, paidAt: 1, shippedAt: 1, deliveredAt: 1, }, }, ])

[90mstdout[2m | src/__tests__/checkout/checkout.test.ts[2m > [22m[2mmock payment service[2m > [22m[2mshould verify payment status
[22m[39mprisma:query db.Payment.aggregate([ { $match: { $expr: { $and: [ { $and: [ { $and: [ { $eq: [ "$checkoutSessionId", { $literal: "2f80c129-93e3-45a0-a94d-9691f8e51271", }, ], }, { $ne: [ "$checkoutSessionId", "$$REMOVE", ], }, ], }, ], }, { }, ], }, }, }, { $project: { _id: 1, }, }, ])

[90mstdout[2m | src/__tests__/checkout/checkout.test.ts[2m > [22m[2mmock payment service[2m > [22m[2mshould verify payment status
[22m[39mprisma:query db.Payment.updateMany({ _id: { $in: [ ObjectId("69d905b73a77da4627d44dcd"), ], }, },[{ $set: { status: { $literal: "COMPLETED", }, }, },
{ $set: { providerData: { $literal: { confirmedAt: "2026-04-10T14:14:51.247Z", method: "mock", }, }, }, },
{ $set: { updatedAt: { $literal: DateTime("2026-04-10 14:14:51.257 +00:00:00"), }, }, },
{ $set: { paidAt: { $literal: DateTime("2026-04-10 14:14:51.247 +00:00:00"), }, }, }])

[90mstdout[2m | src/__tests__/checkout/checkout.test.ts[2m > [22m[2mmock payment service[2m > [22m[2mshould verify payment status
[22m[39mprisma:query db.Payment.aggregate([ { $match: { $expr: { $and: [ { $and: [ { $eq: [ "$_id", { $literal: ObjectId("69d905b73a77da4627d44dcd"), }, ], }, { $ne: [ "$_id", "$$REMOVE", ], }, ], }, ], }, }, }, { $project: { _id: 1, checkoutSessionId: 1, userId: 1, amount: 1, currency: 1, status: 1, provider: 1, transactionRef: 1, providerData: 1, metadata: 1, createdAt: 1, updatedAt: 1, paidAt: 1, }, }, ])

[90mstdout[2m | src/__tests__/checkout/checkout.test.ts[2m > [22m[2mmock payment service[2m > [22m[2mshould verify payment status
[22m[39mprisma:query db.Order.aggregate([ { $match: { $expr: { $and: [ { $and: [ { $and: [ { $eq: [ "$_id", { $literal: ObjectId("69d905ad3a77da4627d44dca"), }, ], }, { $ne: [ "$_id", "$$REMOVE", ], }, ], }, ], }, { }, ], }, }, }, { $project: { _id: 1, }, }, ])

[90mstdout[2m | src/__tests__/checkout/checkout.test.ts[2m > [22m[2mmock payment service[2m > [22m[2mshould verify payment status
[22m[39mprisma:query db.Order.updateMany({ _id: { $in: [ ObjectId("69d905ad3a77da4627d44dca"), ], }, },[{ $set: { status: { $literal: "PAID", }, }, },
{ $set: { updatedAt: { $literal: DateTime("2026-04-10 14:14:51.257 +00:00:00"), }, }, },
{ $set: { paidAt: { $literal: DateTime("2026-04-10 14:14:51.247 +00:00:00"), }, }, }])

[90mstdout[2m | src/__tests__/checkout/checkout.test.ts[2m > [22m[2mmock payment service[2m > [22m[2mshould verify payment status
[22m[39mprisma:query db.Order.aggregate([ { $match: { $expr: { $and: [ { $and: [ { $eq: [ "$_id", { $literal: ObjectId("69d905ad3a77da4627d44dca"), }, ], }, { $ne: [ "$_id", "$$REMOVE", ], }, ], }, ], }, }, }, { $project: { _id: 1, orderNumber: 1, userId: 1, vendorId: 1, checkoutSessionId: 1, status: 1, shippingAddress: 1, billingAddress: 1, subtotal: 1, shipping: 1, discount: 1, total: 1, couponCode: 1, notes: 1, createdAt: 1, updatedAt: 1, paidAt: 1, shippedAt: 1, deliveredAt: 1, }, }, ])

[90mstdout[2m | src/__tests__/checkout/checkout.test.ts[2m > [22m[2mmock payment service[2m > [22m[2mshould verify payment status
[22m[39mprisma:query db.OrderStatusHistory.insertOne({ orderId: ObjectId("69d905ad3a77da4627d44dca"), status: "PAID", note: "Payment confirmed via mock payment", createdAt: DateTime("2026-04-10 14:14:51.257 +00:00:00"), })

[90mstdout[2m | src/__tests__/checkout/checkout.test.ts[2m > [22m[2mmock payment service[2m > [22m[2mshould verify payment status
[22m[39mprisma:query db.OrderStatusHistory.aggregate([ { $match: { $expr: { $and: [ { $and: [ { $eq: [ "$_id", { $literal: ObjectId("69d905df3a77da4627d44dce"), }, ], }, { $ne: [ "$_id", "$$REMOVE", ], }, ], }, ], }, }, }, { $project: { _id: 1, orderId: 1, status: 1, note: 1, createdAt: 1, }, }, ])

[90mstdout[2m | src/__tests__/checkout/checkout.test.ts[2m > [22m[2mmock payment service[2m > [22m[2mshould verify payment status
[22m[39mprisma:query db.Payment.aggregate([ { $match: { $expr: { $and: [ { $and: [ { $and: [ { $eq: [ "$transactionRef", { $literal: "WS-PAY-3ab668bdb2794b05", }, ], }, { $ne: [ "$transactionRef", "$$REMOVE", ], }, ], }, ], }, { }, ], }, }, }, { $project: { _id: 1, checkoutSessionId: 1, userId: 1, amount: 1, currency: 1, status: 1, provider: 1, transactionRef: 1, providerData: 1, metadata: 1, createdAt: 1, updatedAt: 1, paidAt: 1, }, }, ])

[90mstdout[2m | src/__tests__/checkout/checkout.test.ts[2m > [22m[2mmock payment service[2m > [22m[2mshould verify payment status
[22m[39mprisma:query db.Payment.aggregate([ { $match: { $expr: { $and: [ { $and: [ { $and: [ { $eq: [ "$_id", { $literal: ObjectId("69d905b73a77da4627d44dcd"), }, ], }, { $ne: [ "$_id", "$$REMOVE", ], }, ], }, ], }, { }, ], }, }, }, { $project: { _id: 1, checkoutSessionId: 1, userId: 1, amount: 1, currency: 1, status: 1, provider: 1, transactionRef: 1, providerData: 1, metadata: 1, createdAt: 1, updatedAt: 1, paidAt: 1, }, }, ])

[90mstdout[2m | src/__tests__/checkout/checkout.test.ts[2m > [22m[2mmock payment service[2m > [22m[2mshould verify payment status
[22m[39mprisma:query db.Order.aggregate([ { $match: { $expr: { $and: [ { $and: [ { $and: [ { $eq: [ "$_id", { $literal: ObjectId("69d905ad3a77da4627d44dca"), }, ], }, { $ne: [ "$_id", "$$REMOVE", ], }, ], }, ], }, { }, ], }, }, }, { $project: { _id: 1, orderNumber: 1, userId: 1, vendorId: 1, checkoutSessionId: 1, status: 1, shippingAddress: 1, billingAddress: 1, subtotal: 1, shipping: 1, discount: 1, total: 1, couponCode: 1, notes: 1, createdAt: 1, updatedAt: 1, paidAt: 1, shippedAt: 1, deliveredAt: 1, }, }, ])

[90mstdout[2m | src/__tests__/checkout/checkout.test.ts[2m > [22m[2mmock payment service[2m > [22m[2mshould verify payment status
[22m[39mprisma:query db.Payment.aggregate([ { $match: { $expr: { $and: [ { $and: [ { $and: [ { $eq: [ "$transactionRef", { $literal: "WS-PAY-3ab668bdb2794b05", }, ], }, { $ne: [ "$transactionRef", "$$REMOVE", ], }, ], }, ], }, { }, ], }, }, }, { $project: { _id: 1, checkoutSessionId: 1, userId: 1, amount: 1, currency: 1, status: 1, provider: 1, transactionRef: 1, providerData: 1, metadata: 1, createdAt: 1, updatedAt: 1, paidAt: 1, }, }, ])

[90mstdout[2m | src/__tests__/checkout/checkout.test.ts[2m > [22m[2mmock payment service[2m > [22m[2mshould verify payment status
[22m[39mprisma:query db.OrderItem.aggregate([ { $match: { $expr: { $and: [ { $or: [ { $eq: [ "$orderId", { $literal: ObjectId("69d905ad3a77da4627d44dca"), }, ], }, ], }, { $ne: [ "$orderId", "$$REMOVE", ], }, ], }, }, }, { $project: { _id: 1, orderId: 1, productId: 1, variantId: 1, productName: 1, productImage: 1, sku: 1, variantName: 1, quantity: 1, unitPrice: 1, totalPrice: 1, createdAt: 1, }, }, ])

[90mstdout[2m | src/__tests__/checkout/checkout.test.ts[2m > [22m[2mmock payment service[2m > [22m[2mshould verify payment status
[22m[39mprisma:query db.Order.aggregate([ { $match: { $expr: { $and: [ { $eq: [ "$checkoutSessionId", { $literal: "2f80c129-93e3-45a0-a94d-9691f8e51271", }, ], }, { $ne: [ "$checkoutSessionId", "$$REMOVE", ], }, ], }, }, }, { $project: { _id: 1, orderNumber: 1, status: 1, }, }, ])

[90mstdout[2m | src/__tests__/checkout/checkout.test.ts[2m > [22m[2mmock payment service[2m > [22m[2mshould verify payment status
[22m[39mprisma:query db.Product.aggregate([ { $match: { $expr: { $and: [ { $or: [ { $eq: [ "$_id", { $literal: ObjectId("69d905ab3a77da4627d44dc7"), }, ], }, ], }, { $ne: [ "$_id", "$$REMOVE", ], }, ], }, }, }, { $project: { _id: 1, type: 1, }, }, ])

[90mstdout[2m | src/__tests__/checkout/checkout.test.ts[2m > [22m[2mmock payment service[2m > [22m[2mshould verify payment status
[22m[39mprisma:query db.Order.aggregate([ { $match: { $expr: { $and: [ { $regexMatch: { input: "$userId", regex: "^checkout-test", options: "", }, }, { $ne: [ "$userId", "$$REMOVE", ], }, ], }, }, }, { $project: { _id: 1, }, }, ])

[90mstdout[2m | src/__tests__/checkout/checkout.test.ts[2m > [22m[2mmock payment service[2m > [22m[2mshould verify payment status
[22m[39mprisma:query db.UserProfile.aggregate([ { $match: { $expr: { $and: [ { $and: [ { $and: [ { $eq: [ "$userId", { $literal: "checkout-test-pay-buyer", }, ], }, { $ne: [ "$userId", "$$REMOVE", ], }, ], }, ], }, { }, ], }, }, }, { $project: { _id: 1, userId: 1, email: 1, firstName: 1, lastName: 1, phone: 1, avatar: 1, dateOfBirth: 1, gender: 1, role: 1, isVendor: 1, vendorStatus: 1, storeName: 1, storeSlug: 1, storeDescription: 1, vendorSince: 1, createdAt: 1, updatedAt: 1, }, }, ])

[90mstdout[2m | src/__tests__/checkout/checkout.test.ts[2m > [22m[2mmock payment service[2m > [22m[2mshould verify payment status
[22m[39mprisma:query db.OrderStatusHistory.aggregate([ { $match: { $expr: { $and: [ { $or: [ { $eq: [ "$orderId", { $literal: ObjectId("69d905ad3a77da4627d44dca"), }, ], }, ], }, { $ne: [ "$orderId", "$$REMOVE", ], }, ], }, }, }, { $project: { _id: 1, }, }, ])

[90mstdout[2m | src/__tests__/checkout/checkout.test.ts[2m > [22m[2mmock payment service[2m > [22m[2mshould verify payment status
[22m[39mprisma:query db.OrderStatusHistory.deleteMany({ _id: { $in: [ ObjectId("69d905ae3a77da4627d44dcc"), ObjectId("69d905df3a77da4627d44dce"), ], }, })

[90mstdout[2m | src/__tests__/checkout/checkout.test.ts[2m > [22m[2mmock payment service[2m > [22m[2mshould verify payment status
[22m[39mprisma:query db.OrderItem.aggregate([ { $match: { $expr: { $and: [ { $or: [ { $eq: [ "$orderId", { $literal: ObjectId("69d905ad3a77da4627d44dca"), }, ], }, ], }, { $ne: [ "$orderId", "$$REMOVE", ], }, ], }, }, }, { $project: { _id: 1, }, }, ])

[90mstdout[2m | src/__tests__/checkout/checkout.test.ts[2m > [22m[2mmock payment service[2m > [22m[2mshould verify payment status
[22m[39mprisma:query db.OrderItem.deleteMany({ _id: { $in: [ ObjectId("69d905ae3a77da4627d44dcb"), ], }, })

[90mstdout[2m | src/__tests__/checkout/checkout.test.ts[2m > [22m[2mmock payment service[2m > [22m[2mshould verify payment status
[22m[39m[32minfo[39m: [32m[Email] Order receipt sent[39m {"emailId":"cb00ae86-8059-4ede-b136-fc03251190a4","label":"Global","orderNumber":"WS-20260410-VIZXU","timestamp":"2026-04-10 15:14:58","to":"checkout-test-pay@test.com"}

[90mstdout[2m | src/__tests__/checkout/checkout.test.ts[2m > [22m[2mmock payment service[2m > [22m[2mshould verify payment status
[22m[39mprisma:query db.Payment.aggregate([ { $match: { $expr: { $and: [ { $regexMatch: { input: "$userId", regex: "^checkout-test", options: "", }, }, { $ne: [ "$userId", "$$REMOVE", ], }, ], }, }, }, { $project: { _id: 1, }, }, ])

[90mstdout[2m | src/__tests__/checkout/checkout.test.ts[2m > [22m[2mmock payment service[2m > [22m[2mshould verify payment status
[22m[39mprisma:query db.Payment.aggregate([ { $match: { $expr: { $and: [ { $and: [ { $and: [ { $eq: [ "$_id", { $literal: ObjectId("69d905b73a77da4627d44dcd"), }, ], }, { $ne: [ "$_id", "$$REMOVE", ], }, ], }, ], }, { }, ], }, }, }, { $project: { _id: 1, }, }, ])

[90mstdout[2m | src/__tests__/checkout/checkout.test.ts[2m > [22m[2mmock payment service[2m > [22m[2mshould verify payment status
[22m[39mprisma:query db.Payment.deleteMany({ _id: { $in: [ ObjectId("69d905b73a77da4627d44dcd"), ], }, })

[90mstdout[2m | src/__tests__/checkout/checkout.test.ts[2m > [22m[2mmock payment service[2m > [22m[2mshould verify payment status
[22m[39mprisma:query db.Payment.updateMany({ _id: { $in: [ ObjectId("69d905b73a77da4627d44dcd"), ], }, },[{ $set: { metadata: { $literal: { receiptSent_69d905ad3a77da4627d44dca: "2026-04-10T14:14:58.149Z", }, }, }, },
{ $set: { updatedAt: { $literal: DateTime("2026-04-10 14:14:58.15 +00:00:00"), }, }, }])

[90mstdout[2m | src/__tests__/checkout/checkout.test.ts[2m > [22m[2mmock payment service[2m > [22m[2mshould verify payment status
[22m[39mprisma:query db.Payment.aggregate([ { $match: { $expr: { $and: [ { $and: [ { $and: [ { $eq: [ "$_id", { $literal: ObjectId("69d905b73a77da4627d44dcd"), }, ], }, { $ne: [ "$_id", "$$REMOVE", ], }, ], }, ], }, { }, ], }, }, }, { $project: { _id: 1, }, }, ])

[90mstdout[2m | src/__tests__/checkout/checkout.test.ts[2m > [22m[2mmock payment service[2m > [22m[2mshould verify payment status
[22m[39mprisma:query db.Order.aggregate([ { $match: { $expr: { $and: [ { $regexMatch: { input: "$userId", regex: "^checkout-test", options: "", }, }, { $ne: [ "$userId", "$$REMOVE", ], }, ], }, }, }, { $project: { _id: 1, }, }, ])

[90mstdout[2m | src/__tests__/checkout/checkout.test.ts[2m > [22m[2mmock payment service[2m > [22m[2mshould verify payment status
[22m[39mprisma:error 
Invalid `.update()` invocation in
C:/Users/God's d greatest/Desktop/ecommerce/worldshop-server/src/services/payment.service.ts:200:6

  197   existingMetadata: Record<string, unknown>,
  198 ): Promise<void> {
  199   return prisma.payment
ΓåÆ 200     .update(
An operation failed because it depends on one or more records that were required but not found. No record was found for an update.

[90mstdout[2m | src/__tests__/checkout/checkout.test.ts[2m > [22m[2mmock payment service[2m > [22m[2mshould verify payment status
[22m[39m[33mwarn[39m: [33m[Email] Failed to persist receiptSentAt metadata[39m {"label":"Global","orderId":"69d905ad3a77da4627d44dca","paymentId":"69d905b73a77da4627d44dcd","timestamp":"2026-04-10 15:14:59"}

[90mstdout[2m | src/__tests__/checkout/checkout.test.ts[2m > [22m[2mmock payment service[2m > [22m[2mshould verify payment status
[22m[39mprisma:query db.OrderStatusHistory.aggregate([ { $match: { $expr: { $and: [ { }, { $and: [ { $or: [ { $eq: [ "$orderId", { $literal: ObjectId("69d905ad3a77da4627d44dca"), }, ], }, ], }, { $ne: [ "$orderId", "$$REMOVE", ], }, ], }, ], }, }, }, { $project: { _id: 1, orderId: 1, }, }, ])

[90mstdout[2m | src/__tests__/checkout/checkout.test.ts[2m > [22m[2mmock payment service[2m > [22m[2mshould verify payment status
[22m[39mprisma:query db.OrderItem.aggregate([ { $match: { $expr: { $and: [ { }, { $and: [ { $or: [ { $eq: [ "$orderId", { $literal: ObjectId("69d905ad3a77da4627d44dca"), }, ], }, ], }, { $ne: [ "$orderId", "$$REMOVE", ], }, ], }, ], }, }, }, { $project: { _id: 1, orderId: 1, }, }, ])

[90mstdout[2m | src/__tests__/checkout/checkout.test.ts[2m > [22m[2mmock payment service[2m > [22m[2mshould verify payment status
[22m[39mprisma:query db.Order.deleteMany({ _id: { $in: [ ObjectId("69d905ad3a77da4627d44dca"), ], }, })

[90mstdout[2m | src/__tests__/checkout/checkout.test.ts[2m > [22m[2mmock payment service[2m > [22m[2mshould verify payment status
[22m[39mprisma:query db.CartItem.aggregate([ { $lookup: { from: "Cart", let: { left_0: "$cartId", }, pipeline: [ { $match: { $expr: { $and: [ { $eq: [ "$_id", "$$left_0", ], }, ], }, }, }, ], as: "CartToCartItem", }, }, { $match: { $expr: { $and: [ { $eq: [ { $size: { $filter: { input: "$CartToCartItem", as: "elem", cond: { $and: [ { $regexMatch: { input: "$$elem.userId", regex: "^checkout-test", options: "", }, }, { $ne: [ "$$elem.userId", "$$REMOVE", ], }, ], }, }, }, }, { $size: "$CartToCartItem", }, ], }, { $eq: [ { $size: "$CartToCartItem", }, 1, ], }, ], }, }, }, { $unwind: { path: "$CartToCartItem", preserveNullAndEmptyArrays: true, }, }, { $project: { _id: 1, }, }, ])

[90mstdout[2m | src/__tests__/checkout/checkout.test.ts[2m > [22m[2mmock payment service[2m > [22m[2mshould verify payment status
[22m[39mprisma:query db.Cart.aggregate([ { $match: { $expr: { $and: [ { $regexMatch: { input: "$userId", regex: "^checkout-test", options: "", }, }, { $ne: [ "$userId", "$$REMOVE", ], }, ], }, }, }, { $project: { _id: 1, }, }, ])

[90mstdout[2m | src/__tests__/checkout/checkout.test.ts[2m > [22m[2mmock payment service[2m > [22m[2mshould verify payment status
[22m[39mprisma:query db.CartItem.aggregate([ { $match: { $expr: { $and: [ { }, { $and: [ { $or: [ { $eq: [ "$cartId", { $literal: ObjectId("69d905ab3a77da4627d44dc8"), }, ], }, ], }, { $ne: [ "$cartId", "$$REMOVE", ], }, ], }, ], }, }, }, { $project: { _id: 1, cartId: 1, }, }, ])

[90mstdout[2m | src/__tests__/checkout/checkout.test.ts[2m > [22m[2mmock payment service[2m > [22m[2mshould verify payment status
[22m[39mprisma:query db.Cart.deleteMany({ _id: { $in: [ ObjectId("69d905ab3a77da4627d44dc8"), ], }, })

[90mstdout[2m | src/__tests__/checkout/checkout.test.ts[2m > [22m[2mmock payment service[2m > [22m[2mshould verify payment status
[22m[39mprisma:query db.Product.aggregate([ { $match: { $expr: { $and: [ { $regexMatch: { input: "$vendorId", regex: "^checkout-test", options: "", }, }, { $ne: [ "$vendorId", "$$REMOVE", ], }, ], }, }, }, { $project: { _id: 1, }, }, ])

[90mstdout[2m | src/__tests__/checkout/checkout.test.ts[2m > [22m[2mmock payment service[2m > [22m[2mshould verify payment status
[22m[39mprisma:query db.Product.aggregate([ { $match: { $expr: { $or: [ { $and: [ { $regexMatch: { input: "$vendorId", regex: "^checkout-test", options: "", }, }, { $ne: [ "$vendorId", "$$REMOVE", ], }, ], }, { $and: [ { $regexMatch: { input: "$slug", regex: "^checkout-test", options: "", }, }, { $ne: [ "$slug", "$$REMOVE", ], }, ], }, ], }, }, }, { $project: { _id: 1, }, }, ])

[90mstdout[2m | src/__tests__/checkout/checkout.test.ts[2m > [22m[2mmock payment service[2m > [22m[2mshould verify payment status
[22m[39mprisma:query db.DigitalAsset.aggregate([ { $match: { $expr: { $and: [ { }, { $and: [ { $or: [ { $eq: [ "$productId", { $literal: ObjectId("69d905ab3a77da4627d44dc7"), }, ], }, ], }, { $ne: [ "$productId", "$$REMOVE", ], }, ], }, ], }, }, }, { $project: { _id: 1, productId: 1, }, }, ])

[90mstdout[2m | src/__tests__/checkout/checkout.test.ts[2m > [22m[2mmock payment service[2m > [22m[2mshould verify payment status
[22m[39mprisma:query db.WishlistItem.aggregate([ { $match: { $expr: { $and: [ { }, { $and: [ { $or: [ { $eq: [ "$productId", { $literal: ObjectId("69d905ab3a77da4627d44dc7"), }, ], }, ], }, { $ne: [ "$productId", "$$REMOVE", ], }, ], }, ], }, }, }, { $project: { _id: 1, productId: 1, }, }, ])

[90mstdout[2m | src/__tests__/checkout/checkout.test.ts[2m > [22m[2mmock payment service[2m > [22m[2mshould verify payment status
[22m[39mprisma:query db.Review.aggregate([ { $match: { $expr: { $and: [ { }, { $and: [ { $or: [ { $eq: [ "$productId", { $literal: ObjectId("69d905ab3a77da4627d44dc7"), }, ], }, ], }, { $ne: [ "$productId", "$$REMOVE", ], }, ], }, ], }, }, }, { $project: { _id: 1, productId: 1, }, }, ])

[90mstdout[2m | src/__tests__/checkout/checkout.test.ts[2m > [22m[2mmock payment service[2m > [22m[2mshould verify payment status
[22m[39mprisma:query db.OrderItem.aggregate([ { $match: { $expr: { $and: [ { }, { $and: [ { $or: [ { $eq: [ "$productId", { $literal: ObjectId("69d905ab3a77da4627d44dc7"), }, ], }, ], }, { $ne: [ "$productId", "$$REMOVE", ], }, ], }, ], }, }, }, { $project: { _id: 1, productId: 1, }, }, ])

[90mstdout[2m | src/__tests__/checkout/checkout.test.ts[2m > [22m[2mmock payment service[2m > [22m[2mshould verify payment status
[22m[39mprisma:query db.CartItem.aggregate([ { $match: { $expr: { $and: [ { }, { $and: [ { $or: [ { $eq: [ "$productId", { $literal: ObjectId("69d905ab3a77da4627d44dc7"), }, ], }, ], }, { $ne: [ "$productId", "$$REMOVE", ], }, ], }, ], }, }, }, { $project: { _id: 1, productId: 1, }, }, ])

[90mstdout[2m | src/__tests__/checkout/checkout.test.ts[2m > [22m[2mmock payment service[2m > [22m[2mshould verify payment status
[22m[39mprisma:query db.ProductVariant.aggregate([ { $match: { $expr: { $and: [ { }, { $and: [ { $or: [ { $eq: [ "$productId", { $literal: ObjectId("69d905ab3a77da4627d44dc7"), }, ], }, ], }, { $ne: [ "$productId", "$$REMOVE", ], }, ], }, ], }, }, }, { $project: { _id: 1, productId: 1, }, }, ])

[90mstdout[2m | src/__tests__/checkout/checkout.test.ts[2m > [22m[2mmock payment service[2m > [22m[2mshould verify payment status
[22m[39mprisma:query db.Product.deleteMany({ _id: { $in: [ ObjectId("69d905ab3a77da4627d44dc7"), ], }, })

[90mstdout[2m | src/__tests__/checkout/checkout.test.ts[2m > [22m[2mmock payment service[2m > [22m[2mshould verify payment status
[22m[39mprisma:query db.UserProfile.aggregate([ { $match: { $expr: { $and: [ { $regexMatch: { input: "$userId", regex: "^checkout-test", options: "", }, }, { $ne: [ "$userId", "$$REMOVE", ], }, ], }, }, }, { $project: { _id: 1, }, }, ])

[90mstdout[2m | src/__tests__/checkout/checkout.test.ts[2m > [22m[2mmock payment service[2m > [22m[2mshould verify payment status
[22m[39mprisma:query db.UserProfile.deleteMany({ _id: { $in: [ ObjectId("69d905aa3a77da4627d44dc6"), ], }, })

 [32mΓ£ô[39m src/__tests__/checkout/checkout.test.ts [2m([22m[2m13 tests[22m[2m)[22m[33m 249037[2mms[22m[39m
     [33m[2mΓ£ô[22m[39m should preview a checkout session with vendor grouping [33m 10016[2mms[22m[39m
     [33m[2mΓ£ô[22m[39m should detect stock issues in preview [33m 9396[2mms[22m[39m
     [33m[2mΓ£ô[22m[39m should throw for empty cart [33m 3896[2mms[22m[39m
     [33m[2mΓ£ô[22m[39m should confirm checkout and create orders split by vendor [33m 25517[2mms[22m[39m
     [33m[2mΓ£ô[22m[39m should throw 409 if cart changed since preview [33m 15483[2mms[22m[39m
     [33m[2mΓ£ô[22m[39m should handle digital-only checkout without shipping address [33m 15552[2mms[22m[39m
     [33m[2mΓ£ô[22m[39m should initialize payment and return redirect URL [33m 16166[2mms[22m[39m
     [33m[2mΓ£ô[22m[39m should confirm payment via webhook and mark orders PAID [33m 20160[2mms[22m[39m
     [33m[2mΓ£ô[22m[39m should decline payment via webhook and cancel orders [33m 29091[2mms[22m[39m
     [33m[2mΓ£ô[22m[39m should be idempotent on duplicate webhook [33m 28930[2mms[22m[39m
     [33m[2mΓ£ô[22m[39m should verify payment status [33m 61669[2mms[22m[39m
[90mstdout[2m | src/__tests__/ledger/ledger.test.ts
[22m[39m[dotenv@17.2.3] injecting env (1) from .env.test -- tip: ≡ƒôí add observability to secrets: https://dotenvx.com/ops

[90mstdout[2m | src/__tests__/ledger/ledger.test.ts[2m > [22m[2mplatform ledger & vendor earnings
[22m[39mprisma:query db.LedgerEntry.aggregate([ { $match: { $expr: { $and: [ { $regexMatch: { input: "$vendorId", regex: "^ledger-test", options: "", }, }, { $ne: [ "$vendorId", "$$REMOVE", ], }, ], }, }, }, { $project: { _id: 1, }, }, ])

[90mstdout[2m | src/__tests__/ledger/ledger.test.ts[2m > [22m[2mplatform ledger & vendor earnings
[22m[39mprisma:query db.VendorBalance.aggregate([ { $match: { $expr: { $and: [ { $regexMatch: { input: "$vendorId", regex: "^ledger-test", options: "", }, }, { $ne: [ "$vendorId", "$$REMOVE", ], }, ], }, }, }, { $project: { _id: 1, }, }, ])

[90mstdout[2m | src/__tests__/ledger/ledger.test.ts[2m > [22m[2mplatform ledger & vendor earnings
[22m[39mprisma:query db.Order.aggregate([ { $match: { $expr: { $and: [ { $regexMatch: { input: "$userId", regex: "^ledger-test", options: "", }, }, { $ne: [ "$userId", "$$REMOVE", ], }, ], }, }, }, { $project: { _id: 1, }, }, ])

[90mstdout[2m | src/__tests__/ledger/ledger.test.ts[2m > [22m[2mplatform ledger & vendor earnings
[22m[39mprisma:query db.Order.aggregate([ { $match: { $expr: { $and: [ { $regexMatch: { input: "$userId", regex: "^ledger-test", options: "", }, }, { $ne: [ "$userId", "$$REMOVE", ], }, ], }, }, }, { $project: { _id: 1, }, }, ])

[90mstdout[2m | src/__tests__/ledger/ledger.test.ts[2m > [22m[2mplatform ledger & vendor earnings
[22m[39mprisma:query db.Product.aggregate([ { $match: { $expr: { $and: [ { $regexMatch: { input: "$vendorId", regex: "^ledger-test", options: "", }, }, { $ne: [ "$vendorId", "$$REMOVE", ], }, ], }, }, }, { $project: { _id: 1, }, }, ])

[90mstdout[2m | src/__tests__/ledger/ledger.test.ts[2m > [22m[2mplatform ledger & vendor earnings
[22m[39mprisma:query db.UserProfile.aggregate([ { $match: { $expr: { $and: [ { $regexMatch: { input: "$userId", regex: "^ledger-test", options: "", }, }, { $ne: [ "$userId", "$$REMOVE", ], }, ], }, }, }, { $project: { _id: 1, }, }, ])

[90mstdout[2m | src/__tests__/ledger/ledger.test.ts[2m > [22m[2mplatform ledger & vendor earnings
[22m[39mprisma:query db.PlatformConfig.aggregate([ { $match: { $expr: { $and: [ { $eq: [ "$key", { $literal: "commissionRate", }, ], }, { $ne: [ "$key", "$$REMOVE", ], }, ], }, }, }, { $project: { _id: 1, }, }, ])

[90mstdout[2m | src/__tests__/ledger/ledger.test.ts[2m > [22m[2mplatform ledger & vendor earnings[2m > [22m[2msettleOrder[2m > [22m[2mcreates SALE + COMMISSION entries and updates vendor balance
[22m[39mprisma:query db.PlatformConfig.aggregate([ { $match: { $expr: { $and: [ { $and: [ { $and: [ { $eq: [ "$key", { $literal: "commissionRate", }, ], }, { $ne: [ "$key", "$$REMOVE", ], }, ], }, ], }, { }, ], }, }, }, { $project: { _id: 1, }, }, ])

[90mstdout[2m | src/__tests__/ledger/ledger.test.ts[2m > [22m[2mplatform ledger & vendor earnings[2m > [22m[2msettleOrder[2m > [22m[2mcreates SALE + COMMISSION entries and updates vendor balance
[22m[39mprisma:query db.PlatformConfig.insertOne({ key: "commissionRate", value: "0.10", })

[90mstdout[2m | src/__tests__/ledger/ledger.test.ts[2m > [22m[2mplatform ledger & vendor earnings[2m > [22m[2msettleOrder[2m > [22m[2mcreates SALE + COMMISSION entries and updates vendor balance
[22m[39mprisma:query db.PlatformConfig.aggregate([ { $match: { $expr: { $and: [ { $and: [ { $eq: [ "$_id", { $literal: ObjectId("69d905f530c65a11dba0a17e"), }, ], }, { $ne: [ "$_id", "$$REMOVE", ], }, ], }, ], }, }, }, { $project: { _id: 1, key: 1, value: 1, }, }, ])

[90mstdout[2m | src/__tests__/ledger/ledger.test.ts[2m > [22m[2mplatform ledger & vendor earnings[2m > [22m[2msettleOrder[2m > [22m[2mcreates SALE + COMMISSION entries and updates vendor balance
[22m[39mprisma:query db.UserProfile.insertOne({ userId: "ledger-test-vendor-1", email: "ledger-test-vendor-1@test.com", firstName: "Test", lastName: "User", role: "CUSTOMER", isVendor: true, vendorStatus: "ACTIVE", storeName: "Ledger Test Store", storeSlug: "ledger-test-store", createdAt: DateTime("2026-04-10 14:15:18.077 +00:00:00"), updatedAt: DateTime("2026-04-10 14:15:18.077 +00:00:00"), })

[90mstdout[2m | src/__tests__/ledger/ledger.test.ts[2m > [22m[2mplatform ledger & vendor earnings[2m > [22m[2msettleOrder[2m > [22m[2mcreates SALE + COMMISSION entries and updates vendor balance
[22m[39mprisma:query db.UserProfile.aggregate([ { $match: { $expr: { $and: [ { $and: [ { $eq: [ "$_id", { $literal: ObjectId("69d905f630c65a11dba0a17f"), }, ], }, { $ne: [ "$_id", "$$REMOVE", ], }, ], }, ], }, }, }, { $project: { _id: 1, userId: 1, email: 1, firstName: 1, lastName: 1, phone: 1, avatar: 1, dateOfBirth: 1, gender: 1, role: 1, isVendor: 1, vendorStatus: 1, storeName: 1, storeSlug: 1, storeDescription: 1, vendorSince: 1, createdAt: 1, updatedAt: 1, }, }, ])

[90mstdout[2m | src/__tests__/ledger/ledger.test.ts[2m > [22m[2mplatform ledger & vendor earnings[2m > [22m[2msettleOrder[2m > [22m[2mcreates SALE + COMMISSION entries and updates vendor balance
[22m[39mprisma:query db.UserProfile.insertOne({ userId: "ledger-test-buyer-1", email: "ledger-test-buyer-1@test.com", firstName: "Test", lastName: "User", role: "CUSTOMER", isVendor: false, createdAt: DateTime("2026-04-10 14:15:18.84 +00:00:00"), updatedAt: DateTime("2026-04-10 14:15:18.84 +00:00:00"), })

[90mstdout[2m | src/__tests__/ledger/ledger.test.ts[2m > [22m[2mplatform ledger & vendor earnings[2m > [22m[2msettleOrder[2m > [22m[2mcreates SALE + COMMISSION entries and updates vendor balance
[22m[39mprisma:query db.UserProfile.aggregate([ { $match: { $expr: { $and: [ { $and: [ { $eq: [ "$_id", { $literal: ObjectId("69d905f630c65a11dba0a180"), }, ], }, { $ne: [ "$_id", "$$REMOVE", ], }, ], }, ], }, }, }, { $project: { _id: 1, userId: 1, email: 1, firstName: 1, lastName: 1, phone: 1, avatar: 1, dateOfBirth: 1, gender: 1, role: 1, isVendor: 1, vendorStatus: 1, storeName: 1, storeSlug: 1, storeDescription: 1, vendorSince: 1, createdAt: 1, updatedAt: 1, }, }, ])

[90mstdout[2m | src/__tests__/ledger/ledger.test.ts[2m > [22m[2mplatform ledger & vendor earnings[2m > [22m[2msettleOrder[2m > [22m[2mcreates SALE + COMMISSION entries and updates vendor balance
[22m[39mprisma:query db.Product.insertOne({ name: "Ledger Test Product 1", slug: "ledger-test-product-1775830519345-1", description: "Test product", stockKeepingUnit: "ledger-test-SKU-1775830519345-1", basePrice: 10000, type: "DIGITAL", vendorId: "ledger-test-vendor-1", approvalStatus: "APPROVED", tags: [ ], images: [ ], avgRating: 0, reviewCount: 0, stock: 0, lowStockThreshold: 10, isActive: true, isFeatured: false, isNewArrival: true, createdAt: DateTime("2026-04-10 14:15:19.348 +00:00:00"), updatedAt: DateTime("2026-04-10 14:15:19.348 +00:00:00"), })

[90mstdout[2m | src/__tests__/ledger/ledger.test.ts[2m > [22m[2mplatform ledger & vendor earnings[2m > [22m[2msettleOrder[2m > [22m[2mcreates SALE + COMMISSION entries and updates vendor balance
[22m[39mprisma:query db.Product.aggregate([ { $match: { $expr: { $and: [ { $and: [ { $eq: [ "$_id", { $literal: ObjectId("69d905f730c65a11dba0a181"), }, ], }, { $ne: [ "$_id", "$$REMOVE", ], }, ], }, ], }, }, }, { $project: { _id: 1, name: 1, slug: 1, description: 1, shortDesc: 1, stockKeepingUnit: 1, basePrice: 1, salePrice: 1, type: 1, categoryId: 1, vendorId: 1, approvalStatus: 1, brand: 1, tags: 1, images: 1, avgRating: 1, reviewCount: 1, stock: 1, lowStockThreshold: 1, isActive: 1, isFeatured: 1, isNewArrival: 1, createdAt: 1, updatedAt: 1, }, }, ])

[90mstdout[2m | src/__tests__/ledger/ledger.test.ts[2m > [22m[2mplatform ledger & vendor earnings[2m > [22m[2msettleOrder[2m > [22m[2mcreates SALE + COMMISSION entries and updates vendor balance
[22m[39mprisma:query db.Order.insertOne({ orderNumber: "ledger-test-ORD-1775830520060-1", userId: "ledger-test-buyer-1", vendorId: "ledger-test-vendor-1", status: "PAID", subtotal: 10000, shipping: 0, discount: 0, total: 10000, createdAt: DateTime("2026-04-10 14:15:20.064 +00:00:00"), updatedAt: DateTime("2026-04-10 14:15:20.064 +00:00:00"), })

[90mstdout[2m | src/__tests__/ledger/ledger.test.ts[2m > [22m[2mplatform ledger & vendor earnings[2m > [22m[2msettleOrder[2m > [22m[2mcreates SALE + COMMISSION entries and updates vendor balance
[22m[39mprisma:query db.OrderItem.insertOne({ orderId: ObjectId("69d905f830c65a11dba0a182"), productId: ObjectId("69d905f730c65a11dba0a181"), productName: "Ledger Test Product 1", quantity: 1, unitPrice: 10000, totalPrice: 10000, createdAt: DateTime("2026-04-10 14:15:20.064 +00:00:00"), })

[90mstdout[2m | src/__tests__/ledger/ledger.test.ts[2m > [22m[2mplatform ledger & vendor earnings[2m > [22m[2msettleOrder[2m > [22m[2mcreates SALE + COMMISSION entries and updates vendor balance
[22m[39mprisma:query db.OrderStatusHistory.insertOne({ orderId: ObjectId("69d905f830c65a11dba0a182"), status: "PAID", note: "Test order", createdAt: DateTime("2026-04-10 14:15:20.064 +00:00:00"), })

[90mstdout[2m | src/__tests__/ledger/ledger.test.ts[2m > [22m[2mplatform ledger & vendor earnings[2m > [22m[2msettleOrder[2m > [22m[2mcreates SALE + COMMISSION entries and updates vendor balance
[22m[39mprisma:query db.Order.aggregate([ { $match: { $expr: { $and: [ { $and: [ { $eq: [ "$_id", { $literal: ObjectId("69d905f830c65a11dba0a182"), }, ], }, { $ne: [ "$_id", "$$REMOVE", ], }, ], }, ], }, }, }, { $project: { _id: 1, orderNumber: 1, userId: 1, vendorId: 1, checkoutSessionId: 1, status: 1, shippingAddress: 1, billingAddress: 1, subtotal: 1, shipping: 1, discount: 1, total: 1, couponCode: 1, notes: 1, createdAt: 1, updatedAt: 1, paidAt: 1, shippedAt: 1, deliveredAt: 1, }, }, ])

[90mstdout[2m | src/__tests__/ledger/ledger.test.ts[2m > [22m[2mplatform ledger & vendor earnings[2m > [22m[2msettleOrder[2m > [22m[2mcreates SALE + COMMISSION entries and updates vendor balance
[22m[39mprisma:query db.LedgerEntry.aggregate([ { $match: { $expr: { $and: [ { $and: [ { $eq: [ "$orderId", { $literal: ObjectId("69d905f830c65a11dba0a182"), }, ], }, { $ne: [ "$orderId", "$$REMOVE", ], }, ], }, { $and: [ { $eq: [ "$type", { $literal: "SALE", }, ], }, { $ne: [ "$type", "$$REMOVE", ], }, ], }, ], }, }, }, { $limit: 1, }, { $project: { _id: 1, orderId: 1, vendorId: 1, type: 1, amount: 1, currency: 1, balanceBefore: 1, balanceAfter: 1, createdAt: 1, }, }, ])

[90mstdout[2m | src/__tests__/ledger/ledger.test.ts[2m > [22m[2mplatform ledger & vendor earnings[2m > [22m[2msettleOrder[2m > [22m[2mcreates SALE + COMMISSION entries and updates vendor balance
[22m[39mprisma:query db.Order.aggregate([ { $match: { $expr: { $and: [ { $and: [ { $and: [ { $eq: [ "$_id", { $literal: ObjectId("69d905f830c65a11dba0a182"), }, ], }, { $ne: [ "$_id", "$$REMOVE", ], }, ], }, ], }, { }, ], }, }, }, { $project: { _id: 1, orderNumber: 1, userId: 1, vendorId: 1, checkoutSessionId: 1, status: 1, shippingAddress: 1, billingAddress: 1, subtotal: 1, shipping: 1, discount: 1, total: 1, couponCode: 1, notes: 1, createdAt: 1, updatedAt: 1, paidAt: 1, shippedAt: 1, deliveredAt: 1, }, }, ])

[90mstdout[2m | src/__tests__/ledger/ledger.test.ts[2m > [22m[2mplatform ledger & vendor earnings[2m > [22m[2msettleOrder[2m > [22m[2mcreates SALE + COMMISSION entries and updates vendor balance
[22m[39mprisma:query db.PlatformConfig.aggregate([ { $match: { $expr: { $and: [ { $and: [ { $and: [ { $eq: [ "$key", { $literal: "commissionRate", }, ], }, { $ne: [ "$key", "$$REMOVE", ], }, ], }, ], }, { }, ], }, }, }, { $project: { _id: 1, key: 1, value: 1, }, }, ])

[90mstdout[2m | src/__tests__/ledger/ledger.test.ts[2m > [22m[2mplatform ledger & vendor earnings[2m > [22m[2msettleOrder[2m > [22m[2mcreates SALE + COMMISSION entries and updates vendor balance
[22m[39mprisma:query db.VendorBalance.aggregate([ { $match: { $expr: { $and: [ { $and: [ { $and: [ { $eq: [ "$vendorId", { $literal: "ledger-test-vendor-1", }, ], }, { $ne: [ "$vendorId", "$$REMOVE", ], }, ], }, ], }, { }, ], }, }, }, { $project: { _id: 1, vendorId: 1, availableBalance: 1, totalEarned: 1, totalCommission: 1, updatedAt: 1, }, }, ])

[90mstdout[2m | src/__tests__/ledger/ledger.test.ts[2m > [22m[2mplatform ledger & vendor earnings[2m > [22m[2msettleOrder[2m > [22m[2mcreates SALE + COMMISSION entries and updates vendor balance
[22m[39mprisma:query db.LedgerEntry.insertOne({ orderId: ObjectId("69d905f830c65a11dba0a182"), vendorId: "ledger-test-vendor-1", type: "SALE", amount: 9000, currency: "NGN", balanceBefore: 0, balanceAfter: 9000, createdAt: DateTime("2026-04-10 14:15:24.671 +00:00:00"), })

[90mstdout[2m | src/__tests__/ledger/ledger.test.ts[2m > [22m[2mplatform ledger & vendor earnings[2m > [22m[2msettleOrder[2m > [22m[2mcreates SALE + COMMISSION entries and updates vendor balance
[22m[39mprisma:query db.LedgerEntry.aggregate([ { $match: { $expr: { $and: [ { $and: [ { $eq: [ "$_id", { $literal: ObjectId("69d905fc30c65a11dba0a185"), }, ], }, { $ne: [ "$_id", "$$REMOVE", ], }, ], }, ], }, }, }, { $project: { _id: 1, orderId: 1, vendorId: 1, type: 1, amount: 1, currency: 1, balanceBefore: 1, balanceAfter: 1, createdAt: 1, }, }, ])

[90mstdout[2m | src/__tests__/ledger/ledger.test.ts[2m > [22m[2mplatform ledger & vendor earnings[2m > [22m[2msettleOrder[2m > [22m[2mcreates SALE + COMMISSION entries and updates vendor balance
[22m[39mprisma:query db.LedgerEntry.insertOne({ orderId: ObjectId("69d905f830c65a11dba0a182"), vendorId: "ledger-test-vendor-1", type: "COMMISSION", amount: 1000, currency: "NGN", balanceBefore: 0, balanceAfter: 9000, createdAt: DateTime("2026-04-10 14:15:25.029 +00:00:00"), })

[90mstdout[2m | src/__tests__/ledger/ledger.test.ts[2m > [22m[2mplatform ledger & vendor earnings[2m > [22m[2msettleOrder[2m > [22m[2mcreates SALE + COMMISSION entries and updates vendor balance
[22m[39mprisma:query db.LedgerEntry.aggregate([ { $match: { $expr: { $and: [ { $and: [ { $eq: [ "$_id", { $literal: ObjectId("69d905fd30c65a11dba0a186"), }, ], }, { $ne: [ "$_id", "$$REMOVE", ], }, ], }, ], }, }, }, { $project: { _id: 1, orderId: 1, vendorId: 1, type: 1, amount: 1, currency: 1, balanceBefore: 1, balanceAfter: 1, createdAt: 1, }, }, ])

[90mstdout[2m | src/__tests__/ledger/ledger.test.ts[2m > [22m[2mplatform ledger & vendor earnings[2m > [22m[2msettleOrder[2m > [22m[2mcreates SALE + COMMISSION entries and updates vendor balance
[22m[39mprisma:query db.VendorBalance.aggregate([ { $match: { $expr: { $and: [ { $and: [ { $and: [ { $eq: [ "$vendorId", { $literal: "ledger-test-vendor-1", }, ], }, { $ne: [ "$vendorId", "$$REMOVE", ], }, ], }, ], }, { }, ], }, }, }, { $project: { _id: 1, }, }, ])

[90mstdout[2m | src/__tests__/ledger/ledger.test.ts[2m > [22m[2mplatform ledger & vendor earnings[2m > [22m[2msettleOrder[2m > [22m[2mcreates SALE + COMMISSION entries and updates vendor balance
[22m[39mprisma:query db.VendorBalance.insertOne({ vendorId: "ledger-test-vendor-1", availableBalance: 9000, totalEarned: 9000, totalCommission: 1000, updatedAt: DateTime("2026-04-10 14:15:25.392 +00:00:00"), })

[90mstdout[2m | src/__tests__/ledger/ledger.test.ts[2m > [22m[2mplatform ledger & vendor earnings[2m > [22m[2msettleOrder[2m > [22m[2mcreates SALE + COMMISSION entries and updates vendor balance
[22m[39mprisma:query db.VendorBalance.aggregate([ { $match: { $expr: { $and: [ { $and: [ { $eq: [ "$_id", { $literal: ObjectId("69d905fd30c65a11dba0a187"), }, ], }, { $ne: [ "$_id", "$$REMOVE", ], }, ], }, ], }, }, }, { $project: { _id: 1, vendorId: 1, availableBalance: 1, totalEarned: 1, totalCommission: 1, updatedAt: 1, }, }, ])

[90mstdout[2m | src/__tests__/ledger/ledger.test.ts[2m > [22m[2mplatform ledger & vendor earnings[2m > [22m[2msettleOrder[2m > [22m[2mcreates SALE + COMMISSION entries and updates vendor balance
[22m[39m[32minfo[39m: [32m[Ledger] Order settled[39m {"commission":1000,"grossSale":10000,"label":"Global","orderId":"69d905f830c65a11dba0a182","timestamp":"2026-04-10 15:15:26","vendorId":"ledger-test-vendor-1","vendorNet":9000}

[90mstdout[2m | src/__tests__/ledger/ledger.test.ts[2m > [22m[2mplatform ledger & vendor earnings[2m > [22m[2msettleOrder[2m > [22m[2mcreates SALE + COMMISSION entries and updates vendor balance
[22m[39mprisma:query db.LedgerEntry.aggregate([ { $match: { $expr: { $and: [ { $and: [ { $eq: [ "$orderId", { $literal: ObjectId("69d905f830c65a11dba0a182"), }, ], }, { $ne: [ "$orderId", "$$REMOVE", ], }, ], }, { $and: [ { $eq: [ "$type", { $literal: "SALE", }, ], }, { $ne: [ "$type", "$$REMOVE", ], }, ], }, ], }, }, }, { $limit: 1, }, { $project: { _id: 1, orderId: 1, vendorId: 1, type: 1, amount: 1, currency: 1, balanceBefore: 1, balanceAfter: 1, createdAt: 1, }, }, ])

[90mstdout[2m | src/__tests__/ledger/ledger.test.ts[2m > [22m[2mplatform ledger & vendor earnings[2m > [22m[2msettleOrder[2m > [22m[2mcreates SALE + COMMISSION entries and updates vendor balance
[22m[39mprisma:query db.LedgerEntry.aggregate([ { $match: { $expr: { $and: [ { $and: [ { $eq: [ "$orderId", { $literal: ObjectId("69d905f830c65a11dba0a182"), }, ], }, { $ne: [ "$orderId", "$$REMOVE", ], }, ], }, { $and: [ { $eq: [ "$type", { $literal: "COMMISSION", }, ], }, { $ne: [ "$type", "$$REMOVE", ], }, ], }, ], }, }, }, { $limit: 1, }, { $project: { _id: 1, orderId: 1, vendorId: 1, type: 1, amount: 1, currency: 1, balanceBefore: 1, balanceAfter: 1, createdAt: 1, }, }, ])

[90mstdout[2m | src/__tests__/ledger/ledger.test.ts[2m > [22m[2mplatform ledger & vendor earnings[2m > [22m[2msettleOrder[2m > [22m[2mcreates SALE + COMMISSION entries and updates vendor balance
[22m[39mprisma:query db.VendorBalance.aggregate([ { $match: { $expr: { $and: [ { $and: [ { $and: [ { $eq: [ "$vendorId", { $literal: "ledger-test-vendor-1", }, ], }, { $ne: [ "$vendorId", "$$REMOVE", ], }, ], }, ], }, { }, ], }, }, }, { $project: { _id: 1, vendorId: 1, availableBalance: 1, totalEarned: 1, totalCommission: 1, updatedAt: 1, }, }, ])

[90mstdout[2m | src/__tests__/ledger/ledger.test.ts[2m > [22m[2mplatform ledger & vendor earnings[2m > [22m[2msettleOrder[2m > [22m[2mcreates SALE + COMMISSION entries and updates vendor balance
[22m[39mprisma:query db.LedgerEntry.aggregate([ { $match: { $expr: { $and: [ { $regexMatch: { input: "$vendorId", regex: "^ledger-test", options: "", }, }, { $ne: [ "$vendorId", "$$REMOVE", ], }, ], }, }, }, { $project: { _id: 1, }, }, ])

[90mstdout[2m | src/__tests__/ledger/ledger.test.ts[2m > [22m[2mplatform ledger & vendor earnings[2m > [22m[2msettleOrder[2m > [22m[2mcreates SALE + COMMISSION entries and updates vendor balance
[22m[39mprisma:query db.LedgerEntry.deleteMany({ _id: { $in: [ ObjectId("69d905fc30c65a11dba0a185"), ObjectId("69d905fd30c65a11dba0a186"), ], }, })

[90mstdout[2m | src/__tests__/ledger/ledger.test.ts[2m > [22m[2mplatform ledger & vendor earnings[2m > [22m[2msettleOrder[2m > [22m[2mcreates SALE + COMMISSION entries and updates vendor balance
[22m[39mprisma:query db.VendorBalance.aggregate([ { $match: { $expr: { $and: [ { $regexMatch: { input: "$vendorId", regex: "^ledger-test", options: "", }, }, { $ne: [ "$vendorId", "$$REMOVE", ], }, ], }, }, }, { $project: { _id: 1, }, }, ])

[90mstdout[2m | src/__tests__/ledger/ledger.test.ts[2m > [22m[2mplatform ledger & vendor earnings[2m > [22m[2msettleOrder[2m > [22m[2mcreates SALE + COMMISSION entries and updates vendor balance
[22m[39mprisma:query db.VendorBalance.deleteMany({ _id: { $in: [ ObjectId("69d905fd30c65a11dba0a187"), ], }, })

[90mstdout[2m | src/__tests__/ledger/ledger.test.ts[2m > [22m[2mplatform ledger & vendor earnings[2m > [22m[2msettleOrder[2m > [22m[2mcreates SALE + COMMISSION entries and updates vendor balance
[22m[39mprisma:query db.Order.aggregate([ { $match: { $expr: { $and: [ { $regexMatch: { input: "$userId", regex: "^ledger-test", options: "", }, }, { $ne: [ "$userId", "$$REMOVE", ], }, ], }, }, }, { $project: { _id: 1, }, }, ])

[90mstdout[2m | src/__tests__/ledger/ledger.test.ts[2m > [22m[2mplatform ledger & vendor earnings[2m > [22m[2msettleOrder[2m > [22m[2mcreates SALE + COMMISSION entries and updates vendor balance
[22m[39mprisma:query db.OrderStatusHistory.aggregate([ { $match: { $expr: { $and: [ { $or: [ { $eq: [ "$orderId", { $literal: ObjectId("69d905f830c65a11dba0a182"), }, ], }, ], }, { $ne: [ "$orderId", "$$REMOVE", ], }, ], }, }, }, { $project: { _id: 1, }, }, ])

[90mstdout[2m | src/__tests__/ledger/ledger.test.ts[2m > [22m[2mplatform ledger & vendor earnings[2m > [22m[2msettleOrder[2m > [22m[2mcreates SALE + COMMISSION entries and updates vendor balance
[22m[39mprisma:query db.OrderStatusHistory.deleteMany({ _id: { $in: [ ObjectId("69d905f830c65a11dba0a184"), ], }, })

[90mstdout[2m | src/__tests__/ledger/ledger.test.ts[2m > [22m[2mplatform ledger & vendor earnings[2m > [22m[2msettleOrder[2m > [22m[2mcreates SALE + COMMISSION entries and updates vendor balance
[22m[39mprisma:query db.OrderItem.aggregate([ { $match: { $expr: { $and: [ { $or: [ { $eq: [ "$orderId", { $literal: ObjectId("69d905f830c65a11dba0a182"), }, ], }, ], }, { $ne: [ "$orderId", "$$REMOVE", ], }, ], }, }, }, { $project: { _id: 1, }, }, ])

[90mstdout[2m | src/__tests__/ledger/ledger.test.ts[2m > [22m[2mplatform ledger & vendor earnings[2m > [22m[2msettleOrder[2m > [22m[2mcreates SALE + COMMISSION entries and updates vendor balance
[22m[39mprisma:query db.OrderItem.deleteMany({ _id: { $in: [ ObjectId("69d905f830c65a11dba0a183"), ], }, })

[90mstdout[2m | src/__tests__/ledger/ledger.test.ts[2m > [22m[2mplatform ledger & vendor earnings[2m > [22m[2msettleOrder[2m > [22m[2mcreates SALE + COMMISSION entries and updates vendor balance
[22m[39mprisma:query db.Order.aggregate([ { $match: { $expr: { $and: [ { $regexMatch: { input: "$userId", regex: "^ledger-test", options: "", }, }, { $ne: [ "$userId", "$$REMOVE", ], }, ], }, }, }, { $project: { _id: 1, }, }, ])

[90mstdout[2m | src/__tests__/ledger/ledger.test.ts[2m > [22m[2mplatform ledger & vendor earnings[2m > [22m[2msettleOrder[2m > [22m[2mcreates SALE + COMMISSION entries and updates vendor balance
[22m[39mprisma:query db.OrderStatusHistory.aggregate([ { $match: { $expr: { $and: [ { }, { $and: [ { $or: [ { $eq: [ "$orderId", { $literal: ObjectId("69d905f830c65a11dba0a182"), }, ], }, ], }, { $ne: [ "$orderId", "$$REMOVE", ], }, ], }, ], }, }, }, { $project: { _id: 1, orderId: 1, }, }, ])

[90mstdout[2m | src/__tests__/ledger/ledger.test.ts[2m > [22m[2mplatform ledger & vendor earnings[2m > [22m[2msettleOrder[2m > [22m[2mcreates SALE + COMMISSION entries and updates vendor balance
[22m[39mprisma:query db.OrderItem.aggregate([ { $match: { $expr: { $and: [ { }, { $and: [ { $or: [ { $eq: [ "$orderId", { $literal: ObjectId("69d905f830c65a11dba0a182"), }, ], }, ], }, { $ne: [ "$orderId", "$$REMOVE", ], }, ], }, ], }, }, }, { $project: { _id: 1, orderId: 1, }, }, ])

[90mstdout[2m | src/__tests__/ledger/ledger.test.ts[2m > [22m[2mplatform ledger & vendor earnings[2m > [22m[2msettleOrder[2m > [22m[2mcreates SALE + COMMISSION entries and updates vendor balance
[22m[39mprisma:query db.Order.deleteMany({ _id: { $in: [ ObjectId("69d905f830c65a11dba0a182"), ], }, })

[90mstdout[2m | src/__tests__/ledger/ledger.test.ts[2m > [22m[2mplatform ledger & vendor earnings[2m > [22m[2msettleOrder[2m > [22m[2mcreates SALE + COMMISSION entries and updates vendor balance
[22m[39mprisma:query db.Product.aggregate([ { $match: { $expr: { $and: [ { $regexMatch: { input: "$vendorId", regex: "^ledger-test", options: "", }, }, { $ne: [ "$vendorId", "$$REMOVE", ], }, ], }, }, }, { $project: { _id: 1, }, }, ])

[90mstdout[2m | src/__tests__/ledger/ledger.test.ts[2m > [22m[2mplatform ledger & vendor earnings[2m > [22m[2msettleOrder[2m > [22m[2mcreates SALE + COMMISSION entries and updates vendor balance
[22m[39mprisma:query db.DigitalAsset.aggregate([ { $match: { $expr: { $and: [ { }, { $and: [ { $or: [ { $eq: [ "$productId", { $literal: ObjectId("69d905f730c65a11dba0a181"), }, ], }, ], }, { $ne: [ "$productId", "$$REMOVE", ], }, ], }, ], }, }, }, { $project: { _id: 1, productId: 1, }, }, ])

[90mstdout[2m | src/__tests__/ledger/ledger.test.ts[2m > [22m[2mplatform ledger & vendor earnings[2m > [22m[2msettleOrder[2m > [22m[2mcreates SALE + COMMISSION entries and updates vendor balance
[22m[39mprisma:query db.WishlistItem.aggregate([ { $match: { $expr: { $and: [ { }, { $and: [ { $or: [ { $eq: [ "$productId", { $literal: ObjectId("69d905f730c65a11dba0a181"), }, ], }, ], }, { $ne: [ "$productId", "$$REMOVE", ], }, ], }, ], }, }, }, { $project: { _id: 1, productId: 1, }, }, ])

[90mstdout[2m | src/__tests__/ledger/ledger.test.ts[2m > [22m[2mplatform ledger & vendor earnings[2m > [22m[2msettleOrder[2m > [22m[2mcreates SALE + COMMISSION entries and updates vendor balance
[22m[39mprisma:query db.Review.aggregate([ { $match: { $expr: { $and: [ { }, { $and: [ { $or: [ { $eq: [ "$productId", { $literal: ObjectId("69d905f730c65a11dba0a181"), }, ], }, ], }, { $ne: [ "$productId", "$$REMOVE", ], }, ], }, ], }, }, }, { $project: { _id: 1, productId: 1, }, }, ])

[90mstdout[2m | src/__tests__/ledger/ledger.test.ts[2m > [22m[2mplatform ledger & vendor earnings[2m > [22m[2msettleOrder[2m > [22m[2mcreates SALE + COMMISSION entries and updates vendor balance
[22m[39mprisma:query db.OrderItem.aggregate([ { $match: { $expr: { $and: [ { }, { $and: [ { $or: [ { $eq: [ "$productId", { $literal: ObjectId("69d905f730c65a11dba0a181"), }, ], }, ], }, { $ne: [ "$productId", "$$REMOVE", ], }, ], }, ], }, }, }, { $project: { _id: 1, productId: 1, }, }, ])

[90mstdout[2m | src/__tests__/ledger/ledger.test.ts[2m > [22m[2mplatform ledger & vendor earnings[2m > [22m[2msettleOrder[2m > [22m[2mcreates SALE + COMMISSION entries and updates vendor balance
[22m[39mprisma:query db.CartItem.aggregate([ { $match: { $expr: { $and: [ { }, { $and: [ { $or: [ { $eq: [ "$productId", { $literal: ObjectId("69d905f730c65a11dba0a181"), }, ], }, ], }, { $ne: [ "$productId", "$$REMOVE", ], }, ], }, ], }, }, }, { $project: { _id: 1, productId: 1, }, }, ])

[90mstdout[2m | src/__tests__/ledger/ledger.test.ts[2m > [22m[2mplatform ledger & vendor earnings[2m > [22m[2msettleOrder[2m > [22m[2mcreates SALE + COMMISSION entries and updates vendor balance
[22m[39mprisma:query db.ProductVariant.aggregate([ { $match: { $expr: { $and: [ { }, { $and: [ { $or: [ { $eq: [ "$productId", { $literal: ObjectId("69d905f730c65a11dba0a181"), }, ], }, ], }, { $ne: [ "$productId", "$$REMOVE", ], }, ], }, ], }, }, }, { $project: { _id: 1, productId: 1, }, }, ])

[90mstdout[2m | src/__tests__/ledger/ledger.test.ts[2m > [22m[2mplatform ledger & vendor earnings[2m > [22m[2msettleOrder[2m > [22m[2mcreates SALE + COMMISSION entries and updates vendor balance
[22m[39mprisma:query db.Product.deleteMany({ _id: { $in: [ ObjectId("69d905f730c65a11dba0a181"), ], }, })

[90mstdout[2m | src/__tests__/ledger/ledger.test.ts[2m > [22m[2mplatform ledger & vendor earnings[2m > [22m[2msettleOrder[2m > [22m[2mcreates SALE + COMMISSION entries and updates vendor balance
[22m[39mprisma:query db.UserProfile.aggregate([ { $match: { $expr: { $and: [ { $regexMatch: { input: "$userId", regex: "^ledger-test", options: "", }, }, { $ne: [ "$userId", "$$REMOVE", ], }, ], }, }, }, { $project: { _id: 1, }, }, ])

[90mstdout[2m | src/__tests__/ledger/ledger.test.ts[2m > [22m[2mplatform ledger & vendor earnings[2m > [22m[2msettleOrder[2m > [22m[2mcreates SALE + COMMISSION entries and updates vendor balance
[22m[39mprisma:query db.UserProfile.deleteMany({ _id: { $in: [ ObjectId("69d905f630c65a11dba0a17f"), ObjectId("69d905f630c65a11dba0a180"), ], }, })

[90mstdout[2m | src/__tests__/ledger/ledger.test.ts[2m > [22m[2mplatform ledger & vendor earnings[2m > [22m[2msettleOrder[2m > [22m[2mcreates SALE + COMMISSION entries and updates vendor balance
[22m[39mprisma:query db.PlatformConfig.aggregate([ { $match: { $expr: { $and: [ { $eq: [ "$key", { $literal: "commissionRate", }, ], }, { $ne: [ "$key", "$$REMOVE", ], }, ], }, }, }, { $project: { _id: 1, }, }, ])

[90mstdout[2m | src/__tests__/ledger/ledger.test.ts[2m > [22m[2mplatform ledger & vendor earnings[2m > [22m[2msettleOrder[2m > [22m[2mcreates SALE + COMMISSION entries and updates vendor balance
[22m[39mprisma:query db.PlatformConfig.deleteMany({ _id: { $in: [ ObjectId("69d905f530c65a11dba0a17e"), ], }, })

[90mstdout[2m | src/__tests__/ledger/ledger.test.ts[2m > [22m[2mplatform ledger & vendor earnings[2m > [22m[2msettleOrder[2m > [22m[2mis idempotent ΓÇö duplicate calls return wasAlreadySettled
[22m[39mprisma:query db.PlatformConfig.aggregate([ { $match: { $expr: { $and: [ { $and: [ { $and: [ { $eq: [ "$key", { $literal: "commissionRate", }, ], }, { $ne: [ "$key", "$$REMOVE", ], }, ], }, ], }, { }, ], }, }, }, { $project: { _id: 1, }, }, ])

[90mstdout[2m | src/__tests__/ledger/ledger.test.ts[2m > [22m[2mplatform ledger & vendor earnings[2m > [22m[2msettleOrder[2m > [22m[2mis idempotent ΓÇö duplicate calls return wasAlreadySettled
[22m[39mprisma:query db.PlatformConfig.insertOne({ key: "commissionRate", value: "0.10", })

[90mstdout[2m | src/__tests__/ledger/ledger.test.ts[2m > [22m[2mplatform ledger & vendor earnings[2m > [22m[2msettleOrder[2m > [22m[2mis idempotent ΓÇö duplicate calls return wasAlreadySettled
[22m[39mprisma:query db.PlatformConfig.aggregate([ { $match: { $expr: { $and: [ { $and: [ { $eq: [ "$_id", { $literal: ObjectId("69d9060530c65a11dba0a188"), }, ], }, { $ne: [ "$_id", "$$REMOVE", ], }, ], }, ], }, }, }, { $project: { _id: 1, key: 1, value: 1, }, }, ])

[90mstdout[2m | src/__tests__/ledger/ledger.test.ts[2m > [22m[2mplatform ledger & vendor earnings[2m > [22m[2msettleOrder[2m > [22m[2mis idempotent ΓÇö duplicate calls return wasAlreadySettled
[22m[39mprisma:query db.UserProfile.insertOne({ userId: "ledger-test-vendor-2", email: "ledger-test-vendor-2@test.com", firstName: "Test", lastName: "User", role: "CUSTOMER", isVendor: true, vendorStatus: "ACTIVE", storeName: "Idempotent Store", storeSlug: "idempotent-store", createdAt: DateTime("2026-04-10 14:15:34.652 +00:00:00"), updatedAt: DateTime("2026-04-10 14:15:34.652 +00:00:00"), })

[90mstdout[2m | src/__tests__/ledger/ledger.test.ts[2m > [22m[2mplatform ledger & vendor earnings[2m > [22m[2msettleOrder[2m > [22m[2mis idempotent ΓÇö duplicate calls return wasAlreadySettled
[22m[39mprisma:query db.UserProfile.aggregate([ { $match: { $expr: { $and: [ { $and: [ { $eq: [ "$_id", { $literal: ObjectId("69d9060630c65a11dba0a189"), }, ], }, { $ne: [ "$_id", "$$REMOVE", ], }, ], }, ], }, }, }, { $project: { _id: 1, userId: 1, email: 1, firstName: 1, lastName: 1, phone: 1, avatar: 1, dateOfBirth: 1, gender: 1, role: 1, isVendor: 1, vendorStatus: 1, storeName: 1, storeSlug: 1, storeDescription: 1, vendorSince: 1, createdAt: 1, updatedAt: 1, }, }, ])

[90mstdout[2m | src/__tests__/ledger/ledger.test.ts[2m > [22m[2mplatform ledger & vendor earnings[2m > [22m[2msettleOrder[2m > [22m[2mis idempotent ΓÇö duplicate calls return wasAlreadySettled
[22m[39mprisma:query db.UserProfile.insertOne({ userId: "ledger-test-buyer-2", email: "ledger-test-buyer-2@test.com", firstName: "Test", lastName: "User", role: "CUSTOMER", isVendor: false, createdAt: DateTime("2026-04-10 14:15:35.158 +00:00:00"), updatedAt: DateTime("2026-04-10 14:15:35.158 +00:00:00"), })

[90mstdout[2m | src/__tests__/ledger/ledger.test.ts[2m > [22m[2mplatform ledger & vendor earnings[2m > [22m[2msettleOrder[2m > [22m[2mis idempotent ΓÇö duplicate calls return wasAlreadySettled
[22m[39mprisma:query db.UserProfile.aggregate([ { $match: { $expr: { $and: [ { $and: [ { $eq: [ "$_id", { $literal: ObjectId("69d9060730c65a11dba0a18a"), }, ], }, { $ne: [ "$_id", "$$REMOVE", ], }, ], }, ], }, }, }, { $project: { _id: 1, userId: 1, email: 1, firstName: 1, lastName: 1, phone: 1, avatar: 1, dateOfBirth: 1, gender: 1, role: 1, isVendor: 1, vendorStatus: 1, storeName: 1, storeSlug: 1, storeDescription: 1, vendorSince: 1, createdAt: 1, updatedAt: 1, }, }, ])

[90mstdout[2m | src/__tests__/ledger/ledger.test.ts[2m > [22m[2mplatform ledger & vendor earnings[2m > [22m[2msettleOrder[2m > [22m[2mis idempotent ΓÇö duplicate calls return wasAlreadySettled
[22m[39mprisma:query db.Product.insertOne({ name: "Ledger Test Product 2", slug: "ledger-test-product-1775830535732-2", description: "Test product", stockKeepingUnit: "ledger-test-SKU-1775830535732-2", basePrice: 5000, type: "DIGITAL", vendorId: "ledger-test-vendor-2", approvalStatus: "APPROVED", tags: [ ], images: [ ], avgRating: 0, reviewCount: 0, stock: 0, lowStockThreshold: 10, isActive: true, isFeatured: false, isNewArrival: true, createdAt: DateTime("2026-04-10 14:15:35.734 +00:00:00"), updatedAt: DateTime("2026-04-10 14:15:35.734 +00:00:00"), })

[90mstdout[2m | src/__tests__/ledger/ledger.test.ts[2m > [22m[2mplatform ledger & vendor earnings[2m > [22m[2msettleOrder[2m > [22m[2mis idempotent ΓÇö duplicate calls return wasAlreadySettled
[22m[39mprisma:query db.Product.aggregate([ { $match: { $expr: { $and: [ { $and: [ { $eq: [ "$_id", { $literal: ObjectId("69d9060730c65a11dba0a18b"), }, ], }, { $ne: [ "$_id", "$$REMOVE", ], }, ], }, ], }, }, }, { $project: { _id: 1, name: 1, slug: 1, description: 1, shortDesc: 1, stockKeepingUnit: 1, basePrice: 1, salePrice: 1, type: 1, categoryId: 1, vendorId: 1, approvalStatus: 1, brand: 1, tags: 1, images: 1, avgRating: 1, reviewCount: 1, stock: 1, lowStockThreshold: 1, isActive: 1, isFeatured: 1, isNewArrival: 1, createdAt: 1, updatedAt: 1, }, }, ])

[90mstdout[2m | src/__tests__/ledger/ledger.test.ts[2m > [22m[2mplatform ledger & vendor earnings[2m > [22m[2msettleOrder[2m > [22m[2mis idempotent ΓÇö duplicate calls return wasAlreadySettled
[22m[39mprisma:query db.Order.insertOne({ orderNumber: "ledger-test-ORD-1775830536309-2", userId: "ledger-test-buyer-2", vendorId: "ledger-test-vendor-2", status: "PAID", subtotal: 5000, shipping: 0, discount: 0, total: 5000, createdAt: DateTime("2026-04-10 14:15:36.311 +00:00:00"), updatedAt: DateTime("2026-04-10 14:15:36.311 +00:00:00"), })

[90mstdout[2m | src/__tests__/ledger/ledger.test.ts[2m > [22m[2mplatform ledger & vendor earnings[2m > [22m[2msettleOrder[2m > [22m[2mis idempotent ΓÇö duplicate calls return wasAlreadySettled
[22m[39mprisma:query db.OrderItem.insertOne({ orderId: ObjectId("69d9060830c65a11dba0a18c"), productId: ObjectId("69d9060730c65a11dba0a18b"), productName: "Ledger Test Product 2", quantity: 1, unitPrice: 5000, totalPrice: 5000, createdAt: DateTime("2026-04-10 14:15:36.311 +00:00:00"), })

[90mstdout[2m | src/__tests__/ledger/ledger.test.ts[2m > [22m[2mplatform ledger & vendor earnings[2m > [22m[2msettleOrder[2m > [22m[2mis idempotent ΓÇö duplicate calls return wasAlreadySettled
[22m[39mprisma:query db.OrderStatusHistory.insertOne({ orderId: ObjectId("69d9060830c65a11dba0a18c"), status: "PAID", note: "Test order", createdAt: DateTime("2026-04-10 14:15:36.311 +00:00:00"), })

[90mstdout[2m | src/__tests__/ledger/ledger.test.ts[2m > [22m[2mplatform ledger & vendor earnings[2m > [22m[2msettleOrder[2m > [22m[2mis idempotent ΓÇö duplicate calls return wasAlreadySettled
[22m[39mprisma:query db.Order.aggregate([ { $match: { $expr: { $and: [ { $and: [ { $eq: [ "$_id", { $literal: ObjectId("69d9060830c65a11dba0a18c"), }, ], }, { $ne: [ "$_id", "$$REMOVE", ], }, ], }, ], }, }, }, { $project: { _id: 1, orderNumber: 1, userId: 1, vendorId: 1, checkoutSessionId: 1, status: 1, shippingAddress: 1, billingAddress: 1, subtotal: 1, shipping: 1, discount: 1, total: 1, couponCode: 1, notes: 1, createdAt: 1, updatedAt: 1, paidAt: 1, shippedAt: 1, deliveredAt: 1, }, }, ])

[90mstdout[2m | src/__tests__/ledger/ledger.test.ts[2m > [22m[2mplatform ledger & vendor earnings[2m > [22m[2msettleOrder[2m > [22m[2mis idempotent ΓÇö duplicate calls return wasAlreadySettled
[22m[39mprisma:query db.LedgerEntry.aggregate([ { $match: { $expr: { $and: [ { $and: [ { $eq: [ "$orderId", { $literal: ObjectId("69d9060830c65a11dba0a18c"), }, ], }, { $ne: [ "$orderId", "$$REMOVE", ], }, ], }, { $and: [ { $eq: [ "$type", { $literal: "SALE", }, ], }, { $ne: [ "$type", "$$REMOVE", ], }, ], }, ], }, }, }, { $limit: 1, }, { $project: { _id: 1, orderId: 1, vendorId: 1, type: 1, amount: 1, currency: 1, balanceBefore: 1, balanceAfter: 1, createdAt: 1, }, }, ])

[90mstdout[2m | src/__tests__/ledger/ledger.test.ts[2m > [22m[2mplatform ledger & vendor earnings[2m > [22m[2msettleOrder[2m > [22m[2mis idempotent ΓÇö duplicate calls return wasAlreadySettled
[22m[39mprisma:query db.Order.aggregate([ { $match: { $expr: { $and: [ { $and: [ { $and: [ { $eq: [ "$_id", { $literal: ObjectId("69d9060830c65a11dba0a18c"), }, ], }, { $ne: [ "$_id", "$$REMOVE", ], }, ], }, ], }, { }, ], }, }, }, { $project: { _id: 1, orderNumber: 1, userId: 1, vendorId: 1, checkoutSessionId: 1, status: 1, shippingAddress: 1, billingAddress: 1, subtotal: 1, shipping: 1, discount: 1, total: 1, couponCode: 1, notes: 1, createdAt: 1, updatedAt: 1, paidAt: 1, shippedAt: 1, deliveredAt: 1, }, }, ])

[90mstdout[2m | src/__tests__/ledger/ledger.test.ts[2m > [22m[2mplatform ledger & vendor earnings[2m > [22m[2msettleOrder[2m > [22m[2mis idempotent ΓÇö duplicate calls return wasAlreadySettled
[22m[39mprisma:query db.PlatformConfig.aggregate([ { $match: { $expr: { $and: [ { $and: [ { $and: [ { $eq: [ "$key", { $literal: "commissionRate", }, ], }, { $ne: [ "$key", "$$REMOVE", ], }, ], }, ], }, { }, ], }, }, }, { $project: { _id: 1, key: 1, value: 1, }, }, ])

[90mstdout[2m | src/__tests__/ledger/ledger.test.ts[2m > [22m[2mplatform ledger & vendor earnings[2m > [22m[2msettleOrder[2m > [22m[2mis idempotent ΓÇö duplicate calls return wasAlreadySettled
[22m[39mprisma:query db.VendorBalance.aggregate([ { $match: { $expr: { $and: [ { $and: [ { $and: [ { $eq: [ "$vendorId", { $literal: "ledger-test-vendor-2", }, ], }, { $ne: [ "$vendorId", "$$REMOVE", ], }, ], }, ], }, { }, ], }, }, }, { $project: { _id: 1, vendorId: 1, availableBalance: 1, totalEarned: 1, totalCommission: 1, updatedAt: 1, }, }, ])

[90mstdout[2m | src/__tests__/ledger/ledger.test.ts[2m > [22m[2mplatform ledger & vendor earnings[2m > [22m[2msettleOrder[2m > [22m[2mis idempotent ΓÇö duplicate calls return wasAlreadySettled
[22m[39mprisma:query db.LedgerEntry.insertOne({ orderId: ObjectId("69d9060830c65a11dba0a18c"), vendorId: "ledger-test-vendor-2", type: "SALE", amount: 4500, currency: "NGN", balanceBefore: 0, balanceAfter: 4500, createdAt: DateTime("2026-04-10 14:15:37.927 +00:00:00"), })

[90mstdout[2m | src/__tests__/ledger/ledger.test.ts[2m > [22m[2mplatform ledger & vendor earnings[2m > [22m[2msettleOrder[2m > [22m[2mis idempotent ΓÇö duplicate calls return wasAlreadySettled
[22m[39mprisma:query db.LedgerEntry.aggregate([ { $match: { $expr: { $and: [ { $and: [ { $eq: [ "$_id", { $literal: ObjectId("69d9060930c65a11dba0a18f"), }, ], }, { $ne: [ "$_id", "$$REMOVE", ], }, ], }, ], }, }, }, { $project: { _id: 1, orderId: 1, vendorId: 1, type: 1, amount: 1, currency: 1, balanceBefore: 1, balanceAfter: 1, createdAt: 1, }, }, ])

[90mstdout[2m | src/__tests__/ledger/ledger.test.ts[2m > [22m[2mplatform ledger & vendor earnings[2m > [22m[2msettleOrder[2m > [22m[2mis idempotent ΓÇö duplicate calls return wasAlreadySettled
[22m[39mprisma:query db.LedgerEntry.insertOne({ orderId: ObjectId("69d9060830c65a11dba0a18c"), vendorId: "ledger-test-vendor-2", type: "COMMISSION", amount: 500, currency: "NGN", balanceBefore: 0, balanceAfter: 4500, createdAt: DateTime("2026-04-10 14:15:38.312 +00:00:00"), })

[90mstdout[2m | src/__tests__/ledger/ledger.test.ts[2m > [22m[2mplatform ledger & vendor earnings[2m > [22m[2msettleOrder[2m > [22m[2mis idempotent ΓÇö duplicate calls return wasAlreadySettled
[22m[39mprisma:query db.LedgerEntry.aggregate([ { $match: { $expr: { $and: [ { $and: [ { $eq: [ "$_id", { $literal: ObjectId("69d9060a30c65a11dba0a190"), }, ], }, { $ne: [ "$_id", "$$REMOVE", ], }, ], }, ], }, }, }, { $project: { _id: 1, orderId: 1, vendorId: 1, type: 1, amount: 1, currency: 1, balanceBefore: 1, balanceAfter: 1, createdAt: 1, }, }, ])

[90mstdout[2m | src/__tests__/ledger/ledger.test.ts[2m > [22m[2mplatform ledger & vendor earnings[2m > [22m[2msettleOrder[2m > [22m[2mis idempotent ΓÇö duplicate calls return wasAlreadySettled
[22m[39mprisma:query db.VendorBalance.aggregate([ { $match: { $expr: { $and: [ { $and: [ { $and: [ { $eq: [ "$vendorId", { $literal: "ledger-test-vendor-2", }, ], }, { $ne: [ "$vendorId", "$$REMOVE", ], }, ], }, ], }, { }, ], }, }, }, { $project: { _id: 1, }, }, ])

[90mstdout[2m | src/__tests__/ledger/ledger.test.ts[2m > [22m[2mplatform ledger & vendor earnings[2m > [22m[2msettleOrder[2m > [22m[2mis idempotent ΓÇö duplicate calls return wasAlreadySettled
[22m[39mprisma:query db.VendorBalance.insertOne({ vendorId: "ledger-test-vendor-2", availableBalance: 4500, totalEarned: 4500, totalCommission: 500, updatedAt: DateTime("2026-04-10 14:15:38.694 +00:00:00"), })

[90mstdout[2m | src/__tests__/ledger/ledger.test.ts[2m > [22m[2mplatform ledger & vendor earnings[2m > [22m[2msettleOrder[2m > [22m[2mis idempotent ΓÇö duplicate calls return wasAlreadySettled
[22m[39mprisma:query db.VendorBalance.aggregate([ { $match: { $expr: { $and: [ { $and: [ { $eq: [ "$_id", { $literal: ObjectId("69d9060a30c65a11dba0a191"), }, ], }, { $ne: [ "$_id", "$$REMOVE", ], }, ], }, ], }, }, }, { $project: { _id: 1, vendorId: 1, availableBalance: 1, totalEarned: 1, totalCommission: 1, updatedAt: 1, }, }, ])

[90mstdout[2m | src/__tests__/ledger/ledger.test.ts[2m > [22m[2mplatform ledger & vendor earnings[2m > [22m[2msettleOrder[2m > [22m[2mis idempotent ΓÇö duplicate calls return wasAlreadySettled
[22m[39m[32minfo[39m: [32m[Ledger] Order settled[39m {"commission":500,"grossSale":5000,"label":"Global","orderId":"69d9060830c65a11dba0a18c","timestamp":"2026-04-10 15:15:39","vendorId":"ledger-test-vendor-2","vendorNet":4500}

[90mstdout[2m | src/__tests__/ledger/ledger.test.ts[2m > [22m[2mplatform ledger & vendor earnings[2m > [22m[2msettleOrder[2m > [22m[2mis idempotent ΓÇö duplicate calls return wasAlreadySettled
[22m[39mprisma:query db.LedgerEntry.aggregate([ { $match: { $expr: { $and: [ { $and: [ { $eq: [ "$orderId", { $literal: ObjectId("69d9060830c65a11dba0a18c"), }, ], }, { $ne: [ "$orderId", "$$REMOVE", ], }, ], }, { $and: [ { $eq: [ "$type", { $literal: "SALE", }, ], }, { $ne: [ "$type", "$$REMOVE", ], }, ], }, ], }, }, }, { $limit: 1, }, { $project: { _id: 1, orderId: 1, vendorId: 1, type: 1, amount: 1, currency: 1, balanceBefore: 1, balanceAfter: 1, createdAt: 1, }, }, ])

[90mstdout[2m | src/__tests__/ledger/ledger.test.ts[2m > [22m[2mplatform ledger & vendor earnings[2m > [22m[2msettleOrder[2m > [22m[2mis idempotent ΓÇö duplicate calls return wasAlreadySettled
[22m[39mprisma:query db.LedgerEntry.aggregate([ { $match: { $expr: { $and: [ { $and: [ { $eq: [ "$orderId", { $literal: ObjectId("69d9060830c65a11dba0a18c"), }, ], }, { $ne: [ "$orderId", "$$REMOVE", ], }, ], }, { $and: [ { $eq: [ "$type", { $literal: "COMMISSION", }, ], }, { $ne: [ "$type", "$$REMOVE", ], }, ], }, ], }, }, }, { $limit: 1, }, { $project: { _id: 1, orderId: 1, vendorId: 1, type: 1, amount: 1, currency: 1, balanceBefore: 1, balanceAfter: 1, createdAt: 1, }, }, ])

[90mstdout[2m | src/__tests__/ledger/ledger.test.ts[2m > [22m[2mplatform ledger & vendor earnings[2m > [22m[2msettleOrder[2m > [22m[2mis idempotent ΓÇö duplicate calls return wasAlreadySettled
[22m[39mprisma:query db.VendorBalance.aggregate([ { $match: { $expr: { $and: [ { $and: [ { $and: [ { $eq: [ "$vendorId", { $literal: "ledger-test-vendor-2", }, ], }, { $ne: [ "$vendorId", "$$REMOVE", ], }, ], }, ], }, { }, ], }, }, }, { $project: { _id: 1, vendorId: 1, availableBalance: 1, totalEarned: 1, totalCommission: 1, updatedAt: 1, }, }, ])

[90mstdout[2m | src/__tests__/ledger/ledger.test.ts[2m > [22m[2mplatform ledger & vendor earnings[2m > [22m[2msettleOrder[2m > [22m[2mis idempotent ΓÇö duplicate calls return wasAlreadySettled
[22m[39mprisma:query db.LedgerEntry.aggregate([ { $match: { $expr: { $and: [ { $eq: [ "$orderId", { $literal: ObjectId("69d9060830c65a11dba0a18c"), }, ], }, { $ne: [ "$orderId", "$$REMOVE", ], }, ], }, }, }, { $project: { _id: 1, orderId: 1, vendorId: 1, type: 1, amount: 1, currency: 1, balanceBefore: 1, balanceAfter: 1, createdAt: 1, }, }, ])

[90mstdout[2m | src/__tests__/ledger/ledger.test.ts[2m > [22m[2mplatform ledger & vendor earnings[2m > [22m[2msettleOrder[2m > [22m[2mis idempotent ΓÇö duplicate calls return wasAlreadySettled
[22m[39mprisma:query db.LedgerEntry.aggregate([ { $match: { $expr: { $and: [ { $regexMatch: { input: "$vendorId", regex: "^ledger-test", options: "", }, }, { $ne: [ "$vendorId", "$$REMOVE", ], }, ], }, }, }, { $project: { _id: 1, }, }, ])

[90mstdout[2m | src/__tests__/ledger/ledger.test.ts[2m > [22m[2mplatform ledger & vendor earnings[2m > [22m[2msettleOrder[2m > [22m[2mis idempotent ΓÇö duplicate calls return wasAlreadySettled
[22m[39mprisma:query db.LedgerEntry.deleteMany({ _id: { $in: [ ObjectId("69d9060930c65a11dba0a18f"), ObjectId("69d9060a30c65a11dba0a190"), ], }, })

[90mstdout[2m | src/__tests__/ledger/ledger.test.ts[2m > [22m[2mplatform ledger & vendor earnings[2m > [22m[2msettleOrder[2m > [22m[2mis idempotent ΓÇö duplicate calls return wasAlreadySettled
[22m[39mprisma:query db.VendorBalance.aggregate([ { $match: { $expr: { $and: [ { $regexMatch: { input: "$vendorId", regex: "^ledger-test", options: "", }, }, { $ne: [ "$vendorId", "$$REMOVE", ], }, ], }, }, }, { $project: { _id: 1, }, }, ])

[90mstdout[2m | src/__tests__/ledger/ledger.test.ts[2m > [22m[2mplatform ledger & vendor earnings[2m > [22m[2msettleOrder[2m > [22m[2mis idempotent ΓÇö duplicate calls return wasAlreadySettled
[22m[39mprisma:query db.VendorBalance.deleteMany({ _id: { $in: [ ObjectId("69d9060a30c65a11dba0a191"), ], }, })

[90mstdout[2m | src/__tests__/ledger/ledger.test.ts[2m > [22m[2mplatform ledger & vendor earnings[2m > [22m[2msettleOrder[2m > [22m[2mis idempotent ΓÇö duplicate calls return wasAlreadySettled
[22m[39mprisma:query db.Order.aggregate([ { $match: { $expr: { $and: [ { $regexMatch: { input: "$userId", regex: "^ledger-test", options: "", }, }, { $ne: [ "$userId", "$$REMOVE", ], }, ], }, }, }, { $project: { _id: 1, }, }, ])

[90mstdout[2m | src/__tests__/ledger/ledger.test.ts[2m > [22m[2mplatform ledger & vendor earnings[2m > [22m[2msettleOrder[2m > [22m[2mis idempotent ΓÇö duplicate calls return wasAlreadySettled
[22m[39mprisma:query db.OrderStatusHistory.aggregate([ { $match: { $expr: { $and: [ { $or: [ { $eq: [ "$orderId", { $literal: ObjectId("69d9060830c65a11dba0a18c"), }, ], }, ], }, { $ne: [ "$orderId", "$$REMOVE", ], }, ], }, }, }, { $project: { _id: 1, }, }, ])

[90mstdout[2m | src/__tests__/ledger/ledger.test.ts[2m > [22m[2mplatform ledger & vendor earnings[2m > [22m[2msettleOrder[2m > [22m[2mis idempotent ΓÇö duplicate calls return wasAlreadySettled
[22m[39mprisma:query db.OrderStatusHistory.deleteMany({ _id: { $in: [ ObjectId("69d9060830c65a11dba0a18e"), ], }, })

[90mstdout[2m | src/__tests__/ledger/ledger.test.ts[2m > [22m[2mplatform ledger & vendor earnings[2m > [22m[2msettleOrder[2m > [22m[2mis idempotent ΓÇö duplicate calls return wasAlreadySettled
[22m[39mprisma:query db.OrderItem.aggregate([ { $match: { $expr: { $and: [ { $or: [ { $eq: [ "$orderId", { $literal: ObjectId("69d9060830c65a11dba0a18c"), }, ], }, ], }, { $ne: [ "$orderId", "$$REMOVE", ], }, ], }, }, }, { $project: { _id: 1, }, }, ])

[90mstdout[2m | src/__tests__/ledger/ledger.test.ts[2m > [22m[2mplatform ledger & vendor earnings[2m > [22m[2msettleOrder[2m > [22m[2mis idempotent ΓÇö duplicate calls return wasAlreadySettled
[22m[39mprisma:query db.OrderItem.deleteMany({ _id: { $in: [ ObjectId("69d9060830c65a11dba0a18d"), ], }, })

[90mstdout[2m | src/__tests__/ledger/ledger.test.ts[2m > [22m[2mplatform ledger & vendor earnings[2m > [22m[2msettleOrder[2m > [22m[2mis idempotent ΓÇö duplicate calls return wasAlreadySettled
[22m[39mprisma:query db.Order.aggregate([ { $match: { $expr: { $and: [ { $regexMatch: { input: "$userId", regex: "^ledger-test", options: "", }, }, { $ne: [ "$userId", "$$REMOVE", ], }, ], }, }, }, { $project: { _id: 1, }, }, ])

[90mstdout[2m | src/__tests__/ledger/ledger.test.ts[2m > [22m[2mplatform ledger & vendor earnings[2m > [22m[2msettleOrder[2m > [22m[2mis idempotent ΓÇö duplicate calls return wasAlreadySettled
[22m[39mprisma:query db.OrderStatusHistory.aggregate([ { $match: { $expr: { $and: [ { }, { $and: [ { $or: [ { $eq: [ "$orderId", { $literal: ObjectId("69d9060830c65a11dba0a18c"), }, ], }, ], }, { $ne: [ "$orderId", "$$REMOVE", ], }, ], }, ], }, }, }, { $project: { _id: 1, orderId: 1, }, }, ])

[90mstdout[2m | src/__tests__/ledger/ledger.test.ts[2m > [22m[2mplatform ledger & vendor earnings[2m > [22m[2msettleOrder[2m > [22m[2mis idempotent ΓÇö duplicate calls return wasAlreadySettled
[22m[39mprisma:query db.OrderItem.aggregate([ { $match: { $expr: { $and: [ { }, { $and: [ { $or: [ { $eq: [ "$orderId", { $literal: ObjectId("69d9060830c65a11dba0a18c"), }, ], }, ], }, { $ne: [ "$orderId", "$$REMOVE", ], }, ], }, ], }, }, }, { $project: { _id: 1, orderId: 1, }, }, ])

[90mstdout[2m | src/__tests__/ledger/ledger.test.ts[2m > [22m[2mplatform ledger & vendor earnings[2m > [22m[2msettleOrder[2m > [22m[2mis idempotent ΓÇö duplicate calls return wasAlreadySettled
[22m[39mprisma:query db.Order.deleteMany({ _id: { $in: [ ObjectId("69d9060830c65a11dba0a18c"), ], }, })

[90mstdout[2m | src/__tests__/ledger/ledger.test.ts[2m > [22m[2mplatform ledger & vendor earnings[2m > [22m[2msettleOrder[2m > [22m[2mis idempotent ΓÇö duplicate calls return wasAlreadySettled
[22m[39mprisma:query db.Product.aggregate([ { $match: { $expr: { $and: [ { $regexMatch: { input: "$vendorId", regex: "^ledger-test", options: "", }, }, { $ne: [ "$vendorId", "$$REMOVE", ], }, ], }, }, }, { $project: { _id: 1, }, }, ])

[90mstdout[2m | src/__tests__/ledger/ledger.test.ts[2m > [22m[2mplatform ledger & vendor earnings[2m > [22m[2msettleOrder[2m > [22m[2mis idempotent ΓÇö duplicate calls return wasAlreadySettled
[22m[39mprisma:query db.DigitalAsset.aggregate([ { $match: { $expr: { $and: [ { }, { $and: [ { $or: [ { $eq: [ "$productId", { $literal: ObjectId("69d9060730c65a11dba0a18b"), }, ], }, ], }, { $ne: [ "$productId", "$$REMOVE", ], }, ], }, ], }, }, }, { $project: { _id: 1, productId: 1, }, }, ])

[90mstdout[2m | src/__tests__/ledger/ledger.test.ts[2m > [22m[2mplatform ledger & vendor earnings[2m > [22m[2msettleOrder[2m > [22m[2mis idempotent ΓÇö duplicate calls return wasAlreadySettled
[22m[39mprisma:query db.WishlistItem.aggregate([ { $match: { $expr: { $and: [ { }, { $and: [ { $or: [ { $eq: [ "$productId", { $literal: ObjectId("69d9060730c65a11dba0a18b"), }, ], }, ], }, { $ne: [ "$productId", "$$REMOVE", ], }, ], }, ], }, }, }, { $project: { _id: 1, productId: 1, }, }, ])

[90mstdout[2m | src/__tests__/ledger/ledger.test.ts[2m > [22m[2mplatform ledger & vendor earnings[2m > [22m[2msettleOrder[2m > [22m[2mis idempotent ΓÇö duplicate calls return wasAlreadySettled
[22m[39mprisma:query db.Review.aggregate([ { $match: { $expr: { $and: [ { }, { $and: [ { $or: [ { $eq: [ "$productId", { $literal: ObjectId("69d9060730c65a11dba0a18b"), }, ], }, ], }, { $ne: [ "$productId", "$$REMOVE", ], }, ], }, ], }, }, }, { $project: { _id: 1, productId: 1, }, }, ])

[90mstdout[2m | src/__tests__/ledger/ledger.test.ts[2m > [22m[2mplatform ledger & vendor earnings[2m > [22m[2msettleOrder[2m > [22m[2mis idempotent ΓÇö duplicate calls return wasAlreadySettled
[22m[39mprisma:query db.OrderItem.aggregate([ { $match: { $expr: { $and: [ { }, { $and: [ { $or: [ { $eq: [ "$productId", { $literal: ObjectId("69d9060730c65a11dba0a18b"), }, ], }, ], }, { $ne: [ "$productId", "$$REMOVE", ], }, ], }, ], }, }, }, { $project: { _id: 1, productId: 1, }, }, ])

[90mstdout[2m | src/__tests__/ledger/ledger.test.ts[2m > [22m[2mplatform ledger & vendor earnings[2m > [22m[2msettleOrder[2m > [22m[2mis idempotent ΓÇö duplicate calls return wasAlreadySettled
[22m[39mprisma:query db.CartItem.aggregate([ { $match: { $expr: { $and: [ { }, { $and: [ { $or: [ { $eq: [ "$productId", { $literal: ObjectId("69d9060730c65a11dba0a18b"), }, ], }, ], }, { $ne: [ "$productId", "$$REMOVE", ], }, ], }, ], }, }, }, { $project: { _id: 1, productId: 1, }, }, ])

[90mstdout[2m | src/__tests__/ledger/ledger.test.ts[2m > [22m[2mplatform ledger & vendor earnings[2m > [22m[2msettleOrder[2m > [22m[2mis idempotent ΓÇö duplicate calls return wasAlreadySettled
[22m[39mprisma:query db.ProductVariant.aggregate([ { $match: { $expr: { $and: [ { }, { $and: [ { $or: [ { $eq: [ "$productId", { $literal: ObjectId("69d9060730c65a11dba0a18b"), }, ], }, ], }, { $ne: [ "$productId", "$$REMOVE", ], }, ], }, ], }, }, }, { $project: { _id: 1, productId: 1, }, }, ])

[90mstdout[2m | src/__tests__/ledger/ledger.test.ts[2m > [22m[2mplatform ledger & vendor earnings[2m > [22m[2msettleOrder[2m > [22m[2mis idempotent ΓÇö duplicate calls return wasAlreadySettled
[22m[39mprisma:query db.Product.deleteMany({ _id: { $in: [ ObjectId("69d9060730c65a11dba0a18b"), ], }, })

[90mstdout[2m | src/__tests__/ledger/ledger.test.ts[2m > [22m[2mplatform ledger & vendor earnings[2m > [22m[2msettleOrder[2m > [22m[2mis idempotent ΓÇö duplicate calls return wasAlreadySettled
[22m[39mprisma:query db.UserProfile.aggregate([ { $match: { $expr: { $and: [ { $regexMatch: { input: "$userId", regex: "^ledger-test", options: "", }, }, { $ne: [ "$userId", "$$REMOVE", ], }, ], }, }, }, { $project: { _id: 1, }, }, ])

[90mstdout[2m | src/__tests__/ledger/ledger.test.ts[2m > [22m[2mplatform ledger & vendor earnings[2m > [22m[2msettleOrder[2m > [22m[2mis idempotent ΓÇö duplicate calls return wasAlreadySettled
[22m[39mprisma:query db.UserProfile.deleteMany({ _id: { $in: [ ObjectId("69d9060630c65a11dba0a189"), ObjectId("69d9060730c65a11dba0a18a"), ], }, })

[90mstdout[2m | src/__tests__/ledger/ledger.test.ts[2m > [22m[2mplatform ledger & vendor earnings[2m > [22m[2msettleOrder[2m > [22m[2mis idempotent ΓÇö duplicate calls return wasAlreadySettled
[22m[39mprisma:query db.PlatformConfig.aggregate([ { $match: { $expr: { $and: [ { $eq: [ "$key", { $literal: "commissionRate", }, ], }, { $ne: [ "$key", "$$REMOVE", ], }, ], }, }, }, { $project: { _id: 1, }, }, ])

[90mstdout[2m | src/__tests__/ledger/ledger.test.ts[2m > [22m[2mplatform ledger & vendor earnings[2m > [22m[2msettleOrder[2m > [22m[2mis idempotent ΓÇö duplicate calls return wasAlreadySettled
[22m[39mprisma:query db.PlatformConfig.deleteMany({ _id: { $in: [ ObjectId("69d9060530c65a11dba0a188"), ], }, })

[90mstdout[2m | src/__tests__/ledger/ledger.test.ts[2m > [22m[2mplatform ledger & vendor earnings[2m > [22m[2msettleOrder[2m > [22m[2mreads commission rate from PlatformConfig
[22m[39mprisma:query db.PlatformConfig.aggregate([ { $match: { $expr: { $and: [ { $and: [ { $and: [ { $eq: [ "$key", { $literal: "commissionRate", }, ], }, { $ne: [ "$key", "$$REMOVE", ], }, ], }, ], }, { }, ], }, }, }, { $project: { _id: 1, }, }, ])

[90mstdout[2m | src/__tests__/ledger/ledger.test.ts[2m > [22m[2mplatform ledger & vendor earnings[2m > [22m[2msettleOrder[2m > [22m[2mreads commission rate from PlatformConfig
[22m[39mprisma:query db.PlatformConfig.insertOne({ key: "commissionRate", value: "0.15", })

[90mstdout[2m | src/__tests__/ledger/ledger.test.ts[2m > [22m[2mplatform ledger & vendor earnings[2m > [22m[2msettleOrder[2m > [22m[2mreads commission rate from PlatformConfig
[22m[39mprisma:query db.PlatformConfig.aggregate([ { $match: { $expr: { $and: [ { $and: [ { $eq: [ "$_id", { $literal: ObjectId("69d9061330c65a11dba0a192"), }, ], }, { $ne: [ "$_id", "$$REMOVE", ], }, ], }, ], }, }, }, { $project: { _id: 1, key: 1, value: 1, }, }, ])

[90mstdout[2m | src/__tests__/ledger/ledger.test.ts[2m > [22m[2mplatform ledger & vendor earnings[2m > [22m[2msettleOrder[2m > [22m[2mreads commission rate from PlatformConfig
[22m[39mprisma:query db.UserProfile.insertOne({ userId: "ledger-test-vendor-3", email: "ledger-test-vendor-3@test.com", firstName: "Test", lastName: "User", role: "CUSTOMER", isVendor: true, vendorStatus: "ACTIVE", storeName: "Rate Test Store", storeSlug: "rate-test-store", createdAt: DateTime("2026-04-10 14:15:48.964 +00:00:00"), updatedAt: DateTime("2026-04-10 14:15:48.964 +00:00:00"), })

[90mstdout[2m | src/__tests__/ledger/ledger.test.ts[2m > [22m[2mplatform ledger & vendor earnings[2m > [22m[2msettleOrder[2m > [22m[2mreads commission rate from PlatformConfig
[22m[39mprisma:query db.UserProfile.aggregate([ { $match: { $expr: { $and: [ { $and: [ { $eq: [ "$_id", { $literal: ObjectId("69d9061430c65a11dba0a193"), }, ], }, { $ne: [ "$_id", "$$REMOVE", ], }, ], }, ], }, }, }, { $project: { _id: 1, userId: 1, email: 1, firstName: 1, lastName: 1, phone: 1, avatar: 1, dateOfBirth: 1, gender: 1, role: 1, isVendor: 1, vendorStatus: 1, storeName: 1, storeSlug: 1, storeDescription: 1, vendorSince: 1, createdAt: 1, updatedAt: 1, }, }, ])

[90mstdout[2m | src/__tests__/ledger/ledger.test.ts[2m > [22m[2mplatform ledger & vendor earnings[2m > [22m[2msettleOrder[2m > [22m[2mreads commission rate from PlatformConfig
[22m[39mprisma:query db.UserProfile.insertOne({ userId: "ledger-test-buyer-3", email: "ledger-test-buyer-3@test.com", firstName: "Test", lastName: "User", role: "CUSTOMER", isVendor: false, createdAt: DateTime("2026-04-10 14:15:50.092 +00:00:00"), updatedAt: DateTime("2026-04-10 14:15:50.092 +00:00:00"), })

[90mstdout[2m | src/__tests__/ledger/ledger.test.ts[2m > [22m[2mplatform ledger & vendor earnings[2m > [22m[2msettleOrder[2m > [22m[2mreads commission rate from PlatformConfig
[22m[39mprisma:query db.UserProfile.aggregate([ { $match: { $expr: { $and: [ { $and: [ { $eq: [ "$_id", { $literal: ObjectId("69d9061630c65a11dba0a194"), }, ], }, { $ne: [ "$_id", "$$REMOVE", ], }, ], }, ], }, }, }, { $project: { _id: 1, userId: 1, email: 1, firstName: 1, lastName: 1, phone: 1, avatar: 1, dateOfBirth: 1, gender: 1, role: 1, isVendor: 1, vendorStatus: 1, storeName: 1, storeSlug: 1, storeDescription: 1, vendorSince: 1, createdAt: 1, updatedAt: 1, }, }, ])

[90mstdout[2m | src/__tests__/ledger/ledger.test.ts[2m > [22m[2mplatform ledger & vendor earnings[2m > [22m[2msettleOrder[2m > [22m[2mreads commission rate from PlatformConfig
[22m[39mprisma:query db.Product.insertOne({ name: "Ledger Test Product 3", slug: "ledger-test-product-1775830551717-3", description: "Test product", stockKeepingUnit: "ledger-test-SKU-1775830551717-3", basePrice: 20000, type: "DIGITAL", vendorId: "ledger-test-vendor-3", approvalStatus: "APPROVED", tags: [ ], images: [ ], avgRating: 0, reviewCount: 0, stock: 0, lowStockThreshold: 10, isActive: true, isFeatured: false, isNewArrival: true, createdAt: DateTime("2026-04-10 14:15:51.719 +00:00:00"), updatedAt: DateTime("2026-04-10 14:15:51.719 +00:00:00"), })

[90mstdout[2m | src/__tests__/ledger/ledger.test.ts[2m > [22m[2mplatform ledger & vendor earnings[2m > [22m[2msettleOrder[2m > [22m[2mreads commission rate from PlatformConfig
[22m[39mprisma:query db.Product.aggregate([ { $match: { $expr: { $and: [ { $and: [ { $eq: [ "$_id", { $literal: ObjectId("69d9061730c65a11dba0a195"), }, ], }, { $ne: [ "$_id", "$$REMOVE", ], }, ], }, ], }, }, }, { $project: { _id: 1, name: 1, slug: 1, description: 1, shortDesc: 1, stockKeepingUnit: 1, basePrice: 1, salePrice: 1, type: 1, categoryId: 1, vendorId: 1, approvalStatus: 1, brand: 1, tags: 1, images: 1, avgRating: 1, reviewCount: 1, stock: 1, lowStockThreshold: 1, isActive: 1, isFeatured: 1, isNewArrival: 1, createdAt: 1, updatedAt: 1, }, }, ])

[90mstdout[2m | src/__tests__/ledger/ledger.test.ts[2m > [22m[2mplatform ledger & vendor earnings[2m > [22m[2msettleOrder[2m > [22m[2mreads commission rate from PlatformConfig
[22m[39mprisma:query db.Order.insertOne({ orderNumber: "ledger-test-ORD-1775830554211-3", userId: "ledger-test-buyer-3", vendorId: "ledger-test-vendor-3", status: "PAID", subtotal: 20000, shipping: 0, discount: 0, total: 20000, createdAt: DateTime("2026-04-10 14:15:54.213 +00:00:00"), updatedAt: DateTime("2026-04-10 14:15:54.213 +00:00:00"), })

[90mstdout[2m | src/__tests__/ledger/ledger.test.ts[2m > [22m[2mplatform ledger & vendor earnings[2m > [22m[2msettleOrder[2m > [22m[2mreads commission rate from PlatformConfig
[22m[39mprisma:query db.OrderItem.insertOne({ orderId: ObjectId("69d9061a30c65a11dba0a196"), productId: ObjectId("69d9061730c65a11dba0a195"), productName: "Ledger Test Product 3", quantity: 1, unitPrice: 20000, totalPrice: 20000, createdAt: DateTime("2026-04-10 14:15:54.213 +00:00:00"), })

[90mstdout[2m | src/__tests__/ledger/ledger.test.ts[2m > [22m[2mplatform ledger & vendor earnings[2m > [22m[2msettleOrder[2m > [22m[2mreads commission rate from PlatformConfig
[22m[39mprisma:query db.OrderStatusHistory.insertOne({ orderId: ObjectId("69d9061a30c65a11dba0a196"), status: "PAID", note: "Test order", createdAt: DateTime("2026-04-10 14:15:54.213 +00:00:00"), })

[90mstdout[2m | src/__tests__/ledger/ledger.test.ts[2m > [22m[2mplatform ledger & vendor earnings[2m > [22m[2msettleOrder[2m > [22m[2mreads commission rate from PlatformConfig
[22m[39mprisma:query db.Order.aggregate([ { $match: { $expr: { $and: [ { $and: [ { $eq: [ "$_id", { $literal: ObjectId("69d9061a30c65a11dba0a196"), }, ], }, { $ne: [ "$_id", "$$REMOVE", ], }, ], }, ], }, }, }, { $project: { _id: 1, orderNumber: 1, userId: 1, vendorId: 1, checkoutSessionId: 1, status: 1, shippingAddress: 1, billingAddress: 1, subtotal: 1, shipping: 1, discount: 1, total: 1, couponCode: 1, notes: 1, createdAt: 1, updatedAt: 1, paidAt: 1, shippedAt: 1, deliveredAt: 1, }, }, ])

[90mstdout[2m | src/__tests__/ledger/ledger.test.ts[2m > [22m[2mplatform ledger & vendor earnings[2m > [22m[2msettleOrder[2m > [22m[2mreads commission rate from PlatformConfig
[22m[39mprisma:query db.LedgerEntry.aggregate([ { $match: { $expr: { $and: [ { $and: [ { $eq: [ "$orderId", { $literal: ObjectId("69d9061a30c65a11dba0a196"), }, ], }, { $ne: [ "$orderId", "$$REMOVE", ], }, ], }, { $and: [ { $eq: [ "$type", { $literal: "SALE", }, ], }, { $ne: [ "$type", "$$REMOVE", ], }, ], }, ], }, }, }, { $limit: 1, }, { $project: { _id: 1, orderId: 1, vendorId: 1, type: 1, amount: 1, currency: 1, balanceBefore: 1, balanceAfter: 1, createdAt: 1, }, }, ])

[90mstdout[2m | src/__tests__/ledger/ledger.test.ts[2m > [22m[2mplatform ledger & vendor earnings[2m > [22m[2msettleOrder[2m > [22m[2mreads commission rate from PlatformConfig
[22m[39mprisma:query db.Order.aggregate([ { $match: { $expr: { $and: [ { $and: [ { $and: [ { $eq: [ "$_id", { $literal: ObjectId("69d9061a30c65a11dba0a196"), }, ], }, { $ne: [ "$_id", "$$REMOVE", ], }, ], }, ], }, { }, ], }, }, }, { $project: { _id: 1, orderNumber: 1, userId: 1, vendorId: 1, checkoutSessionId: 1, status: 1, shippingAddress: 1, billingAddress: 1, subtotal: 1, shipping: 1, discount: 1, total: 1, couponCode: 1, notes: 1, createdAt: 1, updatedAt: 1, paidAt: 1, shippedAt: 1, deliveredAt: 1, }, }, ])

[90mstdout[2m | src/__tests__/ledger/ledger.test.ts[2m > [22m[2mplatform ledger & vendor earnings[2m > [22m[2msettleOrder[2m > [22m[2mreads commission rate from PlatformConfig
[22m[39mprisma:query db.PlatformConfig.aggregate([ { $match: { $expr: { $and: [ { $and: [ { $and: [ { $eq: [ "$key", { $literal: "commissionRate", }, ], }, { $ne: [ "$key", "$$REMOVE", ], }, ], }, ], }, { }, ], }, }, }, { $project: { _id: 1, key: 1, value: 1, }, }, ])

[90mstdout[2m | src/__tests__/ledger/ledger.test.ts[2m > [22m[2mplatform ledger & vendor earnings[2m > [22m[2msettleOrder[2m > [22m[2mreads commission rate from PlatformConfig
[22m[39mprisma:query db.VendorBalance.aggregate([ { $match: { $expr: { $and: [ { $and: [ { $and: [ { $eq: [ "$vendorId", { $literal: "ledger-test-vendor-3", }, ], }, { $ne: [ "$vendorId", "$$REMOVE", ], }, ], }, ], }, { }, ], }, }, }, { $project: { _id: 1, vendorId: 1, availableBalance: 1, totalEarned: 1, totalCommission: 1, updatedAt: 1, }, }, ])

[90mstdout[2m | src/__tests__/ledger/ledger.test.ts[2m > [22m[2mplatform ledger & vendor earnings[2m > [22m[2msettleOrder[2m > [22m[2mreads commission rate from PlatformConfig
[22m[39mprisma:query db.LedgerEntry.insertOne({ orderId: ObjectId("69d9061a30c65a11dba0a196"), vendorId: "ledger-test-vendor-3", type: "SALE", amount: 17000, currency: "NGN", balanceBefore: 0, balanceAfter: 17000, createdAt: DateTime("2026-04-10 14:15:59.258 +00:00:00"), })

[90mstdout[2m | src/__tests__/ledger/ledger.test.ts[2m > [22m[2mplatform ledger & vendor earnings[2m > [22m[2msettleOrder[2m > [22m[2mreads commission rate from PlatformConfig
[22m[39mprisma:query db.LedgerEntry.aggregate([ { $match: { $expr: { $and: [ { $and: [ { $eq: [ "$_id", { $literal: ObjectId("69d9061f30c65a11dba0a199"), }, ], }, { $ne: [ "$_id", "$$REMOVE", ], }, ], }, ], }, }, }, { $project: { _id: 1, orderId: 1, vendorId: 1, type: 1, amount: 1, currency: 1, balanceBefore: 1, balanceAfter: 1, createdAt: 1, }, }, ])

[90mstdout[2m | src/__tests__/ledger/ledger.test.ts[2m > [22m[2mplatform ledger & vendor earnings[2m > [22m[2msettleOrder[2m > [22m[2mreads commission rate from PlatformConfig
[22m[39mprisma:query db.LedgerEntry.insertOne({ orderId: ObjectId("69d9061a30c65a11dba0a196"), vendorId: "ledger-test-vendor-3", type: "COMMISSION", amount: 3000, currency: "NGN", balanceBefore: 0, balanceAfter: 17000, createdAt: DateTime("2026-04-10 14:16:04.03 +00:00:00"), })

[90mstdout[2m | src/__tests__/ledger/ledger.test.ts[2m > [22m[2mplatform ledger & vendor earnings[2m > [22m[2msettleOrder[2m > [22m[2mreads commission rate from PlatformConfig
[22m[39mprisma:query db.LedgerEntry.aggregate([ { $match: { $expr: { $and: [ { $and: [ { $eq: [ "$_id", { $literal: ObjectId("69d9062430c65a11dba0a19a"), }, ], }, { $ne: [ "$_id", "$$REMOVE", ], }, ], }, ], }, }, }, { $project: { _id: 1, orderId: 1, vendorId: 1, type: 1, amount: 1, currency: 1, balanceBefore: 1, balanceAfter: 1, createdAt: 1, }, }, ])

[90mstdout[2m | src/__tests__/ledger/ledger.test.ts[2m > [22m[2mplatform ledger & vendor earnings[2m > [22m[2msettleOrder[2m > [22m[2mreads commission rate from PlatformConfig
[22m[39mprisma:query db.VendorBalance.aggregate([ { $match: { $expr: { $and: [ { $and: [ { $and: [ { $eq: [ "$vendorId", { $literal: "ledger-test-vendor-3", }, ], }, { $ne: [ "$vendorId", "$$REMOVE", ], }, ], }, ], }, { }, ], }, }, }, { $project: { _id: 1, }, }, ])

[90mstdout[2m | src/__tests__/ledger/ledger.test.ts[2m > [22m[2mplatform ledger & vendor earnings[2m > [22m[2msettleOrder[2m > [22m[2mreads commission rate from PlatformConfig
[22m[39mprisma:query db.VendorBalance.insertOne({ vendorId: "ledger-test-vendor-3", availableBalance: 17000, totalEarned: 17000, totalCommission: 3000, updatedAt: DateTime("2026-04-10 14:16:04.427 +00:00:00"), })

[90mstdout[2m | src/__tests__/ledger/ledger.test.ts[2m > [22m[2mplatform ledger & vendor earnings[2m > [22m[2msettleOrder[2m > [22m[2mreads commission rate from PlatformConfig
[22m[39mprisma:query db.VendorBalance.aggregate([ { $match: { $expr: { $and: [ { $and: [ { $eq: [ "$_id", { $literal: ObjectId("69d9062430c65a11dba0a19b"), }, ], }, { $ne: [ "$_id", "$$REMOVE", ], }, ], }, ], }, }, }, { $project: { _id: 1, vendorId: 1, availableBalance: 1, totalEarned: 1, totalCommission: 1, updatedAt: 1, }, }, ])

[90mstdout[2m | src/__tests__/ledger/ledger.test.ts[2m > [22m[2mplatform ledger & vendor earnings[2m > [22m[2msettleOrder[2m > [22m[2mreads commission rate from PlatformConfig
[22m[39m[32minfo[39m: [32m[Ledger] Order settled[39m {"commission":3000,"grossSale":20000,"label":"Global","orderId":"69d9061a30c65a11dba0a196","timestamp":"2026-04-10 15:16:05","vendorId":"ledger-test-vendor-3","vendorNet":17000}

[90mstdout[2m | src/__tests__/ledger/ledger.test.ts[2m > [22m[2mplatform ledger & vendor earnings[2m > [22m[2msettleOrder[2m > [22m[2mreads commission rate from PlatformConfig
[22m[39mprisma:query db.LedgerEntry.aggregate([ { $match: { $expr: { $and: [ { $regexMatch: { input: "$vendorId", regex: "^ledger-test", options: "", }, }, { $ne: [ "$vendorId", "$$REMOVE", ], }, ], }, }, }, { $project: { _id: 1, }, }, ])

[90mstdout[2m | src/__tests__/ledger/ledger.test.ts[2m > [22m[2mplatform ledger & vendor earnings[2m > [22m[2msettleOrder[2m > [22m[2mreads commission rate from PlatformConfig
[22m[39mprisma:query db.LedgerEntry.deleteMany({ _id: { $in: [ ObjectId("69d9061f30c65a11dba0a199"), ObjectId("69d9062430c65a11dba0a19a"), ], }, })

[90mstdout[2m | src/__tests__/ledger/ledger.test.ts[2m > [22m[2mplatform ledger & vendor earnings[2m > [22m[2msettleOrder[2m > [22m[2mreads commission rate from PlatformConfig
[22m[39mprisma:query db.VendorBalance.aggregate([ { $match: { $expr: { $and: [ { $regexMatch: { input: "$vendorId", regex: "^ledger-test", options: "", }, }, { $ne: [ "$vendorId", "$$REMOVE", ], }, ], }, }, }, { $project: { _id: 1, }, }, ])

[90mstdout[2m | src/__tests__/ledger/ledger.test.ts[2m > [22m[2mplatform ledger & vendor earnings[2m > [22m[2msettleOrder[2m > [22m[2mreads commission rate from PlatformConfig
[22m[39mprisma:query db.VendorBalance.deleteMany({ _id: { $in: [ ObjectId("69d9062430c65a11dba0a19b"), ], }, })

[90mstdout[2m | src/__tests__/ledger/ledger.test.ts[2m > [22m[2mplatform ledger & vendor earnings[2m > [22m[2msettleOrder[2m > [22m[2mreads commission rate from PlatformConfig
[22m[39mprisma:query db.Order.aggregate([ { $match: { $expr: { $and: [ { $regexMatch: { input: "$userId", regex: "^ledger-test", options: "", }, }, { $ne: [ "$userId", "$$REMOVE", ], }, ], }, }, }, { $project: { _id: 1, }, }, ])

[90mstdout[2m | src/__tests__/ledger/ledger.test.ts[2m > [22m[2mplatform ledger & vendor earnings[2m > [22m[2msettleOrder[2m > [22m[2mreads commission rate from PlatformConfig
[22m[39mprisma:query db.OrderStatusHistory.aggregate([ { $match: { $expr: { $and: [ { $or: [ { $eq: [ "$orderId", { $literal: ObjectId("69d9061a30c65a11dba0a196"), }, ], }, ], }, { $ne: [ "$orderId", "$$REMOVE", ], }, ], }, }, }, { $project: { _id: 1, }, }, ])

[90mstdout[2m | src/__tests__/ledger/ledger.test.ts[2m > [22m[2mplatform ledger & vendor earnings[2m > [22m[2msettleOrder[2m > [22m[2mreads commission rate from PlatformConfig
[22m[39mprisma:query db.OrderStatusHistory.deleteMany({ _id: { $in: [ ObjectId("69d9061d30c65a11dba0a198"), ], }, })

[90mstdout[2m | src/__tests__/ledger/ledger.test.ts[2m > [22m[2mplatform ledger & vendor earnings[2m > [22m[2msettleOrder[2m > [22m[2mreads commission rate from PlatformConfig
[22m[39mprisma:query db.OrderItem.aggregate([ { $match: { $expr: { $and: [ { $or: [ { $eq: [ "$orderId", { $literal: ObjectId("69d9061a30c65a11dba0a196"), }, ], }, ], }, { $ne: [ "$orderId", "$$REMOVE", ], }, ], }, }, }, { $project: { _id: 1, }, }, ])

[90mstdout[2m | src/__tests__/ledger/ledger.test.ts[2m > [22m[2mplatform ledger & vendor earnings[2m > [22m[2msettleOrder[2m > [22m[2mreads commission rate from PlatformConfig
[22m[39mprisma:query db.OrderItem.deleteMany({ _id: { $in: [ ObjectId("69d9061c30c65a11dba0a197"), ], }, })

[90mstdout[2m | src/__tests__/ledger/ledger.test.ts[2m > [22m[2mplatform ledger & vendor earnings[2m > [22m[2msettleOrder[2m > [22m[2mreads commission rate from PlatformConfig
[22m[39mprisma:query db.Order.aggregate([ { $match: { $expr: { $and: [ { $regexMatch: { input: "$userId", regex: "^ledger-test", options: "", }, }, { $ne: [ "$userId", "$$REMOVE", ], }, ], }, }, }, { $project: { _id: 1, }, }, ])

[90mstdout[2m | src/__tests__/ledger/ledger.test.ts[2m > [22m[2mplatform ledger & vendor earnings[2m > [22m[2msettleOrder[2m > [22m[2mreads commission rate from PlatformConfig
[22m[39mprisma:query db.OrderStatusHistory.aggregate([ { $match: { $expr: { $and: [ { }, { $and: [ { $or: [ { $eq: [ "$orderId", { $literal: ObjectId("69d9061a30c65a11dba0a196"), }, ], }, ], }, { $ne: [ "$orderId", "$$REMOVE", ], }, ], }, ], }, }, }, { $project: { _id: 1, orderId: 1, }, }, ])

[90mstdout[2m | src/__tests__/ledger/ledger.test.ts[2m > [22m[2mplatform ledger & vendor earnings[2m > [22m[2msettleOrder[2m > [22m[2mreads commission rate from PlatformConfig
[22m[39mprisma:query db.OrderItem.aggregate([ { $match: { $expr: { $and: [ { }, { $and: [ { $or: [ { $eq: [ "$orderId", { $literal: ObjectId("69d9061a30c65a11dba0a196"), }, ], }, ], }, { $ne: [ "$orderId", "$$REMOVE", ], }, ], }, ], }, }, }, { $project: { _id: 1, orderId: 1, }, }, ])

[90mstdout[2m | src/__tests__/ledger/ledger.test.ts[2m > [22m[2mplatform ledger & vendor earnings[2m > [22m[2msettleOrder[2m > [22m[2mreads commission rate from PlatformConfig
[22m[39mprisma:query db.Order.deleteMany({ _id: { $in: [ ObjectId("69d9061a30c65a11dba0a196"), ], }, })

[90mstdout[2m | src/__tests__/ledger/ledger.test.ts[2m > [22m[2mplatform ledger & vendor earnings[2m > [22m[2msettleOrder[2m > [22m[2mreads commission rate from PlatformConfig
[22m[39mprisma:query db.Product.aggregate([ { $match: { $expr: { $and: [ { $regexMatch: { input: "$vendorId", regex: "^ledger-test", options: "", }, }, { $ne: [ "$vendorId", "$$REMOVE", ], }, ], }, }, }, { $project: { _id: 1, }, }, ])

[90mstdout[2m | src/__tests__/ledger/ledger.test.ts[2m > [22m[2mplatform ledger & vendor earnings[2m > [22m[2msettleOrder[2m > [22m[2mreads commission rate from PlatformConfig
[22m[39mprisma:query db.DigitalAsset.aggregate([ { $match: { $expr: { $and: [ { }, { $and: [ { $or: [ { $eq: [ "$productId", { $literal: ObjectId("69d9061730c65a11dba0a195"), }, ], }, ], }, { $ne: [ "$productId", "$$REMOVE", ], }, ], }, ], }, }, }, { $project: { _id: 1, productId: 1, }, }, ])

[90mstdout[2m | src/__tests__/ledger/ledger.test.ts[2m > [22m[2mplatform ledger & vendor earnings[2m > [22m[2msettleOrder[2m > [22m[2mreads commission rate from PlatformConfig
[22m[39mprisma:query db.WishlistItem.aggregate([ { $match: { $expr: { $and: [ { }, { $and: [ { $or: [ { $eq: [ "$productId", { $literal: ObjectId("69d9061730c65a11dba0a195"), }, ], }, ], }, { $ne: [ "$productId", "$$REMOVE", ], }, ], }, ], }, }, }, { $project: { _id: 1, productId: 1, }, }, ])

[90mstdout[2m | src/__tests__/ledger/ledger.test.ts[2m > [22m[2mplatform ledger & vendor earnings[2m > [22m[2msettleOrder[2m > [22m[2mreads commission rate from PlatformConfig
[22m[39mprisma:query db.Review.aggregate([ { $match: { $expr: { $and: [ { }, { $and: [ { $or: [ { $eq: [ "$productId", { $literal: ObjectId("69d9061730c65a11dba0a195"), }, ], }, ], }, { $ne: [ "$productId", "$$REMOVE", ], }, ], }, ], }, }, }, { $project: { _id: 1, productId: 1, }, }, ])

[90mstdout[2m | src/__tests__/ledger/ledger.test.ts[2m > [22m[2mplatform ledger & vendor earnings[2m > [22m[2msettleOrder[2m > [22m[2mreads commission rate from PlatformConfig
[22m[39mprisma:query db.OrderItem.aggregate([ { $match: { $expr: { $and: [ { }, { $and: [ { $or: [ { $eq: [ "$productId", { $literal: ObjectId("69d9061730c65a11dba0a195"), }, ], }, ], }, { $ne: [ "$productId", "$$REMOVE", ], }, ], }, ], }, }, }, { $project: { _id: 1, productId: 1, }, }, ])

[90mstdout[2m | src/__tests__/ledger/ledger.test.ts[2m > [22m[2mplatform ledger & vendor earnings[2m > [22m[2msettleOrder[2m > [22m[2mreads commission rate from PlatformConfig
[22m[39mprisma:query db.CartItem.aggregate([ { $match: { $expr: { $and: [ { }, { $and: [ { $or: [ { $eq: [ "$productId", { $literal: ObjectId("69d9061730c65a11dba0a195"), }, ], }, ], }, { $ne: [ "$productId", "$$REMOVE", ], }, ], }, ], }, }, }, { $project: { _id: 1, productId: 1, }, }, ])

[90mstdout[2m | src/__tests__/ledger/ledger.test.ts[2m > [22m[2mplatform ledger & vendor earnings[2m > [22m[2msettleOrder[2m > [22m[2mreads commission rate from PlatformConfig
[22m[39mprisma:query db.ProductVariant.aggregate([ { $match: { $expr: { $and: [ { }, { $and: [ { $or: [ { $eq: [ "$productId", { $literal: ObjectId("69d9061730c65a11dba0a195"), }, ], }, ], }, { $ne: [ "$productId", "$$REMOVE", ], }, ], }, ], }, }, }, { $project: { _id: 1, productId: 1, }, }, ])

[90mstdout[2m | src/__tests__/ledger/ledger.test.ts[2m > [22m[2mplatform ledger & vendor earnings[2m > [22m[2msettleOrder[2m > [22m[2mreads commission rate from PlatformConfig
[22m[39mprisma:query db.Product.deleteMany({ _id: { $in: [ ObjectId("69d9061730c65a11dba0a195"), ], }, })

[90mstdout[2m | src/__tests__/ledger/ledger.test.ts[2m > [22m[2mplatform ledger & vendor earnings[2m > [22m[2msettleOrder[2m > [22m[2mreads commission rate from PlatformConfig
[22m[39mprisma:query db.UserProfile.aggregate([ { $match: { $expr: { $and: [ { $regexMatch: { input: "$userId", regex: "^ledger-test", options: "", }, }, { $ne: [ "$userId", "$$REMOVE", ], }, ], }, }, }, { $project: { _id: 1, }, }, ])

[90mstdout[2m | src/__tests__/ledger/ledger.test.ts[2m > [22m[2mplatform ledger & vendor earnings[2m > [22m[2msettleOrder[2m > [22m[2mreads commission rate from PlatformConfig
[22m[39mprisma:query db.UserProfile.deleteMany({ _id: { $in: [ ObjectId("69d9061430c65a11dba0a193"), ObjectId("69d9061630c65a11dba0a194"), ], }, })

[90mstdout[2m | src/__tests__/ledger/ledger.test.ts[2m > [22m[2mplatform ledger & vendor earnings[2m > [22m[2msettleOrder[2m > [22m[2mreads commission rate from PlatformConfig
[22m[39mprisma:query db.PlatformConfig.aggregate([ { $match: { $expr: { $and: [ { $eq: [ "$key", { $literal: "commissionRate", }, ], }, { $ne: [ "$key", "$$REMOVE", ], }, ], }, }, }, { $project: { _id: 1, }, }, ])

[90mstdout[2m | src/__tests__/ledger/ledger.test.ts[2m > [22m[2mplatform ledger & vendor earnings[2m > [22m[2msettleOrder[2m > [22m[2mreads commission rate from PlatformConfig
[22m[39mprisma:query db.PlatformConfig.deleteMany({ _id: { $in: [ ObjectId("69d9061330c65a11dba0a192"), ], }, })

[90mstdout[2m | src/__tests__/ledger/ledger.test.ts[2m > [22m[2mplatform ledger & vendor earnings[2m > [22m[2msettleOrder[2m > [22m[2mrejects non-PAID orders
[22m[39mprisma:query db.PlatformConfig.aggregate([ { $match: { $expr: { $and: [ { $and: [ { $and: [ { $eq: [ "$key", { $literal: "commissionRate", }, ], }, { $ne: [ "$key", "$$REMOVE", ], }, ], }, ], }, { }, ], }, }, }, { $project: { _id: 1, }, }, ])

[90mstdout[2m | src/__tests__/ledger/ledger.test.ts[2m > [22m[2mplatform ledger & vendor earnings[2m > [22m[2msettleOrder[2m > [22m[2mrejects non-PAID orders
[22m[39mprisma:query db.PlatformConfig.insertOne({ key: "commissionRate", value: "0.10", })

[90mstdout[2m | src/__tests__/ledger/ledger.test.ts[2m > [22m[2mplatform ledger & vendor earnings[2m > [22m[2msettleOrder[2m > [22m[2mrejects non-PAID orders
[22m[39mprisma:query db.PlatformConfig.aggregate([ { $match: { $expr: { $and: [ { $and: [ { $eq: [ "$_id", { $literal: ObjectId("69d9063630c65a11dba0a19c"), }, ], }, { $ne: [ "$_id", "$$REMOVE", ], }, ], }, ], }, }, }, { $project: { _id: 1, key: 1, value: 1, }, }, ])

[90mstdout[2m | src/__tests__/ledger/ledger.test.ts[2m > [22m[2mplatform ledger & vendor earnings[2m > [22m[2msettleOrder[2m > [22m[2mrejects non-PAID orders
[22m[39mprisma:query db.UserProfile.insertOne({ userId: "ledger-test-vendor-4", email: "ledger-test-vendor-4@test.com", firstName: "Test", lastName: "User", role: "CUSTOMER", isVendor: true, vendorStatus: "ACTIVE", storeName: "Status Check Store", storeSlug: "status-check-store", createdAt: DateTime("2026-04-10 14:16:24.606 +00:00:00"), updatedAt: DateTime("2026-04-10 14:16:24.606 +00:00:00"), })

[90mstdout[2m | src/__tests__/ledger/ledger.test.ts[2m > [22m[2mplatform ledger & vendor earnings[2m > [22m[2msettleOrder[2m > [22m[2mrejects non-PAID orders
[22m[39mprisma:query db.UserProfile.aggregate([ { $match: { $expr: { $and: [ { $and: [ { $eq: [ "$_id", { $literal: ObjectId("69d9063830c65a11dba0a19d"), }, ], }, { $ne: [ "$_id", "$$REMOVE", ], }, ], }, ], }, }, }, { $project: { _id: 1, userId: 1, email: 1, firstName: 1, lastName: 1, phone: 1, avatar: 1, dateOfBirth: 1, gender: 1, role: 1, isVendor: 1, vendorStatus: 1, storeName: 1, storeSlug: 1, storeDescription: 1, vendorSince: 1, createdAt: 1, updatedAt: 1, }, }, ])

[90mstdout[2m | src/__tests__/ledger/ledger.test.ts[2m > [22m[2mplatform ledger & vendor earnings[2m > [22m[2msettleOrder[2m > [22m[2mrejects non-PAID orders
[22m[39mprisma:query db.UserProfile.insertOne({ userId: "ledger-test-buyer-4", email: "ledger-test-buyer-4@test.com", firstName: "Test", lastName: "User", role: "CUSTOMER", isVendor: false, createdAt: DateTime("2026-04-10 14:16:25.207 +00:00:00"), updatedAt: DateTime("2026-04-10 14:16:25.207 +00:00:00"), })

[90mstdout[2m | src/__tests__/ledger/ledger.test.ts[2m > [22m[2mplatform ledger & vendor earnings[2m > [22m[2msettleOrder[2m > [22m[2mrejects non-PAID orders
[22m[39mprisma:query db.UserProfile.aggregate([ { $match: { $expr: { $and: [ { $and: [ { $eq: [ "$_id", { $literal: ObjectId("69d9063930c65a11dba0a19e"), }, ], }, { $ne: [ "$_id", "$$REMOVE", ], }, ], }, ], }, }, }, { $project: { _id: 1, userId: 1, email: 1, firstName: 1, lastName: 1, phone: 1, avatar: 1, dateOfBirth: 1, gender: 1, role: 1, isVendor: 1, vendorStatus: 1, storeName: 1, storeSlug: 1, storeDescription: 1, vendorSince: 1, createdAt: 1, updatedAt: 1, }, }, ])

[90mstdout[2m | src/__tests__/ledger/ledger.test.ts[2m > [22m[2mplatform ledger & vendor earnings[2m > [22m[2msettleOrder[2m > [22m[2mrejects non-PAID orders
[22m[39mprisma:query db.Product.insertOne({ name: "Ledger Test Product 4", slug: "ledger-test-product-1775830585838-4", description: "Test product", stockKeepingUnit: "ledger-test-SKU-1775830585838-4", basePrice: 1000, type: "DIGITAL", vendorId: "ledger-test-vendor-4", approvalStatus: "APPROVED", tags: [ ], images: [ ], avgRating: 0, reviewCount: 0, stock: 0, lowStockThreshold: 10, isActive: true, isFeatured: false, isNewArrival: true, createdAt: DateTime("2026-04-10 14:16:25.84 +00:00:00"), updatedAt: DateTime("2026-04-10 14:16:25.84 +00:00:00"), })

[90mstdout[2m | src/__tests__/ledger/ledger.test.ts[2m > [22m[2mplatform ledger & vendor earnings[2m > [22m[2msettleOrder[2m > [22m[2mrejects non-PAID orders
[22m[39mprisma:query db.Product.aggregate([ { $match: { $expr: { $and: [ { $and: [ { $eq: [ "$_id", { $literal: ObjectId("69d9063930c65a11dba0a19f"), }, ], }, { $ne: [ "$_id", "$$REMOVE", ], }, ], }, ], }, }, }, { $project: { _id: 1, name: 1, slug: 1, description: 1, shortDesc: 1, stockKeepingUnit: 1, basePrice: 1, salePrice: 1, type: 1, categoryId: 1, vendorId: 1, approvalStatus: 1, brand: 1, tags: 1, images: 1, avgRating: 1, reviewCount: 1, stock: 1, lowStockThreshold: 1, isActive: 1, isFeatured: 1, isNewArrival: 1, createdAt: 1, updatedAt: 1, }, }, ])

[90mstdout[2m | src/__tests__/ledger/ledger.test.ts[2m > [22m[2mplatform ledger & vendor earnings[2m > [22m[2msettleOrder[2m > [22m[2mrejects non-PAID orders
[22m[39mprisma:query db.Order.insertOne({ orderNumber: "ledger-test-ORD-1775830586891-4", userId: "ledger-test-buyer-4", vendorId: "ledger-test-vendor-4", status: "CREATED", subtotal: 1000, shipping: 0, discount: 0, total: 1000, createdAt: DateTime("2026-04-10 14:16:26.892 +00:00:00"), updatedAt: DateTime("2026-04-10 14:16:26.892 +00:00:00"), })

[90mstdout[2m | src/__tests__/ledger/ledger.test.ts[2m > [22m[2mplatform ledger & vendor earnings[2m > [22m[2msettleOrder[2m > [22m[2mrejects non-PAID orders
[22m[39mprisma:query db.OrderItem.insertOne({ orderId: ObjectId("69d9063a30c65a11dba0a1a0"), productId: ObjectId("69d9063930c65a11dba0a19f"), productName: "Ledger Test Product 4", quantity: 1, unitPrice: 1000, totalPrice: 1000, createdAt: DateTime("2026-04-10 14:16:26.892 +00:00:00"), })

[90mstdout[2m | src/__tests__/ledger/ledger.test.ts[2m > [22m[2mplatform ledger & vendor earnings[2m > [22m[2msettleOrder[2m > [22m[2mrejects non-PAID orders
[22m[39mprisma:query db.OrderStatusHistory.insertOne({ orderId: ObjectId("69d9063a30c65a11dba0a1a0"), status: "CREATED", note: "Test order", createdAt: DateTime("2026-04-10 14:16:26.892 +00:00:00"), })

[90mstdout[2m | src/__tests__/ledger/ledger.test.ts[2m > [22m[2mplatform ledger & vendor earnings[2m > [22m[2msettleOrder[2m > [22m[2mrejects non-PAID orders
[22m[39mprisma:query db.Order.aggregate([ { $match: { $expr: { $and: [ { $and: [ { $eq: [ "$_id", { $literal: ObjectId("69d9063a30c65a11dba0a1a0"), }, ], }, { $ne: [ "$_id", "$$REMOVE", ], }, ], }, ], }, }, }, { $project: { _id: 1, orderNumber: 1, userId: 1, vendorId: 1, checkoutSessionId: 1, status: 1, shippingAddress: 1, billingAddress: 1, subtotal: 1, shipping: 1, discount: 1, total: 1, couponCode: 1, notes: 1, createdAt: 1, updatedAt: 1, paidAt: 1, shippedAt: 1, deliveredAt: 1, }, }, ])

[90mstdout[2m | src/__tests__/ledger/ledger.test.ts[2m > [22m[2mplatform ledger & vendor earnings[2m > [22m[2msettleOrder[2m > [22m[2mrejects non-PAID orders
[22m[39mprisma:query db.LedgerEntry.aggregate([ { $match: { $expr: { $and: [ { $and: [ { $eq: [ "$orderId", { $literal: ObjectId("69d9063a30c65a11dba0a1a0"), }, ], }, { $ne: [ "$orderId", "$$REMOVE", ], }, ], }, { $and: [ { $eq: [ "$type", { $literal: "SALE", }, ], }, { $ne: [ "$type", "$$REMOVE", ], }, ], }, ], }, }, }, { $limit: 1, }, { $project: { _id: 1, orderId: 1, vendorId: 1, type: 1, amount: 1, currency: 1, balanceBefore: 1, balanceAfter: 1, createdAt: 1, }, }, ])

[90mstdout[2m | src/__tests__/ledger/ledger.test.ts[2m > [22m[2mplatform ledger & vendor earnings[2m > [22m[2msettleOrder[2m > [22m[2mrejects non-PAID orders
[22m[39mprisma:query db.Order.aggregate([ { $match: { $expr: { $and: [ { $and: [ { $and: [ { $eq: [ "$_id", { $literal: ObjectId("69d9063a30c65a11dba0a1a0"), }, ], }, { $ne: [ "$_id", "$$REMOVE", ], }, ], }, ], }, { }, ], }, }, }, { $project: { _id: 1, orderNumber: 1, userId: 1, vendorId: 1, checkoutSessionId: 1, status: 1, shippingAddress: 1, billingAddress: 1, subtotal: 1, shipping: 1, discount: 1, total: 1, couponCode: 1, notes: 1, createdAt: 1, updatedAt: 1, paidAt: 1, shippedAt: 1, deliveredAt: 1, }, }, ])

[90mstdout[2m | src/__tests__/ledger/ledger.test.ts[2m > [22m[2mplatform ledger & vendor earnings[2m > [22m[2msettleOrder[2m > [22m[2mrejects non-PAID orders
[22m[39mprisma:query db.LedgerEntry.aggregate([ { $match: { $expr: { $and: [ { $regexMatch: { input: "$vendorId", regex: "^ledger-test", options: "", }, }, { $ne: [ "$vendorId", "$$REMOVE", ], }, ], }, }, }, { $project: { _id: 1, }, }, ])

[90mstdout[2m | src/__tests__/ledger/ledger.test.ts[2m > [22m[2mplatform ledger & vendor earnings[2m > [22m[2msettleOrder[2m > [22m[2mrejects non-PAID orders
[22m[39mprisma:query db.VendorBalance.aggregate([ { $match: { $expr: { $and: [ { $regexMatch: { input: "$vendorId", regex: "^ledger-test", options: "", }, }, { $ne: [ "$vendorId", "$$REMOVE", ], }, ], }, }, }, { $project: { _id: 1, }, }, ])

[90mstdout[2m | src/__tests__/ledger/ledger.test.ts[2m > [22m[2mplatform ledger & vendor earnings[2m > [22m[2msettleOrder[2m > [22m[2mrejects non-PAID orders
[22m[39mprisma:query db.Order.aggregate([ { $match: { $expr: { $and: [ { $regexMatch: { input: "$userId", regex: "^ledger-test", options: "", }, }, { $ne: [ "$userId", "$$REMOVE", ], }, ], }, }, }, { $project: { _id: 1, }, }, ])

[90mstdout[2m | src/__tests__/ledger/ledger.test.ts[2m > [22m[2mplatform ledger & vendor earnings[2m > [22m[2msettleOrder[2m > [22m[2mrejects non-PAID orders
[22m[39mprisma:query db.OrderStatusHistory.aggregate([ { $match: { $expr: { $and: [ { $or: [ { $eq: [ "$orderId", { $literal: ObjectId("69d9063a30c65a11dba0a1a0"), }, ], }, ], }, { $ne: [ "$orderId", "$$REMOVE", ], }, ], }, }, }, { $project: { _id: 1, }, }, ])

[90mstdout[2m | src/__tests__/ledger/ledger.test.ts[2m > [22m[2mplatform ledger & vendor earnings[2m > [22m[2msettleOrder[2m > [22m[2mrejects non-PAID orders
[22m[39mprisma:query db.OrderStatusHistory.deleteMany({ _id: { $in: [ ObjectId("69d9063b30c65a11dba0a1a2"), ], }, })

[90mstdout[2m | src/__tests__/ledger/ledger.test.ts[2m > [22m[2mplatform ledger & vendor earnings[2m > [22m[2msettleOrder[2m > [22m[2mrejects non-PAID orders
[22m[39mprisma:query db.OrderItem.aggregate([ { $match: { $expr: { $and: [ { $or: [ { $eq: [ "$orderId", { $literal: ObjectId("69d9063a30c65a11dba0a1a0"), }, ], }, ], }, { $ne: [ "$orderId", "$$REMOVE", ], }, ], }, }, }, { $project: { _id: 1, }, }, ])

[90mstdout[2m | src/__tests__/ledger/ledger.test.ts[2m > [22m[2mplatform ledger & vendor earnings[2m > [22m[2msettleOrder[2m > [22m[2mrejects non-PAID orders
[22m[39mprisma:query db.OrderItem.deleteMany({ _id: { $in: [ ObjectId("69d9063b30c65a11dba0a1a1"), ], }, })

[90mstdout[2m | src/__tests__/ledger/ledger.test.ts[2m > [22m[2mplatform ledger & vendor earnings[2m > [22m[2msettleOrder[2m > [22m[2mrejects non-PAID orders
[22m[39mprisma:query db.Order.aggregate([ { $match: { $expr: { $and: [ { $regexMatch: { input: "$userId", regex: "^ledger-test", options: "", }, }, { $ne: [ "$userId", "$$REMOVE", ], }, ], }, }, }, { $project: { _id: 1, }, }, ])

[90mstdout[2m | src/__tests__/ledger/ledger.test.ts[2m > [22m[2mplatform ledger & vendor earnings[2m > [22m[2msettleOrder[2m > [22m[2mrejects non-PAID orders
[22m[39mprisma:query db.OrderStatusHistory.aggregate([ { $match: { $expr: { $and: [ { }, { $and: [ { $or: [ { $eq: [ "$orderId", { $literal: ObjectId("69d9063a30c65a11dba0a1a0"), }, ], }, ], }, { $ne: [ "$orderId", "$$REMOVE", ], }, ], }, ], }, }, }, { $project: { _id: 1, orderId: 1, }, }, ])

[90mstdout[2m | src/__tests__/ledger/ledger.test.ts[2m > [22m[2mplatform ledger & vendor earnings[2m > [22m[2msettleOrder[2m > [22m[2mrejects non-PAID orders
[22m[39mprisma:query db.OrderItem.aggregate([ { $match: { $expr: { $and: [ { }, { $and: [ { $or: [ { $eq: [ "$orderId", { $literal: ObjectId("69d9063a30c65a11dba0a1a0"), }, ], }, ], }, { $ne: [ "$orderId", "$$REMOVE", ], }, ], }, ], }, }, }, { $project: { _id: 1, orderId: 1, }, }, ])

[90mstdout[2m | src/__tests__/ledger/ledger.test.ts[2m > [22m[2mplatform ledger & vendor earnings[2m > [22m[2msettleOrder[2m > [22m[2mrejects non-PAID orders
[22m[39mprisma:query db.Order.deleteMany({ _id: { $in: [ ObjectId("69d9063a30c65a11dba0a1a0"), ], }, })

[90mstdout[2m | src/__tests__/ledger/ledger.test.ts[2m > [22m[2mplatform ledger & vendor earnings[2m > [22m[2msettleOrder[2m > [22m[2mrejects non-PAID orders
[22m[39mprisma:query db.Product.aggregate([ { $match: { $expr: { $and: [ { $regexMatch: { input: "$vendorId", regex: "^ledger-test", options: "", }, }, { $ne: [ "$vendorId", "$$REMOVE", ], }, ], }, }, }, { $project: { _id: 1, }, }, ])

[90mstdout[2m | src/__tests__/ledger/ledger.test.ts[2m > [22m[2mplatform ledger & vendor earnings[2m > [22m[2msettleOrder[2m > [22m[2mrejects non-PAID orders
[22m[39mprisma:query db.DigitalAsset.aggregate([ { $match: { $expr: { $and: [ { }, { $and: [ { $or: [ { $eq: [ "$productId", { $literal: ObjectId("69d9063930c65a11dba0a19f"), }, ], }, ], }, { $ne: [ "$productId", "$$REMOVE", ], }, ], }, ], }, }, }, { $project: { _id: 1, productId: 1, }, }, ])

[90mstdout[2m | src/__tests__/ledger/ledger.test.ts[2m > [22m[2mplatform ledger & vendor earnings[2m > [22m[2msettleOrder[2m > [22m[2mrejects non-PAID orders
[22m[39mprisma:query db.WishlistItem.aggregate([ { $match: { $expr: { $and: [ { }, { $and: [ { $or: [ { $eq: [ "$productId", { $literal: ObjectId("69d9063930c65a11dba0a19f"), }, ], }, ], }, { $ne: [ "$productId", "$$REMOVE", ], }, ], }, ], }, }, }, { $project: { _id: 1, productId: 1, }, }, ])

[90mstdout[2m | src/__tests__/ledger/ledger.test.ts[2m > [22m[2mplatform ledger & vendor earnings[2m > [22m[2msettleOrder[2m > [22m[2mrejects non-PAID orders
[22m[39mprisma:query db.Review.aggregate([ { $match: { $expr: { $and: [ { }, { $and: [ { $or: [ { $eq: [ "$productId", { $literal: ObjectId("69d9063930c65a11dba0a19f"), }, ], }, ], }, { $ne: [ "$productId", "$$REMOVE", ], }, ], }, ], }, }, }, { $project: { _id: 1, productId: 1, }, }, ])

[90mstdout[2m | src/__tests__/ledger/ledger.test.ts[2m > [22m[2mplatform ledger & vendor earnings[2m > [22m[2msettleOrder[2m > [22m[2mrejects non-PAID orders
[22m[39mprisma:query db.OrderItem.aggregate([ { $match: { $expr: { $and: [ { }, { $and: [ { $or: [ { $eq: [ "$productId", { $literal: ObjectId("69d9063930c65a11dba0a19f"), }, ], }, ], }, { $ne: [ "$productId", "$$REMOVE", ], }, ], }, ], }, }, }, { $project: { _id: 1, productId: 1, }, }, ])

[90mstdout[2m | src/__tests__/ledger/ledger.test.ts[2m > [22m[2mplatform ledger & vendor earnings[2m > [22m[2msettleOrder[2m > [22m[2mrejects non-PAID orders
[22m[39mprisma:query db.CartItem.aggregate([ { $match: { $expr: { $and: [ { }, { $and: [ { $or: [ { $eq: [ "$productId", { $literal: ObjectId("69d9063930c65a11dba0a19f"), }, ], }, ], }, { $ne: [ "$productId", "$$REMOVE", ], }, ], }, ], }, }, }, { $project: { _id: 1, productId: 1, }, }, ])

[90mstdout[2m | src/__tests__/ledger/ledger.test.ts[2m > [22m[2mplatform ledger & vendor earnings[2m > [22m[2msettleOrder[2m > [22m[2mrejects non-PAID orders
[22m[39mprisma:query db.ProductVariant.aggregate([ { $match: { $expr: { $and: [ { }, { $and: [ { $or: [ { $eq: [ "$productId", { $literal: ObjectId("69d9063930c65a11dba0a19f"), }, ], }, ], }, { $ne: [ "$productId", "$$REMOVE", ], }, ], }, ], }, }, }, { $project: { _id: 1, productId: 1, }, }, ])

[90mstdout[2m | src/__tests__/ledger/ledger.test.ts[2m > [22m[2mplatform ledger & vendor earnings[2m > [22m[2msettleOrder[2m > [22m[2mrejects non-PAID orders
[22m[39mprisma:query db.Product.deleteMany({ _id: { $in: [ ObjectId("69d9063930c65a11dba0a19f"), ], }, })

[90mstdout[2m | src/__tests__/ledger/ledger.test.ts[2m > [22m[2mplatform ledger & vendor earnings[2m > [22m[2msettleOrder[2m > [22m[2mrejects non-PAID orders
[22m[39mprisma:query db.UserProfile.aggregate([ { $match: { $expr: { $and: [ { $regexMatch: { input: "$userId", regex: "^ledger-test", options: "", }, }, { $ne: [ "$userId", "$$REMOVE", ], }, ], }, }, }, { $project: { _id: 1, }, }, ])

[90mstdout[2m | src/__tests__/ledger/ledger.test.ts[2m > [22m[2mplatform ledger & vendor earnings[2m > [22m[2msettleOrder[2m > [22m[2mrejects non-PAID orders
[22m[39mprisma:query db.UserProfile.deleteMany({ _id: { $in: [ ObjectId("69d9063830c65a11dba0a19d"), ObjectId("69d9063930c65a11dba0a19e"), ], }, })

[90mstdout[2m | src/__tests__/ledger/ledger.test.ts[2m > [22m[2mplatform ledger & vendor earnings[2m > [22m[2msettleOrder[2m > [22m[2mrejects non-PAID orders
[22m[39mprisma:query db.PlatformConfig.aggregate([ { $match: { $expr: { $and: [ { $eq: [ "$key", { $literal: "commissionRate", }, ], }, { $ne: [ "$key", "$$REMOVE", ], }, ], }, }, }, { $project: { _id: 1, }, }, ])

[90mstdout[2m | src/__tests__/ledger/ledger.test.ts[2m > [22m[2mplatform ledger & vendor earnings[2m > [22m[2msettleOrder[2m > [22m[2mrejects non-PAID orders
[22m[39mprisma:query db.PlatformConfig.deleteMany({ _id: { $in: [ ObjectId("69d9063630c65a11dba0a19c"), ], }, })

[90mstdout[2m | src/__tests__/ledger/ledger.test.ts[2m > [22m[2mplatform ledger & vendor earnings[2m > [22m[2msettleOrder[2m > [22m[2mrejects platform-owned orders
[22m[39mprisma:query db.PlatformConfig.aggregate([ { $match: { $expr: { $and: [ { $and: [ { $and: [ { $eq: [ "$key", { $literal: "commissionRate", }, ], }, { $ne: [ "$key", "$$REMOVE", ], }, ], }, ], }, { }, ], }, }, }, { $project: { _id: 1, }, }, ])

[90mstdout[2m | src/__tests__/ledger/ledger.test.ts[2m > [22m[2mplatform ledger & vendor earnings[2m > [22m[2msettleOrder[2m > [22m[2mrejects platform-owned orders
[22m[39mprisma:query db.PlatformConfig.insertOne({ key: "commissionRate", value: "0.10", })

[90mstdout[2m | src/__tests__/ledger/ledger.test.ts[2m > [22m[2mplatform ledger & vendor earnings[2m > [22m[2msettleOrder[2m > [22m[2mrejects platform-owned orders
[22m[39mprisma:query db.PlatformConfig.aggregate([ { $match: { $expr: { $and: [ { $and: [ { $eq: [ "$_id", { $literal: ObjectId("69d9064a30c65a11dba0a1a3"), }, ], }, { $ne: [ "$_id", "$$REMOVE", ], }, ], }, ], }, }, }, { $project: { _id: 1, key: 1, value: 1, }, }, ])

[90mstdout[2m | src/__tests__/ledger/ledger.test.ts[2m > [22m[2mplatform ledger & vendor earnings[2m > [22m[2msettleOrder[2m > [22m[2mrejects platform-owned orders
[22m[39mprisma:query db.UserProfile.insertOne({ userId: "ledger-test-buyer-5", email: "ledger-test-buyer-5@test.com", firstName: "Test", lastName: "User", role: "CUSTOMER", isVendor: false, createdAt: DateTime("2026-04-10 14:16:43.905 +00:00:00"), updatedAt: DateTime("2026-04-10 14:16:43.905 +00:00:00"), })

[90mstdout[2m | src/__tests__/ledger/ledger.test.ts[2m > [22m[2mplatform ledger & vendor earnings[2m > [22m[2msettleOrder[2m > [22m[2mrejects platform-owned orders
[22m[39mprisma:query db.UserProfile.aggregate([ { $match: { $expr: { $and: [ { $and: [ { $eq: [ "$_id", { $literal: ObjectId("69d9064b30c65a11dba0a1a4"), }, ], }, { $ne: [ "$_id", "$$REMOVE", ], }, ], }, ], }, }, }, { $project: { _id: 1, userId: 1, email: 1, firstName: 1, lastName: 1, phone: 1, avatar: 1, dateOfBirth: 1, gender: 1, role: 1, isVendor: 1, vendorStatus: 1, storeName: 1, storeSlug: 1, storeDescription: 1, vendorSince: 1, createdAt: 1, updatedAt: 1, }, }, ])

[90mstdout[2m | src/__tests__/ledger/ledger.test.ts[2m > [22m[2mplatform ledger & vendor earnings[2m > [22m[2msettleOrder[2m > [22m[2mrejects platform-owned orders
[22m[39mprisma:query db.Order.insertOne({ orderNumber: "ledger-test-ORD-PLATFORM-1775830604978", userId: "ledger-test-buyer-5", status: "PAID", subtotal: 5000, shipping: 0, discount: 0, total: 5000, createdAt: DateTime("2026-04-10 14:16:44.98 +00:00:00"), updatedAt: DateTime("2026-04-10 14:16:44.98 +00:00:00"), })

[90mstdout[2m | src/__tests__/ledger/ledger.test.ts[2m > [22m[2mplatform ledger & vendor earnings[2m > [22m[2msettleOrder[2m > [22m[2mrejects platform-owned orders
[22m[39mprisma:query db.OrderStatusHistory.insertOne({ orderId: ObjectId("69d9064c30c65a11dba0a1a5"), status: "PAID", note: "Test", createdAt: DateTime("2026-04-10 14:16:44.98 +00:00:00"), })

[90mstdout[2m | src/__tests__/ledger/ledger.test.ts[2m > [22m[2mplatform ledger & vendor earnings[2m > [22m[2msettleOrder[2m > [22m[2mrejects platform-owned orders
[22m[39mprisma:query db.Order.aggregate([ { $match: { $expr: { $and: [ { $and: [ { $eq: [ "$_id", { $literal: ObjectId("69d9064c30c65a11dba0a1a5"), }, ], }, { $ne: [ "$_id", "$$REMOVE", ], }, ], }, ], }, }, }, { $project: { _id: 1, orderNumber: 1, userId: 1, vendorId: 1, checkoutSessionId: 1, status: 1, shippingAddress: 1, billingAddress: 1, subtotal: 1, shipping: 1, discount: 1, total: 1, couponCode: 1, notes: 1, createdAt: 1, updatedAt: 1, paidAt: 1, shippedAt: 1, deliveredAt: 1, }, }, ])

[90mstdout[2m | src/__tests__/ledger/ledger.test.ts[2m > [22m[2mplatform ledger & vendor earnings[2m > [22m[2msettleOrder[2m > [22m[2mrejects platform-owned orders
[22m[39mprisma:query db.LedgerEntry.aggregate([ { $match: { $expr: { $and: [ { $and: [ { $eq: [ "$orderId", { $literal: ObjectId("69d9064c30c65a11dba0a1a5"), }, ], }, { $ne: [ "$orderId", "$$REMOVE", ], }, ], }, { $and: [ { $eq: [ "$type", { $literal: "SALE", }, ], }, { $ne: [ "$type", "$$REMOVE", ], }, ], }, ], }, }, }, { $limit: 1, }, { $project: { _id: 1, orderId: 1, vendorId: 1, type: 1, amount: 1, currency: 1, balanceBefore: 1, balanceAfter: 1, createdAt: 1, }, }, ])

[90mstdout[2m | src/__tests__/ledger/ledger.test.ts[2m > [22m[2mplatform ledger & vendor earnings[2m > [22m[2msettleOrder[2m > [22m[2mrejects platform-owned orders
[22m[39mprisma:query db.Order.aggregate([ { $match: { $expr: { $and: [ { $and: [ { $and: [ { $eq: [ "$_id", { $literal: ObjectId("69d9064c30c65a11dba0a1a5"), }, ], }, { $ne: [ "$_id", "$$REMOVE", ], }, ], }, ], }, { }, ], }, }, }, { $project: { _id: 1, orderNumber: 1, userId: 1, vendorId: 1, checkoutSessionId: 1, status: 1, shippingAddress: 1, billingAddress: 1, subtotal: 1, shipping: 1, discount: 1, total: 1, couponCode: 1, notes: 1, createdAt: 1, updatedAt: 1, paidAt: 1, shippedAt: 1, deliveredAt: 1, }, }, ])

[90mstdout[2m | src/__tests__/ledger/ledger.test.ts[2m > [22m[2mplatform ledger & vendor earnings[2m > [22m[2msettleOrder[2m > [22m[2mrejects platform-owned orders
[22m[39mprisma:query db.LedgerEntry.aggregate([ { $match: { $expr: { $and: [ { $regexMatch: { input: "$vendorId", regex: "^ledger-test", options: "", }, }, { $ne: [ "$vendorId", "$$REMOVE", ], }, ], }, }, }, { $project: { _id: 1, }, }, ])

[90mstdout[2m | src/__tests__/ledger/ledger.test.ts[2m > [22m[2mplatform ledger & vendor earnings[2m > [22m[2msettleOrder[2m > [22m[2mrejects platform-owned orders
[22m[39mprisma:query db.VendorBalance.aggregate([ { $match: { $expr: { $and: [ { $regexMatch: { input: "$vendorId", regex: "^ledger-test", options: "", }, }, { $ne: [ "$vendorId", "$$REMOVE", ], }, ], }, }, }, { $project: { _id: 1, }, }, ])

[90mstdout[2m | src/__tests__/ledger/ledger.test.ts[2m > [22m[2mplatform ledger & vendor earnings[2m > [22m[2msettleOrder[2m > [22m[2mrejects platform-owned orders
[22m[39mprisma:query db.Order.aggregate([ { $match: { $expr: { $and: [ { $regexMatch: { input: "$userId", regex: "^ledger-test", options: "", }, }, { $ne: [ "$userId", "$$REMOVE", ], }, ], }, }, }, { $project: { _id: 1, }, }, ])

[90mstdout[2m | src/__tests__/ledger/ledger.test.ts[2m > [22m[2mplatform ledger & vendor earnings[2m > [22m[2msettleOrder[2m > [22m[2mrejects platform-owned orders
[22m[39mprisma:query db.OrderStatusHistory.aggregate([ { $match: { $expr: { $and: [ { $or: [ { $eq: [ "$orderId", { $literal: ObjectId("69d9064c30c65a11dba0a1a5"), }, ], }, ], }, { $ne: [ "$orderId", "$$REMOVE", ], }, ], }, }, }, { $project: { _id: 1, }, }, ])

[90mstdout[2m | src/__tests__/ledger/ledger.test.ts[2m > [22m[2mplatform ledger & vendor earnings[2m > [22m[2msettleOrder[2m > [22m[2mrejects platform-owned orders
[22m[39mprisma:query db.OrderStatusHistory.deleteMany({ _id: { $in: [ ObjectId("69d9064d30c65a11dba0a1a6"), ], }, })

[90mstdout[2m | src/__tests__/ledger/ledger.test.ts[2m > [22m[2mplatform ledger & vendor earnings[2m > [22m[2msettleOrder[2m > [22m[2mrejects platform-owned orders
[22m[39mprisma:query db.OrderItem.aggregate([ { $match: { $expr: { $and: [ { $or: [ { $eq: [ "$orderId", { $literal: ObjectId("69d9064c30c65a11dba0a1a5"), }, ], }, ], }, { $ne: [ "$orderId", "$$REMOVE", ], }, ], }, }, }, { $project: { _id: 1, }, }, ])

[90mstdout[2m | src/__tests__/ledger/ledger.test.ts[2m > [22m[2mplatform ledger & vendor earnings[2m > [22m[2msettleOrder[2m > [22m[2mrejects platform-owned orders
[22m[39mprisma:query db.Order.aggregate([ { $match: { $expr: { $and: [ { $regexMatch: { input: "$userId", regex: "^ledger-test", options: "", }, }, { $ne: [ "$userId", "$$REMOVE", ], }, ], }, }, }, { $project: { _id: 1, }, }, ])

[90mstdout[2m | src/__tests__/ledger/ledger.test.ts[2m > [22m[2mplatform ledger & vendor earnings[2m > [22m[2msettleOrder[2m > [22m[2mrejects platform-owned orders
[22m[39mprisma:query db.OrderStatusHistory.aggregate([ { $match: { $expr: { $and: [ { }, { $and: [ { $or: [ { $eq: [ "$orderId", { $literal: ObjectId("69d9064c30c65a11dba0a1a5"), }, ], }, ], }, { $ne: [ "$orderId", "$$REMOVE", ], }, ], }, ], }, }, }, { $project: { _id: 1, orderId: 1, }, }, ])

[90mstdout[2m | src/__tests__/ledger/ledger.test.ts[2m > [22m[2mplatform ledger & vendor earnings[2m > [22m[2msettleOrder[2m > [22m[2mrejects platform-owned orders
[22m[39mprisma:query db.OrderItem.aggregate([ { $match: { $expr: { $and: [ { }, { $and: [ { $or: [ { $eq: [ "$orderId", { $literal: ObjectId("69d9064c30c65a11dba0a1a5"), }, ], }, ], }, { $ne: [ "$orderId", "$$REMOVE", ], }, ], }, ], }, }, }, { $project: { _id: 1, orderId: 1, }, }, ])

[90mstdout[2m | src/__tests__/ledger/ledger.test.ts[2m > [22m[2mplatform ledger & vendor earnings[2m > [22m[2msettleOrder[2m > [22m[2mrejects platform-owned orders
[22m[39mprisma:query db.Order.deleteMany({ _id: { $in: [ ObjectId("69d9064c30c65a11dba0a1a5"), ], }, })

[90mstdout[2m | src/__tests__/ledger/ledger.test.ts[2m > [22m[2mplatform ledger & vendor earnings[2m > [22m[2msettleOrder[2m > [22m[2mrejects platform-owned orders
[22m[39mprisma:query db.Product.aggregate([ { $match: { $expr: { $and: [ { $regexMatch: { input: "$vendorId", regex: "^ledger-test", options: "", }, }, { $ne: [ "$vendorId", "$$REMOVE", ], }, ], }, }, }, { $project: { _id: 1, }, }, ])

[90mstdout[2m | src/__tests__/ledger/ledger.test.ts[2m > [22m[2mplatform ledger & vendor earnings[2m > [22m[2msettleOrder[2m > [22m[2mrejects platform-owned orders
[22m[39mprisma:query db.UserProfile.aggregate([ { $match: { $expr: { $and: [ { $regexMatch: { input: "$userId", regex: "^ledger-test", options: "", }, }, { $ne: [ "$userId", "$$REMOVE", ], }, ], }, }, }, { $project: { _id: 1, }, }, ])

[90mstdout[2m | src/__tests__/ledger/ledger.test.ts[2m > [22m[2mplatform ledger & vendor earnings[2m > [22m[2msettleOrder[2m > [22m[2mrejects platform-owned orders
[22m[39mprisma:query db.UserProfile.deleteMany({ _id: { $in: [ ObjectId("69d9064b30c65a11dba0a1a4"), ], }, })

[90mstdout[2m | src/__tests__/ledger/ledger.test.ts[2m > [22m[2mplatform ledger & vendor earnings[2m > [22m[2msettleOrder[2m > [22m[2mrejects platform-owned orders
[22m[39mprisma:query db.PlatformConfig.aggregate([ { $match: { $expr: { $and: [ { $eq: [ "$key", { $literal: "commissionRate", }, ], }, { $ne: [ "$key", "$$REMOVE", ], }, ], }, }, }, { $project: { _id: 1, }, }, ])

[90mstdout[2m | src/__tests__/ledger/ledger.test.ts[2m > [22m[2mplatform ledger & vendor earnings[2m > [22m[2msettleOrder[2m > [22m[2mrejects platform-owned orders
[22m[39mprisma:query db.PlatformConfig.deleteMany({ _id: { $in: [ ObjectId("69d9064a30c65a11dba0a1a3"), ], }, })

[90mstdout[2m | src/__tests__/ledger/ledger.test.ts[2m > [22m[2mplatform ledger & vendor earnings[2m > [22m[2msettleOrder[2m > [22m[2maccumulates balance across multiple orders
[22m[39mprisma:query db.PlatformConfig.aggregate([ { $match: { $expr: { $and: [ { $and: [ { $and: [ { $eq: [ "$key", { $literal: "commissionRate", }, ], }, { $ne: [ "$key", "$$REMOVE", ], }, ], }, ], }, { }, ], }, }, }, { $project: { _id: 1, }, }, ])

[90mstdout[2m | src/__tests__/ledger/ledger.test.ts[2m > [22m[2mplatform ledger & vendor earnings[2m > [22m[2msettleOrder[2m > [22m[2maccumulates balance across multiple orders
[22m[39mprisma:query db.PlatformConfig.insertOne({ key: "commissionRate", value: "0.10", })

[90mstdout[2m | src/__tests__/ledger/ledger.test.ts[2m > [22m[2mplatform ledger & vendor earnings[2m > [22m[2msettleOrder[2m > [22m[2maccumulates balance across multiple orders
[22m[39mprisma:query db.PlatformConfig.aggregate([ { $match: { $expr: { $and: [ { $and: [ { $eq: [ "$_id", { $literal: ObjectId("69d9065730c65a11dba0a1a7"), }, ], }, { $ne: [ "$_id", "$$REMOVE", ], }, ], }, ], }, }, }, { $project: { _id: 1, key: 1, value: 1, }, }, ])

[90mstdout[2m | src/__tests__/ledger/ledger.test.ts[2m > [22m[2mplatform ledger & vendor earnings[2m > [22m[2msettleOrder[2m > [22m[2maccumulates balance across multiple orders
[22m[39mprisma:query db.UserProfile.insertOne({ userId: "ledger-test-vendor-6", email: "ledger-test-vendor-6@test.com", firstName: "Test", lastName: "User", role: "CUSTOMER", isVendor: true, vendorStatus: "ACTIVE", storeName: "Multi Order Store", storeSlug: "multi-order-store", createdAt: DateTime("2026-04-10 14:16:55.765 +00:00:00"), updatedAt: DateTime("2026-04-10 14:16:55.765 +00:00:00"), })

[90mstdout[2m | src/__tests__/ledger/ledger.test.ts[2m > [22m[2mplatform ledger & vendor earnings[2m > [22m[2msettleOrder[2m > [22m[2maccumulates balance across multiple orders
[22m[39mprisma:query db.UserProfile.aggregate([ { $match: { $expr: { $and: [ { $and: [ { $eq: [ "$_id", { $literal: ObjectId("69d9065730c65a11dba0a1a8"), }, ], }, { $ne: [ "$_id", "$$REMOVE", ], }, ], }, ], }, }, }, { $project: { _id: 1, userId: 1, email: 1, firstName: 1, lastName: 1, phone: 1, avatar: 1, dateOfBirth: 1, gender: 1, role: 1, isVendor: 1, vendorStatus: 1, storeName: 1, storeSlug: 1, storeDescription: 1, vendorSince: 1, createdAt: 1, updatedAt: 1, }, }, ])

[90mstdout[2m | src/__tests__/ledger/ledger.test.ts[2m > [22m[2mplatform ledger & vendor earnings[2m > [22m[2msettleOrder[2m > [22m[2maccumulates balance across multiple orders
[22m[39mprisma:query db.UserProfile.insertOne({ userId: "ledger-test-buyer-6", email: "ledger-test-buyer-6@test.com", firstName: "Test", lastName: "User", role: "CUSTOMER", isVendor: false, createdAt: DateTime("2026-04-10 14:16:56.315 +00:00:00"), updatedAt: DateTime("2026-04-10 14:16:56.315 +00:00:00"), })

[90mstdout[2m | src/__tests__/ledger/ledger.test.ts[2m > [22m[2mplatform ledger & vendor earnings[2m > [22m[2msettleOrder[2m > [22m[2maccumulates balance across multiple orders
[22m[39mprisma:query db.UserProfile.aggregate([ { $match: { $expr: { $and: [ { $and: [ { $eq: [ "$_id", { $literal: ObjectId("69d9065830c65a11dba0a1a9"), }, ], }, { $ne: [ "$_id", "$$REMOVE", ], }, ], }, ], }, }, }, { $project: { _id: 1, userId: 1, email: 1, firstName: 1, lastName: 1, phone: 1, avatar: 1, dateOfBirth: 1, gender: 1, role: 1, isVendor: 1, vendorStatus: 1, storeName: 1, storeSlug: 1, storeDescription: 1, vendorSince: 1, createdAt: 1, updatedAt: 1, }, }, ])

[90mstdout[2m | src/__tests__/ledger/ledger.test.ts[2m > [22m[2mplatform ledger & vendor earnings[2m > [22m[2msettleOrder[2m > [22m[2maccumulates balance across multiple orders
[22m[39mprisma:query db.Product.insertOne({ name: "Ledger Test Product 5", slug: "ledger-test-product-1775830616999-5", description: "Test product", stockKeepingUnit: "ledger-test-SKU-1775830616999-5", basePrice: 10000, type: "DIGITAL", vendorId: "ledger-test-vendor-6", approvalStatus: "APPROVED", tags: [ ], images: [ ], avgRating: 0, reviewCount: 0, stock: 0, lowStockThreshold: 10, isActive: true, isFeatured: false, isNewArrival: true, createdAt: DateTime("2026-04-10 14:16:57.001 +00:00:00"), updatedAt: DateTime("2026-04-10 14:16:57.001 +00:00:00"), })

[90mstdout[2m | src/__tests__/ledger/ledger.test.ts[2m > [22m[2mplatform ledger & vendor earnings[2m > [22m[2msettleOrder[2m > [22m[2maccumulates balance across multiple orders
[22m[39mprisma:query db.Product.aggregate([ { $match: { $expr: { $and: [ { $and: [ { $eq: [ "$_id", { $literal: ObjectId("69d9065930c65a11dba0a1aa"), }, ], }, { $ne: [ "$_id", "$$REMOVE", ], }, ], }, ], }, }, }, { $project: { _id: 1, name: 1, slug: 1, description: 1, shortDesc: 1, stockKeepingUnit: 1, basePrice: 1, salePrice: 1, type: 1, categoryId: 1, vendorId: 1, approvalStatus: 1, brand: 1, tags: 1, images: 1, avgRating: 1, reviewCount: 1, stock: 1, lowStockThreshold: 1, isActive: 1, isFeatured: 1, isNewArrival: 1, createdAt: 1, updatedAt: 1, }, }, ])

[90mstdout[2m | src/__tests__/ledger/ledger.test.ts[2m > [22m[2mplatform ledger & vendor earnings[2m > [22m[2msettleOrder[2m > [22m[2maccumulates balance across multiple orders
[22m[39mprisma:query db.Order.insertOne({ orderNumber: "ledger-test-ORD-1775830617698-5", userId: "ledger-test-buyer-6", vendorId: "ledger-test-vendor-6", status: "PAID", subtotal: 10000, shipping: 0, discount: 0, total: 10000, createdAt: DateTime("2026-04-10 14:16:57.699 +00:00:00"), updatedAt: DateTime("2026-04-10 14:16:57.699 +00:00:00"), })

[90mstdout[2m | src/__tests__/ledger/ledger.test.ts[2m > [22m[2mplatform ledger & vendor earnings[2m > [22m[2msettleOrder[2m > [22m[2maccumulates balance across multiple orders
[22m[39mprisma:query db.OrderItem.insertOne({ orderId: ObjectId("69d9065930c65a11dba0a1ab"), productId: ObjectId("69d9065930c65a11dba0a1aa"), productName: "Ledger Test Product 5", quantity: 1, unitPrice: 10000, totalPrice: 10000, createdAt: DateTime("2026-04-10 14:16:57.699 +00:00:00"), })

[90mstdout[2m | src/__tests__/ledger/ledger.test.ts[2m > [22m[2mplatform ledger & vendor earnings[2m > [22m[2msettleOrder[2m > [22m[2maccumulates balance across multiple orders
[22m[39mprisma:query db.OrderStatusHistory.insertOne({ orderId: ObjectId("69d9065930c65a11dba0a1ab"), status: "PAID", note: "Test order", createdAt: DateTime("2026-04-10 14:16:57.699 +00:00:00"), })

[90mstdout[2m | src/__tests__/ledger/ledger.test.ts[2m > [22m[2mplatform ledger & vendor earnings[2m > [22m[2msettleOrder[2m > [22m[2maccumulates balance across multiple orders
[22m[39mprisma:query db.Order.aggregate([ { $match: { $expr: { $and: [ { $and: [ { $eq: [ "$_id", { $literal: ObjectId("69d9065930c65a11dba0a1ab"), }, ], }, { $ne: [ "$_id", "$$REMOVE", ], }, ], }, ], }, }, }, { $project: { _id: 1, orderNumber: 1, userId: 1, vendorId: 1, checkoutSessionId: 1, status: 1, shippingAddress: 1, billingAddress: 1, subtotal: 1, shipping: 1, discount: 1, total: 1, couponCode: 1, notes: 1, createdAt: 1, updatedAt: 1, paidAt: 1, shippedAt: 1, deliveredAt: 1, }, }, ])

[90mstdout[2m | src/__tests__/ledger/ledger.test.ts[2m > [22m[2mplatform ledger & vendor earnings[2m > [22m[2msettleOrder[2m > [22m[2maccumulates balance across multiple orders
[22m[39mprisma:query db.Product.insertOne({ name: "Ledger Test Product 6", slug: "ledger-test-product-1775830619601-6", description: "Test product", stockKeepingUnit: "ledger-test-SKU-1775830619601-6", basePrice: 20000, type: "DIGITAL", vendorId: "ledger-test-vendor-6", approvalStatus: "APPROVED", tags: [ ], images: [ ], avgRating: 0, reviewCount: 0, stock: 0, lowStockThreshold: 10, isActive: true, isFeatured: false, isNewArrival: true, createdAt: DateTime("2026-04-10 14:16:59.602 +00:00:00"), updatedAt: DateTime("2026-04-10 14:16:59.602 +00:00:00"), })

[90mstdout[2m | src/__tests__/ledger/ledger.test.ts[2m > [22m[2mplatform ledger & vendor earnings[2m > [22m[2msettleOrder[2m > [22m[2maccumulates balance across multiple orders
[22m[39mprisma:query db.Product.aggregate([ { $match: { $expr: { $and: [ { $and: [ { $eq: [ "$_id", { $literal: ObjectId("69d9065b30c65a11dba0a1ae"), }, ], }, { $ne: [ "$_id", "$$REMOVE", ], }, ], }, ], }, }, }, { $project: { _id: 1, name: 1, slug: 1, description: 1, shortDesc: 1, stockKeepingUnit: 1, basePrice: 1, salePrice: 1, type: 1, categoryId: 1, vendorId: 1, approvalStatus: 1, brand: 1, tags: 1, images: 1, avgRating: 1, reviewCount: 1, stock: 1, lowStockThreshold: 1, isActive: 1, isFeatured: 1, isNewArrival: 1, createdAt: 1, updatedAt: 1, }, }, ])

[90mstdout[2m | src/__tests__/ledger/ledger.test.ts[2m > [22m[2mplatform ledger & vendor earnings[2m > [22m[2msettleOrder[2m > [22m[2maccumulates balance across multiple orders
[22m[39mprisma:query db.Order.insertOne({ orderNumber: "ledger-test-ORD-1775830620198-6", userId: "ledger-test-buyer-6", vendorId: "ledger-test-vendor-6", status: "PAID", subtotal: 20000, shipping: 0, discount: 0, total: 20000, createdAt: DateTime("2026-04-10 14:17:00.2 +00:00:00"), updatedAt: DateTime("2026-04-10 14:17:00.2 +00:00:00"), })

[90mstdout[2m | src/__tests__/ledger/ledger.test.ts[2m > [22m[2mplatform ledger & vendor earnings[2m > [22m[2msettleOrder[2m > [22m[2maccumulates balance across multiple orders
[22m[39mprisma:query db.OrderItem.insertOne({ orderId: ObjectId("69d9065c30c65a11dba0a1af"), productId: ObjectId("69d9065b30c65a11dba0a1ae"), productName: "Ledger Test Product 6", quantity: 1, unitPrice: 20000, totalPrice: 20000, createdAt: DateTime("2026-04-10 14:17:00.2 +00:00:00"), })

[90mstdout[2m | src/__tests__/ledger/ledger.test.ts[2m > [22m[2mplatform ledger & vendor earnings[2m > [22m[2msettleOrder[2m > [22m[2maccumulates balance across multiple orders
[22m[39mprisma:query db.OrderStatusHistory.insertOne({ orderId: ObjectId("69d9065c30c65a11dba0a1af"), status: "PAID", note: "Test order", createdAt: DateTime("2026-04-10 14:17:00.2 +00:00:00"), })

[90mstdout[2m | src/__tests__/ledger/ledger.test.ts[2m > [22m[2mplatform ledger & vendor earnings[2m > [22m[2msettleOrder[2m > [22m[2maccumulates balance across multiple orders
[22m[39mprisma:query db.Order.aggregate([ { $match: { $expr: { $and: [ { $and: [ { $eq: [ "$_id", { $literal: ObjectId("69d9065c30c65a11dba0a1af"), }, ], }, { $ne: [ "$_id", "$$REMOVE", ], }, ], }, ], }, }, }, { $project: { _id: 1, orderNumber: 1, userId: 1, vendorId: 1, checkoutSessionId: 1, status: 1, shippingAddress: 1, billingAddress: 1, subtotal: 1, shipping: 1, discount: 1, total: 1, couponCode: 1, notes: 1, createdAt: 1, updatedAt: 1, paidAt: 1, shippedAt: 1, deliveredAt: 1, }, }, ])

[90mstdout[2m | src/__tests__/ledger/ledger.test.ts[2m > [22m[2mplatform ledger & vendor earnings[2m > [22m[2msettleOrder[2m > [22m[2maccumulates balance across multiple orders
[22m[39mprisma:query db.LedgerEntry.aggregate([ { $match: { $expr: { $and: [ { $and: [ { $eq: [ "$orderId", { $literal: ObjectId("69d9065930c65a11dba0a1ab"), }, ], }, { $ne: [ "$orderId", "$$REMOVE", ], }, ], }, { $and: [ { $eq: [ "$type", { $literal: "SALE", }, ], }, { $ne: [ "$type", "$$REMOVE", ], }, ], }, ], }, }, }, { $limit: 1, }, { $project: { _id: 1, orderId: 1, vendorId: 1, type: 1, amount: 1, currency: 1, balanceBefore: 1, balanceAfter: 1, createdAt: 1, }, }, ])

[90mstdout[2m | src/__tests__/ledger/ledger.test.ts[2m > [22m[2mplatform ledger & vendor earnings[2m > [22m[2msettleOrder[2m > [22m[2maccumulates balance across multiple orders
[22m[39mprisma:query db.Order.aggregate([ { $match: { $expr: { $and: [ { $and: [ { $and: [ { $eq: [ "$_id", { $literal: ObjectId("69d9065930c65a11dba0a1ab"), }, ], }, { $ne: [ "$_id", "$$REMOVE", ], }, ], }, ], }, { }, ], }, }, }, { $project: { _id: 1, orderNumber: 1, userId: 1, vendorId: 1, checkoutSessionId: 1, status: 1, shippingAddress: 1, billingAddress: 1, subtotal: 1, shipping: 1, discount: 1, total: 1, couponCode: 1, notes: 1, createdAt: 1, updatedAt: 1, paidAt: 1, shippedAt: 1, deliveredAt: 1, }, }, ])

[90mstdout[2m | src/__tests__/ledger/ledger.test.ts[2m > [22m[2mplatform ledger & vendor earnings[2m > [22m[2msettleOrder[2m > [22m[2maccumulates balance across multiple orders
[22m[39mprisma:query db.PlatformConfig.aggregate([ { $match: { $expr: { $and: [ { $and: [ { $and: [ { $eq: [ "$key", { $literal: "commissionRate", }, ], }, { $ne: [ "$key", "$$REMOVE", ], }, ], }, ], }, { }, ], }, }, }, { $project: { _id: 1, key: 1, value: 1, }, }, ])

[90mstdout[2m | src/__tests__/ledger/ledger.test.ts[2m > [22m[2mplatform ledger & vendor earnings[2m > [22m[2msettleOrder[2m > [22m[2maccumulates balance across multiple orders
[22m[39mprisma:query db.VendorBalance.aggregate([ { $match: { $expr: { $and: [ { $and: [ { $and: [ { $eq: [ "$vendorId", { $literal: "ledger-test-vendor-6", }, ], }, { $ne: [ "$vendorId", "$$REMOVE", ], }, ], }, ], }, { }, ], }, }, }, { $project: { _id: 1, vendorId: 1, availableBalance: 1, totalEarned: 1, totalCommission: 1, updatedAt: 1, }, }, ])

[90mstdout[2m | src/__tests__/ledger/ledger.test.ts[2m > [22m[2mplatform ledger & vendor earnings[2m > [22m[2msettleOrder[2m > [22m[2maccumulates balance across multiple orders
[22m[39mprisma:query db.LedgerEntry.insertOne({ orderId: ObjectId("69d9065930c65a11dba0a1ab"), vendorId: "ledger-test-vendor-6", type: "SALE", amount: 9000, currency: "NGN", balanceBefore: 0, balanceAfter: 9000, createdAt: DateTime("2026-04-10 14:17:02.918 +00:00:00"), })

[90mstdout[2m | src/__tests__/ledger/ledger.test.ts[2m > [22m[2mplatform ledger & vendor earnings[2m > [22m[2msettleOrder[2m > [22m[2maccumulates balance across multiple orders
[22m[39mprisma:query db.LedgerEntry.aggregate([ { $match: { $expr: { $and: [ { $and: [ { $eq: [ "$_id", { $literal: ObjectId("69d9065e30c65a11dba0a1b2"), }, ], }, { $ne: [ "$_id", "$$REMOVE", ], }, ], }, ], }, }, }, { $project: { _id: 1, orderId: 1, vendorId: 1, type: 1, amount: 1, currency: 1, balanceBefore: 1, balanceAfter: 1, createdAt: 1, }, }, ])

[90mstdout[2m | src/__tests__/ledger/ledger.test.ts[2m > [22m[2mplatform ledger & vendor earnings[2m > [22m[2msettleOrder[2m > [22m[2maccumulates balance across multiple orders
[22m[39mprisma:query db.LedgerEntry.insertOne({ orderId: ObjectId("69d9065930c65a11dba0a1ab"), vendorId: "ledger-test-vendor-6", type: "COMMISSION", amount: 1000, currency: "NGN", balanceBefore: 0, balanceAfter: 9000, createdAt: DateTime("2026-04-10 14:17:04.07 +00:00:00"), })

[90mstdout[2m | src/__tests__/ledger/ledger.test.ts[2m > [22m[2mplatform ledger & vendor earnings[2m > [22m[2msettleOrder[2m > [22m[2maccumulates balance across multiple orders
[22m[39mprisma:query db.LedgerEntry.aggregate([ { $match: { $expr: { $and: [ { $and: [ { $eq: [ "$_id", { $literal: ObjectId("69d9066030c65a11dba0a1b3"), }, ], }, { $ne: [ "$_id", "$$REMOVE", ], }, ], }, ], }, }, }, { $project: { _id: 1, orderId: 1, vendorId: 1, type: 1, amount: 1, currency: 1, balanceBefore: 1, balanceAfter: 1, createdAt: 1, }, }, ])

[90mstdout[2m | src/__tests__/ledger/ledger.test.ts[2m > [22m[2mplatform ledger & vendor earnings[2m > [22m[2msettleOrder[2m > [22m[2maccumulates balance across multiple orders
[22m[39mprisma:query db.VendorBalance.aggregate([ { $match: { $expr: { $and: [ { $and: [ { $and: [ { $eq: [ "$vendorId", { $literal: "ledger-test-vendor-6", }, ], }, { $ne: [ "$vendorId", "$$REMOVE", ], }, ], }, ], }, { }, ], }, }, }, { $project: { _id: 1, }, }, ])

[90mstdout[2m | src/__tests__/ledger/ledger.test.ts[2m > [22m[2mplatform ledger & vendor earnings[2m > [22m[2msettleOrder[2m > [22m[2maccumulates balance across multiple orders
[22m[39mprisma:query db.VendorBalance.insertOne({ vendorId: "ledger-test-vendor-6", availableBalance: 9000, totalEarned: 9000, totalCommission: 1000, updatedAt: DateTime("2026-04-10 14:17:05.065 +00:00:00"), })

[90mstdout[2m | src/__tests__/ledger/ledger.test.ts[2m > [22m[2mplatform ledger & vendor earnings[2m > [22m[2msettleOrder[2m > [22m[2maccumulates balance across multiple orders
[22m[39mprisma:query db.VendorBalance.aggregate([ { $match: { $expr: { $and: [ { $and: [ { $eq: [ "$_id", { $literal: ObjectId("69d9066130c65a11dba0a1b4"), }, ], }, { $ne: [ "$_id", "$$REMOVE", ], }, ], }, ], }, }, }, { $project: { _id: 1, vendorId: 1, availableBalance: 1, totalEarned: 1, totalCommission: 1, updatedAt: 1, }, }, ])

[90mstdout[2m | src/__tests__/ledger/ledger.test.ts[2m > [22m[2mplatform ledger & vendor earnings[2m > [22m[2msettleOrder[2m > [22m[2maccumulates balance across multiple orders
[22m[39m[32minfo[39m: [32m[Ledger] Order settled[39m {"commission":1000,"grossSale":10000,"label":"Global","orderId":"69d9065930c65a11dba0a1ab","timestamp":"2026-04-10 15:17:06","vendorId":"ledger-test-vendor-6","vendorNet":9000}

[90mstdout[2m | src/__tests__/ledger/ledger.test.ts[2m > [22m[2mplatform ledger & vendor earnings[2m > [22m[2msettleOrder[2m > [22m[2maccumulates balance across multiple orders
[22m[39mprisma:query db.LedgerEntry.aggregate([ { $match: { $expr: { $and: [ { $and: [ { $eq: [ "$orderId", { $literal: ObjectId("69d9065c30c65a11dba0a1af"), }, ], }, { $ne: [ "$orderId", "$$REMOVE", ], }, ], }, { $and: [ { $eq: [ "$type", { $literal: "SALE", }, ], }, { $ne: [ "$type", "$$REMOVE", ], }, ], }, ], }, }, }, { $limit: 1, }, { $project: { _id: 1, orderId: 1, vendorId: 1, type: 1, amount: 1, currency: 1, balanceBefore: 1, balanceAfter: 1, createdAt: 1, }, }, ])

[90mstdout[2m | src/__tests__/ledger/ledger.test.ts[2m > [22m[2mplatform ledger & vendor earnings[2m > [22m[2msettleOrder[2m > [22m[2maccumulates balance across multiple orders
[22m[39mprisma:query db.Order.aggregate([ { $match: { $expr: { $and: [ { $and: [ { $and: [ { $eq: [ "$_id", { $literal: ObjectId("69d9065c30c65a11dba0a1af"), }, ], }, { $ne: [ "$_id", "$$REMOVE", ], }, ], }, ], }, { }, ], }, }, }, { $project: { _id: 1, orderNumber: 1, userId: 1, vendorId: 1, checkoutSessionId: 1, status: 1, shippingAddress: 1, billingAddress: 1, subtotal: 1, shipping: 1, discount: 1, total: 1, couponCode: 1, notes: 1, createdAt: 1, updatedAt: 1, paidAt: 1, shippedAt: 1, deliveredAt: 1, }, }, ])

[90mstdout[2m | src/__tests__/ledger/ledger.test.ts[2m > [22m[2mplatform ledger & vendor earnings[2m > [22m[2msettleOrder[2m > [22m[2maccumulates balance across multiple orders
[22m[39mprisma:query db.PlatformConfig.aggregate([ { $match: { $expr: { $and: [ { $and: [ { $and: [ { $eq: [ "$key", { $literal: "commissionRate", }, ], }, { $ne: [ "$key", "$$REMOVE", ], }, ], }, ], }, { }, ], }, }, }, { $project: { _id: 1, key: 1, value: 1, }, }, ])

[90mstdout[2m | src/__tests__/ledger/ledger.test.ts[2m > [22m[2mplatform ledger & vendor earnings[2m > [22m[2msettleOrder[2m > [22m[2maccumulates balance across multiple orders
[22m[39mprisma:query db.VendorBalance.aggregate([ { $match: { $expr: { $and: [ { $and: [ { $and: [ { $eq: [ "$vendorId", { $literal: "ledger-test-vendor-6", }, ], }, { $ne: [ "$vendorId", "$$REMOVE", ], }, ], }, ], }, { }, ], }, }, }, { $project: { _id: 1, vendorId: 1, availableBalance: 1, totalEarned: 1, totalCommission: 1, updatedAt: 1, }, }, ])

[90mstdout[2m | src/__tests__/ledger/ledger.test.ts[2m > [22m[2mplatform ledger & vendor earnings[2m > [22m[2msettleOrder[2m > [22m[2maccumulates balance across multiple orders
[22m[39mprisma:query db.LedgerEntry.insertOne({ orderId: ObjectId("69d9065c30c65a11dba0a1af"), vendorId: "ledger-test-vendor-6", type: "SALE", amount: 18000, currency: "NGN", balanceBefore: 9000, balanceAfter: 27000, createdAt: DateTime("2026-04-10 14:17:07.522 +00:00:00"), })

[90mstdout[2m | src/__tests__/ledger/ledger.test.ts[2m > [22m[2mplatform ledger & vendor earnings[2m > [22m[2msettleOrder[2m > [22m[2maccumulates balance across multiple orders
[22m[39mprisma:query db.LedgerEntry.aggregate([ { $match: { $expr: { $and: [ { $and: [ { $eq: [ "$_id", { $literal: ObjectId("69d9066330c65a11dba0a1b5"), }, ], }, { $ne: [ "$_id", "$$REMOVE", ], }, ], }, ], }, }, }, { $project: { _id: 1, orderId: 1, vendorId: 1, type: 1, amount: 1, currency: 1, balanceBefore: 1, balanceAfter: 1, createdAt: 1, }, }, ])

[90mstdout[2m | src/__tests__/ledger/ledger.test.ts[2m > [22m[2mplatform ledger & vendor earnings[2m > [22m[2msettleOrder[2m > [22m[2maccumulates balance across multiple orders
[22m[39mprisma:query db.LedgerEntry.insertOne({ orderId: ObjectId("69d9065c30c65a11dba0a1af"), vendorId: "ledger-test-vendor-6", type: "COMMISSION", amount: 2000, currency: "NGN", balanceBefore: 9000, balanceAfter: 27000, createdAt: DateTime("2026-04-10 14:17:08.262 +00:00:00"), })

[90mstdout[2m | src/__tests__/ledger/ledger.test.ts[2m > [22m[2mplatform ledger & vendor earnings[2m > [22m[2msettleOrder[2m > [22m[2maccumulates balance across multiple orders
[22m[39mprisma:query db.LedgerEntry.aggregate([ { $match: { $expr: { $and: [ { $and: [ { $eq: [ "$_id", { $literal: ObjectId("69d9066430c65a11dba0a1b6"), }, ], }, { $ne: [ "$_id", "$$REMOVE", ], }, ], }, ], }, }, }, { $project: { _id: 1, orderId: 1, vendorId: 1, type: 1, amount: 1, currency: 1, balanceBefore: 1, balanceAfter: 1, createdAt: 1, }, }, ])

[90mstdout[2m | src/__tests__/ledger/ledger.test.ts[2m > [22m[2mplatform ledger & vendor earnings[2m > [22m[2msettleOrder[2m > [22m[2maccumulates balance across multiple orders
[22m[39mprisma:query db.VendorBalance.aggregate([ { $match: { $expr: { $and: [ { $and: [ { $and: [ { $eq: [ "$vendorId", { $literal: "ledger-test-vendor-6", }, ], }, { $ne: [ "$vendorId", "$$REMOVE", ], }, ], }, ], }, { }, ], }, }, }, { $project: { _id: 1, }, }, ])

[90mstdout[2m | src/__tests__/ledger/ledger.test.ts[2m > [22m[2mplatform ledger & vendor earnings[2m > [22m[2msettleOrder[2m > [22m[2maccumulates balance across multiple orders
[22m[39mprisma:query db.VendorBalance.updateMany({ _id: { $in: [ ObjectId("69d9066130c65a11dba0a1b4"), ], }, },[{ $set: { availableBalance: { $add: [ "$availableBalance", 18000, ], }, }, },
{ $set: { totalEarned: { $add: [ "$totalEarned", 18000, ], }, }, },
{ $set: { totalCommission: { $add: [ "$totalCommission", 2000, ], }, }, },
{ $set: { updatedAt: { $literal: DateTime("2026-04-10 14:17:08.759 +00:00:00"), }, }, }])

[90mstdout[2m | src/__tests__/ledger/ledger.test.ts[2m > [22m[2mplatform ledger & vendor earnings[2m > [22m[2msettleOrder[2m > [22m[2maccumulates balance across multiple orders
[22m[39mprisma:query db.VendorBalance.aggregate([ { $match: { $expr: { $and: [ { $and: [ { $eq: [ "$_id", { $literal: ObjectId("69d9066130c65a11dba0a1b4"), }, ], }, { $ne: [ "$_id", "$$REMOVE", ], }, ], }, ], }, }, }, { $project: { _id: 1, vendorId: 1, availableBalance: 1, totalEarned: 1, totalCommission: 1, updatedAt: 1, }, }, ])

[90mstdout[2m | src/__tests__/ledger/ledger.test.ts[2m > [22m[2mplatform ledger & vendor earnings[2m > [22m[2msettleOrder[2m > [22m[2maccumulates balance across multiple orders
[22m[39m[32minfo[39m: [32m[Ledger] Order settled[39m {"commission":2000,"grossSale":20000,"label":"Global","orderId":"69d9065c30c65a11dba0a1af","timestamp":"2026-04-10 15:17:09","vendorId":"ledger-test-vendor-6","vendorNet":18000}

[90mstdout[2m | src/__tests__/ledger/ledger.test.ts[2m > [22m[2mplatform ledger & vendor earnings[2m > [22m[2msettleOrder[2m > [22m[2maccumulates balance across multiple orders
[22m[39mprisma:query db.VendorBalance.aggregate([ { $match: { $expr: { $and: [ { $and: [ { $and: [ { $eq: [ "$vendorId", { $literal: "ledger-test-vendor-6", }, ], }, { $ne: [ "$vendorId", "$$REMOVE", ], }, ], }, ], }, { }, ], }, }, }, { $project: { _id: 1, vendorId: 1, availableBalance: 1, totalEarned: 1, totalCommission: 1, updatedAt: 1, }, }, ])

[90mstdout[2m | src/__tests__/ledger/ledger.test.ts[2m > [22m[2mplatform ledger & vendor earnings[2m > [22m[2msettleOrder[2m > [22m[2maccumulates balance across multiple orders
[22m[39mprisma:query db.LedgerEntry.aggregate([ { $match: { $expr: { $and: [ { $regexMatch: { input: "$vendorId", regex: "^ledger-test", options: "", }, }, { $ne: [ "$vendorId", "$$REMOVE", ], }, ], }, }, }, { $project: { _id: 1, }, }, ])

[90mstdout[2m | src/__tests__/ledger/ledger.test.ts[2m > [22m[2mplatform ledger & vendor earnings[2m > [22m[2msettleOrder[2m > [22m[2maccumulates balance across multiple orders
[22m[39mprisma:query db.LedgerEntry.deleteMany({ _id: { $in: [ ObjectId("69d9065e30c65a11dba0a1b2"), ObjectId("69d9066030c65a11dba0a1b3"), ObjectId("69d9066330c65a11dba0a1b5"), ObjectId("69d9066430c65a11dba0a1b6"), ], }, })

[90mstdout[2m | src/__tests__/ledger/ledger.test.ts[2m > [22m[2mplatform ledger & vendor earnings[2m > [22m[2msettleOrder[2m > [22m[2maccumulates balance across multiple orders
[22m[39mprisma:query db.VendorBalance.aggregate([ { $match: { $expr: { $and: [ { $regexMatch: { input: "$vendorId", regex: "^ledger-test", options: "", }, }, { $ne: [ "$vendorId", "$$REMOVE", ], }, ], }, }, }, { $project: { _id: 1, }, }, ])

[90mstdout[2m | src/__tests__/ledger/ledger.test.ts[2m > [22m[2mplatform ledger & vendor earnings[2m > [22m[2msettleOrder[2m > [22m[2maccumulates balance across multiple orders
[22m[39mprisma:query db.VendorBalance.deleteMany({ _id: { $in: [ ObjectId("69d9066130c65a11dba0a1b4"), ], }, })

[90mstdout[2m | src/__tests__/ledger/ledger.test.ts[2m > [22m[2mplatform ledger & vendor earnings[2m > [22m[2msettleOrder[2m > [22m[2maccumulates balance across multiple orders
[22m[39mprisma:query db.Order.aggregate([ { $match: { $expr: { $and: [ { $regexMatch: { input: "$userId", regex: "^ledger-test", options: "", }, }, { $ne: [ "$userId", "$$REMOVE", ], }, ], }, }, }, { $project: { _id: 1, }, }, ])

[90mstdout[2m | src/__tests__/ledger/ledger.test.ts[2m > [22m[2mplatform ledger & vendor earnings[2m > [22m[2msettleOrder[2m > [22m[2maccumulates balance across multiple orders
[22m[39mprisma:query db.OrderStatusHistory.aggregate([ { $match: { $expr: { $and: [ { $or: [ { $eq: [ "$orderId", { $literal: ObjectId("69d9065930c65a11dba0a1ab"), }, ], }, { $eq: [ "$orderId", { $literal: ObjectId("69d9065c30c65a11dba0a1af"), }, ], }, ], }, { $ne: [ "$orderId", "$$REMOVE", ], }, ], }, }, }, { $project: { _id: 1, }, }, ])

[90mstdout[2m | src/__tests__/ledger/ledger.test.ts[2m > [22m[2mplatform ledger & vendor earnings[2m > [22m[2msettleOrder[2m > [22m[2maccumulates balance across multiple orders
[22m[39mprisma:query db.OrderStatusHistory.deleteMany({ _id: { $in: [ ObjectId("69d9065a30c65a11dba0a1ad"), ObjectId("69d9065c30c65a11dba0a1b1"), ], }, })

[90mstdout[2m | src/__tests__/ledger/ledger.test.ts[2m > [22m[2mplatform ledger & vendor earnings[2m > [22m[2msettleOrder[2m > [22m[2maccumulates balance across multiple orders
[22m[39mprisma:query db.OrderItem.aggregate([ { $match: { $expr: { $and: [ { $or: [ { $eq: [ "$orderId", { $literal: ObjectId("69d9065930c65a11dba0a1ab"), }, ], }, { $eq: [ "$orderId", { $literal: ObjectId("69d9065c30c65a11dba0a1af"), }, ], }, ], }, { $ne: [ "$orderId", "$$REMOVE", ], }, ], }, }, }, { $project: { _id: 1, }, }, ])

[90mstdout[2m | src/__tests__/ledger/ledger.test.ts[2m > [22m[2mplatform ledger & vendor earnings[2m > [22m[2msettleOrder[2m > [22m[2maccumulates balance across multiple orders
[22m[39mprisma:query db.OrderItem.deleteMany({ _id: { $in: [ ObjectId("69d9065a30c65a11dba0a1ac"), ObjectId("69d9065c30c65a11dba0a1b0"), ], }, })

[90mstdout[2m | src/__tests__/ledger/ledger.test.ts[2m > [22m[2mplatform ledger & vendor earnings[2m > [22m[2msettleOrder[2m > [22m[2maccumulates balance across multiple orders
[22m[39mprisma:query db.Order.aggregate([ { $match: { $expr: { $and: [ { $regexMatch: { input: "$userId", regex: "^ledger-test", options: "", }, }, { $ne: [ "$userId", "$$REMOVE", ], }, ], }, }, }, { $project: { _id: 1, }, }, ])

[90mstdout[2m | src/__tests__/ledger/ledger.test.ts[2m > [22m[2mplatform ledger & vendor earnings[2m > [22m[2msettleOrder[2m > [22m[2maccumulates balance across multiple orders
[22m[39mprisma:query db.OrderStatusHistory.aggregate([ { $match: { $expr: { $and: [ { }, { $and: [ { $or: [ { $eq: [ "$orderId", { $literal: ObjectId("69d9065930c65a11dba0a1ab"), }, ], }, { $eq: [ "$orderId", { $literal: ObjectId("69d9065c30c65a11dba0a1af"), }, ], }, ], }, { $ne: [ "$orderId", "$$REMOVE", ], }, ], }, ], }, }, }, { $project: { _id: 1, orderId: 1, }, }, ])

[90mstdout[2m | src/__tests__/ledger/ledger.test.ts[2m > [22m[2mplatform ledger & vendor earnings[2m > [22m[2msettleOrder[2m > [22m[2maccumulates balance across multiple orders
[22m[39mprisma:query db.OrderItem.aggregate([ { $match: { $expr: { $and: [ { }, { $and: [ { $or: [ { $eq: [ "$orderId", { $literal: ObjectId("69d9065930c65a11dba0a1ab"), }, ], }, { $eq: [ "$orderId", { $literal: ObjectId("69d9065c30c65a11dba0a1af"), }, ], }, ], }, { $ne: [ "$orderId", "$$REMOVE", ], }, ], }, ], }, }, }, { $project: { _id: 1, orderId: 1, }, }, ])

[90mstdout[2m | src/__tests__/ledger/ledger.test.ts[2m > [22m[2mplatform ledger & vendor earnings[2m > [22m[2msettleOrder[2m > [22m[2maccumulates balance across multiple orders
[22m[39mprisma:query db.Order.deleteMany({ _id: { $in: [ ObjectId("69d9065930c65a11dba0a1ab"), ObjectId("69d9065c30c65a11dba0a1af"), ], }, })

[90mstdout[2m | src/__tests__/ledger/ledger.test.ts[2m > [22m[2mplatform ledger & vendor earnings[2m > [22m[2msettleOrder[2m > [22m[2maccumulates balance across multiple orders
[22m[39mprisma:query db.Product.aggregate([ { $match: { $expr: { $and: [ { $regexMatch: { input: "$vendorId", regex: "^ledger-test", options: "", }, }, { $ne: [ "$vendorId", "$$REMOVE", ], }, ], }, }, }, { $project: { _id: 1, }, }, ])

[90mstdout[2m | src/__tests__/ledger/ledger.test.ts[2m > [22m[2mplatform ledger & vendor earnings[2m > [22m[2msettleOrder[2m > [22m[2maccumulates balance across multiple orders
[22m[39mprisma:query db.DigitalAsset.aggregate([ { $match: { $expr: { $and: [ { }, { $and: [ { $or: [ { $eq: [ "$productId", { $literal: ObjectId("69d9065930c65a11dba0a1aa"), }, ], }, { $eq: [ "$productId", { $literal: ObjectId("69d9065b30c65a11dba0a1ae"), }, ], }, ], }, { $ne: [ "$productId", "$$REMOVE", ], }, ], }, ], }, }, }, { $project: { _id: 1, productId: 1, }, }, ])

[90mstdout[2m | src/__tests__/ledger/ledger.test.ts[2m > [22m[2mplatform ledger & vendor earnings[2m > [22m[2msettleOrder[2m > [22m[2maccumulates balance across multiple orders
[22m[39mprisma:query db.WishlistItem.aggregate([ { $match: { $expr: { $and: [ { }, { $and: [ { $or: [ { $eq: [ "$productId", { $literal: ObjectId("69d9065930c65a11dba0a1aa"), }, ], }, { $eq: [ "$productId", { $literal: ObjectId("69d9065b30c65a11dba0a1ae"), }, ], }, ], }, { $ne: [ "$productId", "$$REMOVE", ], }, ], }, ], }, }, }, { $project: { _id: 1, productId: 1, }, }, ])

[90mstdout[2m | src/__tests__/ledger/ledger.test.ts[2m > [22m[2mplatform ledger & vendor earnings[2m > [22m[2msettleOrder[2m > [22m[2maccumulates balance across multiple orders
[22m[39mprisma:query db.Review.aggregate([ { $match: { $expr: { $and: [ { }, { $and: [ { $or: [ { $eq: [ "$productId", { $literal: ObjectId("69d9065930c65a11dba0a1aa"), }, ], }, { $eq: [ "$productId", { $literal: ObjectId("69d9065b30c65a11dba0a1ae"), }, ], }, ], }, { $ne: [ "$productId", "$$REMOVE", ], }, ], }, ], }, }, }, { $project: { _id: 1, productId: 1, }, }, ])

[90mstdout[2m | src/__tests__/ledger/ledger.test.ts[2m > [22m[2mplatform ledger & vendor earnings[2m > [22m[2msettleOrder[2m > [22m[2maccumulates balance across multiple orders
[22m[39mprisma:query db.OrderItem.aggregate([ { $match: { $expr: { $and: [ { }, { $and: [ { $or: [ { $eq: [ "$productId", { $literal: ObjectId("69d9065930c65a11dba0a1aa"), }, ], }, { $eq: [ "$productId", { $literal: ObjectId("69d9065b30c65a11dba0a1ae"), }, ], }, ], }, { $ne: [ "$productId", "$$REMOVE", ], }, ], }, ], }, }, }, { $project: { _id: 1, productId: 1, }, }, ])

[90mstdout[2m | src/__tests__/ledger/ledger.test.ts[2m > [22m[2mplatform ledger & vendor earnings[2m > [22m[2msettleOrder[2m > [22m[2maccumulates balance across multiple orders
[22m[39mprisma:query db.CartItem.aggregate([ { $match: { $expr: { $and: [ { }, { $and: [ { $or: [ { $eq: [ "$productId", { $literal: ObjectId("69d9065930c65a11dba0a1aa"), }, ], }, { $eq: [ "$productId", { $literal: ObjectId("69d9065b30c65a11dba0a1ae"), }, ], }, ], }, { $ne: [ "$productId", "$$REMOVE", ], }, ], }, ], }, }, }, { $project: { _id: 1, productId: 1, }, }, ])

[90mstdout[2m | src/__tests__/ledger/ledger.test.ts[2m > [22m[2mplatform ledger & vendor earnings[2m > [22m[2msettleOrder[2m > [22m[2maccumulates balance across multiple orders
[22m[39mprisma:query db.ProductVariant.aggregate([ { $match: { $expr: { $and: [ { }, { $and: [ { $or: [ { $eq: [ "$productId", { $literal: ObjectId("69d9065930c65a11dba0a1aa"), }, ], }, { $eq: [ "$productId", { $literal: ObjectId("69d9065b30c65a11dba0a1ae"), }, ], }, ], }, { $ne: [ "$productId", "$$REMOVE", ], }, ], }, ], }, }, }, { $project: { _id: 1, productId: 1, }, }, ])

[90mstdout[2m | src/__tests__/ledger/ledger.test.ts[2m > [22m[2mplatform ledger & vendor earnings[2m > [22m[2msettleOrder[2m > [22m[2maccumulates balance across multiple orders
[22m[39mprisma:query db.Product.deleteMany({ _id: { $in: [ ObjectId("69d9065930c65a11dba0a1aa"), ObjectId("69d9065b30c65a11dba0a1ae"), ], }, })

[90mstdout[2m | src/__tests__/ledger/ledger.test.ts[2m > [22m[2mplatform ledger & vendor earnings[2m > [22m[2msettleOrder[2m > [22m[2maccumulates balance across multiple orders
[22m[39mprisma:query db.UserProfile.aggregate([ { $match: { $expr: { $and: [ { $regexMatch: { input: "$userId", regex: "^ledger-test", options: "", }, }, { $ne: [ "$userId", "$$REMOVE", ], }, ], }, }, }, { $project: { _id: 1, }, }, ])

[90mstdout[2m | src/__tests__/ledger/ledger.test.ts[2m > [22m[2mplatform ledger & vendor earnings[2m > [22m[2msettleOrder[2m > [22m[2maccumulates balance across multiple orders
[22m[39mprisma:query db.UserProfile.deleteMany({ _id: { $in: [ ObjectId("69d9065730c65a11dba0a1a8"), ObjectId("69d9065830c65a11dba0a1a9"), ], }, })

[90mstdout[2m | src/__tests__/ledger/ledger.test.ts[2m > [22m[2mplatform ledger & vendor earnings[2m > [22m[2msettleOrder[2m > [22m[2maccumulates balance across multiple orders
[22m[39mprisma:query db.PlatformConfig.aggregate([ { $match: { $expr: { $and: [ { $eq: [ "$key", { $literal: "commissionRate", }, ], }, { $ne: [ "$key", "$$REMOVE", ], }, ], }, }, }, { $project: { _id: 1, }, }, ])

[90mstdout[2m | src/__tests__/ledger/ledger.test.ts[2m > [22m[2mplatform ledger & vendor earnings[2m > [22m[2msettleOrder[2m > [22m[2maccumulates balance across multiple orders
[22m[39mprisma:query db.PlatformConfig.deleteMany({ _id: { $in: [ ObjectId("69d9065730c65a11dba0a1a7"), ], }, })

[90mstdout[2m | src/__tests__/ledger/ledger.test.ts[2m > [22m[2mplatform ledger & vendor earnings[2m > [22m[2mgetVendorBalance[2m > [22m[2mreturns zero balance for vendor with no sales
[22m[39mprisma:query db.VendorBalance.aggregate([ { $match: { $expr: { $and: [ { $and: [ { $and: [ { $eq: [ "$vendorId", { $literal: "ledger-test-no-sales", }, ], }, { $ne: [ "$vendorId", "$$REMOVE", ], }, ], }, ], }, { }, ], }, }, }, { $project: { _id: 1, vendorId: 1, availableBalance: 1, totalEarned: 1, totalCommission: 1, updatedAt: 1, }, }, ])

[90mstdout[2m | src/__tests__/ledger/ledger.test.ts[2m > [22m[2mplatform ledger & vendor earnings[2m > [22m[2mgetVendorBalance[2m > [22m[2mreturns zero balance for vendor with no sales
[22m[39mprisma:query db.LedgerEntry.aggregate([ { $match: { $expr: { $and: [ { $regexMatch: { input: "$vendorId", regex: "^ledger-test", options: "", }, }, { $ne: [ "$vendorId", "$$REMOVE", ], }, ], }, }, }, { $project: { _id: 1, }, }, ])

[90mstdout[2m | src/__tests__/ledger/ledger.test.ts[2m > [22m[2mplatform ledger & vendor earnings[2m > [22m[2mgetVendorBalance[2m > [22m[2mreturns zero balance for vendor with no sales
[22m[39mprisma:query db.VendorBalance.aggregate([ { $match: { $expr: { $and: [ { $regexMatch: { input: "$vendorId", regex: "^ledger-test", options: "", }, }, { $ne: [ "$vendorId", "$$REMOVE", ], }, ], }, }, }, { $project: { _id: 1, }, }, ])

[90mstdout[2m | src/__tests__/ledger/ledger.test.ts[2m > [22m[2mplatform ledger & vendor earnings[2m > [22m[2mgetVendorBalance[2m > [22m[2mreturns zero balance for vendor with no sales
[22m[39mprisma:query db.Order.aggregate([ { $match: { $expr: { $and: [ { $regexMatch: { input: "$userId", regex: "^ledger-test", options: "", }, }, { $ne: [ "$userId", "$$REMOVE", ], }, ], }, }, }, { $project: { _id: 1, }, }, ])

[90mstdout[2m | src/__tests__/ledger/ledger.test.ts[2m > [22m[2mplatform ledger & vendor earnings[2m > [22m[2mgetVendorBalance[2m > [22m[2mreturns zero balance for vendor with no sales
[22m[39mprisma:query db.Order.aggregate([ { $match: { $expr: { $and: [ { $regexMatch: { input: "$userId", regex: "^ledger-test", options: "", }, }, { $ne: [ "$userId", "$$REMOVE", ], }, ], }, }, }, { $project: { _id: 1, }, }, ])

[90mstdout[2m | src/__tests__/ledger/ledger.test.ts[2m > [22m[2mplatform ledger & vendor earnings[2m > [22m[2mgetVendorBalance[2m > [22m[2mreturns zero balance for vendor with no sales
[22m[39mprisma:query db.Product.aggregate([ { $match: { $expr: { $and: [ { $regexMatch: { input: "$vendorId", regex: "^ledger-test", options: "", }, }, { $ne: [ "$vendorId", "$$REMOVE", ], }, ], }, }, }, { $project: { _id: 1, }, }, ])

[90mstdout[2m | src/__tests__/ledger/ledger.test.ts[2m > [22m[2mplatform ledger & vendor earnings[2m > [22m[2mgetVendorBalance[2m > [22m[2mreturns zero balance for vendor with no sales
[22m[39mprisma:query db.UserProfile.aggregate([ { $match: { $expr: { $and: [ { $regexMatch: { input: "$userId", regex: "^ledger-test", options: "", }, }, { $ne: [ "$userId", "$$REMOVE", ], }, ], }, }, }, { $project: { _id: 1, }, }, ])

[90mstdout[2m | src/__tests__/ledger/ledger.test.ts[2m > [22m[2mplatform ledger & vendor earnings[2m > [22m[2mgetVendorBalance[2m > [22m[2mreturns zero balance for vendor with no sales
[22m[39mprisma:query db.PlatformConfig.aggregate([ { $match: { $expr: { $and: [ { $eq: [ "$key", { $literal: "commissionRate", }, ], }, { $ne: [ "$key", "$$REMOVE", ], }, ], }, }, }, { $project: { _id: 1, }, }, ])

[90mstdout[2m | src/__tests__/ledger/ledger.test.ts[2m > [22m[2mplatform ledger & vendor earnings[2m > [22m[2mgetVendorLedger[2m > [22m[2mreturns paginated ledger entries
[22m[39mprisma:query db.PlatformConfig.aggregate([ { $match: { $expr: { $and: [ { $and: [ { $and: [ { $eq: [ "$key", { $literal: "commissionRate", }, ], }, { $ne: [ "$key", "$$REMOVE", ], }, ], }, ], }, { }, ], }, }, }, { $project: { _id: 1, }, }, ])

[90mstdout[2m | src/__tests__/ledger/ledger.test.ts[2m > [22m[2mplatform ledger & vendor earnings[2m > [22m[2mgetVendorLedger[2m > [22m[2mreturns paginated ledger entries
[22m[39mprisma:query db.PlatformConfig.insertOne({ key: "commissionRate", value: "0.10", })

[90mstdout[2m | src/__tests__/ledger/ledger.test.ts[2m > [22m[2mplatform ledger & vendor earnings[2m > [22m[2mgetVendorLedger[2m > [22m[2mreturns paginated ledger entries
[22m[39mprisma:query db.PlatformConfig.aggregate([ { $match: { $expr: { $and: [ { $and: [ { $eq: [ "$_id", { $literal: ObjectId("69d9066f30c65a11dba0a1b7"), }, ], }, { $ne: [ "$_id", "$$REMOVE", ], }, ], }, ], }, }, }, { $project: { _id: 1, key: 1, value: 1, }, }, ])

[90mstdout[2m | src/__tests__/ledger/ledger.test.ts[2m > [22m[2mplatform ledger & vendor earnings[2m > [22m[2mgetVendorLedger[2m > [22m[2mreturns paginated ledger entries
[22m[39mprisma:query db.UserProfile.insertOne({ userId: "ledger-test-vendor-ledger", email: "ledger-test-vendor-ledger@test.com", firstName: "Test", lastName: "User", role: "CUSTOMER", isVendor: true, vendorStatus: "ACTIVE", storeName: "Ledger Query Store", storeSlug: "ledger-query-store", createdAt: DateTime("2026-04-10 14:17:19.766 +00:00:00"), updatedAt: DateTime("2026-04-10 14:17:19.766 +00:00:00"), })

[90mstdout[2m | src/__tests__/ledger/ledger.test.ts[2m > [22m[2mplatform ledger & vendor earnings[2m > [22m[2mgetVendorLedger[2m > [22m[2mreturns paginated ledger entries
[22m[39mprisma:query db.UserProfile.aggregate([ { $match: { $expr: { $and: [ { $and: [ { $eq: [ "$_id", { $literal: ObjectId("69d9066f30c65a11dba0a1b8"), }, ], }, { $ne: [ "$_id", "$$REMOVE", ], }, ], }, ], }, }, }, { $project: { _id: 1, userId: 1, email: 1, firstName: 1, lastName: 1, phone: 1, avatar: 1, dateOfBirth: 1, gender: 1, role: 1, isVendor: 1, vendorStatus: 1, storeName: 1, storeSlug: 1, storeDescription: 1, vendorSince: 1, createdAt: 1, updatedAt: 1, }, }, ])

[90mstdout[2m | src/__tests__/ledger/ledger.test.ts[2m > [22m[2mplatform ledger & vendor earnings[2m > [22m[2mgetVendorLedger[2m > [22m[2mreturns paginated ledger entries
[22m[39mprisma:query db.UserProfile.insertOne({ userId: "ledger-test-buyer-ledger", email: "ledger-test-buyer-ledger@test.com", firstName: "Test", lastName: "User", role: "CUSTOMER", isVendor: false, createdAt: DateTime("2026-04-10 14:17:20.288 +00:00:00"), updatedAt: DateTime("2026-04-10 14:17:20.288 +00:00:00"), })

[90mstdout[2m | src/__tests__/ledger/ledger.test.ts[2m > [22m[2mplatform ledger & vendor earnings[2m > [22m[2mgetVendorLedger[2m > [22m[2mreturns paginated ledger entries
[22m[39mprisma:query db.UserProfile.aggregate([ { $match: { $expr: { $and: [ { $and: [ { $eq: [ "$_id", { $literal: ObjectId("69d9067030c65a11dba0a1b9"), }, ], }, { $ne: [ "$_id", "$$REMOVE", ], }, ], }, ], }, }, }, { $project: { _id: 1, userId: 1, email: 1, firstName: 1, lastName: 1, phone: 1, avatar: 1, dateOfBirth: 1, gender: 1, role: 1, isVendor: 1, vendorStatus: 1, storeName: 1, storeSlug: 1, storeDescription: 1, vendorSince: 1, createdAt: 1, updatedAt: 1, }, }, ])

[90mstdout[2m | src/__tests__/ledger/ledger.test.ts[2m > [22m[2mplatform ledger & vendor earnings[2m > [22m[2mgetVendorLedger[2m > [22m[2mreturns paginated ledger entries
[22m[39mprisma:query db.Product.insertOne({ name: "Ledger Test Product 7", slug: "ledger-test-product-1775830640875-7", description: "Test product", stockKeepingUnit: "ledger-test-SKU-1775830640875-7", basePrice: 8000, type: "DIGITAL", vendorId: "ledger-test-vendor-ledger", approvalStatus: "APPROVED", tags: [ ], images: [ ], avgRating: 0, reviewCount: 0, stock: 0, lowStockThreshold: 10, isActive: true, isFeatured: false, isNewArrival: true, createdAt: DateTime("2026-04-10 14:17:20.876 +00:00:00"), updatedAt: DateTime("2026-04-10 14:17:20.876 +00:00:00"), })

[90mstdout[2m | src/__tests__/ledger/ledger.test.ts[2m > [22m[2mplatform ledger & vendor earnings[2m > [22m[2mgetVendorLedger[2m > [22m[2mreturns paginated ledger entries
[22m[39mprisma:query db.Product.aggregate([ { $match: { $expr: { $and: [ { $and: [ { $eq: [ "$_id", { $literal: ObjectId("69d9067030c65a11dba0a1ba"), }, ], }, { $ne: [ "$_id", "$$REMOVE", ], }, ], }, ], }, }, }, { $project: { _id: 1, name: 1, slug: 1, description: 1, shortDesc: 1, stockKeepingUnit: 1, basePrice: 1, salePrice: 1, type: 1, categoryId: 1, vendorId: 1, approvalStatus: 1, brand: 1, tags: 1, images: 1, avgRating: 1, reviewCount: 1, stock: 1, lowStockThreshold: 1, isActive: 1, isFeatured: 1, isNewArrival: 1, createdAt: 1, updatedAt: 1, }, }, ])

[90mstdout[2m | src/__tests__/ledger/ledger.test.ts[2m > [22m[2mplatform ledger & vendor earnings[2m > [22m[2mgetVendorLedger[2m > [22m[2mreturns paginated ledger entries
[22m[39mprisma:query db.Order.insertOne({ orderNumber: "ledger-test-ORD-1775830641415-7", userId: "ledger-test-buyer-ledger", vendorId: "ledger-test-vendor-ledger", status: "PAID", subtotal: 8000, shipping: 0, discount: 0, total: 8000, createdAt: DateTime("2026-04-10 14:17:21.416 +00:00:00"), updatedAt: DateTime("2026-04-10 14:17:21.416 +00:00:00"), })

[90mstdout[2m | src/__tests__/ledger/ledger.test.ts[2m > [22m[2mplatform ledger & vendor earnings[2m > [22m[2mgetVendorLedger[2m > [22m[2mreturns paginated ledger entries
[22m[39mprisma:query db.OrderItem.insertOne({ orderId: ObjectId("69d9067130c65a11dba0a1bb"), productId: ObjectId("69d9067030c65a11dba0a1ba"), productName: "Ledger Test Product 7", quantity: 1, unitPrice: 8000, totalPrice: 8000, createdAt: DateTime("2026-04-10 14:17:21.416 +00:00:00"), })

[90mstdout[2m | src/__tests__/ledger/ledger.test.ts[2m > [22m[2mplatform ledger & vendor earnings[2m > [22m[2mgetVendorLedger[2m > [22m[2mreturns paginated ledger entries
[22m[39mprisma:query db.OrderStatusHistory.insertOne({ orderId: ObjectId("69d9067130c65a11dba0a1bb"), status: "PAID", note: "Test order", createdAt: DateTime("2026-04-10 14:17:21.416 +00:00:00"), })

[90mstdout[2m | src/__tests__/ledger/ledger.test.ts[2m > [22m[2mplatform ledger & vendor earnings[2m > [22m[2mgetVendorLedger[2m > [22m[2mreturns paginated ledger entries
[22m[39mprisma:query db.Order.aggregate([ { $match: { $expr: { $and: [ { $and: [ { $eq: [ "$_id", { $literal: ObjectId("69d9067130c65a11dba0a1bb"), }, ], }, { $ne: [ "$_id", "$$REMOVE", ], }, ], }, ], }, }, }, { $project: { _id: 1, orderNumber: 1, userId: 1, vendorId: 1, checkoutSessionId: 1, status: 1, shippingAddress: 1, billingAddress: 1, subtotal: 1, shipping: 1, discount: 1, total: 1, couponCode: 1, notes: 1, createdAt: 1, updatedAt: 1, paidAt: 1, shippedAt: 1, deliveredAt: 1, }, }, ])

[90mstdout[2m | src/__tests__/ledger/ledger.test.ts[2m > [22m[2mplatform ledger & vendor earnings[2m > [22m[2mgetVendorLedger[2m > [22m[2mreturns paginated ledger entries
[22m[39mprisma:query db.LedgerEntry.aggregate([ { $match: { $expr: { $and: [ { $and: [ { $eq: [ "$orderId", { $literal: ObjectId("69d9067130c65a11dba0a1bb"), }, ], }, { $ne: [ "$orderId", "$$REMOVE", ], }, ], }, { $and: [ { $eq: [ "$type", { $literal: "SALE", }, ], }, { $ne: [ "$type", "$$REMOVE", ], }, ], }, ], }, }, }, { $limit: 1, }, { $project: { _id: 1, orderId: 1, vendorId: 1, type: 1, amount: 1, currency: 1, balanceBefore: 1, balanceAfter: 1, createdAt: 1, }, }, ])

[90mstdout[2m | src/__tests__/ledger/ledger.test.ts[2m > [22m[2mplatform ledger & vendor earnings[2m > [22m[2mgetVendorLedger[2m > [22m[2mreturns paginated ledger entries
[22m[39mprisma:query db.Order.aggregate([ { $match: { $expr: { $and: [ { $and: [ { $and: [ { $eq: [ "$_id", { $literal: ObjectId("69d9067130c65a11dba0a1bb"), }, ], }, { $ne: [ "$_id", "$$REMOVE", ], }, ], }, ], }, { }, ], }, }, }, { $project: { _id: 1, orderNumber: 1, userId: 1, vendorId: 1, checkoutSessionId: 1, status: 1, shippingAddress: 1, billingAddress: 1, subtotal: 1, shipping: 1, discount: 1, total: 1, couponCode: 1, notes: 1, createdAt: 1, updatedAt: 1, paidAt: 1, shippedAt: 1, deliveredAt: 1, }, }, ])

[90mstdout[2m | src/__tests__/ledger/ledger.test.ts[2m > [22m[2mplatform ledger & vendor earnings[2m > [22m[2mgetVendorLedger[2m > [22m[2mreturns paginated ledger entries
[22m[39mprisma:query db.PlatformConfig.aggregate([ { $match: { $expr: { $and: [ { $and: [ { $and: [ { $eq: [ "$key", { $literal: "commissionRate", }, ], }, { $ne: [ "$key", "$$REMOVE", ], }, ], }, ], }, { }, ], }, }, }, { $project: { _id: 1, key: 1, value: 1, }, }, ])

[90mstdout[2m | src/__tests__/ledger/ledger.test.ts[2m > [22m[2mplatform ledger & vendor earnings[2m > [22m[2mgetVendorLedger[2m > [22m[2mreturns paginated ledger entries
[22m[39mprisma:query db.VendorBalance.aggregate([ { $match: { $expr: { $and: [ { $and: [ { $and: [ { $eq: [ "$vendorId", { $literal: "ledger-test-vendor-ledger", }, ], }, { $ne: [ "$vendorId", "$$REMOVE", ], }, ], }, ], }, { }, ], }, }, }, { $project: { _id: 1, vendorId: 1, availableBalance: 1, totalEarned: 1, totalCommission: 1, updatedAt: 1, }, }, ])

[90mstdout[2m | src/__tests__/ledger/ledger.test.ts[2m > [22m[2mplatform ledger & vendor earnings[2m > [22m[2mgetVendorLedger[2m > [22m[2mreturns paginated ledger entries
[22m[39mprisma:query db.LedgerEntry.insertOne({ orderId: ObjectId("69d9067130c65a11dba0a1bb"), vendorId: "ledger-test-vendor-ledger", type: "SALE", amount: 7200, currency: "NGN", balanceBefore: 0, balanceAfter: 7200, createdAt: DateTime("2026-04-10 14:17:23.148 +00:00:00"), })

[90mstdout[2m | src/__tests__/ledger/ledger.test.ts[2m > [22m[2mplatform ledger & vendor earnings[2m > [22m[2mgetVendorLedger[2m > [22m[2mreturns paginated ledger entries
[22m[39mprisma:query db.LedgerEntry.aggregate([ { $match: { $expr: { $and: [ { $and: [ { $eq: [ "$_id", { $literal: ObjectId("69d9067330c65a11dba0a1be"), }, ], }, { $ne: [ "$_id", "$$REMOVE", ], }, ], }, ], }, }, }, { $project: { _id: 1, orderId: 1, vendorId: 1, type: 1, amount: 1, currency: 1, balanceBefore: 1, balanceAfter: 1, createdAt: 1, }, }, ])

[90mstdout[2m | src/__tests__/ledger/ledger.test.ts[2m > [22m[2mplatform ledger & vendor earnings[2m > [22m[2mgetVendorLedger[2m > [22m[2mreturns paginated ledger entries
[22m[39mprisma:query db.LedgerEntry.insertOne({ orderId: ObjectId("69d9067130c65a11dba0a1bb"), vendorId: "ledger-test-vendor-ledger", type: "COMMISSION", amount: 800, currency: "NGN", balanceBefore: 0, balanceAfter: 7200, createdAt: DateTime("2026-04-10 14:17:23.618 +00:00:00"), })

[90mstdout[2m | src/__tests__/ledger/ledger.test.ts[2m > [22m[2mplatform ledger & vendor earnings[2m > [22m[2mgetVendorLedger[2m > [22m[2mreturns paginated ledger entries
[22m[39mprisma:query db.LedgerEntry.aggregate([ { $match: { $expr: { $and: [ { $and: [ { $eq: [ "$_id", { $literal: ObjectId("69d9067330c65a11dba0a1bf"), }, ], }, { $ne: [ "$_id", "$$REMOVE", ], }, ], }, ], }, }, }, { $project: { _id: 1, orderId: 1, vendorId: 1, type: 1, amount: 1, currency: 1, balanceBefore: 1, balanceAfter: 1, createdAt: 1, }, }, ])

[90mstdout[2m | src/__tests__/ledger/ledger.test.ts[2m > [22m[2mplatform ledger & vendor earnings[2m > [22m[2mgetVendorLedger[2m > [22m[2mreturns paginated ledger entries
[22m[39mprisma:query db.VendorBalance.aggregate([ { $match: { $expr: { $and: [ { $and: [ { $and: [ { $eq: [ "$vendorId", { $literal: "ledger-test-vendor-ledger", }, ], }, { $ne: [ "$vendorId", "$$REMOVE", ], }, ], }, ], }, { }, ], }, }, }, { $project: { _id: 1, }, }, ])

[90mstdout[2m | src/__tests__/ledger/ledger.test.ts[2m > [22m[2mplatform ledger & vendor earnings[2m > [22m[2mgetVendorLedger[2m > [22m[2mreturns paginated ledger entries
[22m[39mprisma:query db.VendorBalance.insertOne({ vendorId: "ledger-test-vendor-ledger", availableBalance: 7200, totalEarned: 7200, totalCommission: 800, updatedAt: DateTime("2026-04-10 14:17:24.007 +00:00:00"), })

[90mstdout[2m | src/__tests__/ledger/ledger.test.ts[2m > [22m[2mplatform ledger & vendor earnings[2m > [22m[2mgetVendorLedger[2m > [22m[2mreturns paginated ledger entries
[22m[39mprisma:query db.VendorBalance.aggregate([ { $match: { $expr: { $and: [ { $and: [ { $eq: [ "$_id", { $literal: ObjectId("69d9067430c65a11dba0a1c0"), }, ], }, { $ne: [ "$_id", "$$REMOVE", ], }, ], }, ], }, }, }, { $project: { _id: 1, vendorId: 1, availableBalance: 1, totalEarned: 1, totalCommission: 1, updatedAt: 1, }, }, ])

[90mstdout[2m | src/__tests__/ledger/ledger.test.ts[2m > [22m[2mplatform ledger & vendor earnings[2m > [22m[2mgetVendorLedger[2m > [22m[2mreturns paginated ledger entries
[22m[39m[32minfo[39m: [32m[Ledger] Order settled[39m {"commission":800,"grossSale":8000,"label":"Global","orderId":"69d9067130c65a11dba0a1bb","timestamp":"2026-04-10 15:17:24","vendorId":"ledger-test-vendor-ledger","vendorNet":7200}

[90mstdout[2m | src/__tests__/ledger/ledger.test.ts[2m > [22m[2mplatform ledger & vendor earnings[2m > [22m[2mgetVendorLedger[2m > [22m[2mreturns paginated ledger entries
[22m[39mprisma:query db.LedgerEntry.aggregate([ { $match: { $expr: { $and: [ { $eq: [ "$vendorId", { $literal: "ledger-test-vendor-ledger", }, ], }, { $ne: [ "$vendorId", "$$REMOVE", ], }, ], }, }, }, { $group: { _id: null, count_all: { $sum: 1, }, }, }, ])

[90mstdout[2m | src/__tests__/ledger/ledger.test.ts[2m > [22m[2mplatform ledger & vendor earnings[2m > [22m[2mgetVendorLedger[2m > [22m[2mreturns paginated ledger entries
[22m[39mprisma:query db.LedgerEntry.aggregate([ { $match: { $expr: { $and: [ { $eq: [ "$vendorId", { $literal: "ledger-test-vendor-ledger", }, ], }, { $ne: [ "$vendorId", "$$REMOVE", ], }, ], }, }, }, { $sort: { createdAt: -1, }, }, { $skip: 0, }, { $limit: 20, }, { $project: { _id: 1, orderId: 1, vendorId: 1, type: 1, amount: 1, currency: 1, balanceBefore: 1, balanceAfter: 1, createdAt: 1, }, }, ])

[90mstdout[2m | src/__tests__/ledger/ledger.test.ts[2m > [22m[2mplatform ledger & vendor earnings[2m > [22m[2mgetVendorLedger[2m > [22m[2mreturns paginated ledger entries
[22m[39mprisma:query db.LedgerEntry.aggregate([ { $match: { $expr: { $and: [ { $regexMatch: { input: "$vendorId", regex: "^ledger-test", options: "", }, }, { $ne: [ "$vendorId", "$$REMOVE", ], }, ], }, }, }, { $project: { _id: 1, }, }, ])

[90mstdout[2m | src/__tests__/ledger/ledger.test.ts[2m > [22m[2mplatform ledger & vendor earnings[2m > [22m[2mgetVendorLedger[2m > [22m[2mreturns paginated ledger entries
[22m[39mprisma:query db.LedgerEntry.deleteMany({ _id: { $in: [ ObjectId("69d9067330c65a11dba0a1be"), ObjectId("69d9067330c65a11dba0a1bf"), ], }, })

[90mstdout[2m | src/__tests__/ledger/ledger.test.ts[2m > [22m[2mplatform ledger & vendor earnings[2m > [22m[2mgetVendorLedger[2m > [22m[2mreturns paginated ledger entries
[22m[39mprisma:query db.VendorBalance.aggregate([ { $match: { $expr: { $and: [ { $regexMatch: { input: "$vendorId", regex: "^ledger-test", options: "", }, }, { $ne: [ "$vendorId", "$$REMOVE", ], }, ], }, }, }, { $project: { _id: 1, }, }, ])

[90mstdout[2m | src/__tests__/ledger/ledger.test.ts[2m > [22m[2mplatform ledger & vendor earnings[2m > [22m[2mgetVendorLedger[2m > [22m[2mreturns paginated ledger entries
[22m[39mprisma:query db.VendorBalance.deleteMany({ _id: { $in: [ ObjectId("69d9067430c65a11dba0a1c0"), ], }, })

[90mstdout[2m | src/__tests__/ledger/ledger.test.ts[2m > [22m[2mplatform ledger & vendor earnings[2m > [22m[2mgetVendorLedger[2m > [22m[2mreturns paginated ledger entries
[22m[39mprisma:query db.Order.aggregate([ { $match: { $expr: { $and: [ { $regexMatch: { input: "$userId", regex: "^ledger-test", options: "", }, }, { $ne: [ "$userId", "$$REMOVE", ], }, ], }, }, }, { $project: { _id: 1, }, }, ])

[90mstdout[2m | src/__tests__/ledger/ledger.test.ts[2m > [22m[2mplatform ledger & vendor earnings[2m > [22m[2mgetVendorLedger[2m > [22m[2mreturns paginated ledger entries
[22m[39mprisma:query db.OrderStatusHistory.aggregate([ { $match: { $expr: { $and: [ { $or: [ { $eq: [ "$orderId", { $literal: ObjectId("69d9067130c65a11dba0a1bb"), }, ], }, ], }, { $ne: [ "$orderId", "$$REMOVE", ], }, ], }, }, }, { $project: { _id: 1, }, }, ])

[90mstdout[2m | src/__tests__/ledger/ledger.test.ts[2m > [22m[2mplatform ledger & vendor earnings[2m > [22m[2mgetVendorLedger[2m > [22m[2mreturns paginated ledger entries
[22m[39mprisma:query db.OrderStatusHistory.deleteMany({ _id: { $in: [ ObjectId("69d9067130c65a11dba0a1bd"), ], }, })

[90mstdout[2m | src/__tests__/ledger/ledger.test.ts[2m > [22m[2mplatform ledger & vendor earnings[2m > [22m[2mgetVendorLedger[2m > [22m[2mreturns paginated ledger entries
[22m[39mprisma:query db.OrderItem.aggregate([ { $match: { $expr: { $and: [ { $or: [ { $eq: [ "$orderId", { $literal: ObjectId("69d9067130c65a11dba0a1bb"), }, ], }, ], }, { $ne: [ "$orderId", "$$REMOVE", ], }, ], }, }, }, { $project: { _id: 1, }, }, ])

[90mstdout[2m | src/__tests__/ledger/ledger.test.ts[2m > [22m[2mplatform ledger & vendor earnings[2m > [22m[2mgetVendorLedger[2m > [22m[2mreturns paginated ledger entries
[22m[39mprisma:query db.OrderItem.deleteMany({ _id: { $in: [ ObjectId("69d9067130c65a11dba0a1bc"), ], }, })

[90mstdout[2m | src/__tests__/ledger/ledger.test.ts[2m > [22m[2mplatform ledger & vendor earnings[2m > [22m[2mgetVendorLedger[2m > [22m[2mreturns paginated ledger entries
[22m[39mprisma:query db.Order.aggregate([ { $match: { $expr: { $and: [ { $regexMatch: { input: "$userId", regex: "^ledger-test", options: "", }, }, { $ne: [ "$userId", "$$REMOVE", ], }, ], }, }, }, { $project: { _id: 1, }, }, ])

[90mstdout[2m | src/__tests__/ledger/ledger.test.ts[2m > [22m[2mplatform ledger & vendor earnings[2m > [22m[2mgetVendorLedger[2m > [22m[2mreturns paginated ledger entries
[22m[39mprisma:query db.OrderStatusHistory.aggregate([ { $match: { $expr: { $and: [ { }, { $and: [ { $or: [ { $eq: [ "$orderId", { $literal: ObjectId("69d9067130c65a11dba0a1bb"), }, ], }, ], }, { $ne: [ "$orderId", "$$REMOVE", ], }, ], }, ], }, }, }, { $project: { _id: 1, orderId: 1, }, }, ])

[90mstdout[2m | src/__tests__/ledger/ledger.test.ts[2m > [22m[2mplatform ledger & vendor earnings[2m > [22m[2mgetVendorLedger[2m > [22m[2mreturns paginated ledger entries
[22m[39mprisma:query db.OrderItem.aggregate([ { $match: { $expr: { $and: [ { }, { $and: [ { $or: [ { $eq: [ "$orderId", { $literal: ObjectId("69d9067130c65a11dba0a1bb"), }, ], }, ], }, { $ne: [ "$orderId", "$$REMOVE", ], }, ], }, ], }, }, }, { $project: { _id: 1, orderId: 1, }, }, ])

[90mstdout[2m | src/__tests__/ledger/ledger.test.ts[2m > [22m[2mplatform ledger & vendor earnings[2m > [22m[2mgetVendorLedger[2m > [22m[2mreturns paginated ledger entries
[22m[39mprisma:query db.Order.deleteMany({ _id: { $in: [ ObjectId("69d9067130c65a11dba0a1bb"), ], }, })

[90mstdout[2m | src/__tests__/ledger/ledger.test.ts[2m > [22m[2mplatform ledger & vendor earnings[2m > [22m[2mgetVendorLedger[2m > [22m[2mreturns paginated ledger entries
[22m[39mprisma:query db.Product.aggregate([ { $match: { $expr: { $and: [ { $regexMatch: { input: "$vendorId", regex: "^ledger-test", options: "", }, }, { $ne: [ "$vendorId", "$$REMOVE", ], }, ], }, }, }, { $project: { _id: 1, }, }, ])

[90mstdout[2m | src/__tests__/ledger/ledger.test.ts[2m > [22m[2mplatform ledger & vendor earnings[2m > [22m[2mgetVendorLedger[2m > [22m[2mreturns paginated ledger entries
[22m[39mprisma:query db.DigitalAsset.aggregate([ { $match: { $expr: { $and: [ { }, { $and: [ { $or: [ { $eq: [ "$productId", { $literal: ObjectId("69d9067030c65a11dba0a1ba"), }, ], }, ], }, { $ne: [ "$productId", "$$REMOVE", ], }, ], }, ], }, }, }, { $project: { _id: 1, productId: 1, }, }, ])

[90mstdout[2m | src/__tests__/ledger/ledger.test.ts[2m > [22m[2mplatform ledger & vendor earnings[2m > [22m[2mgetVendorLedger[2m > [22m[2mreturns paginated ledger entries
[22m[39mprisma:query db.WishlistItem.aggregate([ { $match: { $expr: { $and: [ { }, { $and: [ { $or: [ { $eq: [ "$productId", { $literal: ObjectId("69d9067030c65a11dba0a1ba"), }, ], }, ], }, { $ne: [ "$productId", "$$REMOVE", ], }, ], }, ], }, }, }, { $project: { _id: 1, productId: 1, }, }, ])

[90mstdout[2m | src/__tests__/ledger/ledger.test.ts[2m > [22m[2mplatform ledger & vendor earnings[2m > [22m[2mgetVendorLedger[2m > [22m[2mreturns paginated ledger entries
[22m[39mprisma:query db.Review.aggregate([ { $match: { $expr: { $and: [ { }, { $and: [ { $or: [ { $eq: [ "$productId", { $literal: ObjectId("69d9067030c65a11dba0a1ba"), }, ], }, ], }, { $ne: [ "$productId", "$$REMOVE", ], }, ], }, ], }, }, }, { $project: { _id: 1, productId: 1, }, }, ])

[90mstdout[2m | src/__tests__/ledger/ledger.test.ts[2m > [22m[2mplatform ledger & vendor earnings[2m > [22m[2mgetVendorLedger[2m > [22m[2mreturns paginated ledger entries
[22m[39mprisma:query db.OrderItem.aggregate([ { $match: { $expr: { $and: [ { }, { $and: [ { $or: [ { $eq: [ "$productId", { $literal: ObjectId("69d9067030c65a11dba0a1ba"), }, ], }, ], }, { $ne: [ "$productId", "$$REMOVE", ], }, ], }, ], }, }, }, { $project: { _id: 1, productId: 1, }, }, ])

[90mstdout[2m | src/__tests__/ledger/ledger.test.ts[2m > [22m[2mplatform ledger & vendor earnings[2m > [22m[2mgetVendorLedger[2m > [22m[2mreturns paginated ledger entries
[22m[39mprisma:query db.CartItem.aggregate([ { $match: { $expr: { $and: [ { }, { $and: [ { $or: [ { $eq: [ "$productId", { $literal: ObjectId("69d9067030c65a11dba0a1ba"), }, ], }, ], }, { $ne: [ "$productId", "$$REMOVE", ], }, ], }, ], }, }, }, { $project: { _id: 1, productId: 1, }, }, ])

[90mstdout[2m | src/__tests__/ledger/ledger.test.ts[2m > [22m[2mplatform ledger & vendor earnings[2m > [22m[2mgetVendorLedger[2m > [22m[2mreturns paginated ledger entries
[22m[39mprisma:query db.ProductVariant.aggregate([ { $match: { $expr: { $and: [ { }, { $and: [ { $or: [ { $eq: [ "$productId", { $literal: ObjectId("69d9067030c65a11dba0a1ba"), }, ], }, ], }, { $ne: [ "$productId", "$$REMOVE", ], }, ], }, ], }, }, }, { $project: { _id: 1, productId: 1, }, }, ])

[90mstdout[2m | src/__tests__/ledger/ledger.test.ts[2m > [22m[2mplatform ledger & vendor earnings[2m > [22m[2mgetVendorLedger[2m > [22m[2mreturns paginated ledger entries
[22m[39mprisma:query db.Product.deleteMany({ _id: { $in: [ ObjectId("69d9067030c65a11dba0a1ba"), ], }, })

[90mstdout[2m | src/__tests__/ledger/ledger.test.ts[2m > [22m[2mplatform ledger & vendor earnings[2m > [22m[2mgetVendorLedger[2m > [22m[2mreturns paginated ledger entries
[22m[39mprisma:query db.UserProfile.aggregate([ { $match: { $expr: { $and: [ { $regexMatch: { input: "$userId", regex: "^ledger-test", options: "", }, }, { $ne: [ "$userId", "$$REMOVE", ], }, ], }, }, }, { $project: { _id: 1, }, }, ])

[90mstdout[2m | src/__tests__/ledger/ledger.test.ts[2m > [22m[2mplatform ledger & vendor earnings[2m > [22m[2mgetVendorLedger[2m > [22m[2mreturns paginated ledger entries
[22m[39mprisma:query db.UserProfile.deleteMany({ _id: { $in: [ ObjectId("69d9066f30c65a11dba0a1b8"), ObjectId("69d9067030c65a11dba0a1b9"), ], }, })

[90mstdout[2m | src/__tests__/ledger/ledger.test.ts[2m > [22m[2mplatform ledger & vendor earnings[2m > [22m[2mgetVendorLedger[2m > [22m[2mreturns paginated ledger entries
[22m[39mprisma:query db.PlatformConfig.aggregate([ { $match: { $expr: { $and: [ { $eq: [ "$key", { $literal: "commissionRate", }, ], }, { $ne: [ "$key", "$$REMOVE", ], }, ], }, }, }, { $project: { _id: 1, }, }, ])

[90mstdout[2m | src/__tests__/ledger/ledger.test.ts[2m > [22m[2mplatform ledger & vendor earnings[2m > [22m[2mgetVendorLedger[2m > [22m[2mreturns paginated ledger entries
[22m[39mprisma:query db.PlatformConfig.deleteMany({ _id: { $in: [ ObjectId("69d9066f30c65a11dba0a1b7"), ], }, })

[90mstdout[2m | src/__tests__/ledger/ledger.test.ts[2m > [22m[2mplatform ledger & vendor earnings[2m > [22m[2mgetVendorLedger[2m > [22m[2mfilters by type
[22m[39mprisma:query db.PlatformConfig.aggregate([ { $match: { $expr: { $and: [ { $and: [ { $and: [ { $eq: [ "$key", { $literal: "commissionRate", }, ], }, { $ne: [ "$key", "$$REMOVE", ], }, ], }, ], }, { }, ], }, }, }, { $project: { _id: 1, }, }, ])

[90mstdout[2m | src/__tests__/ledger/ledger.test.ts[2m > [22m[2mplatform ledger & vendor earnings[2m > [22m[2mgetVendorLedger[2m > [22m[2mfilters by type
[22m[39mprisma:query db.PlatformConfig.insertOne({ key: "commissionRate", value: "0.10", })

[90mstdout[2m | src/__tests__/ledger/ledger.test.ts[2m > [22m[2mplatform ledger & vendor earnings[2m > [22m[2mgetVendorLedger[2m > [22m[2mfilters by type
[22m[39mprisma:query db.PlatformConfig.aggregate([ { $match: { $expr: { $and: [ { $and: [ { $eq: [ "$_id", { $literal: ObjectId("69d9067e30c65a11dba0a1c1"), }, ], }, { $ne: [ "$_id", "$$REMOVE", ], }, ], }, ], }, }, }, { $project: { _id: 1, key: 1, value: 1, }, }, ])

[90mstdout[2m | src/__tests__/ledger/ledger.test.ts[2m > [22m[2mplatform ledger & vendor earnings[2m > [22m[2mgetVendorLedger[2m > [22m[2mfilters by type
[22m[39mprisma:query db.UserProfile.insertOne({ userId: "ledger-test-vendor-filter", email: "ledger-test-vendor-filter@test.com", firstName: "Test", lastName: "User", role: "CUSTOMER", isVendor: true, vendorStatus: "ACTIVE", storeName: "Filter Store", storeSlug: "filter-store", createdAt: DateTime("2026-04-10 14:17:34.897 +00:00:00"), updatedAt: DateTime("2026-04-10 14:17:34.897 +00:00:00"), })

[90mstdout[2m | src/__tests__/ledger/ledger.test.ts[2m > [22m[2mplatform ledger & vendor earnings[2m > [22m[2mgetVendorLedger[2m > [22m[2mfilters by type
[22m[39mprisma:query db.UserProfile.aggregate([ { $match: { $expr: { $and: [ { $and: [ { $eq: [ "$_id", { $literal: ObjectId("69d9067e30c65a11dba0a1c2"), }, ], }, { $ne: [ "$_id", "$$REMOVE", ], }, ], }, ], }, }, }, { $project: { _id: 1, userId: 1, email: 1, firstName: 1, lastName: 1, phone: 1, avatar: 1, dateOfBirth: 1, gender: 1, role: 1, isVendor: 1, vendorStatus: 1, storeName: 1, storeSlug: 1, storeDescription: 1, vendorSince: 1, createdAt: 1, updatedAt: 1, }, }, ])

[90mstdout[2m | src/__tests__/ledger/ledger.test.ts[2m > [22m[2mplatform ledger & vendor earnings[2m > [22m[2mgetVendorLedger[2m > [22m[2mfilters by type
[22m[39mprisma:query db.UserProfile.insertOne({ userId: "ledger-test-buyer-filter", email: "ledger-test-buyer-filter@test.com", firstName: "Test", lastName: "User", role: "CUSTOMER", isVendor: false, createdAt: DateTime("2026-04-10 14:17:35.408 +00:00:00"), updatedAt: DateTime("2026-04-10 14:17:35.408 +00:00:00"), })

[90mstdout[2m | src/__tests__/ledger/ledger.test.ts[2m > [22m[2mplatform ledger & vendor earnings[2m > [22m[2mgetVendorLedger[2m > [22m[2mfilters by type
[22m[39mprisma:query db.UserProfile.aggregate([ { $match: { $expr: { $and: [ { $and: [ { $eq: [ "$_id", { $literal: ObjectId("69d9067f30c65a11dba0a1c3"), }, ], }, { $ne: [ "$_id", "$$REMOVE", ], }, ], }, ], }, }, }, { $project: { _id: 1, userId: 1, email: 1, firstName: 1, lastName: 1, phone: 1, avatar: 1, dateOfBirth: 1, gender: 1, role: 1, isVendor: 1, vendorStatus: 1, storeName: 1, storeSlug: 1, storeDescription: 1, vendorSince: 1, createdAt: 1, updatedAt: 1, }, }, ])

[90mstdout[2m | src/__tests__/ledger/ledger.test.ts[2m > [22m[2mplatform ledger & vendor earnings[2m > [22m[2mgetVendorLedger[2m > [22m[2mfilters by type
[22m[39mprisma:query db.Product.insertOne({ name: "Ledger Test Product 8", slug: "ledger-test-product-1775830655898-8", description: "Test product", stockKeepingUnit: "ledger-test-SKU-1775830655898-8", basePrice: 6000, type: "DIGITAL", vendorId: "ledger-test-vendor-filter", approvalStatus: "APPROVED", tags: [ ], images: [ ], avgRating: 0, reviewCount: 0, stock: 0, lowStockThreshold: 10, isActive: true, isFeatured: false, isNewArrival: true, createdAt: DateTime("2026-04-10 14:17:35.9 +00:00:00"), updatedAt: DateTime("2026-04-10 14:17:35.9 +00:00:00"), })

[90mstdout[2m | src/__tests__/ledger/ledger.test.ts[2m > [22m[2mplatform ledger & vendor earnings[2m > [22m[2mgetVendorLedger[2m > [22m[2mfilters by type
[22m[39mprisma:query db.Product.aggregate([ { $match: { $expr: { $and: [ { $and: [ { $eq: [ "$_id", { $literal: ObjectId("69d9067f30c65a11dba0a1c4"), }, ], }, { $ne: [ "$_id", "$$REMOVE", ], }, ], }, ], }, }, }, { $project: { _id: 1, name: 1, slug: 1, description: 1, shortDesc: 1, stockKeepingUnit: 1, basePrice: 1, salePrice: 1, type: 1, categoryId: 1, vendorId: 1, approvalStatus: 1, brand: 1, tags: 1, images: 1, avgRating: 1, reviewCount: 1, stock: 1, lowStockThreshold: 1, isActive: 1, isFeatured: 1, isNewArrival: 1, createdAt: 1, updatedAt: 1, }, }, ])

[90mstdout[2m | src/__tests__/ledger/ledger.test.ts[2m > [22m[2mplatform ledger & vendor earnings[2m > [22m[2mgetVendorLedger[2m > [22m[2mfilters by type
[22m[39mprisma:query db.Order.insertOne({ orderNumber: "ledger-test-ORD-1775830656489-8", userId: "ledger-test-buyer-filter", vendorId: "ledger-test-vendor-filter", status: "PAID", subtotal: 6000, shipping: 0, discount: 0, total: 6000, createdAt: DateTime("2026-04-10 14:17:36.49 +00:00:00"), updatedAt: DateTime("2026-04-10 14:17:36.49 +00:00:00"), })

[90mstdout[2m | src/__tests__/ledger/ledger.test.ts[2m > [22m[2mplatform ledger & vendor earnings[2m > [22m[2mgetVendorLedger[2m > [22m[2mfilters by type
[22m[39mprisma:query db.OrderItem.insertOne({ orderId: ObjectId("69d9068030c65a11dba0a1c5"), productId: ObjectId("69d9067f30c65a11dba0a1c4"), productName: "Ledger Test Product 8", quantity: 1, unitPrice: 6000, totalPrice: 6000, createdAt: DateTime("2026-04-10 14:17:36.49 +00:00:00"), })

[90mstdout[2m | src/__tests__/ledger/ledger.test.ts[2m > [22m[2mplatform ledger & vendor earnings[2m > [22m[2mgetVendorLedger[2m > [22m[2mfilters by type
[22m[39mprisma:query db.OrderStatusHistory.insertOne({ orderId: ObjectId("69d9068030c65a11dba0a1c5"), status: "PAID", note: "Test order", createdAt: DateTime("2026-04-10 14:17:36.49 +00:00:00"), })

[90mstdout[2m | src/__tests__/ledger/ledger.test.ts[2m > [22m[2mplatform ledger & vendor earnings[2m > [22m[2mgetVendorLedger[2m > [22m[2mfilters by type
[22m[39mprisma:query db.Order.aggregate([ { $match: { $expr: { $and: [ { $and: [ { $eq: [ "$_id", { $literal: ObjectId("69d9068030c65a11dba0a1c5"), }, ], }, { $ne: [ "$_id", "$$REMOVE", ], }, ], }, ], }, }, }, { $project: { _id: 1, orderNumber: 1, userId: 1, vendorId: 1, checkoutSessionId: 1, status: 1, shippingAddress: 1, billingAddress: 1, subtotal: 1, shipping: 1, discount: 1, total: 1, couponCode: 1, notes: 1, createdAt: 1, updatedAt: 1, paidAt: 1, shippedAt: 1, deliveredAt: 1, }, }, ])

[90mstdout[2m | src/__tests__/ledger/ledger.test.ts[2m > [22m[2mplatform ledger & vendor earnings[2m > [22m[2mgetVendorLedger[2m > [22m[2mfilters by type
[22m[39mprisma:query db.LedgerEntry.aggregate([ { $match: { $expr: { $and: [ { $and: [ { $eq: [ "$orderId", { $literal: ObjectId("69d9068030c65a11dba0a1c5"), }, ], }, { $ne: [ "$orderId", "$$REMOVE", ], }, ], }, { $and: [ { $eq: [ "$type", { $literal: "SALE", }, ], }, { $ne: [ "$type", "$$REMOVE", ], }, ], }, ], }, }, }, { $limit: 1, }, { $project: { _id: 1, orderId: 1, vendorId: 1, type: 1, amount: 1, currency: 1, balanceBefore: 1, balanceAfter: 1, createdAt: 1, }, }, ])

[90mstdout[2m | src/__tests__/ledger/ledger.test.ts[2m > [22m[2mplatform ledger & vendor earnings[2m > [22m[2mgetVendorLedger[2m > [22m[2mfilters by type
[22m[39mprisma:query db.Order.aggregate([ { $match: { $expr: { $and: [ { $and: [ { $and: [ { $eq: [ "$_id", { $literal: ObjectId("69d9068030c65a11dba0a1c5"), }, ], }, { $ne: [ "$_id", "$$REMOVE", ], }, ], }, ], }, { }, ], }, }, }, { $project: { _id: 1, orderNumber: 1, userId: 1, vendorId: 1, checkoutSessionId: 1, status: 1, shippingAddress: 1, billingAddress: 1, subtotal: 1, shipping: 1, discount: 1, total: 1, couponCode: 1, notes: 1, createdAt: 1, updatedAt: 1, paidAt: 1, shippedAt: 1, deliveredAt: 1, }, }, ])

[90mstdout[2m | src/__tests__/ledger/ledger.test.ts[2m > [22m[2mplatform ledger & vendor earnings[2m > [22m[2mgetVendorLedger[2m > [22m[2mfilters by type
[22m[39mprisma:query db.PlatformConfig.aggregate([ { $match: { $expr: { $and: [ { $and: [ { $and: [ { $eq: [ "$key", { $literal: "commissionRate", }, ], }, { $ne: [ "$key", "$$REMOVE", ], }, ], }, ], }, { }, ], }, }, }, { $project: { _id: 1, key: 1, value: 1, }, }, ])

[90mstdout[2m | src/__tests__/ledger/ledger.test.ts[2m > [22m[2mplatform ledger & vendor earnings[2m > [22m[2mgetVendorLedger[2m > [22m[2mfilters by type
[22m[39mprisma:query db.VendorBalance.aggregate([ { $match: { $expr: { $and: [ { $and: [ { $and: [ { $eq: [ "$vendorId", { $literal: "ledger-test-vendor-filter", }, ], }, { $ne: [ "$vendorId", "$$REMOVE", ], }, ], }, ], }, { }, ], }, }, }, { $project: { _id: 1, vendorId: 1, availableBalance: 1, totalEarned: 1, totalCommission: 1, updatedAt: 1, }, }, ])

[90mstdout[2m | src/__tests__/ledger/ledger.test.ts[2m > [22m[2mplatform ledger & vendor earnings[2m > [22m[2mgetVendorLedger[2m > [22m[2mfilters by type
[22m[39mprisma:query db.LedgerEntry.insertOne({ orderId: ObjectId("69d9068030c65a11dba0a1c5"), vendorId: "ledger-test-vendor-filter", type: "SALE", amount: 5400, currency: "NGN", balanceBefore: 0, balanceAfter: 5400, createdAt: DateTime("2026-04-10 14:17:38.079 +00:00:00"), })

[90mstdout[2m | src/__tests__/ledger/ledger.test.ts[2m > [22m[2mplatform ledger & vendor earnings[2m > [22m[2mgetVendorLedger[2m > [22m[2mfilters by type
[22m[39mprisma:query db.LedgerEntry.aggregate([ { $match: { $expr: { $and: [ { $and: [ { $eq: [ "$_id", { $literal: ObjectId("69d9068230c65a11dba0a1c8"), }, ], }, { $ne: [ "$_id", "$$REMOVE", ], }, ], }, ], }, }, }, { $project: { _id: 1, orderId: 1, vendorId: 1, type: 1, amount: 1, currency: 1, balanceBefore: 1, balanceAfter: 1, createdAt: 1, }, }, ])

[90mstdout[2m | src/__tests__/ledger/ledger.test.ts[2m > [22m[2mplatform ledger & vendor earnings[2m > [22m[2mgetVendorLedger[2m > [22m[2mfilters by type
[22m[39mprisma:query db.LedgerEntry.insertOne({ orderId: ObjectId("69d9068030c65a11dba0a1c5"), vendorId: "ledger-test-vendor-filter", type: "COMMISSION", amount: 600, currency: "NGN", balanceBefore: 0, balanceAfter: 5400, createdAt: DateTime("2026-04-10 14:17:38.463 +00:00:00"), })

[90mstdout[2m | src/__tests__/ledger/ledger.test.ts[2m > [22m[2mplatform ledger & vendor earnings[2m > [22m[2mgetVendorLedger[2m > [22m[2mfilters by type
[22m[39mprisma:query db.LedgerEntry.aggregate([ { $match: { $expr: { $and: [ { $and: [ { $eq: [ "$_id", { $literal: ObjectId("69d9068230c65a11dba0a1c9"), }, ], }, { $ne: [ "$_id", "$$REMOVE", ], }, ], }, ], }, }, }, { $project: { _id: 1, orderId: 1, vendorId: 1, type: 1, amount: 1, currency: 1, balanceBefore: 1, balanceAfter: 1, createdAt: 1, }, }, ])

[90mstdout[2m | src/__tests__/ledger/ledger.test.ts[2m > [22m[2mplatform ledger & vendor earnings[2m > [22m[2mgetVendorLedger[2m > [22m[2mfilters by type
[22m[39mprisma:query db.VendorBalance.aggregate([ { $match: { $expr: { $and: [ { $and: [ { $and: [ { $eq: [ "$vendorId", { $literal: "ledger-test-vendor-filter", }, ], }, { $ne: [ "$vendorId", "$$REMOVE", ], }, ], }, ], }, { }, ], }, }, }, { $project: { _id: 1, }, }, ])

[90mstdout[2m | src/__tests__/ledger/ledger.test.ts[2m > [22m[2mplatform ledger & vendor earnings[2m > [22m[2mgetVendorLedger[2m > [22m[2mfilters by type
[22m[39mprisma:query db.VendorBalance.insertOne({ vendorId: "ledger-test-vendor-filter", availableBalance: 5400, totalEarned: 5400, totalCommission: 600, updatedAt: DateTime("2026-04-10 14:17:39.066 +00:00:00"), })

[90mstdout[2m | src/__tests__/ledger/ledger.test.ts[2m > [22m[2mplatform ledger & vendor earnings[2m > [22m[2mgetVendorLedger[2m > [22m[2mfilters by type
[22m[39mprisma:query db.VendorBalance.aggregate([ { $match: { $expr: { $and: [ { $and: [ { $eq: [ "$_id", { $literal: ObjectId("69d9068330c65a11dba0a1ca"), }, ], }, { $ne: [ "$_id", "$$REMOVE", ], }, ], }, ], }, }, }, { $project: { _id: 1, vendorId: 1, availableBalance: 1, totalEarned: 1, totalCommission: 1, updatedAt: 1, }, }, ])

[90mstdout[2m | src/__tests__/ledger/ledger.test.ts[2m > [22m[2mplatform ledger & vendor earnings[2m > [22m[2mgetVendorLedger[2m > [22m[2mfilters by type
[22m[39m[32minfo[39m: [32m[Ledger] Order settled[39m {"commission":600,"grossSale":6000,"label":"Global","orderId":"69d9068030c65a11dba0a1c5","timestamp":"2026-04-10 15:17:40","vendorId":"ledger-test-vendor-filter","vendorNet":5400}

[90mstdout[2m | src/__tests__/ledger/ledger.test.ts[2m > [22m[2mplatform ledger & vendor earnings[2m > [22m[2mgetVendorLedger[2m > [22m[2mfilters by type
[22m[39mprisma:query db.LedgerEntry.aggregate([ { $match: { $expr: { $and: [ { $and: [ { $eq: [ "$vendorId", { $literal: "ledger-test-vendor-filter", }, ], }, { $ne: [ "$vendorId", "$$REMOVE", ], }, ], }, { $and: [ { $eq: [ "$type", { $literal: "SALE", }, ], }, { $ne: [ "$type", "$$REMOVE", ], }, ], }, ], }, }, }, { $group: { _id: null, count_all: { $sum: 1, }, }, }, ])

[90mstdout[2m | src/__tests__/ledger/ledger.test.ts[2m > [22m[2mplatform ledger & vendor earnings[2m > [22m[2mgetVendorLedger[2m > [22m[2mfilters by type
[22m[39mprisma:query db.LedgerEntry.aggregate([ { $match: { $expr: { $and: [ { $and: [ { $eq: [ "$vendorId", { $literal: "ledger-test-vendor-filter", }, ], }, { $ne: [ "$vendorId", "$$REMOVE", ], }, ], }, { $and: [ { $eq: [ "$type", { $literal: "SALE", }, ], }, { $ne: [ "$type", "$$REMOVE", ], }, ], }, ], }, }, }, { $sort: { createdAt: -1, }, }, { $skip: 0, }, { $limit: 20, }, { $project: { _id: 1, orderId: 1, vendorId: 1, type: 1, amount: 1, currency: 1, balanceBefore: 1, balanceAfter: 1, createdAt: 1, }, }, ])

[90mstdout[2m | src/__tests__/ledger/ledger.test.ts[2m > [22m[2mplatform ledger & vendor earnings[2m > [22m[2mgetVendorLedger[2m > [22m[2mfilters by type
[22m[39mprisma:query db.LedgerEntry.aggregate([ { $match: { $expr: { $and: [ { $and: [ { $eq: [ "$vendorId", { $literal: "ledger-test-vendor-filter", }, ], }, { $ne: [ "$vendorId", "$$REMOVE", ], }, ], }, { $and: [ { $eq: [ "$type", { $literal: "COMMISSION", }, ], }, { $ne: [ "$type", "$$REMOVE", ], }, ], }, ], }, }, }, { $sort: { createdAt: -1, }, }, { $skip: 0, }, { $limit: 20, }, { $project: { _id: 1, orderId: 1, vendorId: 1, type: 1, amount: 1, currency: 1, balanceBefore: 1, balanceAfter: 1, createdAt: 1, }, }, ])

[90mstdout[2m | src/__tests__/ledger/ledger.test.ts[2m > [22m[2mplatform ledger & vendor earnings[2m > [22m[2mgetVendorLedger[2m > [22m[2mfilters by type
[22m[39mprisma:query db.LedgerEntry.aggregate([ { $match: { $expr: { $and: [ { $and: [ { $eq: [ "$vendorId", { $literal: "ledger-test-vendor-filter", }, ], }, { $ne: [ "$vendorId", "$$REMOVE", ], }, ], }, { $and: [ { $eq: [ "$type", { $literal: "COMMISSION", }, ], }, { $ne: [ "$type", "$$REMOVE", ], }, ], }, ], }, }, }, { $group: { _id: null, count_all: { $sum: 1, }, }, }, ])

[90mstdout[2m | src/__tests__/ledger/ledger.test.ts[2m > [22m[2mplatform ledger & vendor earnings[2m > [22m[2mgetVendorLedger[2m > [22m[2mfilters by type
[22m[39mprisma:query db.LedgerEntry.aggregate([ { $match: { $expr: { $and: [ { $regexMatch: { input: "$vendorId", regex: "^ledger-test", options: "", }, }, { $ne: [ "$vendorId", "$$REMOVE", ], }, ], }, }, }, { $project: { _id: 1, }, }, ])

[90mstdout[2m | src/__tests__/ledger/ledger.test.ts[2m > [22m[2mplatform ledger & vendor earnings[2m > [22m[2mgetVendorLedger[2m > [22m[2mfilters by type
[22m[39mprisma:query db.LedgerEntry.deleteMany({ _id: { $in: [ ObjectId("69d9068230c65a11dba0a1c8"), ObjectId("69d9068230c65a11dba0a1c9"), ], }, })

[90mstdout[2m | src/__tests__/ledger/ledger.test.ts[2m > [22m[2mplatform ledger & vendor earnings[2m > [22m[2mgetVendorLedger[2m > [22m[2mfilters by type
[22m[39mprisma:query db.VendorBalance.aggregate([ { $match: { $expr: { $and: [ { $regexMatch: { input: "$vendorId", regex: "^ledger-test", options: "", }, }, { $ne: [ "$vendorId", "$$REMOVE", ], }, ], }, }, }, { $project: { _id: 1, }, }, ])

[90mstdout[2m | src/__tests__/ledger/ledger.test.ts[2m > [22m[2mplatform ledger & vendor earnings[2m > [22m[2mgetVendorLedger[2m > [22m[2mfilters by type
[22m[39mprisma:query db.VendorBalance.deleteMany({ _id: { $in: [ ObjectId("69d9068330c65a11dba0a1ca"), ], }, })

[90mstdout[2m | src/__tests__/ledger/ledger.test.ts[2m > [22m[2mplatform ledger & vendor earnings[2m > [22m[2mgetVendorLedger[2m > [22m[2mfilters by type
[22m[39mprisma:query db.Order.aggregate([ { $match: { $expr: { $and: [ { $regexMatch: { input: "$userId", regex: "^ledger-test", options: "", }, }, { $ne: [ "$userId", "$$REMOVE", ], }, ], }, }, }, { $project: { _id: 1, }, }, ])

[90mstdout[2m | src/__tests__/ledger/ledger.test.ts[2m > [22m[2mplatform ledger & vendor earnings[2m > [22m[2mgetVendorLedger[2m > [22m[2mfilters by type
[22m[39mprisma:query db.OrderStatusHistory.aggregate([ { $match: { $expr: { $and: [ { $or: [ { $eq: [ "$orderId", { $literal: ObjectId("69d9068030c65a11dba0a1c5"), }, ], }, ], }, { $ne: [ "$orderId", "$$REMOVE", ], }, ], }, }, }, { $project: { _id: 1, }, }, ])

[90mstdout[2m | src/__tests__/ledger/ledger.test.ts[2m > [22m[2mplatform ledger & vendor earnings[2m > [22m[2mgetVendorLedger[2m > [22m[2mfilters by type
[22m[39mprisma:query db.OrderStatusHistory.deleteMany({ _id: { $in: [ ObjectId("69d9068030c65a11dba0a1c7"), ], }, })

[90mstdout[2m | src/__tests__/ledger/ledger.test.ts[2m > [22m[2mplatform ledger & vendor earnings[2m > [22m[2mgetVendorLedger[2m > [22m[2mfilters by type
[22m[39mprisma:query db.OrderItem.aggregate([ { $match: { $expr: { $and: [ { $or: [ { $eq: [ "$orderId", { $literal: ObjectId("69d9068030c65a11dba0a1c5"), }, ], }, ], }, { $ne: [ "$orderId", "$$REMOVE", ], }, ], }, }, }, { $project: { _id: 1, }, }, ])

[90mstdout[2m | src/__tests__/ledger/ledger.test.ts[2m > [22m[2mplatform ledger & vendor earnings[2m > [22m[2mgetVendorLedger[2m > [22m[2mfilters by type
[22m[39mprisma:query db.OrderItem.deleteMany({ _id: { $in: [ ObjectId("69d9068030c65a11dba0a1c6"), ], }, })

[90mstdout[2m | src/__tests__/ledger/ledger.test.ts[2m > [22m[2mplatform ledger & vendor earnings[2m > [22m[2mgetVendorLedger[2m > [22m[2mfilters by type
[22m[39mprisma:query db.Order.aggregate([ { $match: { $expr: { $and: [ { $regexMatch: { input: "$userId", regex: "^ledger-test", options: "", }, }, { $ne: [ "$userId", "$$REMOVE", ], }, ], }, }, }, { $project: { _id: 1, }, }, ])

[90mstdout[2m | src/__tests__/ledger/ledger.test.ts[2m > [22m[2mplatform ledger & vendor earnings[2m > [22m[2mgetVendorLedger[2m > [22m[2mfilters by type
[22m[39mprisma:query db.OrderStatusHistory.aggregate([ { $match: { $expr: { $and: [ { }, { $and: [ { $or: [ { $eq: [ "$orderId", { $literal: ObjectId("69d9068030c65a11dba0a1c5"), }, ], }, ], }, { $ne: [ "$orderId", "$$REMOVE", ], }, ], }, ], }, }, }, { $project: { _id: 1, orderId: 1, }, }, ])

[90mstdout[2m | src/__tests__/ledger/ledger.test.ts[2m > [22m[2mplatform ledger & vendor earnings[2m > [22m[2mgetVendorLedger[2m > [22m[2mfilters by type
[22m[39mprisma:query db.OrderItem.aggregate([ { $match: { $expr: { $and: [ { }, { $and: [ { $or: [ { $eq: [ "$orderId", { $literal: ObjectId("69d9068030c65a11dba0a1c5"), }, ], }, ], }, { $ne: [ "$orderId", "$$REMOVE", ], }, ], }, ], }, }, }, { $project: { _id: 1, orderId: 1, }, }, ])

[90mstdout[2m | src/__tests__/ledger/ledger.test.ts[2m > [22m[2mplatform ledger & vendor earnings[2m > [22m[2mgetVendorLedger[2m > [22m[2mfilters by type
[22m[39mprisma:query db.Order.deleteMany({ _id: { $in: [ ObjectId("69d9068030c65a11dba0a1c5"), ], }, })

[90mstdout[2m | src/__tests__/ledger/ledger.test.ts[2m > [22m[2mplatform ledger & vendor earnings[2m > [22m[2mgetVendorLedger[2m > [22m[2mfilters by type
[22m[39mprisma:query db.Product.aggregate([ { $match: { $expr: { $and: [ { $regexMatch: { input: "$vendorId", regex: "^ledger-test", options: "", }, }, { $ne: [ "$vendorId", "$$REMOVE", ], }, ], }, }, }, { $project: { _id: 1, }, }, ])

[90mstdout[2m | src/__tests__/ledger/ledger.test.ts[2m > [22m[2mplatform ledger & vendor earnings[2m > [22m[2mgetVendorLedger[2m > [22m[2mfilters by type
[22m[39mprisma:query db.DigitalAsset.aggregate([ { $match: { $expr: { $and: [ { }, { $and: [ { $or: [ { $eq: [ "$productId", { $literal: ObjectId("69d9067f30c65a11dba0a1c4"), }, ], }, ], }, { $ne: [ "$productId", "$$REMOVE", ], }, ], }, ], }, }, }, { $project: { _id: 1, productId: 1, }, }, ])

[90mstdout[2m | src/__tests__/ledger/ledger.test.ts[2m > [22m[2mplatform ledger & vendor earnings[2m > [22m[2mgetVendorLedger[2m > [22m[2mfilters by type
[22m[39mprisma:query db.WishlistItem.aggregate([ { $match: { $expr: { $and: [ { }, { $and: [ { $or: [ { $eq: [ "$productId", { $literal: ObjectId("69d9067f30c65a11dba0a1c4"), }, ], }, ], }, { $ne: [ "$productId", "$$REMOVE", ], }, ], }, ], }, }, }, { $project: { _id: 1, productId: 1, }, }, ])

[90mstdout[2m | src/__tests__/ledger/ledger.test.ts[2m > [22m[2mplatform ledger & vendor earnings[2m > [22m[2mgetVendorLedger[2m > [22m[2mfilters by type
[22m[39mprisma:query db.Review.aggregate([ { $match: { $expr: { $and: [ { }, { $and: [ { $or: [ { $eq: [ "$productId", { $literal: ObjectId("69d9067f30c65a11dba0a1c4"), }, ], }, ], }, { $ne: [ "$productId", "$$REMOVE", ], }, ], }, ], }, }, }, { $project: { _id: 1, productId: 1, }, }, ])

[90mstdout[2m | src/__tests__/ledger/ledger.test.ts[2m > [22m[2mplatform ledger & vendor earnings[2m > [22m[2mgetVendorLedger[2m > [22m[2mfilters by type
[22m[39mprisma:query db.OrderItem.aggregate([ { $match: { $expr: { $and: [ { }, { $and: [ { $or: [ { $eq: [ "$productId", { $literal: ObjectId("69d9067f30c65a11dba0a1c4"), }, ], }, ], }, { $ne: [ "$productId", "$$REMOVE", ], }, ], }, ], }, }, }, { $project: { _id: 1, productId: 1, }, }, ])

[90mstdout[2m | src/__tests__/ledger/ledger.test.ts[2m > [22m[2mplatform ledger & vendor earnings[2m > [22m[2mgetVendorLedger[2m > [22m[2mfilters by type
[22m[39mprisma:query db.CartItem.aggregate([ { $match: { $expr: { $and: [ { }, { $and: [ { $or: [ { $eq: [ "$productId", { $literal: ObjectId("69d9067f30c65a11dba0a1c4"), }, ], }, ], }, { $ne: [ "$productId", "$$REMOVE", ], }, ], }, ], }, }, }, { $project: { _id: 1, productId: 1, }, }, ])

[90mstdout[2m | src/__tests__/ledger/ledger.test.ts[2m > [22m[2mplatform ledger & vendor earnings[2m > [22m[2mgetVendorLedger[2m > [22m[2mfilters by type
[22m[39mprisma:query db.ProductVariant.aggregate([ { $match: { $expr: { $and: [ { }, { $and: [ { $or: [ { $eq: [ "$productId", { $literal: ObjectId("69d9067f30c65a11dba0a1c4"), }, ], }, ], }, { $ne: [ "$productId", "$$REMOVE", ], }, ], }, ], }, }, }, { $project: { _id: 1, productId: 1, }, }, ])

[90mstdout[2m | src/__tests__/ledger/ledger.test.ts[2m > [22m[2mplatform ledger & vendor earnings[2m > [22m[2mgetVendorLedger[2m > [22m[2mfilters by type
[22m[39mprisma:query db.Product.deleteMany({ _id: { $in: [ ObjectId("69d9067f30c65a11dba0a1c4"), ], }, })

[90mstdout[2m | src/__tests__/ledger/ledger.test.ts[2m > [22m[2mplatform ledger & vendor earnings[2m > [22m[2mgetVendorLedger[2m > [22m[2mfilters by type
[22m[39mprisma:query db.UserProfile.aggregate([ { $match: { $expr: { $and: [ { $regexMatch: { input: "$userId", regex: "^ledger-test", options: "", }, }, { $ne: [ "$userId", "$$REMOVE", ], }, ], }, }, }, { $project: { _id: 1, }, }, ])

[90mstdout[2m | src/__tests__/ledger/ledger.test.ts[2m > [22m[2mplatform ledger & vendor earnings[2m > [22m[2mgetVendorLedger[2m > [22m[2mfilters by type
[22m[39mprisma:query db.UserProfile.deleteMany({ _id: { $in: [ ObjectId("69d9067e30c65a11dba0a1c2"), ObjectId("69d9067f30c65a11dba0a1c3"), ], }, })

[90mstdout[2m | src/__tests__/ledger/ledger.test.ts[2m > [22m[2mplatform ledger & vendor earnings[2m > [22m[2mgetVendorLedger[2m > [22m[2mfilters by type
[22m[39mprisma:query db.PlatformConfig.aggregate([ { $match: { $expr: { $and: [ { $eq: [ "$key", { $literal: "commissionRate", }, ], }, { $ne: [ "$key", "$$REMOVE", ], }, ], }, }, }, { $project: { _id: 1, }, }, ])

[90mstdout[2m | src/__tests__/ledger/ledger.test.ts[2m > [22m[2mplatform ledger & vendor earnings[2m > [22m[2mgetVendorLedger[2m > [22m[2mfilters by type
[22m[39mprisma:query db.PlatformConfig.deleteMany({ _id: { $in: [ ObjectId("69d9067e30c65a11dba0a1c1"), ], }, })

[90mstdout[2m | src/__tests__/ledger/ledger.test.ts[2m > [22m[2mplatform ledger & vendor earnings[2m > [22m[2mgetVendorAnalytics[2m > [22m[2mreturns analytics summary for a vendor
[22m[39mprisma:query db.PlatformConfig.aggregate([ { $match: { $expr: { $and: [ { $and: [ { $and: [ { $eq: [ "$key", { $literal: "commissionRate", }, ], }, { $ne: [ "$key", "$$REMOVE", ], }, ], }, ], }, { }, ], }, }, }, { $project: { _id: 1, }, }, ])

[90mstdout[2m | src/__tests__/ledger/ledger.test.ts[2m > [22m[2mplatform ledger & vendor earnings[2m > [22m[2mgetVendorAnalytics[2m > [22m[2mreturns analytics summary for a vendor
[22m[39mprisma:query db.PlatformConfig.insertOne({ key: "commissionRate", value: "0.10", })

[90mstdout[2m | src/__tests__/ledger/ledger.test.ts[2m > [22m[2mplatform ledger & vendor earnings[2m > [22m[2mgetVendorAnalytics[2m > [22m[2mreturns analytics summary for a vendor
[22m[39mprisma:query db.PlatformConfig.aggregate([ { $match: { $expr: { $and: [ { $and: [ { $eq: [ "$_id", { $literal: ObjectId("69d9068c30c65a11dba0a1cb"), }, ], }, { $ne: [ "$_id", "$$REMOVE", ], }, ], }, ], }, }, }, { $project: { _id: 1, key: 1, value: 1, }, }, ])

[90mstdout[2m | src/__tests__/ledger/ledger.test.ts[2m > [22m[2mplatform ledger & vendor earnings[2m > [22m[2mgetVendorAnalytics[2m > [22m[2mreturns analytics summary for a vendor
[22m[39mprisma:query db.UserProfile.insertOne({ userId: "ledger-test-vendor-analytics", email: "ledger-test-vendor-analytics@test.com", firstName: "Test", lastName: "User", role: "CUSTOMER", isVendor: true, vendorStatus: "ACTIVE", storeName: "Analytics Store", storeSlug: "analytics-store", createdAt: DateTime("2026-04-10 14:17:48.911 +00:00:00"), updatedAt: DateTime("2026-04-10 14:17:48.911 +00:00:00"), })

[90mstdout[2m | src/__tests__/ledger/ledger.test.ts[2m > [22m[2mplatform ledger & vendor earnings[2m > [22m[2mgetVendorAnalytics[2m > [22m[2mreturns analytics summary for a vendor
[22m[39mprisma:query db.UserProfile.aggregate([ { $match: { $expr: { $and: [ { $and: [ { $eq: [ "$_id", { $literal: ObjectId("69d9068c30c65a11dba0a1cc"), }, ], }, { $ne: [ "$_id", "$$REMOVE", ], }, ], }, ], }, }, }, { $project: { _id: 1, userId: 1, email: 1, firstName: 1, lastName: 1, phone: 1, avatar: 1, dateOfBirth: 1, gender: 1, role: 1, isVendor: 1, vendorStatus: 1, storeName: 1, storeSlug: 1, storeDescription: 1, vendorSince: 1, createdAt: 1, updatedAt: 1, }, }, ])

[90mstdout[2m | src/__tests__/ledger/ledger.test.ts[2m > [22m[2mplatform ledger & vendor earnings[2m > [22m[2mgetVendorAnalytics[2m > [22m[2mreturns analytics summary for a vendor
[22m[39mprisma:query db.UserProfile.insertOne({ userId: "ledger-test-buyer-analytics", email: "ledger-test-buyer-analytics@test.com", firstName: "Test", lastName: "User", role: "CUSTOMER", isVendor: false, createdAt: DateTime("2026-04-10 14:17:49.582 +00:00:00"), updatedAt: DateTime("2026-04-10 14:17:49.582 +00:00:00"), })

[90mstdout[2m | src/__tests__/ledger/ledger.test.ts[2m > [22m[2mplatform ledger & vendor earnings[2m > [22m[2mgetVendorAnalytics[2m > [22m[2mreturns analytics summary for a vendor
[22m[39mprisma:query db.UserProfile.aggregate([ { $match: { $expr: { $and: [ { $and: [ { $eq: [ "$_id", { $literal: ObjectId("69d9068d30c65a11dba0a1cd"), }, ], }, { $ne: [ "$_id", "$$REMOVE", ], }, ], }, ], }, }, }, { $project: { _id: 1, userId: 1, email: 1, firstName: 1, lastName: 1, phone: 1, avatar: 1, dateOfBirth: 1, gender: 1, role: 1, isVendor: 1, vendorStatus: 1, storeName: 1, storeSlug: 1, storeDescription: 1, vendorSince: 1, createdAt: 1, updatedAt: 1, }, }, ])

[90mstdout[2m | src/__tests__/ledger/ledger.test.ts[2m > [22m[2mplatform ledger & vendor earnings[2m > [22m[2mgetVendorAnalytics[2m > [22m[2mreturns analytics summary for a vendor
[22m[39mprisma:query db.Product.insertOne({ name: "Ledger Test Product 9", slug: "ledger-test-product-1775830670147-9", description: "Test product", stockKeepingUnit: "ledger-test-SKU-1775830670147-9", basePrice: 15000, type: "DIGITAL", vendorId: "ledger-test-vendor-analytics", approvalStatus: "APPROVED", tags: [ ], images: [ ], avgRating: 0, reviewCount: 0, stock: 0, lowStockThreshold: 10, isActive: true, isFeatured: false, isNewArrival: true, createdAt: DateTime("2026-04-10 14:17:50.148 +00:00:00"), updatedAt: DateTime("2026-04-10 14:17:50.148 +00:00:00"), })

[90mstdout[2m | src/__tests__/ledger/ledger.test.ts[2m > [22m[2mplatform ledger & vendor earnings[2m > [22m[2mgetVendorAnalytics[2m > [22m[2mreturns analytics summary for a vendor
[22m[39mprisma:query db.Product.aggregate([ { $match: { $expr: { $and: [ { $and: [ { $eq: [ "$_id", { $literal: ObjectId("69d9068e30c65a11dba0a1ce"), }, ], }, { $ne: [ "$_id", "$$REMOVE", ], }, ], }, ], }, }, }, { $project: { _id: 1, name: 1, slug: 1, description: 1, shortDesc: 1, stockKeepingUnit: 1, basePrice: 1, salePrice: 1, type: 1, categoryId: 1, vendorId: 1, approvalStatus: 1, brand: 1, tags: 1, images: 1, avgRating: 1, reviewCount: 1, stock: 1, lowStockThreshold: 1, isActive: 1, isFeatured: 1, isNewArrival: 1, createdAt: 1, updatedAt: 1, }, }, ])

[90mstdout[2m | src/__tests__/ledger/ledger.test.ts[2m > [22m[2mplatform ledger & vendor earnings[2m > [22m[2mgetVendorAnalytics[2m > [22m[2mreturns analytics summary for a vendor
[22m[39mprisma:query db.Order.insertOne({ orderNumber: "ledger-test-ORD-1775830670663-9", userId: "ledger-test-buyer-analytics", vendorId: "ledger-test-vendor-analytics", status: "PAID", subtotal: 15000, shipping: 0, discount: 0, total: 15000, createdAt: DateTime("2026-04-10 14:17:50.665 +00:00:00"), updatedAt: DateTime("2026-04-10 14:17:50.665 +00:00:00"), })

[90mstdout[2m | src/__tests__/ledger/ledger.test.ts[2m > [22m[2mplatform ledger & vendor earnings[2m > [22m[2mgetVendorAnalytics[2m > [22m[2mreturns analytics summary for a vendor
[22m[39mprisma:query db.OrderItem.insertOne({ orderId: ObjectId("69d9068e30c65a11dba0a1cf"), productId: ObjectId("69d9068e30c65a11dba0a1ce"), productName: "Ledger Test Product 9", quantity: 1, unitPrice: 15000, totalPrice: 15000, createdAt: DateTime("2026-04-10 14:17:50.665 +00:00:00"), })

[90mstdout[2m | src/__tests__/ledger/ledger.test.ts[2m > [22m[2mplatform ledger & vendor earnings[2m > [22m[2mgetVendorAnalytics[2m > [22m[2mreturns analytics summary for a vendor
[22m[39mprisma:query db.OrderStatusHistory.insertOne({ orderId: ObjectId("69d9068e30c65a11dba0a1cf"), status: "PAID", note: "Test order", createdAt: DateTime("2026-04-10 14:17:50.665 +00:00:00"), })

[90mstdout[2m | src/__tests__/ledger/ledger.test.ts[2m > [22m[2mplatform ledger & vendor earnings[2m > [22m[2mgetVendorAnalytics[2m > [22m[2mreturns analytics summary for a vendor
[22m[39mprisma:query db.Order.aggregate([ { $match: { $expr: { $and: [ { $and: [ { $eq: [ "$_id", { $literal: ObjectId("69d9068e30c65a11dba0a1cf"), }, ], }, { $ne: [ "$_id", "$$REMOVE", ], }, ], }, ], }, }, }, { $project: { _id: 1, orderNumber: 1, userId: 1, vendorId: 1, checkoutSessionId: 1, status: 1, shippingAddress: 1, billingAddress: 1, subtotal: 1, shipping: 1, discount: 1, total: 1, couponCode: 1, notes: 1, createdAt: 1, updatedAt: 1, paidAt: 1, shippedAt: 1, deliveredAt: 1, }, }, ])

[90mstdout[2m | src/__tests__/ledger/ledger.test.ts[2m > [22m[2mplatform ledger & vendor earnings[2m > [22m[2mgetVendorAnalytics[2m > [22m[2mreturns analytics summary for a vendor
[22m[39mprisma:query db.LedgerEntry.aggregate([ { $match: { $expr: { $and: [ { $and: [ { $eq: [ "$orderId", { $literal: ObjectId("69d9068e30c65a11dba0a1cf"), }, ], }, { $ne: [ "$orderId", "$$REMOVE", ], }, ], }, { $and: [ { $eq: [ "$type", { $literal: "SALE", }, ], }, { $ne: [ "$type", "$$REMOVE", ], }, ], }, ], }, }, }, { $limit: 1, }, { $project: { _id: 1, orderId: 1, vendorId: 1, type: 1, amount: 1, currency: 1, balanceBefore: 1, balanceAfter: 1, createdAt: 1, }, }, ])

[90mstdout[2m | src/__tests__/ledger/ledger.test.ts[2m > [22m[2mplatform ledger & vendor earnings[2m > [22m[2mgetVendorAnalytics[2m > [22m[2mreturns analytics summary for a vendor
[22m[39mprisma:query db.Order.aggregate([ { $match: { $expr: { $and: [ { $and: [ { $and: [ { $eq: [ "$_id", { $literal: ObjectId("69d9068e30c65a11dba0a1cf"), }, ], }, { $ne: [ "$_id", "$$REMOVE", ], }, ], }, ], }, { }, ], }, }, }, { $project: { _id: 1, orderNumber: 1, userId: 1, vendorId: 1, checkoutSessionId: 1, status: 1, shippingAddress: 1, billingAddress: 1, subtotal: 1, shipping: 1, discount: 1, total: 1, couponCode: 1, notes: 1, createdAt: 1, updatedAt: 1, paidAt: 1, shippedAt: 1, deliveredAt: 1, }, }, ])

[90mstdout[2m | src/__tests__/ledger/ledger.test.ts[2m > [22m[2mplatform ledger & vendor earnings[2m > [22m[2mgetVendorAnalytics[2m > [22m[2mreturns analytics summary for a vendor
[22m[39mprisma:query db.PlatformConfig.aggregate([ { $match: { $expr: { $and: [ { $and: [ { $and: [ { $eq: [ "$key", { $literal: "commissionRate", }, ], }, { $ne: [ "$key", "$$REMOVE", ], }, ], }, ], }, { }, ], }, }, }, { $project: { _id: 1, key: 1, value: 1, }, }, ])

[90mstdout[2m | src/__tests__/ledger/ledger.test.ts[2m > [22m[2mplatform ledger & vendor earnings[2m > [22m[2mgetVendorAnalytics[2m > [22m[2mreturns analytics summary for a vendor
[22m[39mprisma:query db.VendorBalance.aggregate([ { $match: { $expr: { $and: [ { $and: [ { $and: [ { $eq: [ "$vendorId", { $literal: "ledger-test-vendor-analytics", }, ], }, { $ne: [ "$vendorId", "$$REMOVE", ], }, ], }, ], }, { }, ], }, }, }, { $project: { _id: 1, vendorId: 1, availableBalance: 1, totalEarned: 1, totalCommission: 1, updatedAt: 1, }, }, ])

[90mstdout[2m | src/__tests__/ledger/ledger.test.ts[2m > [22m[2mplatform ledger & vendor earnings[2m > [22m[2mgetVendorAnalytics[2m > [22m[2mreturns analytics summary for a vendor
[22m[39mprisma:query db.LedgerEntry.insertOne({ orderId: ObjectId("69d9068e30c65a11dba0a1cf"), vendorId: "ledger-test-vendor-analytics", type: "SALE", amount: 13500, currency: "NGN", balanceBefore: 0, balanceAfter: 13500, createdAt: DateTime("2026-04-10 14:17:53.922 +00:00:00"), })

[90mstdout[2m | src/__tests__/ledger/ledger.test.ts[2m > [22m[2mplatform ledger & vendor earnings[2m > [22m[2mgetVendorAnalytics[2m > [22m[2mreturns analytics summary for a vendor
[22m[39mprisma:query db.LedgerEntry.aggregate([ { $match: { $expr: { $and: [ { $and: [ { $eq: [ "$_id", { $literal: ObjectId("69d9069130c65a11dba0a1d2"), }, ], }, { $ne: [ "$_id", "$$REMOVE", ], }, ], }, ], }, }, }, { $project: { _id: 1, orderId: 1, vendorId: 1, type: 1, amount: 1, currency: 1, balanceBefore: 1, balanceAfter: 1, createdAt: 1, }, }, ])

[90mstdout[2m | src/__tests__/ledger/ledger.test.ts[2m > [22m[2mplatform ledger & vendor earnings[2m > [22m[2mgetVendorAnalytics[2m > [22m[2mreturns analytics summary for a vendor
[22m[39mprisma:query db.LedgerEntry.insertOne({ orderId: ObjectId("69d9068e30c65a11dba0a1cf"), vendorId: "ledger-test-vendor-analytics", type: "COMMISSION", amount: 1500, currency: "NGN", balanceBefore: 0, balanceAfter: 13500, createdAt: DateTime("2026-04-10 14:17:54.332 +00:00:00"), })

[90mstdout[2m | src/__tests__/ledger/ledger.test.ts[2m > [22m[2mplatform ledger & vendor earnings[2m > [22m[2mgetVendorAnalytics[2m > [22m[2mreturns analytics summary for a vendor
[22m[39mprisma:query db.LedgerEntry.aggregate([ { $match: { $expr: { $and: [ { $and: [ { $eq: [ "$_id", { $literal: ObjectId("69d9069230c65a11dba0a1d3"), }, ], }, { $ne: [ "$_id", "$$REMOVE", ], }, ], }, ], }, }, }, { $project: { _id: 1, orderId: 1, vendorId: 1, type: 1, amount: 1, currency: 1, balanceBefore: 1, balanceAfter: 1, createdAt: 1, }, }, ])

[90mstdout[2m | src/__tests__/ledger/ledger.test.ts[2m > [22m[2mplatform ledger & vendor earnings[2m > [22m[2mgetVendorAnalytics[2m > [22m[2mreturns analytics summary for a vendor
[22m[39mprisma:query db.VendorBalance.aggregate([ { $match: { $expr: { $and: [ { $and: [ { $and: [ { $eq: [ "$vendorId", { $literal: "ledger-test-vendor-analytics", }, ], }, { $ne: [ "$vendorId", "$$REMOVE", ], }, ], }, ], }, { }, ], }, }, }, { $project: { _id: 1, }, }, ])

[90mstdout[2m | src/__tests__/ledger/ledger.test.ts[2m > [22m[2mplatform ledger & vendor earnings[2m > [22m[2mgetVendorAnalytics[2m > [22m[2mreturns analytics summary for a vendor
[22m[39mprisma:query db.VendorBalance.insertOne({ vendorId: "ledger-test-vendor-analytics", availableBalance: 13500, totalEarned: 13500, totalCommission: 1500, updatedAt: DateTime("2026-04-10 14:17:54.697 +00:00:00"), })

[90mstdout[2m | src/__tests__/ledger/ledger.test.ts[2m > [22m[2mplatform ledger & vendor earnings[2m > [22m[2mgetVendorAnalytics[2m > [22m[2mreturns analytics summary for a vendor
[22m[39mprisma:query db.VendorBalance.aggregate([ { $match: { $expr: { $and: [ { $and: [ { $eq: [ "$_id", { $literal: ObjectId("69d9069230c65a11dba0a1d4"), }, ], }, { $ne: [ "$_id", "$$REMOVE", ], }, ], }, ], }, }, }, { $project: { _id: 1, vendorId: 1, availableBalance: 1, totalEarned: 1, totalCommission: 1, updatedAt: 1, }, }, ])

[90mstdout[2m | src/__tests__/ledger/ledger.test.ts[2m > [22m[2mplatform ledger & vendor earnings[2m > [22m[2mgetVendorAnalytics[2m > [22m[2mreturns analytics summary for a vendor
[22m[39m[32minfo[39m: [32m[Ledger] Order settled[39m {"commission":1500,"grossSale":15000,"label":"Global","orderId":"69d9068e30c65a11dba0a1cf","timestamp":"2026-04-10 15:17:55","vendorId":"ledger-test-vendor-analytics","vendorNet":13500}

[90mstdout[2m | src/__tests__/ledger/ledger.test.ts[2m > [22m[2mplatform ledger & vendor earnings[2m > [22m[2mgetVendorAnalytics[2m > [22m[2mreturns analytics summary for a vendor
[22m[39mprisma:query db.Order.aggregate([ { $match: { $expr: { $and: [ { $and: [ { $eq: [ "$vendorId", { $literal: "ledger-test-vendor-analytics", }, ], }, { $ne: [ "$vendorId", "$$REMOVE", ], }, ], }, { $and: [ { $eq: [ "$status", { $literal: "PAID", }, ], }, { $ne: [ "$status", "$$REMOVE", ], }, ], }, ], }, }, }, { $group: { _id: null, count_all: { $sum: 1, }, }, }, ])

[90mstdout[2m | src/__tests__/ledger/ledger.test.ts[2m > [22m[2mplatform ledger & vendor earnings[2m > [22m[2mgetVendorAnalytics[2m > [22m[2mreturns analytics summary for a vendor
[22m[39mprisma:query db.LedgerEntry.aggregate([ { $match: { $expr: { $and: [ { $and: [ { $eq: [ "$vendorId", { $literal: "ledger-test-vendor-analytics", }, ], }, { $ne: [ "$vendorId", "$$REMOVE", ], }, ], }, { $and: [ { $eq: [ "$type", { $literal: "SALE", }, ], }, { $ne: [ "$type", "$$REMOVE", ], }, ], }, ], }, }, }, { $project: { _id: 1, amount: 1, }, }, ])

[90mstdout[2m | src/__tests__/ledger/ledger.test.ts[2m > [22m[2mplatform ledger & vendor earnings[2m > [22m[2mgetVendorAnalytics[2m > [22m[2mreturns analytics summary for a vendor
[22m[39mprisma:query db.LedgerEntry.aggregate([ { $match: { $expr: { $and: [ { $and: [ { $eq: [ "$vendorId", { $literal: "ledger-test-vendor-analytics", }, ], }, { $ne: [ "$vendorId", "$$REMOVE", ], }, ], }, { $and: [ { $eq: [ "$type", { $literal: "COMMISSION", }, ], }, { $ne: [ "$type", "$$REMOVE", ], }, ], }, ], }, }, }, { $project: { _id: 1, amount: 1, }, }, ])

[90mstdout[2m | src/__tests__/ledger/ledger.test.ts[2m > [22m[2mplatform ledger & vendor earnings[2m > [22m[2mgetVendorAnalytics[2m > [22m[2mreturns analytics summary for a vendor
[22m[39mprisma:query db.VendorBalance.aggregate([ { $match: { $expr: { $and: [ { $and: [ { $and: [ { $eq: [ "$vendorId", { $literal: "ledger-test-vendor-analytics", }, ], }, { $ne: [ "$vendorId", "$$REMOVE", ], }, ], }, ], }, { }, ], }, }, }, { $project: { _id: 1, vendorId: 1, availableBalance: 1, totalEarned: 1, totalCommission: 1, updatedAt: 1, }, }, ])

[90mstdout[2m | src/__tests__/ledger/ledger.test.ts[2m > [22m[2mplatform ledger & vendor earnings[2m > [22m[2mgetVendorAnalytics[2m > [22m[2mreturns analytics summary for a vendor
[22m[39mprisma:query db.LedgerEntry.aggregate([ { $match: { $expr: { $and: [ { $and: [ { $eq: [ "$vendorId", { $literal: "ledger-test-vendor-analytics", }, ], }, { $ne: [ "$vendorId", "$$REMOVE", ], }, ], }, { $and: [ { $eq: [ "$type", { $literal: "SALE", }, ], }, { $ne: [ "$type", "$$REMOVE", ], }, ], }, ], }, }, }, { $sort: { createdAt: 1, }, }, { $project: { _id: 1, amount: 1, createdAt: 1, }, }, ])

[90mstdout[2m | src/__tests__/ledger/ledger.test.ts[2m > [22m[2mplatform ledger & vendor earnings[2m > [22m[2mgetVendorAnalytics[2m > [22m[2mreturns analytics summary for a vendor
[22m[39mprisma:query db.LedgerEntry.aggregate([ { $match: { $expr: { $and: [ { $and: [ { $eq: [ "$vendorId", { $literal: "ledger-test-vendor-analytics", }, ], }, { $ne: [ "$vendorId", "$$REMOVE", ], }, ], }, { $and: [ { $eq: [ "$type", { $literal: "COMMISSION", }, ], }, { $ne: [ "$type", "$$REMOVE", ], }, ], }, ], }, }, }, { $sort: { createdAt: 1, }, }, { $project: { _id: 1, amount: 1, createdAt: 1, }, }, ])

[90mstdout[2m | src/__tests__/ledger/ledger.test.ts[2m > [22m[2mplatform ledger & vendor earnings[2m > [22m[2mgetVendorAnalytics[2m > [22m[2mreturns analytics summary for a vendor
[22m[39mprisma:query db.LedgerEntry.aggregate([ { $match: { $expr: { $and: [ { $regexMatch: { input: "$vendorId", regex: "^ledger-test", options: "", }, }, { $ne: [ "$vendorId", "$$REMOVE", ], }, ], }, }, }, { $project: { _id: 1, }, }, ])

[90mstdout[2m | src/__tests__/ledger/ledger.test.ts[2m > [22m[2mplatform ledger & vendor earnings[2m > [22m[2mgetVendorAnalytics[2m > [22m[2mreturns analytics summary for a vendor
[22m[39mprisma:query db.LedgerEntry.deleteMany({ _id: { $in: [ ObjectId("69d9069130c65a11dba0a1d2"), ObjectId("69d9069230c65a11dba0a1d3"), ], }, })

[90mstdout[2m | src/__tests__/ledger/ledger.test.ts[2m > [22m[2mplatform ledger & vendor earnings[2m > [22m[2mgetVendorAnalytics[2m > [22m[2mreturns analytics summary for a vendor
[22m[39mprisma:query db.VendorBalance.aggregate([ { $match: { $expr: { $and: [ { $regexMatch: { input: "$vendorId", regex: "^ledger-test", options: "", }, }, { $ne: [ "$vendorId", "$$REMOVE", ], }, ], }, }, }, { $project: { _id: 1, }, }, ])

[90mstdout[2m | src/__tests__/ledger/ledger.test.ts[2m > [22m[2mplatform ledger & vendor earnings[2m > [22m[2mgetVendorAnalytics[2m > [22m[2mreturns analytics summary for a vendor
[22m[39mprisma:query db.VendorBalance.deleteMany({ _id: { $in: [ ObjectId("69d9069230c65a11dba0a1d4"), ], }, })

[90mstdout[2m | src/__tests__/ledger/ledger.test.ts[2m > [22m[2mplatform ledger & vendor earnings[2m > [22m[2mgetVendorAnalytics[2m > [22m[2mreturns analytics summary for a vendor
[22m[39mprisma:query db.Order.aggregate([ { $match: { $expr: { $and: [ { $regexMatch: { input: "$userId", regex: "^ledger-test", options: "", }, }, { $ne: [ "$userId", "$$REMOVE", ], }, ], }, }, }, { $project: { _id: 1, }, }, ])

[90mstdout[2m | src/__tests__/ledger/ledger.test.ts[2m > [22m[2mplatform ledger & vendor earnings[2m > [22m[2mgetVendorAnalytics[2m > [22m[2mreturns analytics summary for a vendor
[22m[39mprisma:query db.OrderStatusHistory.aggregate([ { $match: { $expr: { $and: [ { $or: [ { $eq: [ "$orderId", { $literal: ObjectId("69d9068e30c65a11dba0a1cf"), }, ], }, ], }, { $ne: [ "$orderId", "$$REMOVE", ], }, ], }, }, }, { $project: { _id: 1, }, }, ])

[90mstdout[2m | src/__tests__/ledger/ledger.test.ts[2m > [22m[2mplatform ledger & vendor earnings[2m > [22m[2mgetVendorAnalytics[2m > [22m[2mreturns analytics summary for a vendor
[22m[39mprisma:query db.OrderStatusHistory.deleteMany({ _id: { $in: [ ObjectId("69d9068f30c65a11dba0a1d1"), ], }, })

[90mstdout[2m | src/__tests__/ledger/ledger.test.ts[2m > [22m[2mplatform ledger & vendor earnings[2m > [22m[2mgetVendorAnalytics[2m > [22m[2mreturns analytics summary for a vendor
[22m[39mprisma:query db.OrderItem.aggregate([ { $match: { $expr: { $and: [ { $or: [ { $eq: [ "$orderId", { $literal: ObjectId("69d9068e30c65a11dba0a1cf"), }, ], }, ], }, { $ne: [ "$orderId", "$$REMOVE", ], }, ], }, }, }, { $project: { _id: 1, }, }, ])

[90mstdout[2m | src/__tests__/ledger/ledger.test.ts[2m > [22m[2mplatform ledger & vendor earnings[2m > [22m[2mgetVendorAnalytics[2m > [22m[2mreturns analytics summary for a vendor
[22m[39mprisma:query db.OrderItem.deleteMany({ _id: { $in: [ ObjectId("69d9068e30c65a11dba0a1d0"), ], }, })

[90mstdout[2m | src/__tests__/ledger/ledger.test.ts[2m > [22m[2mplatform ledger & vendor earnings[2m > [22m[2mgetVendorAnalytics[2m > [22m[2mreturns analytics summary for a vendor
[22m[39mprisma:query db.Order.aggregate([ { $match: { $expr: { $and: [ { $regexMatch: { input: "$userId", regex: "^ledger-test", options: "", }, }, { $ne: [ "$userId", "$$REMOVE", ], }, ], }, }, }, { $project: { _id: 1, }, }, ])

[90mstdout[2m | src/__tests__/ledger/ledger.test.ts[2m > [22m[2mplatform ledger & vendor earnings[2m > [22m[2mgetVendorAnalytics[2m > [22m[2mreturns analytics summary for a vendor
[22m[39mprisma:query db.OrderStatusHistory.aggregate([ { $match: { $expr: { $and: [ { }, { $and: [ { $or: [ { $eq: [ "$orderId", { $literal: ObjectId("69d9068e30c65a11dba0a1cf"), }, ], }, ], }, { $ne: [ "$orderId", "$$REMOVE", ], }, ], }, ], }, }, }, { $project: { _id: 1, orderId: 1, }, }, ])

[90mstdout[2m | src/__tests__/ledger/ledger.test.ts[2m > [22m[2mplatform ledger & vendor earnings[2m > [22m[2mgetVendorAnalytics[2m > [22m[2mreturns analytics summary for a vendor
[22m[39mprisma:query db.OrderItem.aggregate([ { $match: { $expr: { $and: [ { }, { $and: [ { $or: [ { $eq: [ "$orderId", { $literal: ObjectId("69d9068e30c65a11dba0a1cf"), }, ], }, ], }, { $ne: [ "$orderId", "$$REMOVE", ], }, ], }, ], }, }, }, { $project: { _id: 1, orderId: 1, }, }, ])

[90mstdout[2m | src/__tests__/ledger/ledger.test.ts[2m > [22m[2mplatform ledger & vendor earnings[2m > [22m[2mgetVendorAnalytics[2m > [22m[2mreturns analytics summary for a vendor
[22m[39mprisma:query db.Order.deleteMany({ _id: { $in: [ ObjectId("69d9068e30c65a11dba0a1cf"), ], }, })

[90mstdout[2m | src/__tests__/ledger/ledger.test.ts[2m > [22m[2mplatform ledger & vendor earnings[2m > [22m[2mgetVendorAnalytics[2m > [22m[2mreturns analytics summary for a vendor
[22m[39mprisma:query db.Product.aggregate([ { $match: { $expr: { $and: [ { $regexMatch: { input: "$vendorId", regex: "^ledger-test", options: "", }, }, { $ne: [ "$vendorId", "$$REMOVE", ], }, ], }, }, }, { $project: { _id: 1, }, }, ])

[90mstdout[2m | src/__tests__/ledger/ledger.test.ts[2m > [22m[2mplatform ledger & vendor earnings[2m > [22m[2mgetVendorAnalytics[2m > [22m[2mreturns analytics summary for a vendor
[22m[39mprisma:query db.DigitalAsset.aggregate([ { $match: { $expr: { $and: [ { }, { $and: [ { $or: [ { $eq: [ "$productId", { $literal: ObjectId("69d9068e30c65a11dba0a1ce"), }, ], }, ], }, { $ne: [ "$productId", "$$REMOVE", ], }, ], }, ], }, }, }, { $project: { _id: 1, productId: 1, }, }, ])

[90mstdout[2m | src/__tests__/ledger/ledger.test.ts[2m > [22m[2mplatform ledger & vendor earnings[2m > [22m[2mgetVendorAnalytics[2m > [22m[2mreturns analytics summary for a vendor
[22m[39mprisma:query db.WishlistItem.aggregate([ { $match: { $expr: { $and: [ { }, { $and: [ { $or: [ { $eq: [ "$productId", { $literal: ObjectId("69d9068e30c65a11dba0a1ce"), }, ], }, ], }, { $ne: [ "$productId", "$$REMOVE", ], }, ], }, ], }, }, }, { $project: { _id: 1, productId: 1, }, }, ])

[90mstdout[2m | src/__tests__/ledger/ledger.test.ts[2m > [22m[2mplatform ledger & vendor earnings[2m > [22m[2mgetVendorAnalytics[2m > [22m[2mreturns analytics summary for a vendor
[22m[39mprisma:query db.Review.aggregate([ { $match: { $expr: { $and: [ { }, { $and: [ { $or: [ { $eq: [ "$productId", { $literal: ObjectId("69d9068e30c65a11dba0a1ce"), }, ], }, ], }, { $ne: [ "$productId", "$$REMOVE", ], }, ], }, ], }, }, }, { $project: { _id: 1, productId: 1, }, }, ])

[90mstdout[2m | src/__tests__/ledger/ledger.test.ts[2m > [22m[2mplatform ledger & vendor earnings[2m > [22m[2mgetVendorAnalytics[2m > [22m[2mreturns analytics summary for a vendor
[22m[39mprisma:query db.OrderItem.aggregate([ { $match: { $expr: { $and: [ { }, { $and: [ { $or: [ { $eq: [ "$productId", { $literal: ObjectId("69d9068e30c65a11dba0a1ce"), }, ], }, ], }, { $ne: [ "$productId", "$$REMOVE", ], }, ], }, ], }, }, }, { $project: { _id: 1, productId: 1, }, }, ])

[90mstdout[2m | src/__tests__/ledger/ledger.test.ts[2m > [22m[2mplatform ledger & vendor earnings[2m > [22m[2mgetVendorAnalytics[2m > [22m[2mreturns analytics summary for a vendor
[22m[39mprisma:query db.CartItem.aggregate([ { $match: { $expr: { $and: [ { }, { $and: [ { $or: [ { $eq: [ "$productId", { $literal: ObjectId("69d9068e30c65a11dba0a1ce"), }, ], }, ], }, { $ne: [ "$productId", "$$REMOVE", ], }, ], }, ], }, }, }, { $project: { _id: 1, productId: 1, }, }, ])

[90mstdout[2m | src/__tests__/ledger/ledger.test.ts[2m > [22m[2mplatform ledger & vendor earnings[2m > [22m[2mgetVendorAnalytics[2m > [22m[2mreturns analytics summary for a vendor
[22m[39mprisma:query db.ProductVariant.aggregate([ { $match: { $expr: { $and: [ { }, { $and: [ { $or: [ { $eq: [ "$productId", { $literal: ObjectId("69d9068e30c65a11dba0a1ce"), }, ], }, ], }, { $ne: [ "$productId", "$$REMOVE", ], }, ], }, ], }, }, }, { $project: { _id: 1, productId: 1, }, }, ])

[90mstdout[2m | src/__tests__/ledger/ledger.test.ts[2m > [22m[2mplatform ledger & vendor earnings[2m > [22m[2mgetVendorAnalytics[2m > [22m[2mreturns analytics summary for a vendor
[22m[39mprisma:query db.Product.deleteMany({ _id: { $in: [ ObjectId("69d9068e30c65a11dba0a1ce"), ], }, })

[90mstdout[2m | src/__tests__/ledger/ledger.test.ts[2m > [22m[2mplatform ledger & vendor earnings[2m > [22m[2mgetVendorAnalytics[2m > [22m[2mreturns analytics summary for a vendor
[22m[39mprisma:query db.UserProfile.aggregate([ { $match: { $expr: { $and: [ { $regexMatch: { input: "$userId", regex: "^ledger-test", options: "", }, }, { $ne: [ "$userId", "$$REMOVE", ], }, ], }, }, }, { $project: { _id: 1, }, }, ])

[90mstdout[2m | src/__tests__/ledger/ledger.test.ts[2m > [22m[2mplatform ledger & vendor earnings[2m > [22m[2mgetVendorAnalytics[2m > [22m[2mreturns analytics summary for a vendor
[22m[39mprisma:query db.UserProfile.deleteMany({ _id: { $in: [ ObjectId("69d9068c30c65a11dba0a1cc"), ObjectId("69d9068d30c65a11dba0a1cd"), ], }, })

[90mstdout[2m | src/__tests__/ledger/ledger.test.ts[2m > [22m[2mplatform ledger & vendor earnings[2m > [22m[2mgetVendorAnalytics[2m > [22m[2mreturns analytics summary for a vendor
[22m[39mprisma:query db.PlatformConfig.aggregate([ { $match: { $expr: { $and: [ { $eq: [ "$key", { $literal: "commissionRate", }, ], }, { $ne: [ "$key", "$$REMOVE", ], }, ], }, }, }, { $project: { _id: 1, }, }, ])

[90mstdout[2m | src/__tests__/ledger/ledger.test.ts[2m > [22m[2mplatform ledger & vendor earnings[2m > [22m[2mgetVendorAnalytics[2m > [22m[2mreturns analytics summary for a vendor
[22m[39mprisma:query db.PlatformConfig.deleteMany({ _id: { $in: [ ObjectId("69d9068c30c65a11dba0a1cb"), ], }, })

[90mstdout[2m | src/__tests__/ledger/ledger.test.ts[2m > [22m[2mplatform ledger & vendor earnings[2m > [22m[2mgetCommissionReport[2m > [22m[2mreturns platform-wide commission report
[22m[39mprisma:query db.PlatformConfig.aggregate([ { $match: { $expr: { $and: [ { $and: [ { $and: [ { $eq: [ "$key", { $literal: "commissionRate", }, ], }, { $ne: [ "$key", "$$REMOVE", ], }, ], }, ], }, { }, ], }, }, }, { $project: { _id: 1, }, }, ])

[90mstdout[2m | src/__tests__/ledger/ledger.test.ts[2m > [22m[2mplatform ledger & vendor earnings[2m > [22m[2mgetCommissionReport[2m > [22m[2mreturns platform-wide commission report
[22m[39mprisma:query db.PlatformConfig.insertOne({ key: "commissionRate", value: "0.10", })

[90mstdout[2m | src/__tests__/ledger/ledger.test.ts[2m > [22m[2mplatform ledger & vendor earnings[2m > [22m[2mgetCommissionReport[2m > [22m[2mreturns platform-wide commission report
[22m[39mprisma:query db.PlatformConfig.aggregate([ { $match: { $expr: { $and: [ { $and: [ { $eq: [ "$_id", { $literal: ObjectId("69d9069b30c65a11dba0a1d5"), }, ], }, { $ne: [ "$_id", "$$REMOVE", ], }, ], }, ], }, }, }, { $project: { _id: 1, key: 1, value: 1, }, }, ])

[90mstdout[2m | src/__tests__/ledger/ledger.test.ts[2m > [22m[2mplatform ledger & vendor earnings[2m > [22m[2mgetCommissionReport[2m > [22m[2mreturns platform-wide commission report
[22m[39mprisma:query db.UserProfile.insertOne({ userId: "ledger-test-vendor-report-1", email: "ledger-test-vendor-report-1@test.com", firstName: "Test", lastName: "User", role: "CUSTOMER", isVendor: true, vendorStatus: "ACTIVE", storeName: "Report Store 1", storeSlug: "report-store-1", createdAt: DateTime("2026-04-10 14:18:04.438 +00:00:00"), updatedAt: DateTime("2026-04-10 14:18:04.438 +00:00:00"), })

[90mstdout[2m | src/__tests__/ledger/ledger.test.ts[2m > [22m[2mplatform ledger & vendor earnings[2m > [22m[2mgetCommissionReport[2m > [22m[2mreturns platform-wide commission report
[22m[39mprisma:query db.UserProfile.aggregate([ { $match: { $expr: { $and: [ { $and: [ { $eq: [ "$_id", { $literal: ObjectId("69d9069c30c65a11dba0a1d6"), }, ], }, { $ne: [ "$_id", "$$REMOVE", ], }, ], }, ], }, }, }, { $project: { _id: 1, userId: 1, email: 1, firstName: 1, lastName: 1, phone: 1, avatar: 1, dateOfBirth: 1, gender: 1, role: 1, isVendor: 1, vendorStatus: 1, storeName: 1, storeSlug: 1, storeDescription: 1, vendorSince: 1, createdAt: 1, updatedAt: 1, }, }, ])

[90mstdout[2m | src/__tests__/ledger/ledger.test.ts[2m > [22m[2mplatform ledger & vendor earnings[2m > [22m[2mgetCommissionReport[2m > [22m[2mreturns platform-wide commission report
[22m[39mprisma:query db.UserProfile.insertOne({ userId: "ledger-test-vendor-report-2", email: "ledger-test-vendor-report-2@test.com", firstName: "Test", lastName: "User", role: "CUSTOMER", isVendor: true, vendorStatus: "ACTIVE", storeName: "Report Store 2", storeSlug: "report-store-2", createdAt: DateTime("2026-04-10 14:18:05.159 +00:00:00"), updatedAt: DateTime("2026-04-10 14:18:05.159 +00:00:00"), })

[90mstdout[2m | src/__tests__/ledger/ledger.test.ts[2m > [22m[2mplatform ledger & vendor earnings[2m > [22m[2mgetCommissionReport[2m > [22m[2mreturns platform-wide commission report
[22m[39mprisma:query db.UserProfile.aggregate([ { $match: { $expr: { $and: [ { $and: [ { $eq: [ "$_id", { $literal: ObjectId("69d9069d30c65a11dba0a1d7"), }, ], }, { $ne: [ "$_id", "$$REMOVE", ], }, ], }, ], }, }, }, { $project: { _id: 1, userId: 1, email: 1, firstName: 1, lastName: 1, phone: 1, avatar: 1, dateOfBirth: 1, gender: 1, role: 1, isVendor: 1, vendorStatus: 1, storeName: 1, storeSlug: 1, storeDescription: 1, vendorSince: 1, createdAt: 1, updatedAt: 1, }, }, ])

[90mstdout[2m | src/__tests__/ledger/ledger.test.ts[2m > [22m[2mplatform ledger & vendor earnings[2m > [22m[2mgetCommissionReport[2m > [22m[2mreturns platform-wide commission report
[22m[39mprisma:query db.UserProfile.insertOne({ userId: "ledger-test-buyer-report", email: "ledger-test-buyer-report@test.com", firstName: "Test", lastName: "User", role: "CUSTOMER", isVendor: false, createdAt: DateTime("2026-04-10 14:18:06.326 +00:00:00"), updatedAt: DateTime("2026-04-10 14:18:06.326 +00:00:00"), })

[90mstdout[2m | src/__tests__/ledger/ledger.test.ts[2m > [22m[2mplatform ledger & vendor earnings[2m > [22m[2mgetCommissionReport[2m > [22m[2mreturns platform-wide commission report
[22m[39mprisma:query db.UserProfile.aggregate([ { $match: { $expr: { $and: [ { $and: [ { $eq: [ "$_id", { $literal: ObjectId("69d9069e30c65a11dba0a1d8"), }, ], }, { $ne: [ "$_id", "$$REMOVE", ], }, ], }, ], }, }, }, { $project: { _id: 1, userId: 1, email: 1, firstName: 1, lastName: 1, phone: 1, avatar: 1, dateOfBirth: 1, gender: 1, role: 1, isVendor: 1, vendorStatus: 1, storeName: 1, storeSlug: 1, storeDescription: 1, vendorSince: 1, createdAt: 1, updatedAt: 1, }, }, ])

[90mstdout[2m | src/__tests__/ledger/ledger.test.ts[2m > [22m[2mplatform ledger & vendor earnings[2m > [22m[2mgetCommissionReport[2m > [22m[2mreturns platform-wide commission report
[22m[39mprisma:query db.Product.insertOne({ name: "Ledger Test Product 10", slug: "ledger-test-product-1775830687205-10", description: "Test product", stockKeepingUnit: "ledger-test-SKU-1775830687205-10", basePrice: 10000, type: "DIGITAL", vendorId: "ledger-test-vendor-report-1", approvalStatus: "APPROVED", tags: [ ], images: [ ], avgRating: 0, reviewCount: 0, stock: 0, lowStockThreshold: 10, isActive: true, isFeatured: false, isNewArrival: true, createdAt: DateTime("2026-04-10 14:18:07.208 +00:00:00"), updatedAt: DateTime("2026-04-10 14:18:07.208 +00:00:00"), })

[90mstdout[2m | src/__tests__/ledger/ledger.test.ts[2m > [22m[2mplatform ledger & vendor earnings[2m > [22m[2mgetCommissionReport[2m > [22m[2mreturns platform-wide commission report
[22m[39mprisma:query db.Product.aggregate([ { $match: { $expr: { $and: [ { $and: [ { $eq: [ "$_id", { $literal: ObjectId("69d9069f30c65a11dba0a1d9"), }, ], }, { $ne: [ "$_id", "$$REMOVE", ], }, ], }, ], }, }, }, { $project: { _id: 1, name: 1, slug: 1, description: 1, shortDesc: 1, stockKeepingUnit: 1, basePrice: 1, salePrice: 1, type: 1, categoryId: 1, vendorId: 1, approvalStatus: 1, brand: 1, tags: 1, images: 1, avgRating: 1, reviewCount: 1, stock: 1, lowStockThreshold: 1, isActive: 1, isFeatured: 1, isNewArrival: 1, createdAt: 1, updatedAt: 1, }, }, ])

[90mstdout[2m | src/__tests__/ledger/ledger.test.ts[2m > [22m[2mplatform ledger & vendor earnings[2m > [22m[2mgetCommissionReport[2m > [22m[2mreturns platform-wide commission report
[22m[39mprisma:query db.Order.insertOne({ orderNumber: "ledger-test-ORD-1775830687753-10", userId: "ledger-test-buyer-report", vendorId: "ledger-test-vendor-report-1", status: "PAID", subtotal: 10000, shipping: 0, discount: 0, total: 10000, createdAt: DateTime("2026-04-10 14:18:07.755 +00:00:00"), updatedAt: DateTime("2026-04-10 14:18:07.755 +00:00:00"), })

[90mstdout[2m | src/__tests__/ledger/ledger.test.ts[2m > [22m[2mplatform ledger & vendor earnings[2m > [22m[2mgetCommissionReport[2m > [22m[2mreturns platform-wide commission report
[22m[39mprisma:query db.OrderItem.insertOne({ orderId: ObjectId("69d9069f30c65a11dba0a1da"), productId: ObjectId("69d9069f30c65a11dba0a1d9"), productName: "Ledger Test Product 10", quantity: 1, unitPrice: 10000, totalPrice: 10000, createdAt: DateTime("2026-04-10 14:18:07.755 +00:00:00"), })

[90mstdout[2m | src/__tests__/ledger/ledger.test.ts[2m > [22m[2mplatform ledger & vendor earnings[2m > [22m[2mgetCommissionReport[2m > [22m[2mreturns platform-wide commission report
[22m[39mprisma:query db.OrderStatusHistory.insertOne({ orderId: ObjectId("69d9069f30c65a11dba0a1da"), status: "PAID", note: "Test order", createdAt: DateTime("2026-04-10 14:18:07.755 +00:00:00"), })

[90mstdout[2m | src/__tests__/ledger/ledger.test.ts[2m > [22m[2mplatform ledger & vendor earnings[2m > [22m[2mgetCommissionReport[2m > [22m[2mreturns platform-wide commission report
[22m[39mprisma:query db.Order.aggregate([ { $match: { $expr: { $and: [ { $and: [ { $eq: [ "$_id", { $literal: ObjectId("69d9069f30c65a11dba0a1da"), }, ], }, { $ne: [ "$_id", "$$REMOVE", ], }, ], }, ], }, }, }, { $project: { _id: 1, orderNumber: 1, userId: 1, vendorId: 1, checkoutSessionId: 1, status: 1, shippingAddress: 1, billingAddress: 1, subtotal: 1, shipping: 1, discount: 1, total: 1, couponCode: 1, notes: 1, createdAt: 1, updatedAt: 1, paidAt: 1, shippedAt: 1, deliveredAt: 1, }, }, ])

[90mstdout[2m | src/__tests__/ledger/ledger.test.ts[2m > [22m[2mplatform ledger & vendor earnings[2m > [22m[2mgetCommissionReport[2m > [22m[2mreturns platform-wide commission report
[22m[39mprisma:query db.Product.insertOne({ name: "Ledger Test Product 11", slug: "ledger-test-product-1775830688633-11", description: "Test product", stockKeepingUnit: "ledger-test-SKU-1775830688633-11", basePrice: 20000, type: "DIGITAL", vendorId: "ledger-test-vendor-report-2", approvalStatus: "APPROVED", tags: [ ], images: [ ], avgRating: 0, reviewCount: 0, stock: 0, lowStockThreshold: 10, isActive: true, isFeatured: false, isNewArrival: true, createdAt: DateTime("2026-04-10 14:18:08.635 +00:00:00"), updatedAt: DateTime("2026-04-10 14:18:08.635 +00:00:00"), })

[90mstdout[2m | src/__tests__/ledger/ledger.test.ts[2m > [22m[2mplatform ledger & vendor earnings[2m > [22m[2mgetCommissionReport[2m > [22m[2mreturns platform-wide commission report
[22m[39mprisma:query db.Product.aggregate([ { $match: { $expr: { $and: [ { $and: [ { $eq: [ "$_id", { $literal: ObjectId("69d906a030c65a11dba0a1dd"), }, ], }, { $ne: [ "$_id", "$$REMOVE", ], }, ], }, ], }, }, }, { $project: { _id: 1, name: 1, slug: 1, description: 1, shortDesc: 1, stockKeepingUnit: 1, basePrice: 1, salePrice: 1, type: 1, categoryId: 1, vendorId: 1, approvalStatus: 1, brand: 1, tags: 1, images: 1, avgRating: 1, reviewCount: 1, stock: 1, lowStockThreshold: 1, isActive: 1, isFeatured: 1, isNewArrival: 1, createdAt: 1, updatedAt: 1, }, }, ])

[90mstdout[2m | src/__tests__/ledger/ledger.test.ts[2m > [22m[2mplatform ledger & vendor earnings[2m > [22m[2mgetCommissionReport[2m > [22m[2mreturns platform-wide commission report
[22m[39mprisma:query db.Order.insertOne({ orderNumber: "ledger-test-ORD-1775830689357-11", userId: "ledger-test-buyer-report", vendorId: "ledger-test-vendor-report-2", status: "PAID", subtotal: 20000, shipping: 0, discount: 0, total: 20000, createdAt: DateTime("2026-04-10 14:18:09.359 +00:00:00"), updatedAt: DateTime("2026-04-10 14:18:09.359 +00:00:00"), })

[90mstdout[2m | src/__tests__/ledger/ledger.test.ts[2m > [22m[2mplatform ledger & vendor earnings[2m > [22m[2mgetCommissionReport[2m > [22m[2mreturns platform-wide commission report
[22m[39mprisma:query db.OrderItem.insertOne({ orderId: ObjectId("69d906a130c65a11dba0a1de"), productId: ObjectId("69d906a030c65a11dba0a1dd"), productName: "Ledger Test Product 11", quantity: 1, unitPrice: 20000, totalPrice: 20000, createdAt: DateTime("2026-04-10 14:18:09.359 +00:00:00"), })

[90mstdout[2m | src/__tests__/ledger/ledger.test.ts[2m > [22m[2mplatform ledger & vendor earnings[2m > [22m[2mgetCommissionReport[2m > [22m[2mreturns platform-wide commission report
[22m[39mprisma:query db.OrderStatusHistory.insertOne({ orderId: ObjectId("69d906a130c65a11dba0a1de"), status: "PAID", note: "Test order", createdAt: DateTime("2026-04-10 14:18:09.359 +00:00:00"), })

[90mstdout[2m | src/__tests__/ledger/ledger.test.ts[2m > [22m[2mplatform ledger & vendor earnings[2m > [22m[2mgetCommissionReport[2m > [22m[2mreturns platform-wide commission report
[22m[39mprisma:query db.Order.aggregate([ { $match: { $expr: { $and: [ { $and: [ { $eq: [ "$_id", { $literal: ObjectId("69d906a130c65a11dba0a1de"), }, ], }, { $ne: [ "$_id", "$$REMOVE", ], }, ], }, ], }, }, }, { $project: { _id: 1, orderNumber: 1, userId: 1, vendorId: 1, checkoutSessionId: 1, status: 1, shippingAddress: 1, billingAddress: 1, subtotal: 1, shipping: 1, discount: 1, total: 1, couponCode: 1, notes: 1, createdAt: 1, updatedAt: 1, paidAt: 1, shippedAt: 1, deliveredAt: 1, }, }, ])

[90mstdout[2m | src/__tests__/ledger/ledger.test.ts[2m > [22m[2mplatform ledger & vendor earnings[2m > [22m[2mgetCommissionReport[2m > [22m[2mreturns platform-wide commission report
[22m[39mprisma:query db.LedgerEntry.aggregate([ { $match: { $expr: { $and: [ { $and: [ { $eq: [ "$orderId", { $literal: ObjectId("69d9069f30c65a11dba0a1da"), }, ], }, { $ne: [ "$orderId", "$$REMOVE", ], }, ], }, { $and: [ { $eq: [ "$type", { $literal: "SALE", }, ], }, { $ne: [ "$type", "$$REMOVE", ], }, ], }, ], }, }, }, { $limit: 1, }, { $project: { _id: 1, orderId: 1, vendorId: 1, type: 1, amount: 1, currency: 1, balanceBefore: 1, balanceAfter: 1, createdAt: 1, }, }, ])

[90mstdout[2m | src/__tests__/ledger/ledger.test.ts[2m > [22m[2mplatform ledger & vendor earnings[2m > [22m[2mgetCommissionReport[2m > [22m[2mreturns platform-wide commission report
[22m[39mprisma:query db.Order.aggregate([ { $match: { $expr: { $and: [ { $and: [ { $and: [ { $eq: [ "$_id", { $literal: ObjectId("69d9069f30c65a11dba0a1da"), }, ], }, { $ne: [ "$_id", "$$REMOVE", ], }, ], }, ], }, { }, ], }, }, }, { $project: { _id: 1, orderNumber: 1, userId: 1, vendorId: 1, checkoutSessionId: 1, status: 1, shippingAddress: 1, billingAddress: 1, subtotal: 1, shipping: 1, discount: 1, total: 1, couponCode: 1, notes: 1, createdAt: 1, updatedAt: 1, paidAt: 1, shippedAt: 1, deliveredAt: 1, }, }, ])

[90mstdout[2m | src/__tests__/ledger/ledger.test.ts[2m > [22m[2mplatform ledger & vendor earnings[2m > [22m[2mgetCommissionReport[2m > [22m[2mreturns platform-wide commission report
[22m[39mprisma:query db.PlatformConfig.aggregate([ { $match: { $expr: { $and: [ { $and: [ { $and: [ { $eq: [ "$key", { $literal: "commissionRate", }, ], }, { $ne: [ "$key", "$$REMOVE", ], }, ], }, ], }, { }, ], }, }, }, { $project: { _id: 1, key: 1, value: 1, }, }, ])

[90mstdout[2m | src/__tests__/ledger/ledger.test.ts[2m > [22m[2mplatform ledger & vendor earnings[2m > [22m[2mgetCommissionReport[2m > [22m[2mreturns platform-wide commission report
[22m[39mprisma:query db.VendorBalance.aggregate([ { $match: { $expr: { $and: [ { $and: [ { $and: [ { $eq: [ "$vendorId", { $literal: "ledger-test-vendor-report-1", }, ], }, { $ne: [ "$vendorId", "$$REMOVE", ], }, ], }, ], }, { }, ], }, }, }, { $project: { _id: 1, vendorId: 1, availableBalance: 1, totalEarned: 1, totalCommission: 1, updatedAt: 1, }, }, ])

[90mstdout[2m | src/__tests__/ledger/ledger.test.ts[2m > [22m[2mplatform ledger & vendor earnings[2m > [22m[2mgetCommissionReport[2m > [22m[2mreturns platform-wide commission report
[22m[39mprisma:query db.LedgerEntry.insertOne({ orderId: ObjectId("69d9069f30c65a11dba0a1da"), vendorId: "ledger-test-vendor-report-1", type: "SALE", amount: 9000, currency: "NGN", balanceBefore: 0, balanceAfter: 9000, createdAt: DateTime("2026-04-10 14:18:10.953 +00:00:00"), })

[90mstdout[2m | src/__tests__/ledger/ledger.test.ts[2m > [22m[2mplatform ledger & vendor earnings[2m > [22m[2mgetCommissionReport[2m > [22m[2mreturns platform-wide commission report
[22m[39mprisma:query db.LedgerEntry.aggregate([ { $match: { $expr: { $and: [ { $and: [ { $eq: [ "$_id", { $literal: ObjectId("69d906a230c65a11dba0a1e1"), }, ], }, { $ne: [ "$_id", "$$REMOVE", ], }, ], }, ], }, }, }, { $project: { _id: 1, orderId: 1, vendorId: 1, type: 1, amount: 1, currency: 1, balanceBefore: 1, balanceAfter: 1, createdAt: 1, }, }, ])

[90mstdout[2m | src/__tests__/ledger/ledger.test.ts[2m > [22m[2mplatform ledger & vendor earnings[2m > [22m[2mgetCommissionReport[2m > [22m[2mreturns platform-wide commission report
[22m[39mprisma:query db.LedgerEntry.insertOne({ orderId: ObjectId("69d9069f30c65a11dba0a1da"), vendorId: "ledger-test-vendor-report-1", type: "COMMISSION", amount: 1000, currency: "NGN", balanceBefore: 0, balanceAfter: 9000, createdAt: DateTime("2026-04-10 14:18:11.294 +00:00:00"), })

[90mstdout[2m | src/__tests__/ledger/ledger.test.ts[2m > [22m[2mplatform ledger & vendor earnings[2m > [22m[2mgetCommissionReport[2m > [22m[2mreturns platform-wide commission report
[22m[39mprisma:query db.LedgerEntry.aggregate([ { $match: { $expr: { $and: [ { $and: [ { $eq: [ "$_id", { $literal: ObjectId("69d906a330c65a11dba0a1e2"), }, ], }, { $ne: [ "$_id", "$$REMOVE", ], }, ], }, ], }, }, }, { $project: { _id: 1, orderId: 1, vendorId: 1, type: 1, amount: 1, currency: 1, balanceBefore: 1, balanceAfter: 1, createdAt: 1, }, }, ])

[90mstdout[2m | src/__tests__/ledger/ledger.test.ts[2m > [22m[2mplatform ledger & vendor earnings[2m > [22m[2mgetCommissionReport[2m > [22m[2mreturns platform-wide commission report
[22m[39mprisma:query db.VendorBalance.aggregate([ { $match: { $expr: { $and: [ { $and: [ { $and: [ { $eq: [ "$vendorId", { $literal: "ledger-test-vendor-report-1", }, ], }, { $ne: [ "$vendorId", "$$REMOVE", ], }, ], }, ], }, { }, ], }, }, }, { $project: { _id: 1, }, }, ])

[90mstdout[2m | src/__tests__/ledger/ledger.test.ts[2m > [22m[2mplatform ledger & vendor earnings[2m > [22m[2mgetCommissionReport[2m > [22m[2mreturns platform-wide commission report
[22m[39mprisma:query db.VendorBalance.insertOne({ vendorId: "ledger-test-vendor-report-1", availableBalance: 9000, totalEarned: 9000, totalCommission: 1000, updatedAt: DateTime("2026-04-10 14:18:11.629 +00:00:00"), })

[90mstdout[2m | src/__tests__/ledger/ledger.test.ts[2m > [22m[2mplatform ledger & vendor earnings[2m > [22m[2mgetCommissionReport[2m > [22m[2mreturns platform-wide commission report
[22m[39mprisma:query db.VendorBalance.aggregate([ { $match: { $expr: { $and: [ { $and: [ { $eq: [ "$_id", { $literal: ObjectId("69d906a330c65a11dba0a1e3"), }, ], }, { $ne: [ "$_id", "$$REMOVE", ], }, ], }, ], }, }, }, { $project: { _id: 1, vendorId: 1, availableBalance: 1, totalEarned: 1, totalCommission: 1, updatedAt: 1, }, }, ])

[90mstdout[2m | src/__tests__/ledger/ledger.test.ts[2m > [22m[2mplatform ledger & vendor earnings[2m > [22m[2mgetCommissionReport[2m > [22m[2mreturns platform-wide commission report
[22m[39m[32minfo[39m: [32m[Ledger] Order settled[39m {"commission":1000,"grossSale":10000,"label":"Global","orderId":"69d9069f30c65a11dba0a1da","timestamp":"2026-04-10 15:18:12","vendorId":"ledger-test-vendor-report-1","vendorNet":9000}

[90mstdout[2m | src/__tests__/ledger/ledger.test.ts[2m > [22m[2mplatform ledger & vendor earnings[2m > [22m[2mgetCommissionReport[2m > [22m[2mreturns platform-wide commission report
[22m[39mprisma:query db.LedgerEntry.aggregate([ { $match: { $expr: { $and: [ { $and: [ { $eq: [ "$orderId", { $literal: ObjectId("69d906a130c65a11dba0a1de"), }, ], }, { $ne: [ "$orderId", "$$REMOVE", ], }, ], }, { $and: [ { $eq: [ "$type", { $literal: "SALE", }, ], }, { $ne: [ "$type", "$$REMOVE", ], }, ], }, ], }, }, }, { $limit: 1, }, { $project: { _id: 1, orderId: 1, vendorId: 1, type: 1, amount: 1, currency: 1, balanceBefore: 1, balanceAfter: 1, createdAt: 1, }, }, ])

[90mstdout[2m | src/__tests__/ledger/ledger.test.ts[2m > [22m[2mplatform ledger & vendor earnings[2m > [22m[2mgetCommissionReport[2m > [22m[2mreturns platform-wide commission report
[22m[39mprisma:query db.Order.aggregate([ { $match: { $expr: { $and: [ { $and: [ { $and: [ { $eq: [ "$_id", { $literal: ObjectId("69d906a130c65a11dba0a1de"), }, ], }, { $ne: [ "$_id", "$$REMOVE", ], }, ], }, ], }, { }, ], }, }, }, { $project: { _id: 1, orderNumber: 1, userId: 1, vendorId: 1, checkoutSessionId: 1, status: 1, shippingAddress: 1, billingAddress: 1, subtotal: 1, shipping: 1, discount: 1, total: 1, couponCode: 1, notes: 1, createdAt: 1, updatedAt: 1, paidAt: 1, shippedAt: 1, deliveredAt: 1, }, }, ])

[90mstdout[2m | src/__tests__/ledger/ledger.test.ts[2m > [22m[2mplatform ledger & vendor earnings[2m > [22m[2mgetCommissionReport[2m > [22m[2mreturns platform-wide commission report
[22m[39mprisma:query db.PlatformConfig.aggregate([ { $match: { $expr: { $and: [ { $and: [ { $and: [ { $eq: [ "$key", { $literal: "commissionRate", }, ], }, { $ne: [ "$key", "$$REMOVE", ], }, ], }, ], }, { }, ], }, }, }, { $project: { _id: 1, key: 1, value: 1, }, }, ])

[90mstdout[2m | src/__tests__/ledger/ledger.test.ts[2m > [22m[2mplatform ledger & vendor earnings[2m > [22m[2mgetCommissionReport[2m > [22m[2mreturns platform-wide commission report
[22m[39mprisma:query db.VendorBalance.aggregate([ { $match: { $expr: { $and: [ { $and: [ { $and: [ { $eq: [ "$vendorId", { $literal: "ledger-test-vendor-report-2", }, ], }, { $ne: [ "$vendorId", "$$REMOVE", ], }, ], }, ], }, { }, ], }, }, }, { $project: { _id: 1, vendorId: 1, availableBalance: 1, totalEarned: 1, totalCommission: 1, updatedAt: 1, }, }, ])

[90mstdout[2m | src/__tests__/ledger/ledger.test.ts[2m > [22m[2mplatform ledger & vendor earnings[2m > [22m[2mgetCommissionReport[2m > [22m[2mreturns platform-wide commission report
[22m[39mprisma:query db.LedgerEntry.insertOne({ orderId: ObjectId("69d906a130c65a11dba0a1de"), vendorId: "ledger-test-vendor-report-2", type: "SALE", amount: 18000, currency: "NGN", balanceBefore: 0, balanceAfter: 18000, createdAt: DateTime("2026-04-10 14:18:13.326 +00:00:00"), })

[90mstdout[2m | src/__tests__/ledger/ledger.test.ts[2m > [22m[2mplatform ledger & vendor earnings[2m > [22m[2mgetCommissionReport[2m > [22m[2mreturns platform-wide commission report
[22m[39mprisma:query db.LedgerEntry.aggregate([ { $match: { $expr: { $and: [ { $and: [ { $eq: [ "$_id", { $literal: ObjectId("69d906a530c65a11dba0a1e4"), }, ], }, { $ne: [ "$_id", "$$REMOVE", ], }, ], }, ], }, }, }, { $project: { _id: 1, orderId: 1, vendorId: 1, type: 1, amount: 1, currency: 1, balanceBefore: 1, balanceAfter: 1, createdAt: 1, }, }, ])

[90mstdout[2m | src/__tests__/ledger/ledger.test.ts[2m > [22m[2mplatform ledger & vendor earnings[2m > [22m[2mgetCommissionReport[2m > [22m[2mreturns platform-wide commission report
[22m[39mprisma:query db.LedgerEntry.insertOne({ orderId: ObjectId("69d906a130c65a11dba0a1de"), vendorId: "ledger-test-vendor-report-2", type: "COMMISSION", amount: 2000, currency: "NGN", balanceBefore: 0, balanceAfter: 18000, createdAt: DateTime("2026-04-10 14:18:13.672 +00:00:00"), })

[90mstdout[2m | src/__tests__/ledger/ledger.test.ts[2m > [22m[2mplatform ledger & vendor earnings[2m > [22m[2mgetCommissionReport[2m > [22m[2mreturns platform-wide commission report
[22m[39mprisma:query db.LedgerEntry.aggregate([ { $match: { $expr: { $and: [ { $and: [ { $eq: [ "$_id", { $literal: ObjectId("69d906a530c65a11dba0a1e5"), }, ], }, { $ne: [ "$_id", "$$REMOVE", ], }, ], }, ], }, }, }, { $project: { _id: 1, orderId: 1, vendorId: 1, type: 1, amount: 1, currency: 1, balanceBefore: 1, balanceAfter: 1, createdAt: 1, }, }, ])

[90mstdout[2m | src/__tests__/ledger/ledger.test.ts[2m > [22m[2mplatform ledger & vendor earnings[2m > [22m[2mgetCommissionReport[2m > [22m[2mreturns platform-wide commission report
[22m[39mprisma:query db.VendorBalance.aggregate([ { $match: { $expr: { $and: [ { $and: [ { $and: [ { $eq: [ "$vendorId", { $literal: "ledger-test-vendor-report-2", }, ], }, { $ne: [ "$vendorId", "$$REMOVE", ], }, ], }, ], }, { }, ], }, }, }, { $project: { _id: 1, }, }, ])

[90mstdout[2m | src/__tests__/ledger/ledger.test.ts[2m > [22m[2mplatform ledger & vendor earnings[2m > [22m[2mgetCommissionReport[2m > [22m[2mreturns platform-wide commission report
[22m[39mprisma:query db.VendorBalance.insertOne({ vendorId: "ledger-test-vendor-report-2", availableBalance: 18000, totalEarned: 18000, totalCommission: 2000, updatedAt: DateTime("2026-04-10 14:18:14.036 +00:00:00"), })

[90mstdout[2m | src/__tests__/ledger/ledger.test.ts[2m > [22m[2mplatform ledger & vendor earnings[2m > [22m[2mgetCommissionReport[2m > [22m[2mreturns platform-wide commission report
[22m[39mprisma:query db.VendorBalance.aggregate([ { $match: { $expr: { $and: [ { $and: [ { $eq: [ "$_id", { $literal: ObjectId("69d906a630c65a11dba0a1e6"), }, ], }, { $ne: [ "$_id", "$$REMOVE", ], }, ], }, ], }, }, }, { $project: { _id: 1, vendorId: 1, availableBalance: 1, totalEarned: 1, totalCommission: 1, updatedAt: 1, }, }, ])

[90mstdout[2m | src/__tests__/ledger/ledger.test.ts[2m > [22m[2mplatform ledger & vendor earnings[2m > [22m[2mgetCommissionReport[2m > [22m[2mreturns platform-wide commission report
[22m[39m[32minfo[39m: [32m[Ledger] Order settled[39m {"commission":2000,"grossSale":20000,"label":"Global","orderId":"69d906a130c65a11dba0a1de","timestamp":"2026-04-10 15:18:14","vendorId":"ledger-test-vendor-report-2","vendorNet":18000}

[90mstdout[2m | src/__tests__/ledger/ledger.test.ts[2m > [22m[2mplatform ledger & vendor earnings[2m > [22m[2mgetCommissionReport[2m > [22m[2mreturns platform-wide commission report
[22m[39mprisma:query db.PlatformConfig.aggregate([ { $match: { $expr: { $and: [ { $and: [ { $and: [ { $eq: [ "$key", { $literal: "commissionRate", }, ], }, { $ne: [ "$key", "$$REMOVE", ], }, ], }, ], }, { }, ], }, }, }, { $project: { _id: 1, key: 1, value: 1, }, }, ])

[90mstdout[2m | src/__tests__/ledger/ledger.test.ts[2m > [22m[2mplatform ledger & vendor earnings[2m > [22m[2mgetCommissionReport[2m > [22m[2mreturns platform-wide commission report
[22m[39mprisma:query db.VendorBalance.aggregate([ { $project: { _id: 1, vendorId: 1, availableBalance: 1, totalEarned: 1, totalCommission: 1, updatedAt: 1, }, }, ])

[90mstdout[2m | src/__tests__/ledger/ledger.test.ts[2m > [22m[2mplatform ledger & vendor earnings[2m > [22m[2mgetCommissionReport[2m > [22m[2mreturns platform-wide commission report
[22m[39mprisma:query db.LedgerEntry.aggregate([ { $match: { $expr: { $and: [ { $eq: [ "$type", { $literal: "SALE", }, ], }, { $ne: [ "$type", "$$REMOVE", ], }, ], }, }, }, { $project: { _id: 1, orderId: 1, vendorId: 1, type: 1, amount: 1, currency: 1, balanceBefore: 1, balanceAfter: 1, createdAt: 1, }, }, ])

[90mstdout[2m | src/__tests__/ledger/ledger.test.ts[2m > [22m[2mplatform ledger & vendor earnings[2m > [22m[2mgetCommissionReport[2m > [22m[2mreturns platform-wide commission report
[22m[39mprisma:query db.LedgerEntry.aggregate([ { $match: { $expr: { $and: [ { $eq: [ "$type", { $literal: "COMMISSION", }, ], }, { $ne: [ "$type", "$$REMOVE", ], }, ], }, }, }, { $project: { _id: 1, orderId: 1, vendorId: 1, type: 1, amount: 1, currency: 1, balanceBefore: 1, balanceAfter: 1, createdAt: 1, }, }, ])

[90mstdout[2m | src/__tests__/ledger/ledger.test.ts[2m > [22m[2mplatform ledger & vendor earnings[2m > [22m[2mgetCommissionReport[2m > [22m[2mreturns platform-wide commission report
[22m[39mprisma:query db.UserProfile.aggregate([ { $match: { $expr: { $and: [ { $or: [ { $eq: [ "$userId", { $literal: "ledger-test-vendor-report-1", }, ], }, { $eq: [ "$userId", { $literal: "ledger-test-vendor-report-2", }, ], }, ], }, { $ne: [ "$userId", "$$REMOVE", ], }, ], }, }, }, { $project: { _id: 1, userId: 1, storeName: 1, firstName: 1, lastName: 1, }, }, ])

[90mstdout[2m | src/__tests__/ledger/ledger.test.ts[2m > [22m[2mplatform ledger & vendor earnings[2m > [22m[2mgetCommissionReport[2m > [22m[2mreturns platform-wide commission report
[22m[39mprisma:query db.LedgerEntry.aggregate([ { $match: { $expr: { $and: [ { $regexMatch: { input: "$vendorId", regex: "^ledger-test", options: "", }, }, { $ne: [ "$vendorId", "$$REMOVE", ], }, ], }, }, }, { $project: { _id: 1, }, }, ])

[90mstdout[2m | src/__tests__/ledger/ledger.test.ts[2m > [22m[2mplatform ledger & vendor earnings[2m > [22m[2mgetCommissionReport[2m > [22m[2mreturns platform-wide commission report
[22m[39mprisma:query db.LedgerEntry.deleteMany({ _id: { $in: [ ObjectId("69d906a230c65a11dba0a1e1"), ObjectId("69d906a330c65a11dba0a1e2"), ObjectId("69d906a530c65a11dba0a1e4"), ObjectId("69d906a530c65a11dba0a1e5"), ], }, })

[90mstdout[2m | src/__tests__/ledger/ledger.test.ts[2m > [22m[2mplatform ledger & vendor earnings[2m > [22m[2mgetCommissionReport[2m > [22m[2mreturns platform-wide commission report
[22m[39mprisma:query db.VendorBalance.aggregate([ { $match: { $expr: { $and: [ { $regexMatch: { input: "$vendorId", regex: "^ledger-test", options: "", }, }, { $ne: [ "$vendorId", "$$REMOVE", ], }, ], }, }, }, { $project: { _id: 1, }, }, ])

[90mstdout[2m | src/__tests__/ledger/ledger.test.ts[2m > [22m[2mplatform ledger & vendor earnings[2m > [22m[2mgetCommissionReport[2m > [22m[2mreturns platform-wide commission report
[22m[39mprisma:query db.VendorBalance.deleteMany({ _id: { $in: [ ObjectId("69d906a330c65a11dba0a1e3"), ObjectId("69d906a630c65a11dba0a1e6"), ], }, })

[90mstdout[2m | src/__tests__/ledger/ledger.test.ts[2m > [22m[2mplatform ledger & vendor earnings[2m > [22m[2mgetCommissionReport[2m > [22m[2mreturns platform-wide commission report
[22m[39mprisma:query db.Order.aggregate([ { $match: { $expr: { $and: [ { $regexMatch: { input: "$userId", regex: "^ledger-test", options: "", }, }, { $ne: [ "$userId", "$$REMOVE", ], }, ], }, }, }, { $project: { _id: 1, }, }, ])

[90mstdout[2m | src/__tests__/ledger/ledger.test.ts[2m > [22m[2mplatform ledger & vendor earnings[2m > [22m[2mgetCommissionReport[2m > [22m[2mreturns platform-wide commission report
[22m[39mprisma:query db.OrderStatusHistory.aggregate([ { $match: { $expr: { $and: [ { $or: [ { $eq: [ "$orderId", { $literal: ObjectId("69d9069f30c65a11dba0a1da"), }, ], }, { $eq: [ "$orderId", { $literal: ObjectId("69d906a130c65a11dba0a1de"), }, ], }, ], }, { $ne: [ "$orderId", "$$REMOVE", ], }, ], }, }, }, { $project: { _id: 1, }, }, ])

[90mstdout[2m | src/__tests__/ledger/ledger.test.ts[2m > [22m[2mplatform ledger & vendor earnings[2m > [22m[2mgetCommissionReport[2m > [22m[2mreturns platform-wide commission report
[22m[39mprisma:query db.OrderStatusHistory.deleteMany({ _id: { $in: [ ObjectId("69d906a030c65a11dba0a1dc"), ObjectId("69d906a130c65a11dba0a1e0"), ], }, })

[90mstdout[2m | src/__tests__/ledger/ledger.test.ts[2m > [22m[2mplatform ledger & vendor earnings[2m > [22m[2mgetCommissionReport[2m > [22m[2mreturns platform-wide commission report
[22m[39mprisma:query db.OrderItem.aggregate([ { $match: { $expr: { $and: [ { $or: [ { $eq: [ "$orderId", { $literal: ObjectId("69d9069f30c65a11dba0a1da"), }, ], }, { $eq: [ "$orderId", { $literal: ObjectId("69d906a130c65a11dba0a1de"), }, ], }, ], }, { $ne: [ "$orderId", "$$REMOVE", ], }, ], }, }, }, { $project: { _id: 1, }, }, ])

[90mstdout[2m | src/__tests__/ledger/ledger.test.ts[2m > [22m[2mplatform ledger & vendor earnings[2m > [22m[2mgetCommissionReport[2m > [22m[2mreturns platform-wide commission report
[22m[39mprisma:query db.OrderItem.deleteMany({ _id: { $in: [ ObjectId("69d9069f30c65a11dba0a1db"), ObjectId("69d906a130c65a11dba0a1df"), ], }, })

[90mstdout[2m | src/__tests__/ledger/ledger.test.ts[2m > [22m[2mplatform ledger & vendor earnings[2m > [22m[2mgetCommissionReport[2m > [22m[2mreturns platform-wide commission report
[22m[39mprisma:query db.Order.aggregate([ { $match: { $expr: { $and: [ { $regexMatch: { input: "$userId", regex: "^ledger-test", options: "", }, }, { $ne: [ "$userId", "$$REMOVE", ], }, ], }, }, }, { $project: { _id: 1, }, }, ])

[90mstdout[2m | src/__tests__/ledger/ledger.test.ts[2m > [22m[2mplatform ledger & vendor earnings[2m > [22m[2mgetCommissionReport[2m > [22m[2mreturns platform-wide commission report
[22m[39mprisma:query db.OrderStatusHistory.aggregate([ { $match: { $expr: { $and: [ { }, { $and: [ { $or: [ { $eq: [ "$orderId", { $literal: ObjectId("69d9069f30c65a11dba0a1da"), }, ], }, { $eq: [ "$orderId", { $literal: ObjectId("69d906a130c65a11dba0a1de"), }, ], }, ], }, { $ne: [ "$orderId", "$$REMOVE", ], }, ], }, ], }, }, }, { $project: { _id: 1, orderId: 1, }, }, ])

[90mstdout[2m | src/__tests__/ledger/ledger.test.ts[2m > [22m[2mplatform ledger & vendor earnings[2m > [22m[2mgetCommissionReport[2m > [22m[2mreturns platform-wide commission report
[22m[39mprisma:query db.OrderItem.aggregate([ { $match: { $expr: { $and: [ { }, { $and: [ { $or: [ { $eq: [ "$orderId", { $literal: ObjectId("69d9069f30c65a11dba0a1da"), }, ], }, { $eq: [ "$orderId", { $literal: ObjectId("69d906a130c65a11dba0a1de"), }, ], }, ], }, { $ne: [ "$orderId", "$$REMOVE", ], }, ], }, ], }, }, }, { $project: { _id: 1, orderId: 1, }, }, ])

[90mstdout[2m | src/__tests__/ledger/ledger.test.ts[2m > [22m[2mplatform ledger & vendor earnings[2m > [22m[2mgetCommissionReport[2m > [22m[2mreturns platform-wide commission report
[22m[39mprisma:query db.Order.deleteMany({ _id: { $in: [ ObjectId("69d9069f30c65a11dba0a1da"), ObjectId("69d906a130c65a11dba0a1de"), ], }, })

[90mstdout[2m | src/__tests__/ledger/ledger.test.ts[2m > [22m[2mplatform ledger & vendor earnings[2m > [22m[2mgetCommissionReport[2m > [22m[2mreturns platform-wide commission report
[22m[39mprisma:query db.Product.aggregate([ { $match: { $expr: { $and: [ { $regexMatch: { input: "$vendorId", regex: "^ledger-test", options: "", }, }, { $ne: [ "$vendorId", "$$REMOVE", ], }, ], }, }, }, { $project: { _id: 1, }, }, ])

[90mstdout[2m | src/__tests__/ledger/ledger.test.ts[2m > [22m[2mplatform ledger & vendor earnings[2m > [22m[2mgetCommissionReport[2m > [22m[2mreturns platform-wide commission report
[22m[39mprisma:query db.DigitalAsset.aggregate([ { $match: { $expr: { $and: [ { }, { $and: [ { $or: [ { $eq: [ "$productId", { $literal: ObjectId("69d9069f30c65a11dba0a1d9"), }, ], }, { $eq: [ "$productId", { $literal: ObjectId("69d906a030c65a11dba0a1dd"), }, ], }, ], }, { $ne: [ "$productId", "$$REMOVE", ], }, ], }, ], }, }, }, { $project: { _id: 1, productId: 1, }, }, ])

[90mstdout[2m | src/__tests__/ledger/ledger.test.ts[2m > [22m[2mplatform ledger & vendor earnings[2m > [22m[2mgetCommissionReport[2m > [22m[2mreturns platform-wide commission report
[22m[39mprisma:query db.WishlistItem.aggregate([ { $match: { $expr: { $and: [ { }, { $and: [ { $or: [ { $eq: [ "$productId", { $literal: ObjectId("69d9069f30c65a11dba0a1d9"), }, ], }, { $eq: [ "$productId", { $literal: ObjectId("69d906a030c65a11dba0a1dd"), }, ], }, ], }, { $ne: [ "$productId", "$$REMOVE", ], }, ], }, ], }, }, }, { $project: { _id: 1, productId: 1, }, }, ])

[90mstdout[2m | src/__tests__/ledger/ledger.test.ts[2m > [22m[2mplatform ledger & vendor earnings[2m > [22m[2mgetCommissionReport[2m > [22m[2mreturns platform-wide commission report
[22m[39mprisma:query db.Review.aggregate([ { $match: { $expr: { $and: [ { }, { $and: [ { $or: [ { $eq: [ "$productId", { $literal: ObjectId("69d9069f30c65a11dba0a1d9"), }, ], }, { $eq: [ "$productId", { $literal: ObjectId("69d906a030c65a11dba0a1dd"), }, ], }, ], }, { $ne: [ "$productId", "$$REMOVE", ], }, ], }, ], }, }, }, { $project: { _id: 1, productId: 1, }, }, ])

[90mstdout[2m | src/__tests__/ledger/ledger.test.ts[2m > [22m[2mplatform ledger & vendor earnings[2m > [22m[2mgetCommissionReport[2m > [22m[2mreturns platform-wide commission report
[22m[39mprisma:query db.OrderItem.aggregate([ { $match: { $expr: { $and: [ { }, { $and: [ { $or: [ { $eq: [ "$productId", { $literal: ObjectId("69d9069f30c65a11dba0a1d9"), }, ], }, { $eq: [ "$productId", { $literal: ObjectId("69d906a030c65a11dba0a1dd"), }, ], }, ], }, { $ne: [ "$productId", "$$REMOVE", ], }, ], }, ], }, }, }, { $project: { _id: 1, productId: 1, }, }, ])

[90mstdout[2m | src/__tests__/ledger/ledger.test.ts[2m > [22m[2mplatform ledger & vendor earnings[2m > [22m[2mgetCommissionReport[2m > [22m[2mreturns platform-wide commission report
[22m[39mprisma:query db.CartItem.aggregate([ { $match: { $expr: { $and: [ { }, { $and: [ { $or: [ { $eq: [ "$productId", { $literal: ObjectId("69d9069f30c65a11dba0a1d9"), }, ], }, { $eq: [ "$productId", { $literal: ObjectId("69d906a030c65a11dba0a1dd"), }, ], }, ], }, { $ne: [ "$productId", "$$REMOVE", ], }, ], }, ], }, }, }, { $project: { _id: 1, productId: 1, }, }, ])

[90mstdout[2m | src/__tests__/ledger/ledger.test.ts[2m > [22m[2mplatform ledger & vendor earnings[2m > [22m[2mgetCommissionReport[2m > [22m[2mreturns platform-wide commission report
[22m[39mprisma:query db.ProductVariant.aggregate([ { $match: { $expr: { $and: [ { }, { $and: [ { $or: [ { $eq: [ "$productId", { $literal: ObjectId("69d9069f30c65a11dba0a1d9"), }, ], }, { $eq: [ "$productId", { $literal: ObjectId("69d906a030c65a11dba0a1dd"), }, ], }, ], }, { $ne: [ "$productId", "$$REMOVE", ], }, ], }, ], }, }, }, { $project: { _id: 1, productId: 1, }, }, ])

[90mstdout[2m | src/__tests__/ledger/ledger.test.ts[2m > [22m[2mplatform ledger & vendor earnings[2m > [22m[2mgetCommissionReport[2m > [22m[2mreturns platform-wide commission report
[22m[39mprisma:query db.Product.deleteMany({ _id: { $in: [ ObjectId("69d9069f30c65a11dba0a1d9"), ObjectId("69d906a030c65a11dba0a1dd"), ], }, })

[90mstdout[2m | src/__tests__/ledger/ledger.test.ts[2m > [22m[2mplatform ledger & vendor earnings[2m > [22m[2mgetCommissionReport[2m > [22m[2mreturns platform-wide commission report
[22m[39mprisma:query db.UserProfile.aggregate([ { $match: { $expr: { $and: [ { $regexMatch: { input: "$userId", regex: "^ledger-test", options: "", }, }, { $ne: [ "$userId", "$$REMOVE", ], }, ], }, }, }, { $project: { _id: 1, }, }, ])

[90mstdout[2m | src/__tests__/ledger/ledger.test.ts[2m > [22m[2mplatform ledger & vendor earnings[2m > [22m[2mgetCommissionReport[2m > [22m[2mreturns platform-wide commission report
[22m[39mprisma:query db.UserProfile.deleteMany({ _id: { $in: [ ObjectId("69d9069c30c65a11dba0a1d6"), ObjectId("69d9069d30c65a11dba0a1d7"), ObjectId("69d9069e30c65a11dba0a1d8"), ], }, })

[90mstdout[2m | src/__tests__/ledger/ledger.test.ts[2m > [22m[2mplatform ledger & vendor earnings[2m > [22m[2mgetCommissionReport[2m > [22m[2mreturns platform-wide commission report
[22m[39mprisma:query db.PlatformConfig.aggregate([ { $match: { $expr: { $and: [ { $eq: [ "$key", { $literal: "commissionRate", }, ], }, { $ne: [ "$key", "$$REMOVE", ], }, ], }, }, }, { $project: { _id: 1, }, }, ])

[90mstdout[2m | src/__tests__/ledger/ledger.test.ts[2m > [22m[2mplatform ledger & vendor earnings[2m > [22m[2mgetCommissionReport[2m > [22m[2mreturns platform-wide commission report
[22m[39mprisma:query db.PlatformConfig.deleteMany({ _id: { $in: [ ObjectId("69d9069b30c65a11dba0a1d5"), ], }, })

 [32mΓ£ô[39m src/__tests__/ledger/ledger.test.ts [2m([22m[2m11 tests[22m[2m)[22m[33m 199376[2mms[22m[39m
       [33m[2mΓ£ô[22m[39m creates SALE + COMMISSION entries and updates vendor balance [33m 16475[2mms[22m[39m
       [33m[2mΓ£ô[22m[39m is idempotent ΓÇö duplicate calls return wasAlreadySettled [33m 14334[2mms[22m[39m
       [33m[2mΓ£ô[22m[39m reads commission rate from PlatformConfig [33m 34983[2mms[22m[39m
       [33m[2mΓ£ô[22m[39m rejects non-PAID orders [33m 19109[2mms[22m[39m
       [33m[2mΓ£ô[22m[39m rejects platform-owned orders [33m 13261[2mms[22m[39m
       [33m[2mΓ£ô[22m[39m accumulates balance across multiple orders [33m 21356[2mms[22m[39m
       [33m[2mΓ£ô[22m[39m returns zero balance for vendor with no sales [33m 2867[2mms[22m[39m
       [33m[2mΓ£ô[22m[39m returns paginated ledger entries [33m 14973[2mms[22m[39m
       [33m[2mΓ£ô[22m[39m filters by type [33m 13519[2mms[22m[39m
       [33m[2mΓ£ô[22m[39m returns analytics summary for a vendor [33m 16159[2mms[22m[39m
       [33m[2mΓ£ô[22m[39m returns platform-wide commission report [33m 20532[2mms[22m[39m
[90mstdout[2m | src/__tests__/vendor/vendor-orders.test.ts
[22m[39m[dotenv@17.2.3] injecting env (1) from .env.test -- tip: ΓÜÖ∩╕Å  enable debug logging with { debug: true }

[90mstdout[2m | src/__tests__/vendor/vendor-orders.test.ts
[22m[39m[dotenv@17.2.3] injecting env (0) from .env -- tip: ΓÜÖ∩╕Å  load multiple .env files with { path: ['.env.local', '.env'] }

[90mstdout[2m | src/__tests__/vendor/vendor-orders.test.ts[2m > [22m[2mvendor order service
[22m[39mprisma:query db.Order.aggregate([ { $match: { $expr: { $or: [ { $and: [ { $regexMatch: { input: "$userId", regex: "^vendor-orders-test", options: "", }, }, { $ne: [ "$userId", "$$REMOVE", ], }, ], }, { $and: [ { $regexMatch: { input: "$vendorId", regex: "^vendor-orders-test", options: "", }, }, { $ne: [ "$vendorId", "$$REMOVE", ], }, ], }, ], }, }, }, { $project: { _id: 1, }, }, ])

[90mstdout[2m | src/__tests__/vendor/vendor-orders.test.ts[2m > [22m[2mvendor order service
[22m[39mprisma:query db.Product.aggregate([ { $match: { $expr: { $and: [ { $regexMatch: { input: "$vendorId", regex: "^vendor-orders-test", options: "", }, }, { $ne: [ "$vendorId", "$$REMOVE", ], }, ], }, }, }, { $project: { _id: 1, }, }, ])

[90mstdout[2m | src/__tests__/vendor/vendor-orders.test.ts[2m > [22m[2mvendor order service
[22m[39mprisma:query db.UserProfile.aggregate([ { $match: { $expr: { $and: [ { $regexMatch: { input: "$userId", regex: "^vendor-orders-test", options: "", }, }, { $ne: [ "$userId", "$$REMOVE", ], }, ], }, }, }, { $project: { _id: 1, }, }, ])

[90mstdout[2m | src/__tests__/vendor/vendor-orders.test.ts[2m > [22m[2mvendor order service[2m > [22m[2mshould list only orders belonging to the vendor
[22m[39mprisma:query db.UserProfile.insertOne({ userId: "vendor-orders-test-vendor1", email: "vendor-orders-test-vendor1@test.com", firstName: "Test", lastName: "User", role: "CUSTOMER", isVendor: true, vendorStatus: "ACTIVE", storeName: "Vendor One", storeSlug: "vendor-one-orders", createdAt: DateTime("2026-04-10 14:18:39.609 +00:00:00"), updatedAt: DateTime("2026-04-10 14:18:39.609 +00:00:00"), })

[90mstdout[2m | src/__tests__/vendor/vendor-orders.test.ts[2m > [22m[2mvendor order service[2m > [22m[2mshould list only orders belonging to the vendor
[22m[39mprisma:query db.UserProfile.aggregate([ { $match: { $expr: { $and: [ { $and: [ { $eq: [ "$_id", { $literal: ObjectId("69d906bf8abcf43d15c257d5"), }, ], }, { $ne: [ "$_id", "$$REMOVE", ], }, ], }, ], }, }, }, { $project: { _id: 1, userId: 1, email: 1, firstName: 1, lastName: 1, phone: 1, avatar: 1, dateOfBirth: 1, gender: 1, role: 1, isVendor: 1, vendorStatus: 1, storeName: 1, storeSlug: 1, storeDescription: 1, vendorSince: 1, createdAt: 1, updatedAt: 1, }, }, ])

[90mstdout[2m | src/__tests__/vendor/vendor-orders.test.ts[2m > [22m[2mvendor order service[2m > [22m[2mshould list only orders belonging to the vendor
[22m[39mprisma:query db.UserProfile.insertOne({ userId: "vendor-orders-test-vendor2", email: "vendor-orders-test-vendor2@test.com", firstName: "Test", lastName: "User", role: "CUSTOMER", isVendor: true, vendorStatus: "ACTIVE", storeName: "Vendor Two", storeSlug: "vendor-two-orders", createdAt: DateTime("2026-04-10 14:18:40.54 +00:00:00"), updatedAt: DateTime("2026-04-10 14:18:40.54 +00:00:00"), })

[90mstdout[2m | src/__tests__/vendor/vendor-orders.test.ts[2m > [22m[2mvendor order service[2m > [22m[2mshould list only orders belonging to the vendor
[22m[39mprisma:query db.UserProfile.aggregate([ { $match: { $expr: { $and: [ { $and: [ { $eq: [ "$_id", { $literal: ObjectId("69d906c08abcf43d15c257d6"), }, ], }, { $ne: [ "$_id", "$$REMOVE", ], }, ], }, ], }, }, }, { $project: { _id: 1, userId: 1, email: 1, firstName: 1, lastName: 1, phone: 1, avatar: 1, dateOfBirth: 1, gender: 1, role: 1, isVendor: 1, vendorStatus: 1, storeName: 1, storeSlug: 1, storeDescription: 1, vendorSince: 1, createdAt: 1, updatedAt: 1, }, }, ])

[90mstdout[2m | src/__tests__/vendor/vendor-orders.test.ts[2m > [22m[2mvendor order service[2m > [22m[2mshould list only orders belonging to the vendor
[22m[39mprisma:query db.UserProfile.insertOne({ userId: "vendor-orders-test-buyer1", email: "vendor-orders-test-buyer1@test.com", firstName: "Test", lastName: "User", role: "CUSTOMER", isVendor: false, createdAt: DateTime("2026-04-10 14:18:41.086 +00:00:00"), updatedAt: DateTime("2026-04-10 14:18:41.086 +00:00:00"), })

[90mstdout[2m | src/__tests__/vendor/vendor-orders.test.ts[2m > [22m[2mvendor order service[2m > [22m[2mshould list only orders belonging to the vendor
[22m[39mprisma:query db.UserProfile.aggregate([ { $match: { $expr: { $and: [ { $and: [ { $eq: [ "$_id", { $literal: ObjectId("69d906c18abcf43d15c257d7"), }, ], }, { $ne: [ "$_id", "$$REMOVE", ], }, ], }, ], }, }, }, { $project: { _id: 1, userId: 1, email: 1, firstName: 1, lastName: 1, phone: 1, avatar: 1, dateOfBirth: 1, gender: 1, role: 1, isVendor: 1, vendorStatus: 1, storeName: 1, storeSlug: 1, storeDescription: 1, vendorSince: 1, createdAt: 1, updatedAt: 1, }, }, ])

[90mstdout[2m | src/__tests__/vendor/vendor-orders.test.ts[2m > [22m[2mvendor order service[2m > [22m[2mshould list only orders belonging to the vendor
[22m[39mprisma:query db.Product.insertOne({ name: "V1 Product", slug: "vendor-orders-test-v1-product-1", description: "V1 Product description", stockKeepingUnit: "vendor-orders-test-SKU-1775830721626-1", basePrice: 2000, type: "PHYSICAL", vendorId: "vendor-orders-test-vendor1", approvalStatus: "APPROVED", tags: [ ], images: [ ], avgRating: 0, reviewCount: 0, stock: 50, lowStockThreshold: 10, isActive: true, isFeatured: false, isNewArrival: true, createdAt: DateTime("2026-04-10 14:18:41.628 +00:00:00"), updatedAt: DateTime("2026-04-10 14:18:41.628 +00:00:00"), })

[90mstdout[2m | src/__tests__/vendor/vendor-orders.test.ts[2m > [22m[2mvendor order service[2m > [22m[2mshould list only orders belonging to the vendor
[22m[39mprisma:query db.Product.aggregate([ { $match: { $expr: { $and: [ { $and: [ { $eq: [ "$_id", { $literal: ObjectId("69d906c18abcf43d15c257d8"), }, ], }, { $ne: [ "$_id", "$$REMOVE", ], }, ], }, ], }, }, }, { $project: { _id: 1, name: 1, slug: 1, description: 1, shortDesc: 1, stockKeepingUnit: 1, basePrice: 1, salePrice: 1, type: 1, categoryId: 1, vendorId: 1, approvalStatus: 1, brand: 1, tags: 1, images: 1, avgRating: 1, reviewCount: 1, stock: 1, lowStockThreshold: 1, isActive: 1, isFeatured: 1, isNewArrival: 1, createdAt: 1, updatedAt: 1, }, }, ])

[90mstdout[2m | src/__tests__/vendor/vendor-orders.test.ts[2m > [22m[2mvendor order service[2m > [22m[2mshould list only orders belonging to the vendor
[22m[39mprisma:query db.Product.insertOne({ name: "V2 Product", slug: "vendor-orders-test-v2-product-2", description: "V2 Product description", stockKeepingUnit: "vendor-orders-test-SKU-1775830722142-2", basePrice: 3000, type: "PHYSICAL", vendorId: "vendor-orders-test-vendor2", approvalStatus: "APPROVED", tags: [ ], images: [ ], avgRating: 0, reviewCount: 0, stock: 50, lowStockThreshold: 10, isActive: true, isFeatured: false, isNewArrival: true, createdAt: DateTime("2026-04-10 14:18:42.144 +00:00:00"), updatedAt: DateTime("2026-04-10 14:18:42.144 +00:00:00"), })

[90mstdout[2m | src/__tests__/vendor/vendor-orders.test.ts[2m > [22m[2mvendor order service[2m > [22m[2mshould list only orders belonging to the vendor
[22m[39mprisma:query db.Product.aggregate([ { $match: { $expr: { $and: [ { $and: [ { $eq: [ "$_id", { $literal: ObjectId("69d906c28abcf43d15c257d9"), }, ], }, { $ne: [ "$_id", "$$REMOVE", ], }, ], }, ], }, }, }, { $project: { _id: 1, name: 1, slug: 1, description: 1, shortDesc: 1, stockKeepingUnit: 1, basePrice: 1, salePrice: 1, type: 1, categoryId: 1, vendorId: 1, approvalStatus: 1, brand: 1, tags: 1, images: 1, avgRating: 1, reviewCount: 1, stock: 1, lowStockThreshold: 1, isActive: 1, isFeatured: 1, isNewArrival: 1, createdAt: 1, updatedAt: 1, }, }, ])

[90mstdout[2m | src/__tests__/vendor/vendor-orders.test.ts[2m > [22m[2mvendor order service[2m > [22m[2mshould list only orders belonging to the vendor
[22m[39mprisma:query db.Order.insertOne({ orderNumber: "WS-TEST-1775830722747-5DY8", userId: "vendor-orders-test-buyer1", vendorId: "vendor-orders-test-vendor1", status: "PAID", shippingAddress: { firstName: "Test", lastName: "Buyer", phone: "+1234567890", street: "123 Test St", city: "Testville", state: "TS", country: "US", postalCode: "12345", }, subtotal: 2000, shipping: 0, discount: 0, total: 2000, createdAt: DateTime("2026-04-10 14:18:42.752 +00:00:00"), updatedAt: DateTime("2026-04-10 14:18:42.752 +00:00:00"), })

[90mstdout[2m | src/__tests__/vendor/vendor-orders.test.ts[2m > [22m[2mvendor order service[2m > [22m[2mshould list only orders belonging to the vendor
[22m[39mprisma:query db.OrderItem.insertOne({ orderId: ObjectId("69d906c28abcf43d15c257da"), productId: ObjectId("69d906c18abcf43d15c257d8"), productName: "V1 Product", productImage: null, sku: null, variantName: null, quantity: 1, unitPrice: 2000, totalPrice: 2000, createdAt: DateTime("2026-04-10 14:18:42.752 +00:00:00"), })

[90mstdout[2m | src/__tests__/vendor/vendor-orders.test.ts[2m > [22m[2mvendor order service[2m > [22m[2mshould list only orders belonging to the vendor
[22m[39mprisma:query db.OrderStatusHistory.insertOne({ orderId: ObjectId("69d906c28abcf43d15c257da"), status: "PAID", note: "Created with status PAID", createdAt: DateTime("2026-04-10 14:18:42.752 +00:00:00"), })

[90mstdout[2m | src/__tests__/vendor/vendor-orders.test.ts[2m > [22m[2mvendor order service[2m > [22m[2mshould list only orders belonging to the vendor
[22m[39mprisma:query db.Order.aggregate([ { $match: { $expr: { $and: [ { $and: [ { $eq: [ "$_id", { $literal: ObjectId("69d906c28abcf43d15c257da"), }, ], }, { $ne: [ "$_id", "$$REMOVE", ], }, ], }, ], }, }, }, { $project: { _id: 1, orderNumber: 1, userId: 1, vendorId: 1, checkoutSessionId: 1, status: 1, shippingAddress: 1, billingAddress: 1, subtotal: 1, shipping: 1, discount: 1, total: 1, couponCode: 1, notes: 1, createdAt: 1, updatedAt: 1, paidAt: 1, shippedAt: 1, deliveredAt: 1, }, }, ])

[90mstdout[2m | src/__tests__/vendor/vendor-orders.test.ts[2m > [22m[2mvendor order service[2m > [22m[2mshould list only orders belonging to the vendor
[22m[39mprisma:query db.OrderItem.aggregate([ { $match: { $expr: { $and: [ { $or: [ { $eq: [ "$orderId", { $literal: ObjectId("69d906c28abcf43d15c257da"), }, ], }, ], }, { $ne: [ "$orderId", "$$REMOVE", ], }, ], }, }, }, { $project: { _id: 1, orderId: 1, productId: 1, variantId: 1, productName: 1, productImage: 1, sku: 1, variantName: 1, quantity: 1, unitPrice: 1, totalPrice: 1, createdAt: 1, }, }, ])

[90mstdout[2m | src/__tests__/vendor/vendor-orders.test.ts[2m > [22m[2mvendor order service[2m > [22m[2mshould list only orders belonging to the vendor
[22m[39mprisma:query db.OrderStatusHistory.aggregate([ { $match: { $expr: { $and: [ { $or: [ { $eq: [ "$orderId", { $literal: ObjectId("69d906c28abcf43d15c257da"), }, ], }, ], }, { $ne: [ "$orderId", "$$REMOVE", ], }, ], }, }, }, { $project: { _id: 1, orderId: 1, status: 1, note: 1, createdAt: 1, }, }, ])

[90mstdout[2m | src/__tests__/vendor/vendor-orders.test.ts[2m > [22m[2mvendor order service[2m > [22m[2mshould list only orders belonging to the vendor
[22m[39mprisma:query db.Order.insertOne({ orderNumber: "WS-TEST-1775830724106-13B7", userId: "vendor-orders-test-buyer1", vendorId: "vendor-orders-test-vendor1", status: "PAID", shippingAddress: { firstName: "Test", lastName: "Buyer", phone: "+1234567890", street: "123 Test St", city: "Testville", state: "TS", country: "US", postalCode: "12345", }, subtotal: 2000, shipping: 0, discount: 0, total: 2000, createdAt: DateTime("2026-04-10 14:18:44.109 +00:00:00"), updatedAt: DateTime("2026-04-10 14:18:44.109 +00:00:00"), })

[90mstdout[2m | src/__tests__/vendor/vendor-orders.test.ts[2m > [22m[2mvendor order service[2m > [22m[2mshould list only orders belonging to the vendor
[22m[39mprisma:query db.OrderItem.insertOne({ orderId: ObjectId("69d906c48abcf43d15c257dd"), productId: ObjectId("69d906c18abcf43d15c257d8"), productName: "V1 Product", productImage: null, sku: null, variantName: null, quantity: 1, unitPrice: 2000, totalPrice: 2000, createdAt: DateTime("2026-04-10 14:18:44.109 +00:00:00"), })

[90mstdout[2m | src/__tests__/vendor/vendor-orders.test.ts[2m > [22m[2mvendor order service[2m > [22m[2mshould list only orders belonging to the vendor
[22m[39mprisma:query db.OrderStatusHistory.insertOne({ orderId: ObjectId("69d906c48abcf43d15c257dd"), status: "PAID", note: "Created with status PAID", createdAt: DateTime("2026-04-10 14:18:44.109 +00:00:00"), })

[90mstdout[2m | src/__tests__/vendor/vendor-orders.test.ts[2m > [22m[2mvendor order service[2m > [22m[2mshould list only orders belonging to the vendor
[22m[39mprisma:query db.Order.aggregate([ { $match: { $expr: { $and: [ { $and: [ { $eq: [ "$_id", { $literal: ObjectId("69d906c48abcf43d15c257dd"), }, ], }, { $ne: [ "$_id", "$$REMOVE", ], }, ], }, ], }, }, }, { $project: { _id: 1, orderNumber: 1, userId: 1, vendorId: 1, checkoutSessionId: 1, status: 1, shippingAddress: 1, billingAddress: 1, subtotal: 1, shipping: 1, discount: 1, total: 1, couponCode: 1, notes: 1, createdAt: 1, updatedAt: 1, paidAt: 1, shippedAt: 1, deliveredAt: 1, }, }, ])

[90mstdout[2m | src/__tests__/vendor/vendor-orders.test.ts[2m > [22m[2mvendor order service[2m > [22m[2mshould list only orders belonging to the vendor
[22m[39mprisma:query db.OrderItem.aggregate([ { $match: { $expr: { $and: [ { $or: [ { $eq: [ "$orderId", { $literal: ObjectId("69d906c48abcf43d15c257dd"), }, ], }, ], }, { $ne: [ "$orderId", "$$REMOVE", ], }, ], }, }, }, { $project: { _id: 1, orderId: 1, productId: 1, variantId: 1, productName: 1, productImage: 1, sku: 1, variantName: 1, quantity: 1, unitPrice: 1, totalPrice: 1, createdAt: 1, }, }, ])

[90mstdout[2m | src/__tests__/vendor/vendor-orders.test.ts[2m > [22m[2mvendor order service[2m > [22m[2mshould list only orders belonging to the vendor
[22m[39mprisma:query db.OrderStatusHistory.aggregate([ { $match: { $expr: { $and: [ { $or: [ { $eq: [ "$orderId", { $literal: ObjectId("69d906c48abcf43d15c257dd"), }, ], }, ], }, { $ne: [ "$orderId", "$$REMOVE", ], }, ], }, }, }, { $project: { _id: 1, orderId: 1, status: 1, note: 1, createdAt: 1, }, }, ])

[90mstdout[2m | src/__tests__/vendor/vendor-orders.test.ts[2m > [22m[2mvendor order service[2m > [22m[2mshould list only orders belonging to the vendor
[22m[39mprisma:query db.Order.insertOne({ orderNumber: "WS-TEST-1775830725233-WQ6L", userId: "vendor-orders-test-buyer1", vendorId: "vendor-orders-test-vendor2", status: "PAID", shippingAddress: { firstName: "Test", lastName: "Buyer", phone: "+1234567890", street: "123 Test St", city: "Testville", state: "TS", country: "US", postalCode: "12345", }, subtotal: 3000, shipping: 0, discount: 0, total: 3000, createdAt: DateTime("2026-04-10 14:18:45.235 +00:00:00"), updatedAt: DateTime("2026-04-10 14:18:45.235 +00:00:00"), })

[90mstdout[2m | src/__tests__/vendor/vendor-orders.test.ts[2m > [22m[2mvendor order service[2m > [22m[2mshould list only orders belonging to the vendor
[22m[39mprisma:query db.OrderItem.insertOne({ orderId: ObjectId("69d906c58abcf43d15c257e0"), productId: ObjectId("69d906c28abcf43d15c257d9"), productName: "V2 Product", productImage: null, sku: null, variantName: null, quantity: 1, unitPrice: 3000, totalPrice: 3000, createdAt: DateTime("2026-04-10 14:18:45.235 +00:00:00"), })

[90mstdout[2m | src/__tests__/vendor/vendor-orders.test.ts[2m > [22m[2mvendor order service[2m > [22m[2mshould list only orders belonging to the vendor
[22m[39mprisma:query db.OrderStatusHistory.insertOne({ orderId: ObjectId("69d906c58abcf43d15c257e0"), status: "PAID", note: "Created with status PAID", createdAt: DateTime("2026-04-10 14:18:45.235 +00:00:00"), })

[90mstdout[2m | src/__tests__/vendor/vendor-orders.test.ts[2m > [22m[2mvendor order service[2m > [22m[2mshould list only orders belonging to the vendor
[22m[39mprisma:query db.Order.aggregate([ { $match: { $expr: { $and: [ { $and: [ { $eq: [ "$_id", { $literal: ObjectId("69d906c58abcf43d15c257e0"), }, ], }, { $ne: [ "$_id", "$$REMOVE", ], }, ], }, ], }, }, }, { $project: { _id: 1, orderNumber: 1, userId: 1, vendorId: 1, checkoutSessionId: 1, status: 1, shippingAddress: 1, billingAddress: 1, subtotal: 1, shipping: 1, discount: 1, total: 1, couponCode: 1, notes: 1, createdAt: 1, updatedAt: 1, paidAt: 1, shippedAt: 1, deliveredAt: 1, }, }, ])

[90mstdout[2m | src/__tests__/vendor/vendor-orders.test.ts[2m > [22m[2mvendor order service[2m > [22m[2mshould list only orders belonging to the vendor
[22m[39mprisma:query db.OrderItem.aggregate([ { $match: { $expr: { $and: [ { $or: [ { $eq: [ "$orderId", { $literal: ObjectId("69d906c58abcf43d15c257e0"), }, ], }, ], }, { $ne: [ "$orderId", "$$REMOVE", ], }, ], }, }, }, { $project: { _id: 1, orderId: 1, productId: 1, variantId: 1, productName: 1, productImage: 1, sku: 1, variantName: 1, quantity: 1, unitPrice: 1, totalPrice: 1, createdAt: 1, }, }, ])

[90mstdout[2m | src/__tests__/vendor/vendor-orders.test.ts[2m > [22m[2mvendor order service[2m > [22m[2mshould list only orders belonging to the vendor
[22m[39mprisma:query db.OrderStatusHistory.aggregate([ { $match: { $expr: { $and: [ { $or: [ { $eq: [ "$orderId", { $literal: ObjectId("69d906c58abcf43d15c257e0"), }, ], }, ], }, { $ne: [ "$orderId", "$$REMOVE", ], }, ], }, }, }, { $project: { _id: 1, orderId: 1, status: 1, note: 1, createdAt: 1, }, }, ])

[90mstdout[2m | src/__tests__/vendor/vendor-orders.test.ts[2m > [22m[2mvendor order service[2m > [22m[2mshould list only orders belonging to the vendor
[22m[39mprisma:query db.Order.aggregate([ { $match: { $expr: { $and: [ { $eq: [ "$vendorId", { $literal: "vendor-orders-test-vendor1", }, ], }, { $ne: [ "$vendorId", "$$REMOVE", ], }, ], }, }, }, { $group: { _id: null, count_all: { $sum: 1, }, }, }, ])

[90mstdout[2m | src/__tests__/vendor/vendor-orders.test.ts[2m > [22m[2mvendor order service[2m > [22m[2mshould list only orders belonging to the vendor
[22m[39mprisma:query db.Order.aggregate([ { $match: { $expr: { $and: [ { $eq: [ "$vendorId", { $literal: "vendor-orders-test-vendor1", }, ], }, { $ne: [ "$vendorId", "$$REMOVE", ], }, ], }, }, }, { $sort: { createdAt: -1, }, }, { $skip: 0, }, { $limit: 20, }, { $project: { _id: 1, orderNumber: 1, userId: 1, vendorId: 1, checkoutSessionId: 1, status: 1, shippingAddress: 1, billingAddress: 1, subtotal: 1, shipping: 1, discount: 1, total: 1, couponCode: 1, notes: 1, createdAt: 1, updatedAt: 1, paidAt: 1, shippedAt: 1, deliveredAt: 1, }, }, ])

[90mstdout[2m | src/__tests__/vendor/vendor-orders.test.ts[2m > [22m[2mvendor order service[2m > [22m[2mshould list only orders belonging to the vendor
[22m[39mprisma:query db.OrderItem.aggregate([ { $match: { $expr: { $and: [ { $or: [ { $eq: [ "$orderId", { $literal: ObjectId("69d906c48abcf43d15c257dd"), }, ], }, { $eq: [ "$orderId", { $literal: ObjectId("69d906c28abcf43d15c257da"), }, ], }, ], }, { $ne: [ "$orderId", "$$REMOVE", ], }, ], }, }, }, { $project: { _id: 1, orderId: 1, productId: 1, variantId: 1, productName: 1, productImage: 1, sku: 1, variantName: 1, quantity: 1, unitPrice: 1, totalPrice: 1, createdAt: 1, }, }, ])

[90mstdout[2m | src/__tests__/vendor/vendor-orders.test.ts[2m > [22m[2mvendor order service[2m > [22m[2mshould list only orders belonging to the vendor
[22m[39mprisma:query db.Product.aggregate([ { $match: { $expr: { $and: [ { $or: [ { $eq: [ "$_id", { $literal: ObjectId("69d906c18abcf43d15c257d8"), }, ], }, ], }, { $ne: [ "$_id", "$$REMOVE", ], }, ], }, }, }, { $project: { _id: 1, name: 1, slug: 1, description: 1, shortDesc: 1, stockKeepingUnit: 1, basePrice: 1, salePrice: 1, type: 1, categoryId: 1, vendorId: 1, approvalStatus: 1, brand: 1, tags: 1, images: 1, avgRating: 1, reviewCount: 1, stock: 1, lowStockThreshold: 1, isActive: 1, isFeatured: 1, isNewArrival: 1, createdAt: 1, updatedAt: 1, }, }, ])

[90mstdout[2m | src/__tests__/vendor/vendor-orders.test.ts[2m > [22m[2mvendor order service[2m > [22m[2mshould list only orders belonging to the vendor
[22m[39mprisma:query db.OrderStatusHistory.aggregate([ { $match: { $expr: { $and: [ { $or: [ { $eq: [ "$orderId", { $literal: ObjectId("69d906c48abcf43d15c257dd"), }, ], }, { $eq: [ "$orderId", { $literal: ObjectId("69d906c28abcf43d15c257da"), }, ], }, ], }, { $ne: [ "$orderId", "$$REMOVE", ], }, ], }, }, }, { $sort: { createdAt: -1, }, }, { $project: { _id: 1, orderId: 1, status: 1, note: 1, createdAt: 1, }, }, ])

[90mstdout[2m | src/__tests__/vendor/vendor-orders.test.ts[2m > [22m[2mvendor order service[2m > [22m[2mshould list only orders belonging to the vendor
[22m[39mprisma:query db.Order.aggregate([ { $match: { $expr: { $or: [ { $and: [ { $regexMatch: { input: "$userId", regex: "^vendor-orders-test", options: "", }, }, { $ne: [ "$userId", "$$REMOVE", ], }, ], }, { $and: [ { $regexMatch: { input: "$vendorId", regex: "^vendor-orders-test", options: "", }, }, { $ne: [ "$vendorId", "$$REMOVE", ], }, ], }, ], }, }, }, { $project: { _id: 1, }, }, ])

[90mstdout[2m | src/__tests__/vendor/vendor-orders.test.ts[2m > [22m[2mvendor order service[2m > [22m[2mshould list only orders belonging to the vendor
[22m[39mprisma:query db.OrderStatusHistory.aggregate([ { $match: { $expr: { $and: [ { $eq: [ "$orderId", { $literal: ObjectId("69d906c28abcf43d15c257da"), }, ], }, { $ne: [ "$orderId", "$$REMOVE", ], }, ], }, }, }, { $project: { _id: 1, }, }, ])

[90mstdout[2m | src/__tests__/vendor/vendor-orders.test.ts[2m > [22m[2mvendor order service[2m > [22m[2mshould list only orders belonging to the vendor
[22m[39mprisma:query db.OrderStatusHistory.deleteMany({ _id: { $in: [ ObjectId("69d906c38abcf43d15c257dc"), ], }, })

[90mstdout[2m | src/__tests__/vendor/vendor-orders.test.ts[2m > [22m[2mvendor order service[2m > [22m[2mshould list only orders belonging to the vendor
[22m[39mprisma:query db.OrderItem.aggregate([ { $match: { $expr: { $and: [ { $eq: [ "$orderId", { $literal: ObjectId("69d906c28abcf43d15c257da"), }, ], }, { $ne: [ "$orderId", "$$REMOVE", ], }, ], }, }, }, { $project: { _id: 1, }, }, ])

[90mstdout[2m | src/__tests__/vendor/vendor-orders.test.ts[2m > [22m[2mvendor order service[2m > [22m[2mshould list only orders belonging to the vendor
[22m[39mprisma:query db.OrderItem.deleteMany({ _id: { $in: [ ObjectId("69d906c38abcf43d15c257db"), ], }, })

[90mstdout[2m | src/__tests__/vendor/vendor-orders.test.ts[2m > [22m[2mvendor order service[2m > [22m[2mshould list only orders belonging to the vendor
[22m[39mprisma:query db.OrderStatusHistory.aggregate([ { $match: { $expr: { $and: [ { $eq: [ "$orderId", { $literal: ObjectId("69d906c48abcf43d15c257dd"), }, ], }, { $ne: [ "$orderId", "$$REMOVE", ], }, ], }, }, }, { $project: { _id: 1, }, }, ])

[90mstdout[2m | src/__tests__/vendor/vendor-orders.test.ts[2m > [22m[2mvendor order service[2m > [22m[2mshould list only orders belonging to the vendor
[22m[39mprisma:query db.OrderStatusHistory.deleteMany({ _id: { $in: [ ObjectId("69d906c48abcf43d15c257df"), ], }, })

[90mstdout[2m | src/__tests__/vendor/vendor-orders.test.ts[2m > [22m[2mvendor order service[2m > [22m[2mshould list only orders belonging to the vendor
[22m[39mprisma:query db.OrderItem.aggregate([ { $match: { $expr: { $and: [ { $eq: [ "$orderId", { $literal: ObjectId("69d906c48abcf43d15c257dd"), }, ], }, { $ne: [ "$orderId", "$$REMOVE", ], }, ], }, }, }, { $project: { _id: 1, }, }, ])

[90mstdout[2m | src/__tests__/vendor/vendor-orders.test.ts[2m > [22m[2mvendor order service[2m > [22m[2mshould list only orders belonging to the vendor
[22m[39mprisma:query db.OrderItem.deleteMany({ _id: { $in: [ ObjectId("69d906c48abcf43d15c257de"), ], }, })

[90mstdout[2m | src/__tests__/vendor/vendor-orders.test.ts[2m > [22m[2mvendor order service[2m > [22m[2mshould list only orders belonging to the vendor
[22m[39mprisma:query db.OrderStatusHistory.aggregate([ { $match: { $expr: { $and: [ { $eq: [ "$orderId", { $literal: ObjectId("69d906c58abcf43d15c257e0"), }, ], }, { $ne: [ "$orderId", "$$REMOVE", ], }, ], }, }, }, { $project: { _id: 1, }, }, ])

[90mstdout[2m | src/__tests__/vendor/vendor-orders.test.ts[2m > [22m[2mvendor order service[2m > [22m[2mshould list only orders belonging to the vendor
[22m[39mprisma:query db.OrderStatusHistory.deleteMany({ _id: { $in: [ ObjectId("69d906c58abcf43d15c257e2"), ], }, })

[90mstdout[2m | src/__tests__/vendor/vendor-orders.test.ts[2m > [22m[2mvendor order service[2m > [22m[2mshould list only orders belonging to the vendor
[22m[39mprisma:query db.OrderItem.aggregate([ { $match: { $expr: { $and: [ { $eq: [ "$orderId", { $literal: ObjectId("69d906c58abcf43d15c257e0"), }, ], }, { $ne: [ "$orderId", "$$REMOVE", ], }, ], }, }, }, { $project: { _id: 1, }, }, ])

[90mstdout[2m | src/__tests__/vendor/vendor-orders.test.ts[2m > [22m[2mvendor order service[2m > [22m[2mshould list only orders belonging to the vendor
[22m[39mprisma:query db.OrderItem.deleteMany({ _id: { $in: [ ObjectId("69d906c58abcf43d15c257e1"), ], }, })

[90mstdout[2m | src/__tests__/vendor/vendor-orders.test.ts[2m > [22m[2mvendor order service[2m > [22m[2mshould list only orders belonging to the vendor
[22m[39mprisma:query db.Order.aggregate([ { $match: { $expr: { $and: [ { $eq: [ "$_id", { $literal: ObjectId("69d906c28abcf43d15c257da"), }, ], }, { $ne: [ "$_id", "$$REMOVE", ], }, ], }, }, }, { $project: { _id: 1, }, }, ])

[90mstdout[2m | src/__tests__/vendor/vendor-orders.test.ts[2m > [22m[2mvendor order service[2m > [22m[2mshould list only orders belonging to the vendor
[22m[39mprisma:query db.OrderStatusHistory.aggregate([ { $match: { $expr: { $and: [ { }, { $and: [ { $or: [ { $eq: [ "$orderId", { $literal: ObjectId("69d906c28abcf43d15c257da"), }, ], }, ], }, { $ne: [ "$orderId", "$$REMOVE", ], }, ], }, ], }, }, }, { $project: { _id: 1, orderId: 1, }, }, ])

[90mstdout[2m | src/__tests__/vendor/vendor-orders.test.ts[2m > [22m[2mvendor order service[2m > [22m[2mshould list only orders belonging to the vendor
[22m[39mprisma:query db.OrderItem.aggregate([ { $match: { $expr: { $and: [ { }, { $and: [ { $or: [ { $eq: [ "$orderId", { $literal: ObjectId("69d906c28abcf43d15c257da"), }, ], }, ], }, { $ne: [ "$orderId", "$$REMOVE", ], }, ], }, ], }, }, }, { $project: { _id: 1, orderId: 1, }, }, ])

[90mstdout[2m | src/__tests__/vendor/vendor-orders.test.ts[2m > [22m[2mvendor order service[2m > [22m[2mshould list only orders belonging to the vendor
[22m[39mprisma:query db.Order.deleteMany({ _id: { $in: [ ObjectId("69d906c28abcf43d15c257da"), ], }, })

[90mstdout[2m | src/__tests__/vendor/vendor-orders.test.ts[2m > [22m[2mvendor order service[2m > [22m[2mshould list only orders belonging to the vendor
[22m[39mprisma:query db.Order.aggregate([ { $match: { $expr: { $and: [ { $eq: [ "$_id", { $literal: ObjectId("69d906c48abcf43d15c257dd"), }, ], }, { $ne: [ "$_id", "$$REMOVE", ], }, ], }, }, }, { $project: { _id: 1, }, }, ])

[90mstdout[2m | src/__tests__/vendor/vendor-orders.test.ts[2m > [22m[2mvendor order service[2m > [22m[2mshould list only orders belonging to the vendor
[22m[39mprisma:query db.OrderStatusHistory.aggregate([ { $match: { $expr: { $and: [ { }, { $and: [ { $or: [ { $eq: [ "$orderId", { $literal: ObjectId("69d906c48abcf43d15c257dd"), }, ], }, ], }, { $ne: [ "$orderId", "$$REMOVE", ], }, ], }, ], }, }, }, { $project: { _id: 1, orderId: 1, }, }, ])

[90mstdout[2m | src/__tests__/vendor/vendor-orders.test.ts[2m > [22m[2mvendor order service[2m > [22m[2mshould list only orders belonging to the vendor
[22m[39mprisma:query db.OrderItem.aggregate([ { $match: { $expr: { $and: [ { }, { $and: [ { $or: [ { $eq: [ "$orderId", { $literal: ObjectId("69d906c48abcf43d15c257dd"), }, ], }, ], }, { $ne: [ "$orderId", "$$REMOVE", ], }, ], }, ], }, }, }, { $project: { _id: 1, orderId: 1, }, }, ])

[90mstdout[2m | src/__tests__/vendor/vendor-orders.test.ts[2m > [22m[2mvendor order service[2m > [22m[2mshould list only orders belonging to the vendor
[22m[39mprisma:query db.Order.deleteMany({ _id: { $in: [ ObjectId("69d906c48abcf43d15c257dd"), ], }, })

[90mstdout[2m | src/__tests__/vendor/vendor-orders.test.ts[2m > [22m[2mvendor order service[2m > [22m[2mshould list only orders belonging to the vendor
[22m[39mprisma:query db.Order.aggregate([ { $match: { $expr: { $and: [ { $eq: [ "$_id", { $literal: ObjectId("69d906c58abcf43d15c257e0"), }, ], }, { $ne: [ "$_id", "$$REMOVE", ], }, ], }, }, }, { $project: { _id: 1, }, }, ])

[90mstdout[2m | src/__tests__/vendor/vendor-orders.test.ts[2m > [22m[2mvendor order service[2m > [22m[2mshould list only orders belonging to the vendor
[22m[39mprisma:query db.OrderStatusHistory.aggregate([ { $match: { $expr: { $and: [ { }, { $and: [ { $or: [ { $eq: [ "$orderId", { $literal: ObjectId("69d906c58abcf43d15c257e0"), }, ], }, ], }, { $ne: [ "$orderId", "$$REMOVE", ], }, ], }, ], }, }, }, { $project: { _id: 1, orderId: 1, }, }, ])

[90mstdout[2m | src/__tests__/vendor/vendor-orders.test.ts[2m > [22m[2mvendor order service[2m > [22m[2mshould list only orders belonging to the vendor
[22m[39mprisma:query db.OrderItem.aggregate([ { $match: { $expr: { $and: [ { }, { $and: [ { $or: [ { $eq: [ "$orderId", { $literal: ObjectId("69d906c58abcf43d15c257e0"), }, ], }, ], }, { $ne: [ "$orderId", "$$REMOVE", ], }, ], }, ], }, }, }, { $project: { _id: 1, orderId: 1, }, }, ])

[90mstdout[2m | src/__tests__/vendor/vendor-orders.test.ts[2m > [22m[2mvendor order service[2m > [22m[2mshould list only orders belonging to the vendor
[22m[39mprisma:query db.Order.deleteMany({ _id: { $in: [ ObjectId("69d906c58abcf43d15c257e0"), ], }, })

[90mstdout[2m | src/__tests__/vendor/vendor-orders.test.ts[2m > [22m[2mvendor order service[2m > [22m[2mshould list only orders belonging to the vendor
[22m[39mprisma:query db.Product.aggregate([ { $match: { $expr: { $and: [ { $regexMatch: { input: "$vendorId", regex: "^vendor-orders-test", options: "", }, }, { $ne: [ "$vendorId", "$$REMOVE", ], }, ], }, }, }, { $project: { _id: 1, }, }, ])

[90mstdout[2m | src/__tests__/vendor/vendor-orders.test.ts[2m > [22m[2mvendor order service[2m > [22m[2mshould list only orders belonging to the vendor
[22m[39mprisma:query db.DigitalAsset.aggregate([ { $match: { $expr: { $and: [ { }, { $and: [ { $or: [ { $eq: [ "$productId", { $literal: ObjectId("69d906c18abcf43d15c257d8"), }, ], }, { $eq: [ "$productId", { $literal: ObjectId("69d906c28abcf43d15c257d9"), }, ], }, ], }, { $ne: [ "$productId", "$$REMOVE", ], }, ], }, ], }, }, }, { $project: { _id: 1, productId: 1, }, }, ])

[90mstdout[2m | src/__tests__/vendor/vendor-orders.test.ts[2m > [22m[2mvendor order service[2m > [22m[2mshould list only orders belonging to the vendor
[22m[39mprisma:query db.WishlistItem.aggregate([ { $match: { $expr: { $and: [ { }, { $and: [ { $or: [ { $eq: [ "$productId", { $literal: ObjectId("69d906c18abcf43d15c257d8"), }, ], }, { $eq: [ "$productId", { $literal: ObjectId("69d906c28abcf43d15c257d9"), }, ], }, ], }, { $ne: [ "$productId", "$$REMOVE", ], }, ], }, ], }, }, }, { $project: { _id: 1, productId: 1, }, }, ])

[90mstdout[2m | src/__tests__/vendor/vendor-orders.test.ts[2m > [22m[2mvendor order service[2m > [22m[2mshould list only orders belonging to the vendor
[22m[39mprisma:query db.Review.aggregate([ { $match: { $expr: { $and: [ { }, { $and: [ { $or: [ { $eq: [ "$productId", { $literal: ObjectId("69d906c18abcf43d15c257d8"), }, ], }, { $eq: [ "$productId", { $literal: ObjectId("69d906c28abcf43d15c257d9"), }, ], }, ], }, { $ne: [ "$productId", "$$REMOVE", ], }, ], }, ], }, }, }, { $project: { _id: 1, productId: 1, }, }, ])

[90mstdout[2m | src/__tests__/vendor/vendor-orders.test.ts[2m > [22m[2mvendor order service[2m > [22m[2mshould list only orders belonging to the vendor
[22m[39mprisma:query db.OrderItem.aggregate([ { $match: { $expr: { $and: [ { }, { $and: [ { $or: [ { $eq: [ "$productId", { $literal: ObjectId("69d906c18abcf43d15c257d8"), }, ], }, { $eq: [ "$productId", { $literal: ObjectId("69d906c28abcf43d15c257d9"), }, ], }, ], }, { $ne: [ "$productId", "$$REMOVE", ], }, ], }, ], }, }, }, { $project: { _id: 1, productId: 1, }, }, ])

[90mstdout[2m | src/__tests__/vendor/vendor-orders.test.ts[2m > [22m[2mvendor order service[2m > [22m[2mshould list only orders belonging to the vendor
[22m[39mprisma:query db.CartItem.aggregate([ { $match: { $expr: { $and: [ { }, { $and: [ { $or: [ { $eq: [ "$productId", { $literal: ObjectId("69d906c18abcf43d15c257d8"), }, ], }, { $eq: [ "$productId", { $literal: ObjectId("69d906c28abcf43d15c257d9"), }, ], }, ], }, { $ne: [ "$productId", "$$REMOVE", ], }, ], }, ], }, }, }, { $project: { _id: 1, productId: 1, }, }, ])

[90mstdout[2m | src/__tests__/vendor/vendor-orders.test.ts[2m > [22m[2mvendor order service[2m > [22m[2mshould list only orders belonging to the vendor
[22m[39mprisma:query db.ProductVariant.aggregate([ { $match: { $expr: { $and: [ { }, { $and: [ { $or: [ { $eq: [ "$productId", { $literal: ObjectId("69d906c18abcf43d15c257d8"), }, ], }, { $eq: [ "$productId", { $literal: ObjectId("69d906c28abcf43d15c257d9"), }, ], }, ], }, { $ne: [ "$productId", "$$REMOVE", ], }, ], }, ], }, }, }, { $project: { _id: 1, productId: 1, }, }, ])

[90mstdout[2m | src/__tests__/vendor/vendor-orders.test.ts[2m > [22m[2mvendor order service[2m > [22m[2mshould list only orders belonging to the vendor
[22m[39mprisma:query db.Product.deleteMany({ _id: { $in: [ ObjectId("69d906c18abcf43d15c257d8"), ObjectId("69d906c28abcf43d15c257d9"), ], }, })

[90mstdout[2m | src/__tests__/vendor/vendor-orders.test.ts[2m > [22m[2mvendor order service[2m > [22m[2mshould list only orders belonging to the vendor
[22m[39mprisma:query db.UserProfile.aggregate([ { $match: { $expr: { $and: [ { $regexMatch: { input: "$userId", regex: "^vendor-orders-test", options: "", }, }, { $ne: [ "$userId", "$$REMOVE", ], }, ], }, }, }, { $project: { _id: 1, }, }, ])

[90mstdout[2m | src/__tests__/vendor/vendor-orders.test.ts[2m > [22m[2mvendor order service[2m > [22m[2mshould list only orders belonging to the vendor
[22m[39mprisma:query db.UserProfile.deleteMany({ _id: { $in: [ ObjectId("69d906bf8abcf43d15c257d5"), ObjectId("69d906c08abcf43d15c257d6"), ObjectId("69d906c18abcf43d15c257d7"), ], }, })

[90mstdout[2m | src/__tests__/vendor/vendor-orders.test.ts[2m > [22m[2mvendor order service[2m > [22m[2mshould filter vendor orders by status
[22m[39mprisma:query db.UserProfile.insertOne({ userId: "vendor-orders-test-vendor-filter", email: "vendor-orders-test-vendor-filter@test.com", firstName: "Test", lastName: "User", role: "CUSTOMER", isVendor: true, vendorStatus: "ACTIVE", storeName: "Filter Vendor", storeSlug: "filter-vendor", createdAt: DateTime("2026-04-10 14:19:01.912 +00:00:00"), updatedAt: DateTime("2026-04-10 14:19:01.912 +00:00:00"), })

[90mstdout[2m | src/__tests__/vendor/vendor-orders.test.ts[2m > [22m[2mvendor order service[2m > [22m[2mshould filter vendor orders by status
[22m[39mprisma:query db.UserProfile.aggregate([ { $match: { $expr: { $and: [ { $and: [ { $eq: [ "$_id", { $literal: ObjectId("69d906d58abcf43d15c257e3"), }, ], }, { $ne: [ "$_id", "$$REMOVE", ], }, ], }, ], }, }, }, { $project: { _id: 1, userId: 1, email: 1, firstName: 1, lastName: 1, phone: 1, avatar: 1, dateOfBirth: 1, gender: 1, role: 1, isVendor: 1, vendorStatus: 1, storeName: 1, storeSlug: 1, storeDescription: 1, vendorSince: 1, createdAt: 1, updatedAt: 1, }, }, ])

[90mstdout[2m | src/__tests__/vendor/vendor-orders.test.ts[2m > [22m[2mvendor order service[2m > [22m[2mshould filter vendor orders by status
[22m[39mprisma:query db.UserProfile.insertOne({ userId: "vendor-orders-test-buyer-filter", email: "vendor-orders-test-buyer-filter@test.com", firstName: "Test", lastName: "User", role: "CUSTOMER", isVendor: false, createdAt: DateTime("2026-04-10 14:19:02.591 +00:00:00"), updatedAt: DateTime("2026-04-10 14:19:02.591 +00:00:00"), })

[90mstdout[2m | src/__tests__/vendor/vendor-orders.test.ts[2m > [22m[2mvendor order service[2m > [22m[2mshould filter vendor orders by status
[22m[39mprisma:query db.UserProfile.aggregate([ { $match: { $expr: { $and: [ { $and: [ { $eq: [ "$_id", { $literal: ObjectId("69d906d68abcf43d15c257e4"), }, ], }, { $ne: [ "$_id", "$$REMOVE", ], }, ], }, ], }, }, }, { $project: { _id: 1, userId: 1, email: 1, firstName: 1, lastName: 1, phone: 1, avatar: 1, dateOfBirth: 1, gender: 1, role: 1, isVendor: 1, vendorStatus: 1, storeName: 1, storeSlug: 1, storeDescription: 1, vendorSince: 1, createdAt: 1, updatedAt: 1, }, }, ])

[90mstdout[2m | src/__tests__/vendor/vendor-orders.test.ts[2m > [22m[2mvendor order service[2m > [22m[2mshould filter vendor orders by status
[22m[39mprisma:query db.Product.insertOne({ name: "Filter Product", slug: "vendor-orders-test-filter-product-3", description: "Filter Product description", stockKeepingUnit: "vendor-orders-test-SKU-1775830743589-3", basePrice: 1500, type: "PHYSICAL", vendorId: "vendor-orders-test-vendor-filter", approvalStatus: "APPROVED", tags: [ ], images: [ ], avgRating: 0, reviewCount: 0, stock: 50, lowStockThreshold: 10, isActive: true, isFeatured: false, isNewArrival: true, createdAt: DateTime("2026-04-10 14:19:03.59 +00:00:00"), updatedAt: DateTime("2026-04-10 14:19:03.59 +00:00:00"), })

[90mstdout[2m | src/__tests__/vendor/vendor-orders.test.ts[2m > [22m[2mvendor order service[2m > [22m[2mshould filter vendor orders by status
[22m[39mprisma:query db.Product.aggregate([ { $match: { $expr: { $and: [ { $and: [ { $eq: [ "$_id", { $literal: ObjectId("69d906d78abcf43d15c257e5"), }, ], }, { $ne: [ "$_id", "$$REMOVE", ], }, ], }, ], }, }, }, { $project: { _id: 1, name: 1, slug: 1, description: 1, shortDesc: 1, stockKeepingUnit: 1, basePrice: 1, salePrice: 1, type: 1, categoryId: 1, vendorId: 1, approvalStatus: 1, brand: 1, tags: 1, images: 1, avgRating: 1, reviewCount: 1, stock: 1, lowStockThreshold: 1, isActive: 1, isFeatured: 1, isNewArrival: 1, createdAt: 1, updatedAt: 1, }, }, ])

[90mstdout[2m | src/__tests__/vendor/vendor-orders.test.ts[2m > [22m[2mvendor order service[2m > [22m[2mshould filter vendor orders by status
[22m[39mprisma:query db.Order.insertOne({ orderNumber: "WS-TEST-1775830744084-MPDY", userId: "vendor-orders-test-buyer-filter", vendorId: "vendor-orders-test-vendor-filter", status: "PAID", shippingAddress: { firstName: "Test", lastName: "Buyer", phone: "+1234567890", street: "123 Test St", city: "Testville", state: "TS", country: "US", postalCode: "12345", }, subtotal: 1500, shipping: 0, discount: 0, total: 1500, createdAt: DateTime("2026-04-10 14:19:04.086 +00:00:00"), updatedAt: DateTime("2026-04-10 14:19:04.086 +00:00:00"), })

[90mstdout[2m | src/__tests__/vendor/vendor-orders.test.ts[2m > [22m[2mvendor order service[2m > [22m[2mshould filter vendor orders by status
[22m[39mprisma:query db.OrderItem.insertOne({ orderId: ObjectId("69d906d88abcf43d15c257e6"), productId: ObjectId("69d906d78abcf43d15c257e5"), productName: "Filter Product", productImage: null, sku: null, variantName: null, quantity: 1, unitPrice: 1500, totalPrice: 1500, createdAt: DateTime("2026-04-10 14:19:04.086 +00:00:00"), })

[90mstdout[2m | src/__tests__/vendor/vendor-orders.test.ts[2m > [22m[2mvendor order service[2m > [22m[2mshould filter vendor orders by status
[22m[39mprisma:query db.OrderStatusHistory.insertOne({ orderId: ObjectId("69d906d88abcf43d15c257e6"), status: "PAID", note: "Created with status PAID", createdAt: DateTime("2026-04-10 14:19:04.086 +00:00:00"), })

[90mstdout[2m | src/__tests__/vendor/vendor-orders.test.ts[2m > [22m[2mvendor order service[2m > [22m[2mshould filter vendor orders by status
[22m[39mprisma:query db.Order.aggregate([ { $match: { $expr: { $and: [ { $and: [ { $eq: [ "$_id", { $literal: ObjectId("69d906d88abcf43d15c257e6"), }, ], }, { $ne: [ "$_id", "$$REMOVE", ], }, ], }, ], }, }, }, { $project: { _id: 1, orderNumber: 1, userId: 1, vendorId: 1, checkoutSessionId: 1, status: 1, shippingAddress: 1, billingAddress: 1, subtotal: 1, shipping: 1, discount: 1, total: 1, couponCode: 1, notes: 1, createdAt: 1, updatedAt: 1, paidAt: 1, shippedAt: 1, deliveredAt: 1, }, }, ])

[90mstdout[2m | src/__tests__/vendor/vendor-orders.test.ts[2m > [22m[2mvendor order service[2m > [22m[2mshould filter vendor orders by status
[22m[39mprisma:query db.OrderItem.aggregate([ { $match: { $expr: { $and: [ { $or: [ { $eq: [ "$orderId", { $literal: ObjectId("69d906d88abcf43d15c257e6"), }, ], }, ], }, { $ne: [ "$orderId", "$$REMOVE", ], }, ], }, }, }, { $project: { _id: 1, orderId: 1, productId: 1, variantId: 1, productName: 1, productImage: 1, sku: 1, variantName: 1, quantity: 1, unitPrice: 1, totalPrice: 1, createdAt: 1, }, }, ])

[90mstdout[2m | src/__tests__/vendor/vendor-orders.test.ts[2m > [22m[2mvendor order service[2m > [22m[2mshould filter vendor orders by status
[22m[39mprisma:query db.OrderStatusHistory.aggregate([ { $match: { $expr: { $and: [ { $or: [ { $eq: [ "$orderId", { $literal: ObjectId("69d906d88abcf43d15c257e6"), }, ], }, ], }, { $ne: [ "$orderId", "$$REMOVE", ], }, ], }, }, }, { $project: { _id: 1, orderId: 1, status: 1, note: 1, createdAt: 1, }, }, ])

[90mstdout[2m | src/__tests__/vendor/vendor-orders.test.ts[2m > [22m[2mvendor order service[2m > [22m[2mshould filter vendor orders by status
[22m[39mprisma:query db.Order.insertOne({ orderNumber: "WS-TEST-1775830745619-66HB", userId: "vendor-orders-test-buyer-filter", vendorId: "vendor-orders-test-vendor-filter", status: "PROCESSING", shippingAddress: { firstName: "Test", lastName: "Buyer", phone: "+1234567890", street: "123 Test St", city: "Testville", state: "TS", country: "US", postalCode: "12345", }, subtotal: 1500, shipping: 0, discount: 0, total: 1500, createdAt: DateTime("2026-04-10 14:19:05.621 +00:00:00"), updatedAt: DateTime("2026-04-10 14:19:05.621 +00:00:00"), })

[90mstdout[2m | src/__tests__/vendor/vendor-orders.test.ts[2m > [22m[2mvendor order service[2m > [22m[2mshould filter vendor orders by status
[22m[39mprisma:query db.OrderItem.insertOne({ orderId: ObjectId("69d906d98abcf43d15c257e9"), productId: ObjectId("69d906d78abcf43d15c257e5"), productName: "Filter Product", productImage: null, sku: null, variantName: null, quantity: 1, unitPrice: 1500, totalPrice: 1500, createdAt: DateTime("2026-04-10 14:19:05.621 +00:00:00"), })

[90mstdout[2m | src/__tests__/vendor/vendor-orders.test.ts[2m > [22m[2mvendor order service[2m > [22m[2mshould filter vendor orders by status
[22m[39mprisma:query db.OrderStatusHistory.insertOne({ orderId: ObjectId("69d906d98abcf43d15c257e9"), status: "PROCESSING", note: "Created with status PROCESSING", createdAt: DateTime("2026-04-10 14:19:05.621 +00:00:00"), })

[90mstdout[2m | src/__tests__/vendor/vendor-orders.test.ts[2m > [22m[2mvendor order service[2m > [22m[2mshould filter vendor orders by status
[22m[39mprisma:query db.Order.aggregate([ { $match: { $expr: { $and: [ { $and: [ { $eq: [ "$_id", { $literal: ObjectId("69d906d98abcf43d15c257e9"), }, ], }, { $ne: [ "$_id", "$$REMOVE", ], }, ], }, ], }, }, }, { $project: { _id: 1, orderNumber: 1, userId: 1, vendorId: 1, checkoutSessionId: 1, status: 1, shippingAddress: 1, billingAddress: 1, subtotal: 1, shipping: 1, discount: 1, total: 1, couponCode: 1, notes: 1, createdAt: 1, updatedAt: 1, paidAt: 1, shippedAt: 1, deliveredAt: 1, }, }, ])

[90mstdout[2m | src/__tests__/vendor/vendor-orders.test.ts[2m > [22m[2mvendor order service[2m > [22m[2mshould filter vendor orders by status
[22m[39mprisma:query db.OrderItem.aggregate([ { $match: { $expr: { $and: [ { $or: [ { $eq: [ "$orderId", { $literal: ObjectId("69d906d98abcf43d15c257e9"), }, ], }, ], }, { $ne: [ "$orderId", "$$REMOVE", ], }, ], }, }, }, { $project: { _id: 1, orderId: 1, productId: 1, variantId: 1, productName: 1, productImage: 1, sku: 1, variantName: 1, quantity: 1, unitPrice: 1, totalPrice: 1, createdAt: 1, }, }, ])

[90mstdout[2m | src/__tests__/vendor/vendor-orders.test.ts[2m > [22m[2mvendor order service[2m > [22m[2mshould filter vendor orders by status
[22m[39mprisma:query db.OrderStatusHistory.aggregate([ { $match: { $expr: { $and: [ { $or: [ { $eq: [ "$orderId", { $literal: ObjectId("69d906d98abcf43d15c257e9"), }, ], }, ], }, { $ne: [ "$orderId", "$$REMOVE", ], }, ], }, }, }, { $project: { _id: 1, orderId: 1, status: 1, note: 1, createdAt: 1, }, }, ])

[90mstdout[2m | src/__tests__/vendor/vendor-orders.test.ts[2m > [22m[2mvendor order service[2m > [22m[2mshould filter vendor orders by status
[22m[39mprisma:query db.Order.insertOne({ orderNumber: "WS-TEST-1775830747008-0YQN", userId: "vendor-orders-test-buyer-filter", vendorId: "vendor-orders-test-vendor-filter", status: "DELIVERED", shippingAddress: { firstName: "Test", lastName: "Buyer", phone: "+1234567890", street: "123 Test St", city: "Testville", state: "TS", country: "US", postalCode: "12345", }, subtotal: 1500, shipping: 0, discount: 0, total: 1500, createdAt: DateTime("2026-04-10 14:19:07.01 +00:00:00"), updatedAt: DateTime("2026-04-10 14:19:07.01 +00:00:00"), })

[90mstdout[2m | src/__tests__/vendor/vendor-orders.test.ts[2m > [22m[2mvendor order service[2m > [22m[2mshould filter vendor orders by status
[22m[39mprisma:query db.OrderItem.insertOne({ orderId: ObjectId("69d906db8abcf43d15c257ec"), productId: ObjectId("69d906d78abcf43d15c257e5"), productName: "Filter Product", productImage: null, sku: null, variantName: null, quantity: 1, unitPrice: 1500, totalPrice: 1500, createdAt: DateTime("2026-04-10 14:19:07.01 +00:00:00"), })

[90mstdout[2m | src/__tests__/vendor/vendor-orders.test.ts[2m > [22m[2mvendor order service[2m > [22m[2mshould filter vendor orders by status
[22m[39mprisma:query db.OrderStatusHistory.insertOne({ orderId: ObjectId("69d906db8abcf43d15c257ec"), status: "DELIVERED", note: "Created with status DELIVERED", createdAt: DateTime("2026-04-10 14:19:07.01 +00:00:00"), })

[90mstdout[2m | src/__tests__/vendor/vendor-orders.test.ts[2m > [22m[2mvendor order service[2m > [22m[2mshould filter vendor orders by status
[22m[39mprisma:query db.Order.aggregate([ { $match: { $expr: { $and: [ { $and: [ { $eq: [ "$_id", { $literal: ObjectId("69d906db8abcf43d15c257ec"), }, ], }, { $ne: [ "$_id", "$$REMOVE", ], }, ], }, ], }, }, }, { $project: { _id: 1, orderNumber: 1, userId: 1, vendorId: 1, checkoutSessionId: 1, status: 1, shippingAddress: 1, billingAddress: 1, subtotal: 1, shipping: 1, discount: 1, total: 1, couponCode: 1, notes: 1, createdAt: 1, updatedAt: 1, paidAt: 1, shippedAt: 1, deliveredAt: 1, }, }, ])

[90mstdout[2m | src/__tests__/vendor/vendor-orders.test.ts[2m > [22m[2mvendor order service[2m > [22m[2mshould filter vendor orders by status
[22m[39mprisma:query db.OrderItem.aggregate([ { $match: { $expr: { $and: [ { $or: [ { $eq: [ "$orderId", { $literal: ObjectId("69d906db8abcf43d15c257ec"), }, ], }, ], }, { $ne: [ "$orderId", "$$REMOVE", ], }, ], }, }, }, { $project: { _id: 1, orderId: 1, productId: 1, variantId: 1, productName: 1, productImage: 1, sku: 1, variantName: 1, quantity: 1, unitPrice: 1, totalPrice: 1, createdAt: 1, }, }, ])

[90mstdout[2m | src/__tests__/vendor/vendor-orders.test.ts[2m > [22m[2mvendor order service[2m > [22m[2mshould filter vendor orders by status
[22m[39mprisma:query db.OrderStatusHistory.aggregate([ { $match: { $expr: { $and: [ { $or: [ { $eq: [ "$orderId", { $literal: ObjectId("69d906db8abcf43d15c257ec"), }, ], }, ], }, { $ne: [ "$orderId", "$$REMOVE", ], }, ], }, }, }, { $project: { _id: 1, orderId: 1, status: 1, note: 1, createdAt: 1, }, }, ])

[90mstdout[2m | src/__tests__/vendor/vendor-orders.test.ts[2m > [22m[2mvendor order service[2m > [22m[2mshould filter vendor orders by status
[22m[39mprisma:query db.Order.aggregate([ { $match: { $expr: { $and: [ { $and: [ { $eq: [ "$vendorId", { $literal: "vendor-orders-test-vendor-filter", }, ], }, { $ne: [ "$vendorId", "$$REMOVE", ], }, ], }, { $and: [ { $eq: [ "$status", { $literal: "PAID", }, ], }, { $ne: [ "$status", "$$REMOVE", ], }, ], }, ], }, }, }, { $group: { _id: null, count_all: { $sum: 1, }, }, }, ])

[90mstdout[2m | src/__tests__/vendor/vendor-orders.test.ts[2m > [22m[2mvendor order service[2m > [22m[2mshould filter vendor orders by status
[22m[39mprisma:query db.Order.aggregate([ { $match: { $expr: { $and: [ { $and: [ { $eq: [ "$vendorId", { $literal: "vendor-orders-test-vendor-filter", }, ], }, { $ne: [ "$vendorId", "$$REMOVE", ], }, ], }, { $and: [ { $eq: [ "$status", { $literal: "PAID", }, ], }, { $ne: [ "$status", "$$REMOVE", ], }, ], }, ], }, }, }, { $sort: { createdAt: -1, }, }, { $skip: 0, }, { $limit: 20, }, { $project: { _id: 1, orderNumber: 1, userId: 1, vendorId: 1, checkoutSessionId: 1, status: 1, shippingAddress: 1, billingAddress: 1, subtotal: 1, shipping: 1, discount: 1, total: 1, couponCode: 1, notes: 1, createdAt: 1, updatedAt: 1, paidAt: 1, shippedAt: 1, deliveredAt: 1, }, }, ])

[90mstdout[2m | src/__tests__/vendor/vendor-orders.test.ts[2m > [22m[2mvendor order service[2m > [22m[2mshould filter vendor orders by status
[22m[39mprisma:query db.OrderItem.aggregate([ { $match: { $expr: { $and: [ { $or: [ { $eq: [ "$orderId", { $literal: ObjectId("69d906d88abcf43d15c257e6"), }, ], }, ], }, { $ne: [ "$orderId", "$$REMOVE", ], }, ], }, }, }, { $project: { _id: 1, orderId: 1, productId: 1, variantId: 1, productName: 1, productImage: 1, sku: 1, variantName: 1, quantity: 1, unitPrice: 1, totalPrice: 1, createdAt: 1, }, }, ])

[90mstdout[2m | src/__tests__/vendor/vendor-orders.test.ts[2m > [22m[2mvendor order service[2m > [22m[2mshould filter vendor orders by status
[22m[39mprisma:query db.Product.aggregate([ { $match: { $expr: { $and: [ { $or: [ { $eq: [ "$_id", { $literal: ObjectId("69d906d78abcf43d15c257e5"), }, ], }, ], }, { $ne: [ "$_id", "$$REMOVE", ], }, ], }, }, }, { $project: { _id: 1, name: 1, slug: 1, description: 1, shortDesc: 1, stockKeepingUnit: 1, basePrice: 1, salePrice: 1, type: 1, categoryId: 1, vendorId: 1, approvalStatus: 1, brand: 1, tags: 1, images: 1, avgRating: 1, reviewCount: 1, stock: 1, lowStockThreshold: 1, isActive: 1, isFeatured: 1, isNewArrival: 1, createdAt: 1, updatedAt: 1, }, }, ])

[90mstdout[2m | src/__tests__/vendor/vendor-orders.test.ts[2m > [22m[2mvendor order service[2m > [22m[2mshould filter vendor orders by status
[22m[39mprisma:query db.OrderStatusHistory.aggregate([ { $match: { $expr: { $and: [ { $or: [ { $eq: [ "$orderId", { $literal: ObjectId("69d906d88abcf43d15c257e6"), }, ], }, ], }, { $ne: [ "$orderId", "$$REMOVE", ], }, ], }, }, }, { $sort: { createdAt: -1, }, }, { $project: { _id: 1, orderId: 1, status: 1, note: 1, createdAt: 1, }, }, ])

[90mstdout[2m | src/__tests__/vendor/vendor-orders.test.ts[2m > [22m[2mvendor order service[2m > [22m[2mshould filter vendor orders by status
[22m[39mprisma:query db.Order.aggregate([ { $match: { $expr: { $or: [ { $and: [ { $regexMatch: { input: "$userId", regex: "^vendor-orders-test", options: "", }, }, { $ne: [ "$userId", "$$REMOVE", ], }, ], }, { $and: [ { $regexMatch: { input: "$vendorId", regex: "^vendor-orders-test", options: "", }, }, { $ne: [ "$vendorId", "$$REMOVE", ], }, ], }, ], }, }, }, { $project: { _id: 1, }, }, ])

[90mstdout[2m | src/__tests__/vendor/vendor-orders.test.ts[2m > [22m[2mvendor order service[2m > [22m[2mshould filter vendor orders by status
[22m[39mprisma:query db.OrderStatusHistory.aggregate([ { $match: { $expr: { $and: [ { $eq: [ "$orderId", { $literal: ObjectId("69d906d88abcf43d15c257e6"), }, ], }, { $ne: [ "$orderId", "$$REMOVE", ], }, ], }, }, }, { $project: { _id: 1, }, }, ])

[90mstdout[2m | src/__tests__/vendor/vendor-orders.test.ts[2m > [22m[2mvendor order service[2m > [22m[2mshould filter vendor orders by status
[22m[39mprisma:query db.OrderStatusHistory.deleteMany({ _id: { $in: [ ObjectId("69d906d88abcf43d15c257e8"), ], }, })

[90mstdout[2m | src/__tests__/vendor/vendor-orders.test.ts[2m > [22m[2mvendor order service[2m > [22m[2mshould filter vendor orders by status
[22m[39mprisma:query db.OrderItem.aggregate([ { $match: { $expr: { $and: [ { $eq: [ "$orderId", { $literal: ObjectId("69d906d88abcf43d15c257e6"), }, ], }, { $ne: [ "$orderId", "$$REMOVE", ], }, ], }, }, }, { $project: { _id: 1, }, }, ])

[90mstdout[2m | src/__tests__/vendor/vendor-orders.test.ts[2m > [22m[2mvendor order service[2m > [22m[2mshould filter vendor orders by status
[22m[39mprisma:query db.OrderItem.deleteMany({ _id: { $in: [ ObjectId("69d906d88abcf43d15c257e7"), ], }, })

[90mstdout[2m | src/__tests__/vendor/vendor-orders.test.ts[2m > [22m[2mvendor order service[2m > [22m[2mshould filter vendor orders by status
[22m[39mprisma:query db.OrderStatusHistory.aggregate([ { $match: { $expr: { $and: [ { $eq: [ "$orderId", { $literal: ObjectId("69d906d98abcf43d15c257e9"), }, ], }, { $ne: [ "$orderId", "$$REMOVE", ], }, ], }, }, }, { $project: { _id: 1, }, }, ])

[90mstdout[2m | src/__tests__/vendor/vendor-orders.test.ts[2m > [22m[2mvendor order service[2m > [22m[2mshould filter vendor orders by status
[22m[39mprisma:query db.OrderStatusHistory.deleteMany({ _id: { $in: [ ObjectId("69d906d98abcf43d15c257eb"), ], }, })

[90mstdout[2m | src/__tests__/vendor/vendor-orders.test.ts[2m > [22m[2mvendor order service[2m > [22m[2mshould filter vendor orders by status
[22m[39mprisma:query db.OrderItem.aggregate([ { $match: { $expr: { $and: [ { $eq: [ "$orderId", { $literal: ObjectId("69d906d98abcf43d15c257e9"), }, ], }, { $ne: [ "$orderId", "$$REMOVE", ], }, ], }, }, }, { $project: { _id: 1, }, }, ])

[90mstdout[2m | src/__tests__/vendor/vendor-orders.test.ts[2m > [22m[2mvendor order service[2m > [22m[2mshould filter vendor orders by status
[22m[39mprisma:query db.OrderItem.deleteMany({ _id: { $in: [ ObjectId("69d906d98abcf43d15c257ea"), ], }, })

[90mstdout[2m | src/__tests__/vendor/vendor-orders.test.ts[2m > [22m[2mvendor order service[2m > [22m[2mshould filter vendor orders by status
[22m[39mprisma:query db.OrderStatusHistory.aggregate([ { $match: { $expr: { $and: [ { $eq: [ "$orderId", { $literal: ObjectId("69d906db8abcf43d15c257ec"), }, ], }, { $ne: [ "$orderId", "$$REMOVE", ], }, ], }, }, }, { $project: { _id: 1, }, }, ])

[90mstdout[2m | src/__tests__/vendor/vendor-orders.test.ts[2m > [22m[2mvendor order service[2m > [22m[2mshould filter vendor orders by status
[22m[39mprisma:query db.OrderStatusHistory.deleteMany({ _id: { $in: [ ObjectId("69d906db8abcf43d15c257ee"), ], }, })

[90mstdout[2m | src/__tests__/vendor/vendor-orders.test.ts[2m > [22m[2mvendor order service[2m > [22m[2mshould filter vendor orders by status
[22m[39mprisma:query db.OrderItem.aggregate([ { $match: { $expr: { $and: [ { $eq: [ "$orderId", { $literal: ObjectId("69d906db8abcf43d15c257ec"), }, ], }, { $ne: [ "$orderId", "$$REMOVE", ], }, ], }, }, }, { $project: { _id: 1, }, }, ])

[90mstdout[2m | src/__tests__/vendor/vendor-orders.test.ts[2m > [22m[2mvendor order service[2m > [22m[2mshould filter vendor orders by status
[22m[39mprisma:query db.OrderItem.deleteMany({ _id: { $in: [ ObjectId("69d906db8abcf43d15c257ed"), ], }, })

[90mstdout[2m | src/__tests__/vendor/vendor-orders.test.ts[2m > [22m[2mvendor order service[2m > [22m[2mshould filter vendor orders by status
[22m[39mprisma:query db.Order.aggregate([ { $match: { $expr: { $and: [ { $eq: [ "$_id", { $literal: ObjectId("69d906d88abcf43d15c257e6"), }, ], }, { $ne: [ "$_id", "$$REMOVE", ], }, ], }, }, }, { $project: { _id: 1, }, }, ])

[90mstdout[2m | src/__tests__/vendor/vendor-orders.test.ts[2m > [22m[2mvendor order service[2m > [22m[2mshould filter vendor orders by status
[22m[39mprisma:query db.OrderStatusHistory.aggregate([ { $match: { $expr: { $and: [ { }, { $and: [ { $or: [ { $eq: [ "$orderId", { $literal: ObjectId("69d906d88abcf43d15c257e6"), }, ], }, ], }, { $ne: [ "$orderId", "$$REMOVE", ], }, ], }, ], }, }, }, { $project: { _id: 1, orderId: 1, }, }, ])

[90mstdout[2m | src/__tests__/vendor/vendor-orders.test.ts[2m > [22m[2mvendor order service[2m > [22m[2mshould filter vendor orders by status
[22m[39mprisma:query db.OrderItem.aggregate([ { $match: { $expr: { $and: [ { }, { $and: [ { $or: [ { $eq: [ "$orderId", { $literal: ObjectId("69d906d88abcf43d15c257e6"), }, ], }, ], }, { $ne: [ "$orderId", "$$REMOVE", ], }, ], }, ], }, }, }, { $project: { _id: 1, orderId: 1, }, }, ])

[90mstdout[2m | src/__tests__/vendor/vendor-orders.test.ts[2m > [22m[2mvendor order service[2m > [22m[2mshould filter vendor orders by status
[22m[39mprisma:query db.Order.deleteMany({ _id: { $in: [ ObjectId("69d906d88abcf43d15c257e6"), ], }, })

[90mstdout[2m | src/__tests__/vendor/vendor-orders.test.ts[2m > [22m[2mvendor order service[2m > [22m[2mshould filter vendor orders by status
[22m[39mprisma:query db.Order.aggregate([ { $match: { $expr: { $and: [ { $eq: [ "$_id", { $literal: ObjectId("69d906d98abcf43d15c257e9"), }, ], }, { $ne: [ "$_id", "$$REMOVE", ], }, ], }, }, }, { $project: { _id: 1, }, }, ])

[90mstdout[2m | src/__tests__/vendor/vendor-orders.test.ts[2m > [22m[2mvendor order service[2m > [22m[2mshould filter vendor orders by status
[22m[39mprisma:query db.OrderStatusHistory.aggregate([ { $match: { $expr: { $and: [ { }, { $and: [ { $or: [ { $eq: [ "$orderId", { $literal: ObjectId("69d906d98abcf43d15c257e9"), }, ], }, ], }, { $ne: [ "$orderId", "$$REMOVE", ], }, ], }, ], }, }, }, { $project: { _id: 1, orderId: 1, }, }, ])

[90mstdout[2m | src/__tests__/vendor/vendor-orders.test.ts[2m > [22m[2mvendor order service[2m > [22m[2mshould filter vendor orders by status
[22m[39mprisma:query db.OrderItem.aggregate([ { $match: { $expr: { $and: [ { }, { $and: [ { $or: [ { $eq: [ "$orderId", { $literal: ObjectId("69d906d98abcf43d15c257e9"), }, ], }, ], }, { $ne: [ "$orderId", "$$REMOVE", ], }, ], }, ], }, }, }, { $project: { _id: 1, orderId: 1, }, }, ])

[90mstdout[2m | src/__tests__/vendor/vendor-orders.test.ts[2m > [22m[2mvendor order service[2m > [22m[2mshould filter vendor orders by status
[22m[39mprisma:query db.Order.deleteMany({ _id: { $in: [ ObjectId("69d906d98abcf43d15c257e9"), ], }, })

[90mstdout[2m | src/__tests__/vendor/vendor-orders.test.ts[2m > [22m[2mvendor order service[2m > [22m[2mshould filter vendor orders by status
[22m[39mprisma:query db.Order.aggregate([ { $match: { $expr: { $and: [ { $eq: [ "$_id", { $literal: ObjectId("69d906db8abcf43d15c257ec"), }, ], }, { $ne: [ "$_id", "$$REMOVE", ], }, ], }, }, }, { $project: { _id: 1, }, }, ])

[90mstdout[2m | src/__tests__/vendor/vendor-orders.test.ts[2m > [22m[2mvendor order service[2m > [22m[2mshould filter vendor orders by status
[22m[39mprisma:query db.OrderStatusHistory.aggregate([ { $match: { $expr: { $and: [ { }, { $and: [ { $or: [ { $eq: [ "$orderId", { $literal: ObjectId("69d906db8abcf43d15c257ec"), }, ], }, ], }, { $ne: [ "$orderId", "$$REMOVE", ], }, ], }, ], }, }, }, { $project: { _id: 1, orderId: 1, }, }, ])

[90mstdout[2m | src/__tests__/vendor/vendor-orders.test.ts[2m > [22m[2mvendor order service[2m > [22m[2mshould filter vendor orders by status
[22m[39mprisma:query db.OrderItem.aggregate([ { $match: { $expr: { $and: [ { }, { $and: [ { $or: [ { $eq: [ "$orderId", { $literal: ObjectId("69d906db8abcf43d15c257ec"), }, ], }, ], }, { $ne: [ "$orderId", "$$REMOVE", ], }, ], }, ], }, }, }, { $project: { _id: 1, orderId: 1, }, }, ])

[90mstdout[2m | src/__tests__/vendor/vendor-orders.test.ts[2m > [22m[2mvendor order service[2m > [22m[2mshould filter vendor orders by status
[22m[39mprisma:query db.Order.deleteMany({ _id: { $in: [ ObjectId("69d906db8abcf43d15c257ec"), ], }, })

[90mstdout[2m | src/__tests__/vendor/vendor-orders.test.ts[2m > [22m[2mvendor order service[2m > [22m[2mshould filter vendor orders by status
[22m[39mprisma:query db.Product.aggregate([ { $match: { $expr: { $and: [ { $regexMatch: { input: "$vendorId", regex: "^vendor-orders-test", options: "", }, }, { $ne: [ "$vendorId", "$$REMOVE", ], }, ], }, }, }, { $project: { _id: 1, }, }, ])

[90mstdout[2m | src/__tests__/vendor/vendor-orders.test.ts[2m > [22m[2mvendor order service[2m > [22m[2mshould filter vendor orders by status
[22m[39mprisma:query db.DigitalAsset.aggregate([ { $match: { $expr: { $and: [ { }, { $and: [ { $or: [ { $eq: [ "$productId", { $literal: ObjectId("69d906d78abcf43d15c257e5"), }, ], }, ], }, { $ne: [ "$productId", "$$REMOVE", ], }, ], }, ], }, }, }, { $project: { _id: 1, productId: 1, }, }, ])

[90mstdout[2m | src/__tests__/vendor/vendor-orders.test.ts[2m > [22m[2mvendor order service[2m > [22m[2mshould filter vendor orders by status
[22m[39mprisma:query db.WishlistItem.aggregate([ { $match: { $expr: { $and: [ { }, { $and: [ { $or: [ { $eq: [ "$productId", { $literal: ObjectId("69d906d78abcf43d15c257e5"), }, ], }, ], }, { $ne: [ "$productId", "$$REMOVE", ], }, ], }, ], }, }, }, { $project: { _id: 1, productId: 1, }, }, ])

[90mstdout[2m | src/__tests__/vendor/vendor-orders.test.ts[2m > [22m[2mvendor order service[2m > [22m[2mshould filter vendor orders by status
[22m[39mprisma:query db.Review.aggregate([ { $match: { $expr: { $and: [ { }, { $and: [ { $or: [ { $eq: [ "$productId", { $literal: ObjectId("69d906d78abcf43d15c257e5"), }, ], }, ], }, { $ne: [ "$productId", "$$REMOVE", ], }, ], }, ], }, }, }, { $project: { _id: 1, productId: 1, }, }, ])

[90mstdout[2m | src/__tests__/vendor/vendor-orders.test.ts[2m > [22m[2mvendor order service[2m > [22m[2mshould filter vendor orders by status
[22m[39mprisma:query db.OrderItem.aggregate([ { $match: { $expr: { $and: [ { }, { $and: [ { $or: [ { $eq: [ "$productId", { $literal: ObjectId("69d906d78abcf43d15c257e5"), }, ], }, ], }, { $ne: [ "$productId", "$$REMOVE", ], }, ], }, ], }, }, }, { $project: { _id: 1, productId: 1, }, }, ])

[90mstdout[2m | src/__tests__/vendor/vendor-orders.test.ts[2m > [22m[2mvendor order service[2m > [22m[2mshould filter vendor orders by status
[22m[39mprisma:query db.CartItem.aggregate([ { $match: { $expr: { $and: [ { }, { $and: [ { $or: [ { $eq: [ "$productId", { $literal: ObjectId("69d906d78abcf43d15c257e5"), }, ], }, ], }, { $ne: [ "$productId", "$$REMOVE", ], }, ], }, ], }, }, }, { $project: { _id: 1, productId: 1, }, }, ])

[90mstdout[2m | src/__tests__/vendor/vendor-orders.test.ts[2m > [22m[2mvendor order service[2m > [22m[2mshould filter vendor orders by status
[22m[39mprisma:query db.ProductVariant.aggregate([ { $match: { $expr: { $and: [ { }, { $and: [ { $or: [ { $eq: [ "$productId", { $literal: ObjectId("69d906d78abcf43d15c257e5"), }, ], }, ], }, { $ne: [ "$productId", "$$REMOVE", ], }, ], }, ], }, }, }, { $project: { _id: 1, productId: 1, }, }, ])

[90mstdout[2m | src/__tests__/vendor/vendor-orders.test.ts[2m > [22m[2mvendor order service[2m > [22m[2mshould filter vendor orders by status
[22m[39mprisma:query db.Product.deleteMany({ _id: { $in: [ ObjectId("69d906d78abcf43d15c257e5"), ], }, })

[90mstdout[2m | src/__tests__/vendor/vendor-orders.test.ts[2m > [22m[2mvendor order service[2m > [22m[2mshould filter vendor orders by status
[22m[39mprisma:query db.UserProfile.aggregate([ { $match: { $expr: { $and: [ { $regexMatch: { input: "$userId", regex: "^vendor-orders-test", options: "", }, }, { $ne: [ "$userId", "$$REMOVE", ], }, ], }, }, }, { $project: { _id: 1, }, }, ])

[90mstdout[2m | src/__tests__/vendor/vendor-orders.test.ts[2m > [22m[2mvendor order service[2m > [22m[2mshould filter vendor orders by status
[22m[39mprisma:query db.UserProfile.deleteMany({ _id: { $in: [ ObjectId("69d906d58abcf43d15c257e3"), ObjectId("69d906d68abcf43d15c257e4"), ], }, })

[90mstdout[2m | src/__tests__/vendor/vendor-orders.test.ts[2m > [22m[2mvendor order service[2m > [22m[2mshould paginate vendor orders
[22m[39mprisma:query db.UserProfile.insertOne({ userId: "vendor-orders-test-vendor-page", email: "vendor-orders-test-vendor-page@test.com", firstName: "Test", lastName: "User", role: "CUSTOMER", isVendor: true, vendorStatus: "ACTIVE", storeName: "Page Vendor", storeSlug: "page-vendor", createdAt: DateTime("2026-04-10 14:19:27.85 +00:00:00"), updatedAt: DateTime("2026-04-10 14:19:27.85 +00:00:00"), })

[90mstdout[2m | src/__tests__/vendor/vendor-orders.test.ts[2m > [22m[2mvendor order service[2m > [22m[2mshould paginate vendor orders
[22m[39mprisma:query db.UserProfile.aggregate([ { $match: { $expr: { $and: [ { $and: [ { $eq: [ "$_id", { $literal: ObjectId("69d906ef8abcf43d15c257ef"), }, ], }, { $ne: [ "$_id", "$$REMOVE", ], }, ], }, ], }, }, }, { $project: { _id: 1, userId: 1, email: 1, firstName: 1, lastName: 1, phone: 1, avatar: 1, dateOfBirth: 1, gender: 1, role: 1, isVendor: 1, vendorStatus: 1, storeName: 1, storeSlug: 1, storeDescription: 1, vendorSince: 1, createdAt: 1, updatedAt: 1, }, }, ])

[90mstdout[2m | src/__tests__/vendor/vendor-orders.test.ts[2m > [22m[2mvendor order service[2m > [22m[2mshould paginate vendor orders
[22m[39mprisma:query db.UserProfile.insertOne({ userId: "vendor-orders-test-buyer-page", email: "vendor-orders-test-buyer-page@test.com", firstName: "Test", lastName: "User", role: "CUSTOMER", isVendor: false, createdAt: DateTime("2026-04-10 14:19:28.377 +00:00:00"), updatedAt: DateTime("2026-04-10 14:19:28.377 +00:00:00"), })

[90mstdout[2m | src/__tests__/vendor/vendor-orders.test.ts[2m > [22m[2mvendor order service[2m > [22m[2mshould paginate vendor orders
[22m[39mprisma:query db.UserProfile.aggregate([ { $match: { $expr: { $and: [ { $and: [ { $eq: [ "$_id", { $literal: ObjectId("69d906f08abcf43d15c257f0"), }, ], }, { $ne: [ "$_id", "$$REMOVE", ], }, ], }, ], }, }, }, { $project: { _id: 1, userId: 1, email: 1, firstName: 1, lastName: 1, phone: 1, avatar: 1, dateOfBirth: 1, gender: 1, role: 1, isVendor: 1, vendorStatus: 1, storeName: 1, storeSlug: 1, storeDescription: 1, vendorSince: 1, createdAt: 1, updatedAt: 1, }, }, ])

[90mstdout[2m | src/__tests__/vendor/vendor-orders.test.ts[2m > [22m[2mvendor order service[2m > [22m[2mshould paginate vendor orders
[22m[39mprisma:query db.Product.insertOne({ name: "Page Product", slug: "vendor-orders-test-page-product-4", description: "Page Product description", stockKeepingUnit: "vendor-orders-test-SKU-1775830768953-4", basePrice: 1000, type: "PHYSICAL", vendorId: "vendor-orders-test-vendor-page", approvalStatus: "APPROVED", tags: [ ], images: [ ], avgRating: 0, reviewCount: 0, stock: 50, lowStockThreshold: 10, isActive: true, isFeatured: false, isNewArrival: true, createdAt: DateTime("2026-04-10 14:19:28.955 +00:00:00"), updatedAt: DateTime("2026-04-10 14:19:28.955 +00:00:00"), })

[90mstdout[2m | src/__tests__/vendor/vendor-orders.test.ts[2m > [22m[2mvendor order service[2m > [22m[2mshould paginate vendor orders
[22m[39mprisma:query db.Product.aggregate([ { $match: { $expr: { $and: [ { $and: [ { $eq: [ "$_id", { $literal: ObjectId("69d906f08abcf43d15c257f1"), }, ], }, { $ne: [ "$_id", "$$REMOVE", ], }, ], }, ], }, }, }, { $project: { _id: 1, name: 1, slug: 1, description: 1, shortDesc: 1, stockKeepingUnit: 1, basePrice: 1, salePrice: 1, type: 1, categoryId: 1, vendorId: 1, approvalStatus: 1, brand: 1, tags: 1, images: 1, avgRating: 1, reviewCount: 1, stock: 1, lowStockThreshold: 1, isActive: 1, isFeatured: 1, isNewArrival: 1, createdAt: 1, updatedAt: 1, }, }, ])

[90mstdout[2m | src/__tests__/vendor/vendor-orders.test.ts[2m > [22m[2mvendor order service[2m > [22m[2mshould paginate vendor orders
[22m[39mprisma:query db.Order.insertOne({ orderNumber: "WS-TEST-1775830770861-WZJQ", userId: "vendor-orders-test-buyer-page", vendorId: "vendor-orders-test-vendor-page", status: "PAID", shippingAddress: { firstName: "Test", lastName: "Buyer", phone: "+1234567890", street: "123 Test St", city: "Testville", state: "TS", country: "US", postalCode: "12345", }, subtotal: 1000, shipping: 0, discount: 0, total: 1000, createdAt: DateTime("2026-04-10 14:19:30.864 +00:00:00"), updatedAt: DateTime("2026-04-10 14:19:30.864 +00:00:00"), })

[90mstdout[2m | src/__tests__/vendor/vendor-orders.test.ts[2m > [22m[2mvendor order service[2m > [22m[2mshould paginate vendor orders
[22m[39mprisma:query db.OrderItem.insertOne({ orderId: ObjectId("69d906f28abcf43d15c257f2"), productId: ObjectId("69d906f08abcf43d15c257f1"), productName: "Page Product", productImage: null, sku: null, variantName: null, quantity: 1, unitPrice: 1000, totalPrice: 1000, createdAt: DateTime("2026-04-10 14:19:30.864 +00:00:00"), })

[90mstdout[2m | src/__tests__/vendor/vendor-orders.test.ts[2m > [22m[2mvendor order service[2m > [22m[2mshould paginate vendor orders
[22m[39mprisma:query db.OrderStatusHistory.insertOne({ orderId: ObjectId("69d906f28abcf43d15c257f2"), status: "PAID", note: "Created with status PAID", createdAt: DateTime("2026-04-10 14:19:30.864 +00:00:00"), })

[90mstdout[2m | src/__tests__/vendor/vendor-orders.test.ts[2m > [22m[2mvendor order service[2m > [22m[2mshould paginate vendor orders
[22m[39mprisma:query db.Order.aggregate([ { $match: { $expr: { $and: [ { $and: [ { $eq: [ "$_id", { $literal: ObjectId("69d906f28abcf43d15c257f2"), }, ], }, { $ne: [ "$_id", "$$REMOVE", ], }, ], }, ], }, }, }, { $project: { _id: 1, orderNumber: 1, userId: 1, vendorId: 1, checkoutSessionId: 1, status: 1, shippingAddress: 1, billingAddress: 1, subtotal: 1, shipping: 1, discount: 1, total: 1, couponCode: 1, notes: 1, createdAt: 1, updatedAt: 1, paidAt: 1, shippedAt: 1, deliveredAt: 1, }, }, ])

[90mstdout[2m | src/__tests__/vendor/vendor-orders.test.ts[2m > [22m[2mvendor order service[2m > [22m[2mshould paginate vendor orders
[22m[39mprisma:query db.OrderItem.aggregate([ { $match: { $expr: { $and: [ { $or: [ { $eq: [ "$orderId", { $literal: ObjectId("69d906f28abcf43d15c257f2"), }, ], }, ], }, { $ne: [ "$orderId", "$$REMOVE", ], }, ], }, }, }, { $project: { _id: 1, orderId: 1, productId: 1, variantId: 1, productName: 1, productImage: 1, sku: 1, variantName: 1, quantity: 1, unitPrice: 1, totalPrice: 1, createdAt: 1, }, }, ])

[90mstdout[2m | src/__tests__/vendor/vendor-orders.test.ts[2m > [22m[2mvendor order service[2m > [22m[2mshould paginate vendor orders
[22m[39mprisma:query db.OrderStatusHistory.aggregate([ { $match: { $expr: { $and: [ { $or: [ { $eq: [ "$orderId", { $literal: ObjectId("69d906f28abcf43d15c257f2"), }, ], }, ], }, { $ne: [ "$orderId", "$$REMOVE", ], }, ], }, }, }, { $project: { _id: 1, orderId: 1, status: 1, note: 1, createdAt: 1, }, }, ])

[90mstdout[2m | src/__tests__/vendor/vendor-orders.test.ts[2m > [22m[2mvendor order service[2m > [22m[2mshould paginate vendor orders
[22m[39mprisma:query db.Order.insertOne({ orderNumber: "WS-TEST-1775830774287-TRYT", userId: "vendor-orders-test-buyer-page", vendorId: "vendor-orders-test-vendor-page", status: "PAID", shippingAddress: { firstName: "Test", lastName: "Buyer", phone: "+1234567890", street: "123 Test St", city: "Testville", state: "TS", country: "US", postalCode: "12345", }, subtotal: 1000, shipping: 0, discount: 0, total: 1000, createdAt: DateTime("2026-04-10 14:19:34.29 +00:00:00"), updatedAt: DateTime("2026-04-10 14:19:34.29 +00:00:00"), })

[90mstdout[2m | src/__tests__/vendor/vendor-orders.test.ts[2m > [22m[2mvendor order service[2m > [22m[2mshould paginate vendor orders
[22m[39mprisma:query db.OrderItem.insertOne({ orderId: ObjectId("69d906f68abcf43d15c257f5"), productId: ObjectId("69d906f08abcf43d15c257f1"), productName: "Page Product", productImage: null, sku: null, variantName: null, quantity: 1, unitPrice: 1000, totalPrice: 1000, createdAt: DateTime("2026-04-10 14:19:34.29 +00:00:00"), })

[90mstdout[2m | src/__tests__/vendor/vendor-orders.test.ts[2m > [22m[2mvendor order service[2m > [22m[2mshould paginate vendor orders
[22m[39mprisma:query db.OrderStatusHistory.insertOne({ orderId: ObjectId("69d906f68abcf43d15c257f5"), status: "PAID", note: "Created with status PAID", createdAt: DateTime("2026-04-10 14:19:34.29 +00:00:00"), })

[90mstdout[2m | src/__tests__/vendor/vendor-orders.test.ts[2m > [22m[2mvendor order service[2m > [22m[2mshould paginate vendor orders
[22m[39mprisma:query db.Order.aggregate([ { $match: { $expr: { $and: [ { $and: [ { $eq: [ "$_id", { $literal: ObjectId("69d906f68abcf43d15c257f5"), }, ], }, { $ne: [ "$_id", "$$REMOVE", ], }, ], }, ], }, }, }, { $project: { _id: 1, orderNumber: 1, userId: 1, vendorId: 1, checkoutSessionId: 1, status: 1, shippingAddress: 1, billingAddress: 1, subtotal: 1, shipping: 1, discount: 1, total: 1, couponCode: 1, notes: 1, createdAt: 1, updatedAt: 1, paidAt: 1, shippedAt: 1, deliveredAt: 1, }, }, ])

[90mstdout[2m | src/__tests__/vendor/vendor-orders.test.ts[2m > [22m[2mvendor order service[2m > [22m[2mshould paginate vendor orders
[22m[39mprisma:query db.OrderItem.aggregate([ { $match: { $expr: { $and: [ { $or: [ { $eq: [ "$orderId", { $literal: ObjectId("69d906f68abcf43d15c257f5"), }, ], }, ], }, { $ne: [ "$orderId", "$$REMOVE", ], }, ], }, }, }, { $project: { _id: 1, orderId: 1, productId: 1, variantId: 1, productName: 1, productImage: 1, sku: 1, variantName: 1, quantity: 1, unitPrice: 1, totalPrice: 1, createdAt: 1, }, }, ])

[90mstdout[2m | src/__tests__/vendor/vendor-orders.test.ts[2m > [22m[2mvendor order service[2m > [22m[2mshould paginate vendor orders
[22m[39mprisma:query db.OrderStatusHistory.aggregate([ { $match: { $expr: { $and: [ { $or: [ { $eq: [ "$orderId", { $literal: ObjectId("69d906f68abcf43d15c257f5"), }, ], }, ], }, { $ne: [ "$orderId", "$$REMOVE", ], }, ], }, }, }, { $project: { _id: 1, orderId: 1, status: 1, note: 1, createdAt: 1, }, }, ])

[90mstdout[2m | src/__tests__/vendor/vendor-orders.test.ts[2m > [22m[2mvendor order service[2m > [22m[2mshould paginate vendor orders
[22m[39mprisma:query db.Order.insertOne({ orderNumber: "WS-TEST-1775830775618-O0IA", userId: "vendor-orders-test-buyer-page", vendorId: "vendor-orders-test-vendor-page", status: "PAID", shippingAddress: { firstName: "Test", lastName: "Buyer", phone: "+1234567890", street: "123 Test St", city: "Testville", state: "TS", country: "US", postalCode: "12345", }, subtotal: 1000, shipping: 0, discount: 0, total: 1000, createdAt: DateTime("2026-04-10 14:19:35.621 +00:00:00"), updatedAt: DateTime("2026-04-10 14:19:35.621 +00:00:00"), })

[90mstdout[2m | src/__tests__/vendor/vendor-orders.test.ts[2m > [22m[2mvendor order service[2m > [22m[2mshould paginate vendor orders
[22m[39mprisma:query db.OrderItem.insertOne({ orderId: ObjectId("69d906f78abcf43d15c257f8"), productId: ObjectId("69d906f08abcf43d15c257f1"), productName: "Page Product", productImage: null, sku: null, variantName: null, quantity: 1, unitPrice: 1000, totalPrice: 1000, createdAt: DateTime("2026-04-10 14:19:35.621 +00:00:00"), })

[90mstdout[2m | src/__tests__/vendor/vendor-orders.test.ts[2m > [22m[2mvendor order service[2m > [22m[2mshould paginate vendor orders
[22m[39mprisma:query db.OrderStatusHistory.insertOne({ orderId: ObjectId("69d906f78abcf43d15c257f8"), status: "PAID", note: "Created with status PAID", createdAt: DateTime("2026-04-10 14:19:35.621 +00:00:00"), })

[90mstdout[2m | src/__tests__/vendor/vendor-orders.test.ts[2m > [22m[2mvendor order service[2m > [22m[2mshould paginate vendor orders
[22m[39mprisma:query db.Order.aggregate([ { $match: { $expr: { $and: [ { $and: [ { $eq: [ "$_id", { $literal: ObjectId("69d906f78abcf43d15c257f8"), }, ], }, { $ne: [ "$_id", "$$REMOVE", ], }, ], }, ], }, }, }, { $project: { _id: 1, orderNumber: 1, userId: 1, vendorId: 1, checkoutSessionId: 1, status: 1, shippingAddress: 1, billingAddress: 1, subtotal: 1, shipping: 1, discount: 1, total: 1, couponCode: 1, notes: 1, createdAt: 1, updatedAt: 1, paidAt: 1, shippedAt: 1, deliveredAt: 1, }, }, ])

[90mstdout[2m | src/__tests__/vendor/vendor-orders.test.ts[2m > [22m[2mvendor order service[2m > [22m[2mshould paginate vendor orders
[22m[39mprisma:query db.OrderItem.aggregate([ { $match: { $expr: { $and: [ { $or: [ { $eq: [ "$orderId", { $literal: ObjectId("69d906f78abcf43d15c257f8"), }, ], }, ], }, { $ne: [ "$orderId", "$$REMOVE", ], }, ], }, }, }, { $project: { _id: 1, orderId: 1, productId: 1, variantId: 1, productName: 1, productImage: 1, sku: 1, variantName: 1, quantity: 1, unitPrice: 1, totalPrice: 1, createdAt: 1, }, }, ])

[90mstdout[2m | src/__tests__/vendor/vendor-orders.test.ts[2m > [22m[2mvendor order service[2m > [22m[2mshould paginate vendor orders
[22m[39mprisma:query db.OrderStatusHistory.aggregate([ { $match: { $expr: { $and: [ { $or: [ { $eq: [ "$orderId", { $literal: ObjectId("69d906f78abcf43d15c257f8"), }, ], }, ], }, { $ne: [ "$orderId", "$$REMOVE", ], }, ], }, }, }, { $project: { _id: 1, orderId: 1, status: 1, note: 1, createdAt: 1, }, }, ])

[90mstdout[2m | src/__tests__/vendor/vendor-orders.test.ts[2m > [22m[2mvendor order service[2m > [22m[2mshould paginate vendor orders
[22m[39mprisma:query db.Order.insertOne({ orderNumber: "WS-TEST-1775830776838-43LH", userId: "vendor-orders-test-buyer-page", vendorId: "vendor-orders-test-vendor-page", status: "PAID", shippingAddress: { firstName: "Test", lastName: "Buyer", phone: "+1234567890", street: "123 Test St", city: "Testville", state: "TS", country: "US", postalCode: "12345", }, subtotal: 1000, shipping: 0, discount: 0, total: 1000, createdAt: DateTime("2026-04-10 14:19:36.84 +00:00:00"), updatedAt: DateTime("2026-04-10 14:19:36.84 +00:00:00"), })

[90mstdout[2m | src/__tests__/vendor/vendor-orders.test.ts[2m > [22m[2mvendor order service[2m > [22m[2mshould paginate vendor orders
[22m[39mprisma:query db.OrderItem.insertOne({ orderId: ObjectId("69d906f88abcf43d15c257fb"), productId: ObjectId("69d906f08abcf43d15c257f1"), productName: "Page Product", productImage: null, sku: null, variantName: null, quantity: 1, unitPrice: 1000, totalPrice: 1000, createdAt: DateTime("2026-04-10 14:19:36.84 +00:00:00"), })

[90mstdout[2m | src/__tests__/vendor/vendor-orders.test.ts[2m > [22m[2mvendor order service[2m > [22m[2mshould paginate vendor orders
[22m[39mprisma:query db.OrderStatusHistory.insertOne({ orderId: ObjectId("69d906f88abcf43d15c257fb"), status: "PAID", note: "Created with status PAID", createdAt: DateTime("2026-04-10 14:19:36.84 +00:00:00"), })

[90mstdout[2m | src/__tests__/vendor/vendor-orders.test.ts[2m > [22m[2mvendor order service[2m > [22m[2mshould paginate vendor orders
[22m[39mprisma:query db.Order.aggregate([ { $match: { $expr: { $and: [ { $and: [ { $eq: [ "$_id", { $literal: ObjectId("69d906f88abcf43d15c257fb"), }, ], }, { $ne: [ "$_id", "$$REMOVE", ], }, ], }, ], }, }, }, { $project: { _id: 1, orderNumber: 1, userId: 1, vendorId: 1, checkoutSessionId: 1, status: 1, shippingAddress: 1, billingAddress: 1, subtotal: 1, shipping: 1, discount: 1, total: 1, couponCode: 1, notes: 1, createdAt: 1, updatedAt: 1, paidAt: 1, shippedAt: 1, deliveredAt: 1, }, }, ])

[90mstdout[2m | src/__tests__/vendor/vendor-orders.test.ts[2m > [22m[2mvendor order service[2m > [22m[2mshould paginate vendor orders
[22m[39mprisma:query db.OrderItem.aggregate([ { $match: { $expr: { $and: [ { $or: [ { $eq: [ "$orderId", { $literal: ObjectId("69d906f88abcf43d15c257fb"), }, ], }, ], }, { $ne: [ "$orderId", "$$REMOVE", ], }, ], }, }, }, { $project: { _id: 1, orderId: 1, productId: 1, variantId: 1, productName: 1, productImage: 1, sku: 1, variantName: 1, quantity: 1, unitPrice: 1, totalPrice: 1, createdAt: 1, }, }, ])

[90mstdout[2m | src/__tests__/vendor/vendor-orders.test.ts[2m > [22m[2mvendor order service[2m > [22m[2mshould paginate vendor orders
[22m[39mprisma:query db.OrderStatusHistory.aggregate([ { $match: { $expr: { $and: [ { $or: [ { $eq: [ "$orderId", { $literal: ObjectId("69d906f88abcf43d15c257fb"), }, ], }, ], }, { $ne: [ "$orderId", "$$REMOVE", ], }, ], }, }, }, { $project: { _id: 1, orderId: 1, status: 1, note: 1, createdAt: 1, }, }, ])

[90mstdout[2m | src/__tests__/vendor/vendor-orders.test.ts[2m > [22m[2mvendor order service[2m > [22m[2mshould paginate vendor orders
[22m[39mprisma:query db.Order.insertOne({ orderNumber: "WS-TEST-1775830781919-CF4A", userId: "vendor-orders-test-buyer-page", vendorId: "vendor-orders-test-vendor-page", status: "PAID", shippingAddress: { firstName: "Test", lastName: "Buyer", phone: "+1234567890", street: "123 Test St", city: "Testville", state: "TS", country: "US", postalCode: "12345", }, subtotal: 1000, shipping: 0, discount: 0, total: 1000, createdAt: DateTime("2026-04-10 14:19:41.922 +00:00:00"), updatedAt: DateTime("2026-04-10 14:19:41.922 +00:00:00"), })

[90mstdout[2m | src/__tests__/vendor/vendor-orders.test.ts[2m > [22m[2mvendor order service[2m > [22m[2mshould paginate vendor orders
[22m[39mprisma:query db.OrderItem.insertOne({ orderId: ObjectId("69d906fd8abcf43d15c257fe"), productId: ObjectId("69d906f08abcf43d15c257f1"), productName: "Page Product", productImage: null, sku: null, variantName: null, quantity: 1, unitPrice: 1000, totalPrice: 1000, createdAt: DateTime("2026-04-10 14:19:41.922 +00:00:00"), })

[90mstdout[2m | src/__tests__/vendor/vendor-orders.test.ts[2m > [22m[2mvendor order service[2m > [22m[2mshould paginate vendor orders
[22m[39mprisma:query db.OrderStatusHistory.insertOne({ orderId: ObjectId("69d906fd8abcf43d15c257fe"), status: "PAID", note: "Created with status PAID", createdAt: DateTime("2026-04-10 14:19:41.922 +00:00:00"), })

[90mstdout[2m | src/__tests__/vendor/vendor-orders.test.ts[2m > [22m[2mvendor order service[2m > [22m[2mshould paginate vendor orders
[22m[39mprisma:query db.Order.aggregate([ { $match: { $expr: { $and: [ { $and: [ { $eq: [ "$_id", { $literal: ObjectId("69d906fd8abcf43d15c257fe"), }, ], }, { $ne: [ "$_id", "$$REMOVE", ], }, ], }, ], }, }, }, { $project: { _id: 1, orderNumber: 1, userId: 1, vendorId: 1, checkoutSessionId: 1, status: 1, shippingAddress: 1, billingAddress: 1, subtotal: 1, shipping: 1, discount: 1, total: 1, couponCode: 1, notes: 1, createdAt: 1, updatedAt: 1, paidAt: 1, shippedAt: 1, deliveredAt: 1, }, }, ])

[90mstdout[2m | src/__tests__/vendor/vendor-orders.test.ts[2m > [22m[2mvendor order service[2m > [22m[2mshould paginate vendor orders
[22m[39mprisma:query db.OrderItem.aggregate([ { $match: { $expr: { $and: [ { $or: [ { $eq: [ "$orderId", { $literal: ObjectId("69d906fd8abcf43d15c257fe"), }, ], }, ], }, { $ne: [ "$orderId", "$$REMOVE", ], }, ], }, }, }, { $project: { _id: 1, orderId: 1, productId: 1, variantId: 1, productName: 1, productImage: 1, sku: 1, variantName: 1, quantity: 1, unitPrice: 1, totalPrice: 1, createdAt: 1, }, }, ])

[90mstdout[2m | src/__tests__/vendor/vendor-orders.test.ts[2m > [22m[2mvendor order service[2m > [22m[2mshould paginate vendor orders
[22m[39mprisma:query db.OrderStatusHistory.aggregate([ { $match: { $expr: { $and: [ { $or: [ { $eq: [ "$orderId", { $literal: ObjectId("69d906fd8abcf43d15c257fe"), }, ], }, ], }, { $ne: [ "$orderId", "$$REMOVE", ], }, ], }, }, }, { $project: { _id: 1, orderId: 1, status: 1, note: 1, createdAt: 1, }, }, ])

[90mstdout[2m | src/__tests__/vendor/vendor-orders.test.ts[2m > [22m[2mvendor order service[2m > [22m[2mshould paginate vendor orders
[22m[39mprisma:query db.Order.aggregate([ { $match: { $expr: { $and: [ { $eq: [ "$vendorId", { $literal: "vendor-orders-test-vendor-page", }, ], }, { $ne: [ "$vendorId", "$$REMOVE", ], }, ], }, }, }, { $group: { _id: null, count_all: { $sum: 1, }, }, }, ])

[90mstdout[2m | src/__tests__/vendor/vendor-orders.test.ts[2m > [22m[2mvendor order service[2m > [22m[2mshould paginate vendor orders
[22m[39mprisma:query db.Order.aggregate([ { $match: { $expr: { $and: [ { $eq: [ "$vendorId", { $literal: "vendor-orders-test-vendor-page", }, ], }, { $ne: [ "$vendorId", "$$REMOVE", ], }, ], }, }, }, { $sort: { createdAt: -1, }, }, { $skip: 0, }, { $limit: 2, }, { $project: { _id: 1, orderNumber: 1, userId: 1, vendorId: 1, checkoutSessionId: 1, status: 1, shippingAddress: 1, billingAddress: 1, subtotal: 1, shipping: 1, discount: 1, total: 1, couponCode: 1, notes: 1, createdAt: 1, updatedAt: 1, paidAt: 1, shippedAt: 1, deliveredAt: 1, }, }, ])

[90mstdout[2m | src/__tests__/vendor/vendor-orders.test.ts[2m > [22m[2mvendor order service[2m > [22m[2mshould paginate vendor orders
[22m[39mprisma:query db.OrderItem.aggregate([ { $match: { $expr: { $and: [ { $or: [ { $eq: [ "$orderId", { $literal: ObjectId("69d906fd8abcf43d15c257fe"), }, ], }, { $eq: [ "$orderId", { $literal: ObjectId("69d906f88abcf43d15c257fb"), }, ], }, ], }, { $ne: [ "$orderId", "$$REMOVE", ], }, ], }, }, }, { $project: { _id: 1, orderId: 1, productId: 1, variantId: 1, productName: 1, productImage: 1, sku: 1, variantName: 1, quantity: 1, unitPrice: 1, totalPrice: 1, createdAt: 1, }, }, ])

[90mstdout[2m | src/__tests__/vendor/vendor-orders.test.ts[2m > [22m[2mvendor order service[2m > [22m[2mshould paginate vendor orders
[22m[39mprisma:query db.Product.aggregate([ { $match: { $expr: { $and: [ { $or: [ { $eq: [ "$_id", { $literal: ObjectId("69d906f08abcf43d15c257f1"), }, ], }, ], }, { $ne: [ "$_id", "$$REMOVE", ], }, ], }, }, }, { $project: { _id: 1, name: 1, slug: 1, description: 1, shortDesc: 1, stockKeepingUnit: 1, basePrice: 1, salePrice: 1, type: 1, categoryId: 1, vendorId: 1, approvalStatus: 1, brand: 1, tags: 1, images: 1, avgRating: 1, reviewCount: 1, stock: 1, lowStockThreshold: 1, isActive: 1, isFeatured: 1, isNewArrival: 1, createdAt: 1, updatedAt: 1, }, }, ])

[90mstdout[2m | src/__tests__/vendor/vendor-orders.test.ts[2m > [22m[2mvendor order service[2m > [22m[2mshould paginate vendor orders
[22m[39mprisma:query db.OrderStatusHistory.aggregate([ { $match: { $expr: { $and: [ { $or: [ { $eq: [ "$orderId", { $literal: ObjectId("69d906fd8abcf43d15c257fe"), }, ], }, { $eq: [ "$orderId", { $literal: ObjectId("69d906f88abcf43d15c257fb"), }, ], }, ], }, { $ne: [ "$orderId", "$$REMOVE", ], }, ], }, }, }, { $sort: { createdAt: -1, }, }, { $project: { _id: 1, orderId: 1, status: 1, note: 1, createdAt: 1, }, }, ])

[90mstdout[2m | src/__tests__/vendor/vendor-orders.test.ts[2m > [22m[2mvendor order service[2m > [22m[2mshould paginate vendor orders
[22m[39mprisma:query db.Order.aggregate([ { $match: { $expr: { $and: [ { $eq: [ "$vendorId", { $literal: "vendor-orders-test-vendor-page", }, ], }, { $ne: [ "$vendorId", "$$REMOVE", ], }, ], }, }, }, { $sort: { createdAt: -1, }, }, { $skip: 2, }, { $limit: 2, }, { $project: { _id: 1, orderNumber: 1, userId: 1, vendorId: 1, checkoutSessionId: 1, status: 1, shippingAddress: 1, billingAddress: 1, subtotal: 1, shipping: 1, discount: 1, total: 1, couponCode: 1, notes: 1, createdAt: 1, updatedAt: 1, paidAt: 1, shippedAt: 1, deliveredAt: 1, }, }, ])

[90mstdout[2m | src/__tests__/vendor/vendor-orders.test.ts[2m > [22m[2mvendor order service[2m > [22m[2mshould paginate vendor orders
[22m[39mprisma:query db.Order.aggregate([ { $match: { $expr: { $and: [ { $eq: [ "$vendorId", { $literal: "vendor-orders-test-vendor-page", }, ], }, { $ne: [ "$vendorId", "$$REMOVE", ], }, ], }, }, }, { $group: { _id: null, count_all: { $sum: 1, }, }, }, ])

[90mstdout[2m | src/__tests__/vendor/vendor-orders.test.ts[2m > [22m[2mvendor order service[2m > [22m[2mshould paginate vendor orders
[22m[39mprisma:query db.OrderItem.aggregate([ { $match: { $expr: { $and: [ { $or: [ { $eq: [ "$orderId", { $literal: ObjectId("69d906f78abcf43d15c257f8"), }, ], }, { $eq: [ "$orderId", { $literal: ObjectId("69d906f68abcf43d15c257f5"), }, ], }, ], }, { $ne: [ "$orderId", "$$REMOVE", ], }, ], }, }, }, { $project: { _id: 1, orderId: 1, productId: 1, variantId: 1, productName: 1, productImage: 1, sku: 1, variantName: 1, quantity: 1, unitPrice: 1, totalPrice: 1, createdAt: 1, }, }, ])

[90mstdout[2m | src/__tests__/vendor/vendor-orders.test.ts[2m > [22m[2mvendor order service[2m > [22m[2mshould paginate vendor orders
[22m[39mprisma:query db.Product.aggregate([ { $match: { $expr: { $and: [ { $or: [ { $eq: [ "$_id", { $literal: ObjectId("69d906f08abcf43d15c257f1"), }, ], }, ], }, { $ne: [ "$_id", "$$REMOVE", ], }, ], }, }, }, { $project: { _id: 1, name: 1, slug: 1, description: 1, shortDesc: 1, stockKeepingUnit: 1, basePrice: 1, salePrice: 1, type: 1, categoryId: 1, vendorId: 1, approvalStatus: 1, brand: 1, tags: 1, images: 1, avgRating: 1, reviewCount: 1, stock: 1, lowStockThreshold: 1, isActive: 1, isFeatured: 1, isNewArrival: 1, createdAt: 1, updatedAt: 1, }, }, ])

[90mstdout[2m | src/__tests__/vendor/vendor-orders.test.ts[2m > [22m[2mvendor order service[2m > [22m[2mshould paginate vendor orders
[22m[39mprisma:query db.OrderStatusHistory.aggregate([ { $match: { $expr: { $and: [ { $or: [ { $eq: [ "$orderId", { $literal: ObjectId("69d906f78abcf43d15c257f8"), }, ], }, { $eq: [ "$orderId", { $literal: ObjectId("69d906f68abcf43d15c257f5"), }, ], }, ], }, { $ne: [ "$orderId", "$$REMOVE", ], }, ], }, }, }, { $sort: { createdAt: -1, }, }, { $project: { _id: 1, orderId: 1, status: 1, note: 1, createdAt: 1, }, }, ])

[90mstdout[2m | src/__tests__/vendor/vendor-orders.test.ts[2m > [22m[2mvendor order service[2m > [22m[2mshould paginate vendor orders
[22m[39mprisma:query db.Order.aggregate([ { $match: { $expr: { $or: [ { $and: [ { $regexMatch: { input: "$userId", regex: "^vendor-orders-test", options: "", }, }, { $ne: [ "$userId", "$$REMOVE", ], }, ], }, { $and: [ { $regexMatch: { input: "$vendorId", regex: "^vendor-orders-test", options: "", }, }, { $ne: [ "$vendorId", "$$REMOVE", ], }, ], }, ], }, }, }, { $project: { _id: 1, }, }, ])

[90mstdout[2m | src/__tests__/vendor/vendor-orders.test.ts[2m > [22m[2mvendor order service[2m > [22m[2mshould paginate vendor orders
[22m[39mprisma:query db.OrderStatusHistory.aggregate([ { $match: { $expr: { $and: [ { $eq: [ "$orderId", { $literal: ObjectId("69d906f28abcf43d15c257f2"), }, ], }, { $ne: [ "$orderId", "$$REMOVE", ], }, ], }, }, }, { $project: { _id: 1, }, }, ])

[90mstdout[2m | src/__tests__/vendor/vendor-orders.test.ts[2m > [22m[2mvendor order service[2m > [22m[2mshould paginate vendor orders
[22m[39mprisma:query db.OrderStatusHistory.deleteMany({ _id: { $in: [ ObjectId("69d906f38abcf43d15c257f4"), ], }, })

[90mstdout[2m | src/__tests__/vendor/vendor-orders.test.ts[2m > [22m[2mvendor order service[2m > [22m[2mshould paginate vendor orders
[22m[39mprisma:query db.OrderItem.aggregate([ { $match: { $expr: { $and: [ { $eq: [ "$orderId", { $literal: ObjectId("69d906f28abcf43d15c257f2"), }, ], }, { $ne: [ "$orderId", "$$REMOVE", ], }, ], }, }, }, { $project: { _id: 1, }, }, ])

[90mstdout[2m | src/__tests__/vendor/vendor-orders.test.ts[2m > [22m[2mvendor order service[2m > [22m[2mshould paginate vendor orders
[22m[39mprisma:query db.OrderItem.deleteMany({ _id: { $in: [ ObjectId("69d906f38abcf43d15c257f3"), ], }, })

[90mstdout[2m | src/__tests__/vendor/vendor-orders.test.ts[2m > [22m[2mvendor order service[2m > [22m[2mshould paginate vendor orders
[22m[39mprisma:query db.OrderStatusHistory.aggregate([ { $match: { $expr: { $and: [ { $eq: [ "$orderId", { $literal: ObjectId("69d906f68abcf43d15c257f5"), }, ], }, { $ne: [ "$orderId", "$$REMOVE", ], }, ], }, }, }, { $project: { _id: 1, }, }, ])

[90mstdout[2m | src/__tests__/vendor/vendor-orders.test.ts[2m > [22m[2mvendor order service[2m > [22m[2mshould paginate vendor orders
[22m[39mprisma:query db.OrderStatusHistory.deleteMany({ _id: { $in: [ ObjectId("69d906f68abcf43d15c257f7"), ], }, })

[90mstdout[2m | src/__tests__/vendor/vendor-orders.test.ts[2m > [22m[2mvendor order service[2m > [22m[2mshould paginate vendor orders
[22m[39mprisma:query db.OrderItem.aggregate([ { $match: { $expr: { $and: [ { $eq: [ "$orderId", { $literal: ObjectId("69d906f68abcf43d15c257f5"), }, ], }, { $ne: [ "$orderId", "$$REMOVE", ], }, ], }, }, }, { $project: { _id: 1, }, }, ])

[90mstdout[2m | src/__tests__/vendor/vendor-orders.test.ts[2m > [22m[2mvendor order service[2m > [22m[2mshould paginate vendor orders
[22m[39mprisma:query db.OrderItem.deleteMany({ _id: { $in: [ ObjectId("69d906f68abcf43d15c257f6"), ], }, })

[90mstdout[2m | src/__tests__/vendor/vendor-orders.test.ts[2m > [22m[2mvendor order service[2m > [22m[2mshould paginate vendor orders
[22m[39mprisma:query db.OrderStatusHistory.aggregate([ { $match: { $expr: { $and: [ { $eq: [ "$orderId", { $literal: ObjectId("69d906f78abcf43d15c257f8"), }, ], }, { $ne: [ "$orderId", "$$REMOVE", ], }, ], }, }, }, { $project: { _id: 1, }, }, ])

[90mstdout[2m | src/__tests__/vendor/vendor-orders.test.ts[2m > [22m[2mvendor order service[2m > [22m[2mshould paginate vendor orders
[22m[39mprisma:query db.OrderStatusHistory.deleteMany({ _id: { $in: [ ObjectId("69d906f78abcf43d15c257fa"), ], }, })

[90mstdout[2m | src/__tests__/vendor/vendor-orders.test.ts[2m > [22m[2mvendor order service[2m > [22m[2mshould paginate vendor orders
[22m[39mprisma:query db.OrderItem.aggregate([ { $match: { $expr: { $and: [ { $eq: [ "$orderId", { $literal: ObjectId("69d906f78abcf43d15c257f8"), }, ], }, { $ne: [ "$orderId", "$$REMOVE", ], }, ], }, }, }, { $project: { _id: 1, }, }, ])

[90mstdout[2m | src/__tests__/vendor/vendor-orders.test.ts[2m > [22m[2mvendor order service[2m > [22m[2mshould paginate vendor orders
[22m[39mprisma:query db.OrderItem.deleteMany({ _id: { $in: [ ObjectId("69d906f78abcf43d15c257f9"), ], }, })

[90mstdout[2m | src/__tests__/vendor/vendor-orders.test.ts[2m > [22m[2mvendor order service[2m > [22m[2mshould paginate vendor orders
[22m[39mprisma:query db.OrderStatusHistory.aggregate([ { $match: { $expr: { $and: [ { $eq: [ "$orderId", { $literal: ObjectId("69d906f88abcf43d15c257fb"), }, ], }, { $ne: [ "$orderId", "$$REMOVE", ], }, ], }, }, }, { $project: { _id: 1, }, }, ])

[90mstdout[2m | src/__tests__/vendor/vendor-orders.test.ts[2m > [22m[2mvendor order service[2m > [22m[2mshould paginate vendor orders
[22m[39mprisma:query db.OrderStatusHistory.deleteMany({ _id: { $in: [ ObjectId("69d906f98abcf43d15c257fd"), ], }, })

[90mstdout[2m | src/__tests__/vendor/vendor-orders.test.ts[2m > [22m[2mvendor order service[2m > [22m[2mshould paginate vendor orders
[22m[39mprisma:query db.OrderItem.aggregate([ { $match: { $expr: { $and: [ { $eq: [ "$orderId", { $literal: ObjectId("69d906f88abcf43d15c257fb"), }, ], }, { $ne: [ "$orderId", "$$REMOVE", ], }, ], }, }, }, { $project: { _id: 1, }, }, ])

[90mstdout[2m | src/__tests__/vendor/vendor-orders.test.ts[2m > [22m[2mvendor order service[2m > [22m[2mshould paginate vendor orders
[22m[39mprisma:query db.OrderItem.deleteMany({ _id: { $in: [ ObjectId("69d906f98abcf43d15c257fc"), ], }, })

[90mstdout[2m | src/__tests__/vendor/vendor-orders.test.ts[2m > [22m[2mvendor order service[2m > [22m[2mshould paginate vendor orders
[22m[39mprisma:query db.OrderStatusHistory.aggregate([ { $match: { $expr: { $and: [ { $eq: [ "$orderId", { $literal: ObjectId("69d906fd8abcf43d15c257fe"), }, ], }, { $ne: [ "$orderId", "$$REMOVE", ], }, ], }, }, }, { $project: { _id: 1, }, }, ])

[90mstdout[2m | src/__tests__/vendor/vendor-orders.test.ts[2m > [22m[2mvendor order service[2m > [22m[2mshould paginate vendor orders
[22m[39mprisma:query db.OrderStatusHistory.deleteMany({ _id: { $in: [ ObjectId("69d906fe8abcf43d15c25800"), ], }, })

[90mstdout[2m | src/__tests__/vendor/vendor-orders.test.ts[2m > [22m[2mvendor order service[2m > [22m[2mshould paginate vendor orders
[22m[39mprisma:query db.OrderItem.aggregate([ { $match: { $expr: { $and: [ { $eq: [ "$orderId", { $literal: ObjectId("69d906fd8abcf43d15c257fe"), }, ], }, { $ne: [ "$orderId", "$$REMOVE", ], }, ], }, }, }, { $project: { _id: 1, }, }, ])

[90mstdout[2m | src/__tests__/vendor/vendor-orders.test.ts[2m > [22m[2mvendor order service[2m > [22m[2mshould paginate vendor orders
[22m[39mprisma:query db.OrderItem.deleteMany({ _id: { $in: [ ObjectId("69d906fe8abcf43d15c257ff"), ], }, })

[90mstdout[2m | src/__tests__/vendor/vendor-orders.test.ts[2m > [22m[2mvendor order service[2m > [22m[2mshould paginate vendor orders
[22m[39mprisma:query db.Order.aggregate([ { $match: { $expr: { $and: [ { $eq: [ "$_id", { $literal: ObjectId("69d906f28abcf43d15c257f2"), }, ], }, { $ne: [ "$_id", "$$REMOVE", ], }, ], }, }, }, { $project: { _id: 1, }, }, ])

[90mstdout[2m | src/__tests__/vendor/vendor-orders.test.ts[2m > [22m[2mvendor order service[2m > [22m[2mshould paginate vendor orders
[22m[39mprisma:query db.OrderStatusHistory.aggregate([ { $match: { $expr: { $and: [ { }, { $and: [ { $or: [ { $eq: [ "$orderId", { $literal: ObjectId("69d906f28abcf43d15c257f2"), }, ], }, ], }, { $ne: [ "$orderId", "$$REMOVE", ], }, ], }, ], }, }, }, { $project: { _id: 1, orderId: 1, }, }, ])

[90mstdout[2m | src/__tests__/vendor/vendor-orders.test.ts[2m > [22m[2mvendor order service[2m > [22m[2mshould paginate vendor orders
[22m[39mprisma:query db.OrderItem.aggregate([ { $match: { $expr: { $and: [ { }, { $and: [ { $or: [ { $eq: [ "$orderId", { $literal: ObjectId("69d906f28abcf43d15c257f2"), }, ], }, ], }, { $ne: [ "$orderId", "$$REMOVE", ], }, ], }, ], }, }, }, { $project: { _id: 1, orderId: 1, }, }, ])

[90mstdout[2m | src/__tests__/vendor/vendor-orders.test.ts[2m > [22m[2mvendor order service[2m > [22m[2mshould paginate vendor orders
[22m[39mprisma:query db.Order.deleteMany({ _id: { $in: [ ObjectId("69d906f28abcf43d15c257f2"), ], }, })

[90mstdout[2m | src/__tests__/vendor/vendor-orders.test.ts[2m > [22m[2mvendor order service[2m > [22m[2mshould paginate vendor orders
[22m[39mprisma:query db.Order.aggregate([ { $match: { $expr: { $and: [ { $eq: [ "$_id", { $literal: ObjectId("69d906f68abcf43d15c257f5"), }, ], }, { $ne: [ "$_id", "$$REMOVE", ], }, ], }, }, }, { $project: { _id: 1, }, }, ])

[90mstdout[2m | src/__tests__/vendor/vendor-orders.test.ts[2m > [22m[2mvendor order service[2m > [22m[2mshould paginate vendor orders
[22m[39mprisma:query db.OrderStatusHistory.aggregate([ { $match: { $expr: { $and: [ { }, { $and: [ { $or: [ { $eq: [ "$orderId", { $literal: ObjectId("69d906f68abcf43d15c257f5"), }, ], }, ], }, { $ne: [ "$orderId", "$$REMOVE", ], }, ], }, ], }, }, }, { $project: { _id: 1, orderId: 1, }, }, ])

[90mstdout[2m | src/__tests__/vendor/vendor-orders.test.ts[2m > [22m[2mvendor order service[2m > [22m[2mshould paginate vendor orders
[22m[39mprisma:query db.OrderItem.aggregate([ { $match: { $expr: { $and: [ { }, { $and: [ { $or: [ { $eq: [ "$orderId", { $literal: ObjectId("69d906f68abcf43d15c257f5"), }, ], }, ], }, { $ne: [ "$orderId", "$$REMOVE", ], }, ], }, ], }, }, }, { $project: { _id: 1, orderId: 1, }, }, ])

[90mstdout[2m | src/__tests__/vendor/vendor-orders.test.ts[2m > [22m[2mvendor order service[2m > [22m[2mshould paginate vendor orders
[22m[39mprisma:query db.Order.deleteMany({ _id: { $in: [ ObjectId("69d906f68abcf43d15c257f5"), ], }, })

[90mstdout[2m | src/__tests__/vendor/vendor-orders.test.ts[2m > [22m[2mvendor order service[2m > [22m[2mshould paginate vendor orders
[22m[39mprisma:query db.Order.aggregate([ { $match: { $expr: { $and: [ { $eq: [ "$_id", { $literal: ObjectId("69d906f78abcf43d15c257f8"), }, ], }, { $ne: [ "$_id", "$$REMOVE", ], }, ], }, }, }, { $project: { _id: 1, }, }, ])

[90mstdout[2m | src/__tests__/vendor/vendor-orders.test.ts[2m > [22m[2mvendor order service[2m > [22m[2mshould paginate vendor orders
[22m[39mprisma:query db.OrderStatusHistory.aggregate([ { $match: { $expr: { $and: [ { }, { $and: [ { $or: [ { $eq: [ "$orderId", { $literal: ObjectId("69d906f78abcf43d15c257f8"), }, ], }, ], }, { $ne: [ "$orderId", "$$REMOVE", ], }, ], }, ], }, }, }, { $project: { _id: 1, orderId: 1, }, }, ])

[90mstdout[2m | src/__tests__/vendor/vendor-orders.test.ts[2m > [22m[2mvendor order service[2m > [22m[2mshould paginate vendor orders
[22m[39mprisma:query db.OrderItem.aggregate([ { $match: { $expr: { $and: [ { }, { $and: [ { $or: [ { $eq: [ "$orderId", { $literal: ObjectId("69d906f78abcf43d15c257f8"), }, ], }, ], }, { $ne: [ "$orderId", "$$REMOVE", ], }, ], }, ], }, }, }, { $project: { _id: 1, orderId: 1, }, }, ])

[90mstdout[2m | src/__tests__/vendor/vendor-orders.test.ts[2m > [22m[2mvendor order service[2m > [22m[2mshould paginate vendor orders
[22m[39mprisma:query db.Order.deleteMany({ _id: { $in: [ ObjectId("69d906f78abcf43d15c257f8"), ], }, })

[90mstdout[2m | src/__tests__/vendor/vendor-orders.test.ts[2m > [22m[2mvendor order service[2m > [22m[2mshould paginate vendor orders
[22m[39mprisma:query db.Order.aggregate([ { $match: { $expr: { $and: [ { $eq: [ "$_id", { $literal: ObjectId("69d906f88abcf43d15c257fb"), }, ], }, { $ne: [ "$_id", "$$REMOVE", ], }, ], }, }, }, { $project: { _id: 1, }, }, ])

[90mstdout[2m | src/__tests__/vendor/vendor-orders.test.ts[2m > [22m[2mvendor order service[2m > [22m[2mshould paginate vendor orders
[22m[39mprisma:query db.OrderStatusHistory.aggregate([ { $match: { $expr: { $and: [ { }, { $and: [ { $or: [ { $eq: [ "$orderId", { $literal: ObjectId("69d906f88abcf43d15c257fb"), }, ], }, ], }, { $ne: [ "$orderId", "$$REMOVE", ], }, ], }, ], }, }, }, { $project: { _id: 1, orderId: 1, }, }, ])

[90mstdout[2m | src/__tests__/vendor/vendor-orders.test.ts[2m > [22m[2mvendor order service[2m > [22m[2mshould paginate vendor orders
[22m[39mprisma:query db.OrderItem.aggregate([ { $match: { $expr: { $and: [ { }, { $and: [ { $or: [ { $eq: [ "$orderId", { $literal: ObjectId("69d906f88abcf43d15c257fb"), }, ], }, ], }, { $ne: [ "$orderId", "$$REMOVE", ], }, ], }, ], }, }, }, { $project: { _id: 1, orderId: 1, }, }, ])

[90mstdout[2m | src/__tests__/vendor/vendor-orders.test.ts[2m > [22m[2mvendor order service[2m > [22m[2mshould paginate vendor orders
[22m[39mprisma:query db.Order.deleteMany({ _id: { $in: [ ObjectId("69d906f88abcf43d15c257fb"), ], }, })

[90mstdout[2m | src/__tests__/vendor/vendor-orders.test.ts[2m > [22m[2mvendor order service[2m > [22m[2mshould paginate vendor orders
[22m[39mprisma:query db.Order.aggregate([ { $match: { $expr: { $and: [ { $eq: [ "$_id", { $literal: ObjectId("69d906fd8abcf43d15c257fe"), }, ], }, { $ne: [ "$_id", "$$REMOVE", ], }, ], }, }, }, { $project: { _id: 1, }, }, ])

[90mstdout[2m | src/__tests__/vendor/vendor-orders.test.ts[2m > [22m[2mvendor order service[2m > [22m[2mshould paginate vendor orders
[22m[39mprisma:query db.OrderStatusHistory.aggregate([ { $match: { $expr: { $and: [ { }, { $and: [ { $or: [ { $eq: [ "$orderId", { $literal: ObjectId("69d906fd8abcf43d15c257fe"), }, ], }, ], }, { $ne: [ "$orderId", "$$REMOVE", ], }, ], }, ], }, }, }, { $project: { _id: 1, orderId: 1, }, }, ])

[90mstdout[2m | src/__tests__/vendor/vendor-orders.test.ts[2m > [22m[2mvendor order service[2m > [22m[2mshould paginate vendor orders
[22m[39mprisma:query db.OrderItem.aggregate([ { $match: { $expr: { $and: [ { }, { $and: [ { $or: [ { $eq: [ "$orderId", { $literal: ObjectId("69d906fd8abcf43d15c257fe"), }, ], }, ], }, { $ne: [ "$orderId", "$$REMOVE", ], }, ], }, ], }, }, }, { $project: { _id: 1, orderId: 1, }, }, ])

[90mstdout[2m | src/__tests__/vendor/vendor-orders.test.ts[2m > [22m[2mvendor order service[2m > [22m[2mshould paginate vendor orders
[22m[39mprisma:query db.Order.deleteMany({ _id: { $in: [ ObjectId("69d906fd8abcf43d15c257fe"), ], }, })

[90mstdout[2m | src/__tests__/vendor/vendor-orders.test.ts[2m > [22m[2mvendor order service[2m > [22m[2mshould paginate vendor orders
[22m[39mprisma:query db.Product.aggregate([ { $match: { $expr: { $and: [ { $regexMatch: { input: "$vendorId", regex: "^vendor-orders-test", options: "", }, }, { $ne: [ "$vendorId", "$$REMOVE", ], }, ], }, }, }, { $project: { _id: 1, }, }, ])

[90mstdout[2m | src/__tests__/vendor/vendor-orders.test.ts[2m > [22m[2mvendor order service[2m > [22m[2mshould paginate vendor orders
[22m[39mprisma:query db.DigitalAsset.aggregate([ { $match: { $expr: { $and: [ { }, { $and: [ { $or: [ { $eq: [ "$productId", { $literal: ObjectId("69d906f08abcf43d15c257f1"), }, ], }, ], }, { $ne: [ "$productId", "$$REMOVE", ], }, ], }, ], }, }, }, { $project: { _id: 1, productId: 1, }, }, ])

[90mstdout[2m | src/__tests__/vendor/vendor-orders.test.ts[2m > [22m[2mvendor order service[2m > [22m[2mshould paginate vendor orders
[22m[39mprisma:query db.WishlistItem.aggregate([ { $match: { $expr: { $and: [ { }, { $and: [ { $or: [ { $eq: [ "$productId", { $literal: ObjectId("69d906f08abcf43d15c257f1"), }, ], }, ], }, { $ne: [ "$productId", "$$REMOVE", ], }, ], }, ], }, }, }, { $project: { _id: 1, productId: 1, }, }, ])

[90mstdout[2m | src/__tests__/vendor/vendor-orders.test.ts[2m > [22m[2mvendor order service[2m > [22m[2mshould paginate vendor orders
[22m[39mprisma:query db.Review.aggregate([ { $match: { $expr: { $and: [ { }, { $and: [ { $or: [ { $eq: [ "$productId", { $literal: ObjectId("69d906f08abcf43d15c257f1"), }, ], }, ], }, { $ne: [ "$productId", "$$REMOVE", ], }, ], }, ], }, }, }, { $project: { _id: 1, productId: 1, }, }, ])

[90mstdout[2m | src/__tests__/vendor/vendor-orders.test.ts[2m > [22m[2mvendor order service[2m > [22m[2mshould paginate vendor orders
[22m[39mprisma:query db.OrderItem.aggregate([ { $match: { $expr: { $and: [ { }, { $and: [ { $or: [ { $eq: [ "$productId", { $literal: ObjectId("69d906f08abcf43d15c257f1"), }, ], }, ], }, { $ne: [ "$productId", "$$REMOVE", ], }, ], }, ], }, }, }, { $project: { _id: 1, productId: 1, }, }, ])

[90mstdout[2m | src/__tests__/vendor/vendor-orders.test.ts[2m > [22m[2mvendor order service[2m > [22m[2mshould paginate vendor orders
[22m[39mprisma:query db.CartItem.aggregate([ { $match: { $expr: { $and: [ { }, { $and: [ { $or: [ { $eq: [ "$productId", { $literal: ObjectId("69d906f08abcf43d15c257f1"), }, ], }, ], }, { $ne: [ "$productId", "$$REMOVE", ], }, ], }, ], }, }, }, { $project: { _id: 1, productId: 1, }, }, ])

[90mstdout[2m | src/__tests__/vendor/vendor-orders.test.ts[2m > [22m[2mvendor order service[2m > [22m[2mshould paginate vendor orders
[22m[39mprisma:query db.ProductVariant.aggregate([ { $match: { $expr: { $and: [ { }, { $and: [ { $or: [ { $eq: [ "$productId", { $literal: ObjectId("69d906f08abcf43d15c257f1"), }, ], }, ], }, { $ne: [ "$productId", "$$REMOVE", ], }, ], }, ], }, }, }, { $project: { _id: 1, productId: 1, }, }, ])

[90mstdout[2m | src/__tests__/vendor/vendor-orders.test.ts[2m > [22m[2mvendor order service[2m > [22m[2mshould paginate vendor orders
[22m[39mprisma:query db.Product.deleteMany({ _id: { $in: [ ObjectId("69d906f08abcf43d15c257f1"), ], }, })

[90mstdout[2m | src/__tests__/vendor/vendor-orders.test.ts[2m > [22m[2mvendor order service[2m > [22m[2mshould paginate vendor orders
[22m[39mprisma:query db.UserProfile.aggregate([ { $match: { $expr: { $and: [ { $regexMatch: { input: "$userId", regex: "^vendor-orders-test", options: "", }, }, { $ne: [ "$userId", "$$REMOVE", ], }, ], }, }, }, { $project: { _id: 1, }, }, ])

[90mstdout[2m | src/__tests__/vendor/vendor-orders.test.ts[2m > [22m[2mvendor order service[2m > [22m[2mshould paginate vendor orders
[22m[39mprisma:query db.UserProfile.deleteMany({ _id: { $in: [ ObjectId("69d906ef8abcf43d15c257ef"), ObjectId("69d906f08abcf43d15c257f0"), ], }, })

[90mstdout[2m | src/__tests__/vendor/vendor-orders.test.ts[2m > [22m[2mvendor order service[2m > [22m[2mshould return order detail for vendor-owned order
[22m[39mprisma:query db.UserProfile.insertOne({ userId: "vendor-orders-test-vendor-detail", email: "vendor-orders-test-vendor-detail@test.com", firstName: "Test", lastName: "User", role: "CUSTOMER", isVendor: true, vendorStatus: "ACTIVE", storeName: "Detail Vendor", storeSlug: "detail-vendor", createdAt: DateTime("2026-04-10 14:20:00.267 +00:00:00"), updatedAt: DateTime("2026-04-10 14:20:00.267 +00:00:00"), })

[90mstdout[2m | src/__tests__/vendor/vendor-orders.test.ts[2m > [22m[2mvendor order service[2m > [22m[2mshould return order detail for vendor-owned order
[22m[39mprisma:query db.UserProfile.aggregate([ { $match: { $expr: { $and: [ { $and: [ { $eq: [ "$_id", { $literal: ObjectId("69d907108abcf43d15c25801"), }, ], }, { $ne: [ "$_id", "$$REMOVE", ], }, ], }, ], }, }, }, { $project: { _id: 1, userId: 1, email: 1, firstName: 1, lastName: 1, phone: 1, avatar: 1, dateOfBirth: 1, gender: 1, role: 1, isVendor: 1, vendorStatus: 1, storeName: 1, storeSlug: 1, storeDescription: 1, vendorSince: 1, createdAt: 1, updatedAt: 1, }, }, ])

[90mstdout[2m | src/__tests__/vendor/vendor-orders.test.ts[2m > [22m[2mvendor order service[2m > [22m[2mshould return order detail for vendor-owned order
[22m[39mprisma:query db.UserProfile.insertOne({ userId: "vendor-orders-test-buyer-detail", email: "vendor-orders-test-buyer-detail@test.com", firstName: "Test", lastName: "User", role: "CUSTOMER", isVendor: false, createdAt: DateTime("2026-04-10 14:20:00.728 +00:00:00"), updatedAt: DateTime("2026-04-10 14:20:00.728 +00:00:00"), })

[90mstdout[2m | src/__tests__/vendor/vendor-orders.test.ts[2m > [22m[2mvendor order service[2m > [22m[2mshould return order detail for vendor-owned order
[22m[39mprisma:query db.UserProfile.aggregate([ { $match: { $expr: { $and: [ { $and: [ { $eq: [ "$_id", { $literal: ObjectId("69d907108abcf43d15c25802"), }, ], }, { $ne: [ "$_id", "$$REMOVE", ], }, ], }, ], }, }, }, { $project: { _id: 1, userId: 1, email: 1, firstName: 1, lastName: 1, phone: 1, avatar: 1, dateOfBirth: 1, gender: 1, role: 1, isVendor: 1, vendorStatus: 1, storeName: 1, storeSlug: 1, storeDescription: 1, vendorSince: 1, createdAt: 1, updatedAt: 1, }, }, ])

[90mstdout[2m | src/__tests__/vendor/vendor-orders.test.ts[2m > [22m[2mvendor order service[2m > [22m[2mshould return order detail for vendor-owned order
[22m[39mprisma:query db.Product.insertOne({ name: "Detail Product", slug: "vendor-orders-test-detail-product-5", description: "Detail Product description", stockKeepingUnit: "vendor-orders-test-SKU-1775830801445-5", basePrice: 4500, type: "PHYSICAL", vendorId: "vendor-orders-test-vendor-detail", approvalStatus: "APPROVED", tags: [ ], images: [ ], avgRating: 0, reviewCount: 0, stock: 50, lowStockThreshold: 10, isActive: true, isFeatured: false, isNewArrival: true, createdAt: DateTime("2026-04-10 14:20:01.448 +00:00:00"), updatedAt: DateTime("2026-04-10 14:20:01.448 +00:00:00"), })

[90mstdout[2m | src/__tests__/vendor/vendor-orders.test.ts[2m > [22m[2mvendor order service[2m > [22m[2mshould return order detail for vendor-owned order
[22m[39mprisma:query db.Product.aggregate([ { $match: { $expr: { $and: [ { $and: [ { $eq: [ "$_id", { $literal: ObjectId("69d907118abcf43d15c25803"), }, ], }, { $ne: [ "$_id", "$$REMOVE", ], }, ], }, ], }, }, }, { $project: { _id: 1, name: 1, slug: 1, description: 1, shortDesc: 1, stockKeepingUnit: 1, basePrice: 1, salePrice: 1, type: 1, categoryId: 1, vendorId: 1, approvalStatus: 1, brand: 1, tags: 1, images: 1, avgRating: 1, reviewCount: 1, stock: 1, lowStockThreshold: 1, isActive: 1, isFeatured: 1, isNewArrival: 1, createdAt: 1, updatedAt: 1, }, }, ])

[90mstdout[2m | src/__tests__/vendor/vendor-orders.test.ts[2m > [22m[2mvendor order service[2m > [22m[2mshould return order detail for vendor-owned order
[22m[39mprisma:query db.Order.insertOne({ orderNumber: "WS-TEST-1775830801984-AARD", userId: "vendor-orders-test-buyer-detail", vendorId: "vendor-orders-test-vendor-detail", status: "PAID", shippingAddress: { firstName: "Test", lastName: "Buyer", phone: "+1234567890", street: "123 Test St", city: "Testville", state: "TS", country: "US", postalCode: "12345", }, subtotal: 4500, shipping: 0, discount: 0, total: 4500, createdAt: DateTime("2026-04-10 14:20:01.987 +00:00:00"), updatedAt: DateTime("2026-04-10 14:20:01.987 +00:00:00"), })

[90mstdout[2m | src/__tests__/vendor/vendor-orders.test.ts[2m > [22m[2mvendor order service[2m > [22m[2mshould return order detail for vendor-owned order
[22m[39mprisma:query db.OrderItem.insertOne({ orderId: ObjectId("69d907118abcf43d15c25804"), productId: ObjectId("69d907118abcf43d15c25803"), productName: "Detail Product", productImage: null, sku: null, variantName: null, quantity: 1, unitPrice: 4500, totalPrice: 4500, createdAt: DateTime("2026-04-10 14:20:01.987 +00:00:00"), })

[90mstdout[2m | src/__tests__/vendor/vendor-orders.test.ts[2m > [22m[2mvendor order service[2m > [22m[2mshould return order detail for vendor-owned order
[22m[39mprisma:query db.OrderStatusHistory.insertOne({ orderId: ObjectId("69d907118abcf43d15c25804"), status: "PAID", note: "Created with status PAID", createdAt: DateTime("2026-04-10 14:20:01.987 +00:00:00"), })

[90mstdout[2m | src/__tests__/vendor/vendor-orders.test.ts[2m > [22m[2mvendor order service[2m > [22m[2mshould return order detail for vendor-owned order
[22m[39mprisma:query db.Order.aggregate([ { $match: { $expr: { $and: [ { $and: [ { $eq: [ "$_id", { $literal: ObjectId("69d907118abcf43d15c25804"), }, ], }, { $ne: [ "$_id", "$$REMOVE", ], }, ], }, ], }, }, }, { $project: { _id: 1, orderNumber: 1, userId: 1, vendorId: 1, checkoutSessionId: 1, status: 1, shippingAddress: 1, billingAddress: 1, subtotal: 1, shipping: 1, discount: 1, total: 1, couponCode: 1, notes: 1, createdAt: 1, updatedAt: 1, paidAt: 1, shippedAt: 1, deliveredAt: 1, }, }, ])

[90mstdout[2m | src/__tests__/vendor/vendor-orders.test.ts[2m > [22m[2mvendor order service[2m > [22m[2mshould return order detail for vendor-owned order
[22m[39mprisma:query db.OrderItem.aggregate([ { $match: { $expr: { $and: [ { $or: [ { $eq: [ "$orderId", { $literal: ObjectId("69d907118abcf43d15c25804"), }, ], }, ], }, { $ne: [ "$orderId", "$$REMOVE", ], }, ], }, }, }, { $project: { _id: 1, orderId: 1, productId: 1, variantId: 1, productName: 1, productImage: 1, sku: 1, variantName: 1, quantity: 1, unitPrice: 1, totalPrice: 1, createdAt: 1, }, }, ])

[90mstdout[2m | src/__tests__/vendor/vendor-orders.test.ts[2m > [22m[2mvendor order service[2m > [22m[2mshould return order detail for vendor-owned order
[22m[39mprisma:query db.OrderStatusHistory.aggregate([ { $match: { $expr: { $and: [ { $or: [ { $eq: [ "$orderId", { $literal: ObjectId("69d907118abcf43d15c25804"), }, ], }, ], }, { $ne: [ "$orderId", "$$REMOVE", ], }, ], }, }, }, { $project: { _id: 1, orderId: 1, status: 1, note: 1, createdAt: 1, }, }, ])

[90mstdout[2m | src/__tests__/vendor/vendor-orders.test.ts[2m > [22m[2mvendor order service[2m > [22m[2mshould return order detail for vendor-owned order
[22m[39mprisma:query db.Order.aggregate([ { $match: { $expr: { $and: [ { $and: [ { $and: [ { $eq: [ "$_id", { $literal: ObjectId("69d907118abcf43d15c25804"), }, ], }, { $ne: [ "$_id", "$$REMOVE", ], }, ], }, ], }, { }, ], }, }, }, { $project: { _id: 1, orderNumber: 1, userId: 1, vendorId: 1, checkoutSessionId: 1, status: 1, shippingAddress: 1, billingAddress: 1, subtotal: 1, shipping: 1, discount: 1, total: 1, couponCode: 1, notes: 1, createdAt: 1, updatedAt: 1, paidAt: 1, shippedAt: 1, deliveredAt: 1, }, }, ])

[90mstdout[2m | src/__tests__/vendor/vendor-orders.test.ts[2m > [22m[2mvendor order service[2m > [22m[2mshould return order detail for vendor-owned order
[22m[39mprisma:query db.OrderItem.aggregate([ { $match: { $expr: { $and: [ { $or: [ { $eq: [ "$orderId", { $literal: ObjectId("69d907118abcf43d15c25804"), }, ], }, ], }, { $ne: [ "$orderId", "$$REMOVE", ], }, ], }, }, }, { $project: { _id: 1, orderId: 1, productId: 1, variantId: 1, productName: 1, productImage: 1, sku: 1, variantName: 1, quantity: 1, unitPrice: 1, totalPrice: 1, createdAt: 1, }, }, ])

[90mstdout[2m | src/__tests__/vendor/vendor-orders.test.ts[2m > [22m[2mvendor order service[2m > [22m[2mshould return order detail for vendor-owned order
[22m[39mprisma:query db.Product.aggregate([ { $match: { $expr: { $and: [ { $or: [ { $eq: [ "$_id", { $literal: ObjectId("69d907118abcf43d15c25803"), }, ], }, ], }, { $ne: [ "$_id", "$$REMOVE", ], }, ], }, }, }, { $project: { _id: 1, name: 1, slug: 1, description: 1, shortDesc: 1, stockKeepingUnit: 1, basePrice: 1, salePrice: 1, type: 1, categoryId: 1, vendorId: 1, approvalStatus: 1, brand: 1, tags: 1, images: 1, avgRating: 1, reviewCount: 1, stock: 1, lowStockThreshold: 1, isActive: 1, isFeatured: 1, isNewArrival: 1, createdAt: 1, updatedAt: 1, }, }, ])

[90mstdout[2m | src/__tests__/vendor/vendor-orders.test.ts[2m > [22m[2mvendor order service[2m > [22m[2mshould return order detail for vendor-owned order
[22m[39mprisma:query db.OrderStatusHistory.aggregate([ { $match: { $expr: { $and: [ { $or: [ { $eq: [ "$orderId", { $literal: ObjectId("69d907118abcf43d15c25804"), }, ], }, ], }, { $ne: [ "$orderId", "$$REMOVE", ], }, ], }, }, }, { $sort: { createdAt: -1, }, }, { $project: { _id: 1, orderId: 1, status: 1, note: 1, createdAt: 1, }, }, ])

[90mstdout[2m | src/__tests__/vendor/vendor-orders.test.ts[2m > [22m[2mvendor order service[2m > [22m[2mshould return order detail for vendor-owned order
[22m[39mprisma:query db.Order.aggregate([ { $match: { $expr: { $or: [ { $and: [ { $regexMatch: { input: "$userId", regex: "^vendor-orders-test", options: "", }, }, { $ne: [ "$userId", "$$REMOVE", ], }, ], }, { $and: [ { $regexMatch: { input: "$vendorId", regex: "^vendor-orders-test", options: "", }, }, { $ne: [ "$vendorId", "$$REMOVE", ], }, ], }, ], }, }, }, { $project: { _id: 1, }, }, ])

[90mstdout[2m | src/__tests__/vendor/vendor-orders.test.ts[2m > [22m[2mvendor order service[2m > [22m[2mshould return order detail for vendor-owned order
[22m[39mprisma:query db.OrderStatusHistory.aggregate([ { $match: { $expr: { $and: [ { $eq: [ "$orderId", { $literal: ObjectId("69d907118abcf43d15c25804"), }, ], }, { $ne: [ "$orderId", "$$REMOVE", ], }, ], }, }, }, { $project: { _id: 1, }, }, ])

[90mstdout[2m | src/__tests__/vendor/vendor-orders.test.ts[2m > [22m[2mvendor order service[2m > [22m[2mshould return order detail for vendor-owned order
[22m[39mprisma:query db.OrderStatusHistory.deleteMany({ _id: { $in: [ ObjectId("69d907128abcf43d15c25806"), ], }, })

[90mstdout[2m | src/__tests__/vendor/vendor-orders.test.ts[2m > [22m[2mvendor order service[2m > [22m[2mshould return order detail for vendor-owned order
[22m[39mprisma:query db.OrderItem.aggregate([ { $match: { $expr: { $and: [ { $eq: [ "$orderId", { $literal: ObjectId("69d907118abcf43d15c25804"), }, ], }, { $ne: [ "$orderId", "$$REMOVE", ], }, ], }, }, }, { $project: { _id: 1, }, }, ])

[90mstdout[2m | src/__tests__/vendor/vendor-orders.test.ts[2m > [22m[2mvendor order service[2m > [22m[2mshould return order detail for vendor-owned order
[22m[39mprisma:query db.OrderItem.deleteMany({ _id: { $in: [ ObjectId("69d907128abcf43d15c25805"), ], }, })

[90mstdout[2m | src/__tests__/vendor/vendor-orders.test.ts[2m > [22m[2mvendor order service[2m > [22m[2mshould return order detail for vendor-owned order
[22m[39mprisma:query db.Order.aggregate([ { $match: { $expr: { $and: [ { $eq: [ "$_id", { $literal: ObjectId("69d907118abcf43d15c25804"), }, ], }, { $ne: [ "$_id", "$$REMOVE", ], }, ], }, }, }, { $project: { _id: 1, }, }, ])

[90mstdout[2m | src/__tests__/vendor/vendor-orders.test.ts[2m > [22m[2mvendor order service[2m > [22m[2mshould return order detail for vendor-owned order
[22m[39mprisma:query db.OrderStatusHistory.aggregate([ { $match: { $expr: { $and: [ { }, { $and: [ { $or: [ { $eq: [ "$orderId", { $literal: ObjectId("69d907118abcf43d15c25804"), }, ], }, ], }, { $ne: [ "$orderId", "$$REMOVE", ], }, ], }, ], }, }, }, { $project: { _id: 1, orderId: 1, }, }, ])

[90mstdout[2m | src/__tests__/vendor/vendor-orders.test.ts[2m > [22m[2mvendor order service[2m > [22m[2mshould return order detail for vendor-owned order
[22m[39mprisma:query db.OrderItem.aggregate([ { $match: { $expr: { $and: [ { }, { $and: [ { $or: [ { $eq: [ "$orderId", { $literal: ObjectId("69d907118abcf43d15c25804"), }, ], }, ], }, { $ne: [ "$orderId", "$$REMOVE", ], }, ], }, ], }, }, }, { $project: { _id: 1, orderId: 1, }, }, ])

[90mstdout[2m | src/__tests__/vendor/vendor-orders.test.ts[2m > [22m[2mvendor order service[2m > [22m[2mshould return order detail for vendor-owned order
[22m[39mprisma:query db.Order.deleteMany({ _id: { $in: [ ObjectId("69d907118abcf43d15c25804"), ], }, })

[90mstdout[2m | src/__tests__/vendor/vendor-orders.test.ts[2m > [22m[2mvendor order service[2m > [22m[2mshould return order detail for vendor-owned order
[22m[39mprisma:query db.Product.aggregate([ { $match: { $expr: { $and: [ { $regexMatch: { input: "$vendorId", regex: "^vendor-orders-test", options: "", }, }, { $ne: [ "$vendorId", "$$REMOVE", ], }, ], }, }, }, { $project: { _id: 1, }, }, ])

[90mstdout[2m | src/__tests__/vendor/vendor-orders.test.ts[2m > [22m[2mvendor order service[2m > [22m[2mshould return order detail for vendor-owned order
[22m[39mprisma:query db.DigitalAsset.aggregate([ { $match: { $expr: { $and: [ { }, { $and: [ { $or: [ { $eq: [ "$productId", { $literal: ObjectId("69d907118abcf43d15c25803"), }, ], }, ], }, { $ne: [ "$productId", "$$REMOVE", ], }, ], }, ], }, }, }, { $project: { _id: 1, productId: 1, }, }, ])

[90mstdout[2m | src/__tests__/vendor/vendor-orders.test.ts[2m > [22m[2mvendor order service[2m > [22m[2mshould return order detail for vendor-owned order
[22m[39mprisma:query db.WishlistItem.aggregate([ { $match: { $expr: { $and: [ { }, { $and: [ { $or: [ { $eq: [ "$productId", { $literal: ObjectId("69d907118abcf43d15c25803"), }, ], }, ], }, { $ne: [ "$productId", "$$REMOVE", ], }, ], }, ], }, }, }, { $project: { _id: 1, productId: 1, }, }, ])

[90mstdout[2m | src/__tests__/vendor/vendor-orders.test.ts[2m > [22m[2mvendor order service[2m > [22m[2mshould return order detail for vendor-owned order
[22m[39mprisma:query db.Review.aggregate([ { $match: { $expr: { $and: [ { }, { $and: [ { $or: [ { $eq: [ "$productId", { $literal: ObjectId("69d907118abcf43d15c25803"), }, ], }, ], }, { $ne: [ "$productId", "$$REMOVE", ], }, ], }, ], }, }, }, { $project: { _id: 1, productId: 1, }, }, ])

[90mstdout[2m | src/__tests__/vendor/vendor-orders.test.ts[2m > [22m[2mvendor order service[2m > [22m[2mshould return order detail for vendor-owned order
[22m[39mprisma:query db.OrderItem.aggregate([ { $match: { $expr: { $and: [ { }, { $and: [ { $or: [ { $eq: [ "$productId", { $literal: ObjectId("69d907118abcf43d15c25803"), }, ], }, ], }, { $ne: [ "$productId", "$$REMOVE", ], }, ], }, ], }, }, }, { $project: { _id: 1, productId: 1, }, }, ])

[90mstdout[2m | src/__tests__/vendor/vendor-orders.test.ts[2m > [22m[2mvendor order service[2m > [22m[2mshould return order detail for vendor-owned order
[22m[39mprisma:query db.CartItem.aggregate([ { $match: { $expr: { $and: [ { }, { $and: [ { $or: [ { $eq: [ "$productId", { $literal: ObjectId("69d907118abcf43d15c25803"), }, ], }, ], }, { $ne: [ "$productId", "$$REMOVE", ], }, ], }, ], }, }, }, { $project: { _id: 1, productId: 1, }, }, ])

[90mstdout[2m | src/__tests__/vendor/vendor-orders.test.ts[2m > [22m[2mvendor order service[2m > [22m[2mshould return order detail for vendor-owned order
[22m[39mprisma:query db.ProductVariant.aggregate([ { $match: { $expr: { $and: [ { }, { $and: [ { $or: [ { $eq: [ "$productId", { $literal: ObjectId("69d907118abcf43d15c25803"), }, ], }, ], }, { $ne: [ "$productId", "$$REMOVE", ], }, ], }, ], }, }, }, { $project: { _id: 1, productId: 1, }, }, ])

[90mstdout[2m | src/__tests__/vendor/vendor-orders.test.ts[2m > [22m[2mvendor order service[2m > [22m[2mshould return order detail for vendor-owned order
[22m[39mprisma:query db.Product.deleteMany({ _id: { $in: [ ObjectId("69d907118abcf43d15c25803"), ], }, })

[90mstdout[2m | src/__tests__/vendor/vendor-orders.test.ts[2m > [22m[2mvendor order service[2m > [22m[2mshould return order detail for vendor-owned order
[22m[39mprisma:query db.UserProfile.aggregate([ { $match: { $expr: { $and: [ { $regexMatch: { input: "$userId", regex: "^vendor-orders-test", options: "", }, }, { $ne: [ "$userId", "$$REMOVE", ], }, ], }, }, }, { $project: { _id: 1, }, }, ])

[90mstdout[2m | src/__tests__/vendor/vendor-orders.test.ts[2m > [22m[2mvendor order service[2m > [22m[2mshould return order detail for vendor-owned order
[22m[39mprisma:query db.UserProfile.deleteMany({ _id: { $in: [ ObjectId("69d907108abcf43d15c25801"), ObjectId("69d907108abcf43d15c25802"), ], }, })

[90mstdout[2m | src/__tests__/vendor/vendor-orders.test.ts[2m > [22m[2mvendor order service[2m > [22m[2mshould reject access to another vendor's order
[22m[39mprisma:query db.UserProfile.insertOne({ userId: "vendor-orders-test-vendor-own1", email: "vendor-orders-test-vendor-own1@test.com", firstName: "Test", lastName: "User", role: "CUSTOMER", isVendor: true, vendorStatus: "ACTIVE", storeName: "Owner Vendor", storeSlug: "owner-vendor", createdAt: DateTime("2026-04-10 14:20:11.611 +00:00:00"), updatedAt: DateTime("2026-04-10 14:20:11.611 +00:00:00"), })

[90mstdout[2m | src/__tests__/vendor/vendor-orders.test.ts[2m > [22m[2mvendor order service[2m > [22m[2mshould reject access to another vendor's order
[22m[39mprisma:query db.UserProfile.aggregate([ { $match: { $expr: { $and: [ { $and: [ { $eq: [ "$_id", { $literal: ObjectId("69d9071b8abcf43d15c25807"), }, ], }, { $ne: [ "$_id", "$$REMOVE", ], }, ], }, ], }, }, }, { $project: { _id: 1, userId: 1, email: 1, firstName: 1, lastName: 1, phone: 1, avatar: 1, dateOfBirth: 1, gender: 1, role: 1, isVendor: 1, vendorStatus: 1, storeName: 1, storeSlug: 1, storeDescription: 1, vendorSince: 1, createdAt: 1, updatedAt: 1, }, }, ])

[90mstdout[2m | src/__tests__/vendor/vendor-orders.test.ts[2m > [22m[2mvendor order service[2m > [22m[2mshould reject access to another vendor's order
[22m[39mprisma:query db.UserProfile.insertOne({ userId: "vendor-orders-test-vendor-own2", email: "vendor-orders-test-vendor-own2@test.com", firstName: "Test", lastName: "User", role: "CUSTOMER", isVendor: true, vendorStatus: "ACTIVE", storeName: "Other Vendor", storeSlug: "other-vendor", createdAt: DateTime("2026-04-10 14:20:12.824 +00:00:00"), updatedAt: DateTime("2026-04-10 14:20:12.824 +00:00:00"), })

[90mstdout[2m | src/__tests__/vendor/vendor-orders.test.ts[2m > [22m[2mvendor order service[2m > [22m[2mshould reject access to another vendor's order
[22m[39mprisma:query db.UserProfile.aggregate([ { $match: { $expr: { $and: [ { $and: [ { $eq: [ "$_id", { $literal: ObjectId("69d9071c8abcf43d15c25808"), }, ], }, { $ne: [ "$_id", "$$REMOVE", ], }, ], }, ], }, }, }, { $project: { _id: 1, userId: 1, email: 1, firstName: 1, lastName: 1, phone: 1, avatar: 1, dateOfBirth: 1, gender: 1, role: 1, isVendor: 1, vendorStatus: 1, storeName: 1, storeSlug: 1, storeDescription: 1, vendorSince: 1, createdAt: 1, updatedAt: 1, }, }, ])

[90mstdout[2m | src/__tests__/vendor/vendor-orders.test.ts[2m > [22m[2mvendor order service[2m > [22m[2mshould reject access to another vendor's order
[22m[39mprisma:query db.UserProfile.insertOne({ userId: "vendor-orders-test-buyer-own", email: "vendor-orders-test-buyer-own@test.com", firstName: "Test", lastName: "User", role: "CUSTOMER", isVendor: false, createdAt: DateTime("2026-04-10 14:20:13.35 +00:00:00"), updatedAt: DateTime("2026-04-10 14:20:13.35 +00:00:00"), })

[90mstdout[2m | src/__tests__/vendor/vendor-orders.test.ts[2m > [22m[2mvendor order service[2m > [22m[2mshould reject access to another vendor's order
[22m[39mprisma:query db.UserProfile.aggregate([ { $match: { $expr: { $and: [ { $and: [ { $eq: [ "$_id", { $literal: ObjectId("69d9071d8abcf43d15c25809"), }, ], }, { $ne: [ "$_id", "$$REMOVE", ], }, ], }, ], }, }, }, { $project: { _id: 1, userId: 1, email: 1, firstName: 1, lastName: 1, phone: 1, avatar: 1, dateOfBirth: 1, gender: 1, role: 1, isVendor: 1, vendorStatus: 1, storeName: 1, storeSlug: 1, storeDescription: 1, vendorSince: 1, createdAt: 1, updatedAt: 1, }, }, ])

[90mstdout[2m | src/__tests__/vendor/vendor-orders.test.ts[2m > [22m[2mvendor order service[2m > [22m[2mshould reject access to another vendor's order
[22m[39mprisma:query db.Product.insertOne({ name: "Own Product", slug: "vendor-orders-test-own-product-6", description: "Own Product description", stockKeepingUnit: "vendor-orders-test-SKU-1775830813935-6", basePrice: 2000, type: "PHYSICAL", vendorId: "vendor-orders-test-vendor-own1", approvalStatus: "APPROVED", tags: [ ], images: [ ], avgRating: 0, reviewCount: 0, stock: 50, lowStockThreshold: 10, isActive: true, isFeatured: false, isNewArrival: true, createdAt: DateTime("2026-04-10 14:20:13.937 +00:00:00"), updatedAt: DateTime("2026-04-10 14:20:13.937 +00:00:00"), })

[90mstdout[2m | src/__tests__/vendor/vendor-orders.test.ts[2m > [22m[2mvendor order service[2m > [22m[2mshould reject access to another vendor's order
[22m[39mprisma:query db.Product.aggregate([ { $match: { $expr: { $and: [ { $and: [ { $eq: [ "$_id", { $literal: ObjectId("69d9071d8abcf43d15c2580a"), }, ], }, { $ne: [ "$_id", "$$REMOVE", ], }, ], }, ], }, }, }, { $project: { _id: 1, name: 1, slug: 1, description: 1, shortDesc: 1, stockKeepingUnit: 1, basePrice: 1, salePrice: 1, type: 1, categoryId: 1, vendorId: 1, approvalStatus: 1, brand: 1, tags: 1, images: 1, avgRating: 1, reviewCount: 1, stock: 1, lowStockThreshold: 1, isActive: 1, isFeatured: 1, isNewArrival: 1, createdAt: 1, updatedAt: 1, }, }, ])

[90mstdout[2m | src/__tests__/vendor/vendor-orders.test.ts[2m > [22m[2mvendor order service[2m > [22m[2mshould reject access to another vendor's order
[22m[39mprisma:query db.Order.insertOne({ orderNumber: "WS-TEST-1775830821170-D99N", userId: "vendor-orders-test-buyer-own", vendorId: "vendor-orders-test-vendor-own1", status: "PAID", shippingAddress: { firstName: "Test", lastName: "Buyer", phone: "+1234567890", street: "123 Test St", city: "Testville", state: "TS", country: "US", postalCode: "12345", }, subtotal: 2000, shipping: 0, discount: 0, total: 2000, createdAt: DateTime("2026-04-10 14:20:21.173 +00:00:00"), updatedAt: DateTime("2026-04-10 14:20:21.173 +00:00:00"), })

[90mstdout[2m | src/__tests__/vendor/vendor-orders.test.ts[2m > [22m[2mvendor order service[2m > [22m[2mshould reject access to another vendor's order
[22m[39mprisma:query db.OrderItem.insertOne({ orderId: ObjectId("69d907258abcf43d15c2580b"), productId: ObjectId("69d9071d8abcf43d15c2580a"), productName: "Own Product", productImage: null, sku: null, variantName: null, quantity: 1, unitPrice: 2000, totalPrice: 2000, createdAt: DateTime("2026-04-10 14:20:21.173 +00:00:00"), })

[90mstdout[2m | src/__tests__/vendor/vendor-orders.test.ts[2m > [22m[2mvendor order service[2m > [22m[2mshould reject access to another vendor's order
[22m[39mprisma:query db.OrderStatusHistory.insertOne({ orderId: ObjectId("69d907258abcf43d15c2580b"), status: "PAID", note: "Created with status PAID", createdAt: DateTime("2026-04-10 14:20:21.173 +00:00:00"), })

[90mstdout[2m | src/__tests__/vendor/vendor-orders.test.ts[2m > [22m[2mvendor order service[2m > [22m[2mshould reject access to another vendor's order
[22m[39mprisma:query db.Order.aggregate([ { $match: { $expr: { $and: [ { $and: [ { $eq: [ "$_id", { $literal: ObjectId("69d907258abcf43d15c2580b"), }, ], }, { $ne: [ "$_id", "$$REMOVE", ], }, ], }, ], }, }, }, { $project: { _id: 1, orderNumber: 1, userId: 1, vendorId: 1, checkoutSessionId: 1, status: 1, shippingAddress: 1, billingAddress: 1, subtotal: 1, shipping: 1, discount: 1, total: 1, couponCode: 1, notes: 1, createdAt: 1, updatedAt: 1, paidAt: 1, shippedAt: 1, deliveredAt: 1, }, }, ])

[90mstdout[2m | src/__tests__/vendor/vendor-orders.test.ts[2m > [22m[2mvendor order service[2m > [22m[2mshould reject access to another vendor's order
[22m[39mprisma:query db.OrderItem.aggregate([ { $match: { $expr: { $and: [ { $or: [ { $eq: [ "$orderId", { $literal: ObjectId("69d907258abcf43d15c2580b"), }, ], }, ], }, { $ne: [ "$orderId", "$$REMOVE", ], }, ], }, }, }, { $project: { _id: 1, orderId: 1, productId: 1, variantId: 1, productName: 1, productImage: 1, sku: 1, variantName: 1, quantity: 1, unitPrice: 1, totalPrice: 1, createdAt: 1, }, }, ])

[90mstdout[2m | src/__tests__/vendor/vendor-orders.test.ts[2m > [22m[2mvendor order service[2m > [22m[2mshould reject access to another vendor's order
[22m[39mprisma:query db.OrderStatusHistory.aggregate([ { $match: { $expr: { $and: [ { $or: [ { $eq: [ "$orderId", { $literal: ObjectId("69d907258abcf43d15c2580b"), }, ], }, ], }, { $ne: [ "$orderId", "$$REMOVE", ], }, ], }, }, }, { $project: { _id: 1, orderId: 1, status: 1, note: 1, createdAt: 1, }, }, ])

[90mstdout[2m | src/__tests__/vendor/vendor-orders.test.ts[2m > [22m[2mvendor order service[2m > [22m[2mshould reject access to another vendor's order
[22m[39mprisma:query db.Order.aggregate([ { $match: { $expr: { $and: [ { $and: [ { $and: [ { $eq: [ "$_id", { $literal: ObjectId("69d907258abcf43d15c2580b"), }, ], }, { $ne: [ "$_id", "$$REMOVE", ], }, ], }, ], }, { }, ], }, }, }, { $project: { _id: 1, orderNumber: 1, userId: 1, vendorId: 1, checkoutSessionId: 1, status: 1, shippingAddress: 1, billingAddress: 1, subtotal: 1, shipping: 1, discount: 1, total: 1, couponCode: 1, notes: 1, createdAt: 1, updatedAt: 1, paidAt: 1, shippedAt: 1, deliveredAt: 1, }, }, ])

[90mstdout[2m | src/__tests__/vendor/vendor-orders.test.ts[2m > [22m[2mvendor order service[2m > [22m[2mshould reject access to another vendor's order
[22m[39mprisma:query db.OrderItem.aggregate([ { $match: { $expr: { $and: [ { $or: [ { $eq: [ "$orderId", { $literal: ObjectId("69d907258abcf43d15c2580b"), }, ], }, ], }, { $ne: [ "$orderId", "$$REMOVE", ], }, ], }, }, }, { $project: { _id: 1, orderId: 1, productId: 1, variantId: 1, productName: 1, productImage: 1, sku: 1, variantName: 1, quantity: 1, unitPrice: 1, totalPrice: 1, createdAt: 1, }, }, ])

[90mstdout[2m | src/__tests__/vendor/vendor-orders.test.ts[2m > [22m[2mvendor order service[2m > [22m[2mshould reject access to another vendor's order
[22m[39mprisma:query db.Product.aggregate([ { $match: { $expr: { $and: [ { $or: [ { $eq: [ "$_id", { $literal: ObjectId("69d9071d8abcf43d15c2580a"), }, ], }, ], }, { $ne: [ "$_id", "$$REMOVE", ], }, ], }, }, }, { $project: { _id: 1, name: 1, slug: 1, description: 1, shortDesc: 1, stockKeepingUnit: 1, basePrice: 1, salePrice: 1, type: 1, categoryId: 1, vendorId: 1, approvalStatus: 1, brand: 1, tags: 1, images: 1, avgRating: 1, reviewCount: 1, stock: 1, lowStockThreshold: 1, isActive: 1, isFeatured: 1, isNewArrival: 1, createdAt: 1, updatedAt: 1, }, }, ])

[90mstdout[2m | src/__tests__/vendor/vendor-orders.test.ts[2m > [22m[2mvendor order service[2m > [22m[2mshould reject access to another vendor's order
[22m[39mprisma:query db.OrderStatusHistory.aggregate([ { $match: { $expr: { $and: [ { $or: [ { $eq: [ "$orderId", { $literal: ObjectId("69d907258abcf43d15c2580b"), }, ], }, ], }, { $ne: [ "$orderId", "$$REMOVE", ], }, ], }, }, }, { $sort: { createdAt: -1, }, }, { $project: { _id: 1, orderId: 1, status: 1, note: 1, createdAt: 1, }, }, ])

[90mstdout[2m | src/__tests__/vendor/vendor-orders.test.ts[2m > [22m[2mvendor order service[2m > [22m[2mshould reject access to another vendor's order
[22m[39mprisma:query db.Order.aggregate([ { $match: { $expr: { $or: [ { $and: [ { $regexMatch: { input: "$userId", regex: "^vendor-orders-test", options: "", }, }, { $ne: [ "$userId", "$$REMOVE", ], }, ], }, { $and: [ { $regexMatch: { input: "$vendorId", regex: "^vendor-orders-test", options: "", }, }, { $ne: [ "$vendorId", "$$REMOVE", ], }, ], }, ], }, }, }, { $project: { _id: 1, }, }, ])

[90mstdout[2m | src/__tests__/vendor/vendor-orders.test.ts[2m > [22m[2mvendor order service[2m > [22m[2mshould reject access to another vendor's order
[22m[39mprisma:query db.OrderStatusHistory.aggregate([ { $match: { $expr: { $and: [ { $eq: [ "$orderId", { $literal: ObjectId("69d907258abcf43d15c2580b"), }, ], }, { $ne: [ "$orderId", "$$REMOVE", ], }, ], }, }, }, { $project: { _id: 1, }, }, ])

[90mstdout[2m | src/__tests__/vendor/vendor-orders.test.ts[2m > [22m[2mvendor order service[2m > [22m[2mshould reject access to another vendor's order
[22m[39mprisma:query db.OrderStatusHistory.deleteMany({ _id: { $in: [ ObjectId("69d907258abcf43d15c2580d"), ], }, })

[90mstdout[2m | src/__tests__/vendor/vendor-orders.test.ts[2m > [22m[2mvendor order service[2m > [22m[2mshould reject access to another vendor's order
[22m[39mprisma:query db.OrderItem.aggregate([ { $match: { $expr: { $and: [ { $eq: [ "$orderId", { $literal: ObjectId("69d907258abcf43d15c2580b"), }, ], }, { $ne: [ "$orderId", "$$REMOVE", ], }, ], }, }, }, { $project: { _id: 1, }, }, ])

[90mstdout[2m | src/__tests__/vendor/vendor-orders.test.ts[2m > [22m[2mvendor order service[2m > [22m[2mshould reject access to another vendor's order
[22m[39mprisma:query db.OrderItem.deleteMany({ _id: { $in: [ ObjectId("69d907258abcf43d15c2580c"), ], }, })

[90mstdout[2m | src/__tests__/vendor/vendor-orders.test.ts[2m > [22m[2mvendor order service[2m > [22m[2mshould reject access to another vendor's order
[22m[39mprisma:query db.Order.aggregate([ { $match: { $expr: { $and: [ { $eq: [ "$_id", { $literal: ObjectId("69d907258abcf43d15c2580b"), }, ], }, { $ne: [ "$_id", "$$REMOVE", ], }, ], }, }, }, { $project: { _id: 1, }, }, ])

[90mstdout[2m | src/__tests__/vendor/vendor-orders.test.ts[2m > [22m[2mvendor order service[2m > [22m[2mshould reject access to another vendor's order
[22m[39mprisma:query db.OrderStatusHistory.aggregate([ { $match: { $expr: { $and: [ { }, { $and: [ { $or: [ { $eq: [ "$orderId", { $literal: ObjectId("69d907258abcf43d15c2580b"), }, ], }, ], }, { $ne: [ "$orderId", "$$REMOVE", ], }, ], }, ], }, }, }, { $project: { _id: 1, orderId: 1, }, }, ])

[90mstdout[2m | src/__tests__/vendor/vendor-orders.test.ts[2m > [22m[2mvendor order service[2m > [22m[2mshould reject access to another vendor's order
[22m[39mprisma:query db.OrderItem.aggregate([ { $match: { $expr: { $and: [ { }, { $and: [ { $or: [ { $eq: [ "$orderId", { $literal: ObjectId("69d907258abcf43d15c2580b"), }, ], }, ], }, { $ne: [ "$orderId", "$$REMOVE", ], }, ], }, ], }, }, }, { $project: { _id: 1, orderId: 1, }, }, ])

[90mstdout[2m | src/__tests__/vendor/vendor-orders.test.ts[2m > [22m[2mvendor order service[2m > [22m[2mshould reject access to another vendor's order
[22m[39mprisma:query db.Order.deleteMany({ _id: { $in: [ ObjectId("69d907258abcf43d15c2580b"), ], }, })

[90mstdout[2m | src/__tests__/vendor/vendor-orders.test.ts[2m > [22m[2mvendor order service[2m > [22m[2mshould reject access to another vendor's order
[22m[39mprisma:query db.Product.aggregate([ { $match: { $expr: { $and: [ { $regexMatch: { input: "$vendorId", regex: "^vendor-orders-test", options: "", }, }, { $ne: [ "$vendorId", "$$REMOVE", ], }, ], }, }, }, { $project: { _id: 1, }, }, ])

[90mstdout[2m | src/__tests__/vendor/vendor-orders.test.ts[2m > [22m[2mvendor order service[2m > [22m[2mshould reject access to another vendor's order
[22m[39mprisma:query db.DigitalAsset.aggregate([ { $match: { $expr: { $and: [ { }, { $and: [ { $or: [ { $eq: [ "$productId", { $literal: ObjectId("69d9071d8abcf43d15c2580a"), }, ], }, ], }, { $ne: [ "$productId", "$$REMOVE", ], }, ], }, ], }, }, }, { $project: { _id: 1, productId: 1, }, }, ])

[90mstdout[2m | src/__tests__/vendor/vendor-orders.test.ts[2m > [22m[2mvendor order service[2m > [22m[2mshould reject access to another vendor's order
[22m[39mprisma:query db.WishlistItem.aggregate([ { $match: { $expr: { $and: [ { }, { $and: [ { $or: [ { $eq: [ "$productId", { $literal: ObjectId("69d9071d8abcf43d15c2580a"), }, ], }, ], }, { $ne: [ "$productId", "$$REMOVE", ], }, ], }, ], }, }, }, { $project: { _id: 1, productId: 1, }, }, ])

[90mstdout[2m | src/__tests__/vendor/vendor-orders.test.ts[2m > [22m[2mvendor order service[2m > [22m[2mshould reject access to another vendor's order
[22m[39mprisma:query db.Review.aggregate([ { $match: { $expr: { $and: [ { }, { $and: [ { $or: [ { $eq: [ "$productId", { $literal: ObjectId("69d9071d8abcf43d15c2580a"), }, ], }, ], }, { $ne: [ "$productId", "$$REMOVE", ], }, ], }, ], }, }, }, { $project: { _id: 1, productId: 1, }, }, ])

[90mstdout[2m | src/__tests__/vendor/vendor-orders.test.ts[2m > [22m[2mvendor order service[2m > [22m[2mshould reject access to another vendor's order
[22m[39mprisma:query db.OrderItem.aggregate([ { $match: { $expr: { $and: [ { }, { $and: [ { $or: [ { $eq: [ "$productId", { $literal: ObjectId("69d9071d8abcf43d15c2580a"), }, ], }, ], }, { $ne: [ "$productId", "$$REMOVE", ], }, ], }, ], }, }, }, { $project: { _id: 1, productId: 1, }, }, ])

[90mstdout[2m | src/__tests__/vendor/vendor-orders.test.ts[2m > [22m[2mvendor order service[2m > [22m[2mshould reject access to another vendor's order
[22m[39mprisma:query db.CartItem.aggregate([ { $match: { $expr: { $and: [ { }, { $and: [ { $or: [ { $eq: [ "$productId", { $literal: ObjectId("69d9071d8abcf43d15c2580a"), }, ], }, ], }, { $ne: [ "$productId", "$$REMOVE", ], }, ], }, ], }, }, }, { $project: { _id: 1, productId: 1, }, }, ])

[90mstdout[2m | src/__tests__/vendor/vendor-orders.test.ts[2m > [22m[2mvendor order service[2m > [22m[2mshould reject access to another vendor's order
[22m[39mprisma:query db.ProductVariant.aggregate([ { $match: { $expr: { $and: [ { }, { $and: [ { $or: [ { $eq: [ "$productId", { $literal: ObjectId("69d9071d8abcf43d15c2580a"), }, ], }, ], }, { $ne: [ "$productId", "$$REMOVE", ], }, ], }, ], }, }, }, { $project: { _id: 1, productId: 1, }, }, ])

[90mstdout[2m | src/__tests__/vendor/vendor-orders.test.ts[2m > [22m[2mvendor order service[2m > [22m[2mshould reject access to another vendor's order
[22m[39mprisma:query db.Product.deleteMany({ _id: { $in: [ ObjectId("69d9071d8abcf43d15c2580a"), ], }, })

[90mstdout[2m | src/__tests__/vendor/vendor-orders.test.ts[2m > [22m[2mvendor order service[2m > [22m[2mshould reject access to another vendor's order
[22m[39mprisma:query db.UserProfile.aggregate([ { $match: { $expr: { $and: [ { $regexMatch: { input: "$userId", regex: "^vendor-orders-test", options: "", }, }, { $ne: [ "$userId", "$$REMOVE", ], }, ], }, }, }, { $project: { _id: 1, }, }, ])

[90mstdout[2m | src/__tests__/vendor/vendor-orders.test.ts[2m > [22m[2mvendor order service[2m > [22m[2mshould reject access to another vendor's order
[22m[39mprisma:query db.UserProfile.deleteMany({ _id: { $in: [ ObjectId("69d9071b8abcf43d15c25807"), ObjectId("69d9071c8abcf43d15c25808"), ObjectId("69d9071d8abcf43d15c25809"), ], }, })

[90mstdout[2m | src/__tests__/vendor/vendor-orders.test.ts[2m > [22m[2mvendor order service[2m > [22m[2mshould return 404 for non-existent order
[22m[39mprisma:query db.UserProfile.insertOne({ userId: "vendor-orders-test-vendor-404", email: "vendor-orders-test-vendor-404@test.com", firstName: "Test", lastName: "User", role: "CUSTOMER", isVendor: true, vendorStatus: "ACTIVE", storeName: "404 Vendor", storeSlug: "vendor-404", createdAt: DateTime("2026-04-10 14:20:40.437 +00:00:00"), updatedAt: DateTime("2026-04-10 14:20:40.437 +00:00:00"), })

[90mstdout[2m | src/__tests__/vendor/vendor-orders.test.ts[2m > [22m[2mvendor order service[2m > [22m[2mshould return 404 for non-existent order
[22m[39mprisma:query db.UserProfile.aggregate([ { $match: { $expr: { $and: [ { $and: [ { $eq: [ "$_id", { $literal: ObjectId("69d907388abcf43d15c2580e"), }, ], }, { $ne: [ "$_id", "$$REMOVE", ], }, ], }, ], }, }, }, { $project: { _id: 1, userId: 1, email: 1, firstName: 1, lastName: 1, phone: 1, avatar: 1, dateOfBirth: 1, gender: 1, role: 1, isVendor: 1, vendorStatus: 1, storeName: 1, storeSlug: 1, storeDescription: 1, vendorSince: 1, createdAt: 1, updatedAt: 1, }, }, ])

[90mstdout[2m | src/__tests__/vendor/vendor-orders.test.ts[2m > [22m[2mvendor order service[2m > [22m[2mshould return 404 for non-existent order
[22m[39mprisma:query db.Order.aggregate([ { $match: { $expr: { $and: [ { $and: [ { $and: [ { $eq: [ "$_id", { $literal: ObjectId("000000000000000000000000"), }, ], }, { $ne: [ "$_id", "$$REMOVE", ], }, ], }, ], }, { }, ], }, }, }, { $project: { _id: 1, orderNumber: 1, userId: 1, vendorId: 1, checkoutSessionId: 1, status: 1, shippingAddress: 1, billingAddress: 1, subtotal: 1, shipping: 1, discount: 1, total: 1, couponCode: 1, notes: 1, createdAt: 1, updatedAt: 1, paidAt: 1, shippedAt: 1, deliveredAt: 1, }, }, ])

[90mstdout[2m | src/__tests__/vendor/vendor-orders.test.ts[2m > [22m[2mvendor order service[2m > [22m[2mshould return 404 for non-existent order
[22m[39mprisma:query db.Order.aggregate([ { $match: { $expr: { $or: [ { $and: [ { $regexMatch: { input: "$userId", regex: "^vendor-orders-test", options: "", }, }, { $ne: [ "$userId", "$$REMOVE", ], }, ], }, { $and: [ { $regexMatch: { input: "$vendorId", regex: "^vendor-orders-test", options: "", }, }, { $ne: [ "$vendorId", "$$REMOVE", ], }, ], }, ], }, }, }, { $project: { _id: 1, }, }, ])

[90mstdout[2m | src/__tests__/vendor/vendor-orders.test.ts[2m > [22m[2mvendor order service[2m > [22m[2mshould return 404 for non-existent order
[22m[39mprisma:query db.Product.aggregate([ { $match: { $expr: { $and: [ { $regexMatch: { input: "$vendorId", regex: "^vendor-orders-test", options: "", }, }, { $ne: [ "$vendorId", "$$REMOVE", ], }, ], }, }, }, { $project: { _id: 1, }, }, ])

[90mstdout[2m | src/__tests__/vendor/vendor-orders.test.ts[2m > [22m[2mvendor order service[2m > [22m[2mshould return 404 for non-existent order
[22m[39mprisma:query db.UserProfile.aggregate([ { $match: { $expr: { $and: [ { $regexMatch: { input: "$userId", regex: "^vendor-orders-test", options: "", }, }, { $ne: [ "$userId", "$$REMOVE", ], }, ], }, }, }, { $project: { _id: 1, }, }, ])

[90mstdout[2m | src/__tests__/vendor/vendor-orders.test.ts[2m > [22m[2mvendor order service[2m > [22m[2mshould return 404 for non-existent order
[22m[39mprisma:query db.UserProfile.deleteMany({ _id: { $in: [ ObjectId("69d907388abcf43d15c2580e"), ], }, })

[90mstdout[2m | src/__tests__/vendor/vendor-orders.test.ts[2m > [22m[2mvendor order service[2m > [22m[2mshould allow PAID ΓåÆ PROCESSING transition
[22m[39mprisma:query db.UserProfile.insertOne({ userId: "vendor-orders-test-vendor-trans1", email: "vendor-orders-test-vendor-trans1@test.com", firstName: "Test", lastName: "User", role: "CUSTOMER", isVendor: true, vendorStatus: "ACTIVE", storeName: "Trans Vendor", storeSlug: "trans-vendor-1", createdAt: DateTime("2026-04-10 14:20:45.587 +00:00:00"), updatedAt: DateTime("2026-04-10 14:20:45.587 +00:00:00"), })

[90mstdout[2m | src/__tests__/vendor/vendor-orders.test.ts[2m > [22m[2mvendor order service[2m > [22m[2mshould allow PAID ΓåÆ PROCESSING transition
[22m[39mprisma:query db.UserProfile.aggregate([ { $match: { $expr: { $and: [ { $and: [ { $eq: [ "$_id", { $literal: ObjectId("69d9073d8abcf43d15c2580f"), }, ], }, { $ne: [ "$_id", "$$REMOVE", ], }, ], }, ], }, }, }, { $project: { _id: 1, userId: 1, email: 1, firstName: 1, lastName: 1, phone: 1, avatar: 1, dateOfBirth: 1, gender: 1, role: 1, isVendor: 1, vendorStatus: 1, storeName: 1, storeSlug: 1, storeDescription: 1, vendorSince: 1, createdAt: 1, updatedAt: 1, }, }, ])

[90mstdout[2m | src/__tests__/vendor/vendor-orders.test.ts[2m > [22m[2mvendor order service[2m > [22m[2mshould allow PAID ΓåÆ PROCESSING transition
[22m[39mprisma:query db.UserProfile.insertOne({ userId: "vendor-orders-test-buyer-trans1", email: "vendor-orders-test-buyer-trans1@test.com", firstName: "Test", lastName: "User", role: "CUSTOMER", isVendor: false, createdAt: DateTime("2026-04-10 14:20:46.274 +00:00:00"), updatedAt: DateTime("2026-04-10 14:20:46.274 +00:00:00"), })

[90mstdout[2m | src/__tests__/vendor/vendor-orders.test.ts[2m > [22m[2mvendor order service[2m > [22m[2mshould allow PAID ΓåÆ PROCESSING transition
[22m[39mprisma:query db.UserProfile.aggregate([ { $match: { $expr: { $and: [ { $and: [ { $eq: [ "$_id", { $literal: ObjectId("69d9073e8abcf43d15c25810"), }, ], }, { $ne: [ "$_id", "$$REMOVE", ], }, ], }, ], }, }, }, { $project: { _id: 1, userId: 1, email: 1, firstName: 1, lastName: 1, phone: 1, avatar: 1, dateOfBirth: 1, gender: 1, role: 1, isVendor: 1, vendorStatus: 1, storeName: 1, storeSlug: 1, storeDescription: 1, vendorSince: 1, createdAt: 1, updatedAt: 1, }, }, ])

[90mstdout[2m | src/__tests__/vendor/vendor-orders.test.ts[2m > [22m[2mvendor order service[2m > [22m[2mshould allow PAID ΓåÆ PROCESSING transition
[22m[39mprisma:query db.Product.insertOne({ name: "Trans Product 1", slug: "vendor-orders-test-trans-product-1-7", description: "Trans Product 1 description", stockKeepingUnit: "vendor-orders-test-SKU-1775830849487-7", basePrice: 3000, type: "PHYSICAL", vendorId: "vendor-orders-test-vendor-trans1", approvalStatus: "APPROVED", tags: [ ], images: [ ], avgRating: 0, reviewCount: 0, stock: 50, lowStockThreshold: 10, isActive: true, isFeatured: false, isNewArrival: true, createdAt: DateTime("2026-04-10 14:20:49.489 +00:00:00"), updatedAt: DateTime("2026-04-10 14:20:49.489 +00:00:00"), })

[90mstdout[2m | src/__tests__/vendor/vendor-orders.test.ts[2m > [22m[2mvendor order service[2m > [22m[2mshould allow PAID ΓåÆ PROCESSING transition
[22m[39mprisma:query db.Product.aggregate([ { $match: { $expr: { $and: [ { $and: [ { $eq: [ "$_id", { $literal: ObjectId("69d907418abcf43d15c25811"), }, ], }, { $ne: [ "$_id", "$$REMOVE", ], }, ], }, ], }, }, }, { $project: { _id: 1, name: 1, slug: 1, description: 1, shortDesc: 1, stockKeepingUnit: 1, basePrice: 1, salePrice: 1, type: 1, categoryId: 1, vendorId: 1, approvalStatus: 1, brand: 1, tags: 1, images: 1, avgRating: 1, reviewCount: 1, stock: 1, lowStockThreshold: 1, isActive: 1, isFeatured: 1, isNewArrival: 1, createdAt: 1, updatedAt: 1, }, }, ])

[90mstdout[2m | src/__tests__/vendor/vendor-orders.test.ts[2m > [22m[2mvendor order service[2m > [22m[2mshould allow PAID ΓåÆ PROCESSING transition
[22m[39mprisma:query db.Order.insertOne({ orderNumber: "WS-TEST-1775830852640-41DY", userId: "vendor-orders-test-buyer-trans1", vendorId: "vendor-orders-test-vendor-trans1", status: "PAID", shippingAddress: { firstName: "Test", lastName: "Buyer", phone: "+1234567890", street: "123 Test St", city: "Testville", state: "TS", country: "US", postalCode: "12345", }, subtotal: 3000, shipping: 0, discount: 0, total: 3000, createdAt: DateTime("2026-04-10 14:20:52.642 +00:00:00"), updatedAt: DateTime("2026-04-10 14:20:52.642 +00:00:00"), })

[90mstdout[2m | src/__tests__/vendor/vendor-orders.test.ts[2m > [22m[2mvendor order service[2m > [22m[2mshould allow PAID ΓåÆ PROCESSING transition
[22m[39mprisma:query db.OrderItem.insertOne({ orderId: ObjectId("69d907448abcf43d15c25812"), productId: ObjectId("69d907418abcf43d15c25811"), productName: "Trans Product 1", productImage: null, sku: null, variantName: null, quantity: 1, unitPrice: 3000, totalPrice: 3000, createdAt: DateTime("2026-04-10 14:20:52.642 +00:00:00"), })

[90mstdout[2m | src/__tests__/vendor/vendor-orders.test.ts[2m > [22m[2mvendor order service[2m > [22m[2mshould allow PAID ΓåÆ PROCESSING transition
[22m[39mprisma:query db.OrderStatusHistory.insertOne({ orderId: ObjectId("69d907448abcf43d15c25812"), status: "PAID", note: "Created with status PAID", createdAt: DateTime("2026-04-10 14:20:52.642 +00:00:00"), })

[90mstdout[2m | src/__tests__/vendor/vendor-orders.test.ts[2m > [22m[2mvendor order service[2m > [22m[2mshould allow PAID ΓåÆ PROCESSING transition
[22m[39mprisma:query db.Order.aggregate([ { $match: { $expr: { $and: [ { $and: [ { $eq: [ "$_id", { $literal: ObjectId("69d907448abcf43d15c25812"), }, ], }, { $ne: [ "$_id", "$$REMOVE", ], }, ], }, ], }, }, }, { $project: { _id: 1, orderNumber: 1, userId: 1, vendorId: 1, checkoutSessionId: 1, status: 1, shippingAddress: 1, billingAddress: 1, subtotal: 1, shipping: 1, discount: 1, total: 1, couponCode: 1, notes: 1, createdAt: 1, updatedAt: 1, paidAt: 1, shippedAt: 1, deliveredAt: 1, }, }, ])

[90mstdout[2m | src/__tests__/vendor/vendor-orders.test.ts[2m > [22m[2mvendor order service[2m > [22m[2mshould allow PAID ΓåÆ PROCESSING transition
[22m[39mprisma:query db.OrderItem.aggregate([ { $match: { $expr: { $and: [ { $or: [ { $eq: [ "$orderId", { $literal: ObjectId("69d907448abcf43d15c25812"), }, ], }, ], }, { $ne: [ "$orderId", "$$REMOVE", ], }, ], }, }, }, { $project: { _id: 1, orderId: 1, productId: 1, variantId: 1, productName: 1, productImage: 1, sku: 1, variantName: 1, quantity: 1, unitPrice: 1, totalPrice: 1, createdAt: 1, }, }, ])

[90mstdout[2m | src/__tests__/vendor/vendor-orders.test.ts[2m > [22m[2mvendor order service[2m > [22m[2mshould allow PAID ΓåÆ PROCESSING transition
[22m[39mprisma:query db.OrderStatusHistory.aggregate([ { $match: { $expr: { $and: [ { $or: [ { $eq: [ "$orderId", { $literal: ObjectId("69d907448abcf43d15c25812"), }, ], }, ], }, { $ne: [ "$orderId", "$$REMOVE", ], }, ], }, }, }, { $project: { _id: 1, orderId: 1, status: 1, note: 1, createdAt: 1, }, }, ])

[90mstdout[2m | src/__tests__/vendor/vendor-orders.test.ts[2m > [22m[2mvendor order service[2m > [22m[2mshould allow PAID ΓåÆ PROCESSING transition
[22m[39mprisma:query db.Order.aggregate([ { $match: { $expr: { $and: [ { $and: [ { $and: [ { $eq: [ "$_id", { $literal: ObjectId("69d907448abcf43d15c25812"), }, ], }, { $ne: [ "$_id", "$$REMOVE", ], }, ], }, ], }, { }, ], }, }, }, { $project: { _id: 1, orderNumber: 1, userId: 1, vendorId: 1, checkoutSessionId: 1, status: 1, shippingAddress: 1, billingAddress: 1, subtotal: 1, shipping: 1, discount: 1, total: 1, couponCode: 1, notes: 1, createdAt: 1, updatedAt: 1, paidAt: 1, shippedAt: 1, deliveredAt: 1, }, }, ])

[90mstdout[2m | src/__tests__/vendor/vendor-orders.test.ts[2m > [22m[2mvendor order service[2m > [22m[2mshould allow PAID ΓåÆ PROCESSING transition
[22m[39mprisma:query db.OrderItem.aggregate([ { $match: { $expr: { $and: [ { $or: [ { $eq: [ "$orderId", { $literal: ObjectId("69d907448abcf43d15c25812"), }, ], }, ], }, { $ne: [ "$orderId", "$$REMOVE", ], }, ], }, }, }, { $project: { _id: 1, orderId: 1, productId: 1, variantId: 1, productName: 1, productImage: 1, sku: 1, variantName: 1, quantity: 1, unitPrice: 1, totalPrice: 1, createdAt: 1, }, }, ])

[90mstdout[2m | src/__tests__/vendor/vendor-orders.test.ts[2m > [22m[2mvendor order service[2m > [22m[2mshould allow PAID ΓåÆ PROCESSING transition
[22m[39mprisma:query db.Order.aggregate([ { $match: { $expr: { $and: [ { $and: [ { $and: [ { $eq: [ "$_id", { $literal: ObjectId("69d907448abcf43d15c25812"), }, ], }, { $ne: [ "$_id", "$$REMOVE", ], }, ], }, ], }, { }, ], }, }, }, { $project: { _id: 1, }, }, ])

[90mstdout[2m | src/__tests__/vendor/vendor-orders.test.ts[2m > [22m[2mvendor order service[2m > [22m[2mshould allow PAID ΓåÆ PROCESSING transition
[22m[39mprisma:query db.Order.updateMany({ _id: { $in: [ ObjectId("69d907448abcf43d15c25812"), ], }, },[{ $set: { status: { $literal: "PROCESSING", }, }, },
{ $set: { updatedAt: { $literal: DateTime("2026-04-10 14:20:54.544 +00:00:00"), }, }, }])

[90mstdout[2m | src/__tests__/vendor/vendor-orders.test.ts[2m > [22m[2mvendor order service[2m > [22m[2mshould allow PAID ΓåÆ PROCESSING transition
[22m[39mprisma:query db.OrderStatusHistory.insertOne({ orderId: ObjectId("69d907448abcf43d15c25812"), status: "PROCESSING", note: "Started packing", createdAt: DateTime("2026-04-10 14:20:54.544 +00:00:00"), })

[90mstdout[2m | src/__tests__/vendor/vendor-orders.test.ts[2m > [22m[2mvendor order service[2m > [22m[2mshould allow PAID ΓåÆ PROCESSING transition
[22m[39mprisma:query db.Order.aggregate([ { $match: { $expr: { $and: [ { $and: [ { $eq: [ "$_id", { $literal: ObjectId("69d907448abcf43d15c25812"), }, ], }, { $ne: [ "$_id", "$$REMOVE", ], }, ], }, ], }, }, }, { $project: { _id: 1, orderNumber: 1, userId: 1, vendorId: 1, checkoutSessionId: 1, status: 1, shippingAddress: 1, billingAddress: 1, subtotal: 1, shipping: 1, discount: 1, total: 1, couponCode: 1, notes: 1, createdAt: 1, updatedAt: 1, paidAt: 1, shippedAt: 1, deliveredAt: 1, }, }, ])

[90mstdout[2m | src/__tests__/vendor/vendor-orders.test.ts[2m > [22m[2mvendor order service[2m > [22m[2mshould allow PAID ΓåÆ PROCESSING transition
[22m[39mprisma:query db.OrderItem.aggregate([ { $match: { $expr: { $and: [ { $or: [ { $eq: [ "$orderId", { $literal: ObjectId("69d907448abcf43d15c25812"), }, ], }, ], }, { $ne: [ "$orderId", "$$REMOVE", ], }, ], }, }, }, { $project: { _id: 1, orderId: 1, productId: 1, variantId: 1, productName: 1, productImage: 1, sku: 1, variantName: 1, quantity: 1, unitPrice: 1, totalPrice: 1, createdAt: 1, }, }, ])

[90mstdout[2m | src/__tests__/vendor/vendor-orders.test.ts[2m > [22m[2mvendor order service[2m > [22m[2mshould allow PAID ΓåÆ PROCESSING transition
[22m[39mprisma:query db.Product.aggregate([ { $match: { $expr: { $and: [ { $or: [ { $eq: [ "$_id", { $literal: ObjectId("69d907418abcf43d15c25811"), }, ], }, ], }, { $ne: [ "$_id", "$$REMOVE", ], }, ], }, }, }, { $project: { _id: 1, name: 1, slug: 1, description: 1, shortDesc: 1, stockKeepingUnit: 1, basePrice: 1, salePrice: 1, type: 1, categoryId: 1, vendorId: 1, approvalStatus: 1, brand: 1, tags: 1, images: 1, avgRating: 1, reviewCount: 1, stock: 1, lowStockThreshold: 1, isActive: 1, isFeatured: 1, isNewArrival: 1, createdAt: 1, updatedAt: 1, }, }, ])

[90mstdout[2m | src/__tests__/vendor/vendor-orders.test.ts[2m > [22m[2mvendor order service[2m > [22m[2mshould allow PAID ΓåÆ PROCESSING transition
[22m[39mprisma:query db.OrderStatusHistory.aggregate([ { $match: { $expr: { $and: [ { $or: [ { $eq: [ "$orderId", { $literal: ObjectId("69d907448abcf43d15c25812"), }, ], }, ], }, { $ne: [ "$orderId", "$$REMOVE", ], }, ], }, }, }, { $sort: { createdAt: -1, }, }, { $project: { _id: 1, orderId: 1, status: 1, note: 1, createdAt: 1, }, }, ])

[90mstdout[2m | src/__tests__/vendor/vendor-orders.test.ts[2m > [22m[2mvendor order service[2m > [22m[2mshould allow PAID ΓåÆ PROCESSING transition
[22m[39mprisma:query db.Order.aggregate([ { $match: { $expr: { $or: [ { $and: [ { $regexMatch: { input: "$userId", regex: "^vendor-orders-test", options: "", }, }, { $ne: [ "$userId", "$$REMOVE", ], }, ], }, { $and: [ { $regexMatch: { input: "$vendorId", regex: "^vendor-orders-test", options: "", }, }, { $ne: [ "$vendorId", "$$REMOVE", ], }, ], }, ], }, }, }, { $project: { _id: 1, }, }, ])

[90mstdout[2m | src/__tests__/vendor/vendor-orders.test.ts[2m > [22m[2mvendor order service[2m > [22m[2mshould allow PAID ΓåÆ PROCESSING transition
[22m[39mprisma:query db.OrderStatusHistory.aggregate([ { $match: { $expr: { $and: [ { $eq: [ "$orderId", { $literal: ObjectId("69d907448abcf43d15c25812"), }, ], }, { $ne: [ "$orderId", "$$REMOVE", ], }, ], }, }, }, { $project: { _id: 1, }, }, ])

[90mstdout[2m | src/__tests__/vendor/vendor-orders.test.ts[2m > [22m[2mvendor order service[2m > [22m[2mshould allow PAID ΓåÆ PROCESSING transition
[22m[39mprisma:query db.OrderStatusHistory.deleteMany({ _id: { $in: [ ObjectId("69d907458abcf43d15c25814"), ObjectId("69d907478abcf43d15c25815"), ], }, })

[90mstdout[2m | src/__tests__/vendor/vendor-orders.test.ts[2m > [22m[2mvendor order service[2m > [22m[2mshould allow PAID ΓåÆ PROCESSING transition
[22m[39mprisma:query db.OrderItem.aggregate([ { $match: { $expr: { $and: [ { $eq: [ "$orderId", { $literal: ObjectId("69d907448abcf43d15c25812"), }, ], }, { $ne: [ "$orderId", "$$REMOVE", ], }, ], }, }, }, { $project: { _id: 1, }, }, ])

[90mstdout[2m | src/__tests__/vendor/vendor-orders.test.ts[2m > [22m[2mvendor order service[2m > [22m[2mshould allow PAID ΓåÆ PROCESSING transition
[22m[39mprisma:query db.OrderItem.deleteMany({ _id: { $in: [ ObjectId("69d907448abcf43d15c25813"), ], }, })

[90mstdout[2m | src/__tests__/vendor/vendor-orders.test.ts[2m > [22m[2mvendor order service[2m > [22m[2mshould allow PAID ΓåÆ PROCESSING transition
[22m[39mprisma:query db.Order.aggregate([ { $match: { $expr: { $and: [ { $eq: [ "$_id", { $literal: ObjectId("69d907448abcf43d15c25812"), }, ], }, { $ne: [ "$_id", "$$REMOVE", ], }, ], }, }, }, { $project: { _id: 1, }, }, ])

[90mstdout[2m | src/__tests__/vendor/vendor-orders.test.ts[2m > [22m[2mvendor order service[2m > [22m[2mshould allow PAID ΓåÆ PROCESSING transition
[22m[39mprisma:query db.OrderStatusHistory.aggregate([ { $match: { $expr: { $and: [ { }, { $and: [ { $or: [ { $eq: [ "$orderId", { $literal: ObjectId("69d907448abcf43d15c25812"), }, ], }, ], }, { $ne: [ "$orderId", "$$REMOVE", ], }, ], }, ], }, }, }, { $project: { _id: 1, orderId: 1, }, }, ])

[90mstdout[2m | src/__tests__/vendor/vendor-orders.test.ts[2m > [22m[2mvendor order service[2m > [22m[2mshould allow PAID ΓåÆ PROCESSING transition
[22m[39mprisma:query db.OrderItem.aggregate([ { $match: { $expr: { $and: [ { }, { $and: [ { $or: [ { $eq: [ "$orderId", { $literal: ObjectId("69d907448abcf43d15c25812"), }, ], }, ], }, { $ne: [ "$orderId", "$$REMOVE", ], }, ], }, ], }, }, }, { $project: { _id: 1, orderId: 1, }, }, ])

[90mstdout[2m | src/__tests__/vendor/vendor-orders.test.ts[2m > [22m[2mvendor order service[2m > [22m[2mshould allow PAID ΓåÆ PROCESSING transition
[22m[39mprisma:query db.Order.deleteMany({ _id: { $in: [ ObjectId("69d907448abcf43d15c25812"), ], }, })

[90mstdout[2m | src/__tests__/vendor/vendor-orders.test.ts[2m > [22m[2mvendor order service[2m > [22m[2mshould allow PAID ΓåÆ PROCESSING transition
[22m[39mprisma:query db.Product.aggregate([ { $match: { $expr: { $and: [ { $regexMatch: { input: "$vendorId", regex: "^vendor-orders-test", options: "", }, }, { $ne: [ "$vendorId", "$$REMOVE", ], }, ], }, }, }, { $project: { _id: 1, }, }, ])

[90mstdout[2m | src/__tests__/vendor/vendor-orders.test.ts[2m > [22m[2mvendor order service[2m > [22m[2mshould allow PAID ΓåÆ PROCESSING transition
[22m[39mprisma:query db.DigitalAsset.aggregate([ { $match: { $expr: { $and: [ { }, { $and: [ { $or: [ { $eq: [ "$productId", { $literal: ObjectId("69d907418abcf43d15c25811"), }, ], }, ], }, { $ne: [ "$productId", "$$REMOVE", ], }, ], }, ], }, }, }, { $project: { _id: 1, productId: 1, }, }, ])

[90mstdout[2m | src/__tests__/vendor/vendor-orders.test.ts[2m > [22m[2mvendor order service[2m > [22m[2mshould allow PAID ΓåÆ PROCESSING transition
[22m[39mprisma:query db.WishlistItem.aggregate([ { $match: { $expr: { $and: [ { }, { $and: [ { $or: [ { $eq: [ "$productId", { $literal: ObjectId("69d907418abcf43d15c25811"), }, ], }, ], }, { $ne: [ "$productId", "$$REMOVE", ], }, ], }, ], }, }, }, { $project: { _id: 1, productId: 1, }, }, ])

[90mstdout[2m | src/__tests__/vendor/vendor-orders.test.ts[2m > [22m[2mvendor order service[2m > [22m[2mshould allow PAID ΓåÆ PROCESSING transition
[22m[39mprisma:query db.Review.aggregate([ { $match: { $expr: { $and: [ { }, { $and: [ { $or: [ { $eq: [ "$productId", { $literal: ObjectId("69d907418abcf43d15c25811"), }, ], }, ], }, { $ne: [ "$productId", "$$REMOVE", ], }, ], }, ], }, }, }, { $project: { _id: 1, productId: 1, }, }, ])

[90mstdout[2m | src/__tests__/vendor/vendor-orders.test.ts[2m > [22m[2mvendor order service[2m > [22m[2mshould allow PAID ΓåÆ PROCESSING transition
[22m[39mprisma:query db.OrderItem.aggregate([ { $match: { $expr: { $and: [ { }, { $and: [ { $or: [ { $eq: [ "$productId", { $literal: ObjectId("69d907418abcf43d15c25811"), }, ], }, ], }, { $ne: [ "$productId", "$$REMOVE", ], }, ], }, ], }, }, }, { $project: { _id: 1, productId: 1, }, }, ])

[90mstdout[2m | src/__tests__/vendor/vendor-orders.test.ts[2m > [22m[2mvendor order service[2m > [22m[2mshould allow PAID ΓåÆ PROCESSING transition
[22m[39mprisma:query db.CartItem.aggregate([ { $match: { $expr: { $and: [ { }, { $and: [ { $or: [ { $eq: [ "$productId", { $literal: ObjectId("69d907418abcf43d15c25811"), }, ], }, ], }, { $ne: [ "$productId", "$$REMOVE", ], }, ], }, ], }, }, }, { $project: { _id: 1, productId: 1, }, }, ])

[90mstdout[2m | src/__tests__/vendor/vendor-orders.test.ts[2m > [22m[2mvendor order service[2m > [22m[2mshould allow PAID ΓåÆ PROCESSING transition
[22m[39mprisma:query db.ProductVariant.aggregate([ { $match: { $expr: { $and: [ { }, { $and: [ { $or: [ { $eq: [ "$productId", { $literal: ObjectId("69d907418abcf43d15c25811"), }, ], }, ], }, { $ne: [ "$productId", "$$REMOVE", ], }, ], }, ], }, }, }, { $project: { _id: 1, productId: 1, }, }, ])

[90mstdout[2m | src/__tests__/vendor/vendor-orders.test.ts[2m > [22m[2mvendor order service[2m > [22m[2mshould allow PAID ΓåÆ PROCESSING transition
[22m[39mprisma:query db.Product.deleteMany({ _id: { $in: [ ObjectId("69d907418abcf43d15c25811"), ], }, })

[90mstdout[2m | src/__tests__/vendor/vendor-orders.test.ts[2m > [22m[2mvendor order service[2m > [22m[2mshould allow PAID ΓåÆ PROCESSING transition
[22m[39mprisma:query db.UserProfile.aggregate([ { $match: { $expr: { $and: [ { $regexMatch: { input: "$userId", regex: "^vendor-orders-test", options: "", }, }, { $ne: [ "$userId", "$$REMOVE", ], }, ], }, }, }, { $project: { _id: 1, }, }, ])

[90mstdout[2m | src/__tests__/vendor/vendor-orders.test.ts[2m > [22m[2mvendor order service[2m > [22m[2mshould allow PAID ΓåÆ PROCESSING transition
[22m[39mprisma:query db.UserProfile.deleteMany({ _id: { $in: [ ObjectId("69d9073d8abcf43d15c2580f"), ObjectId("69d9073e8abcf43d15c25810"), ], }, })

[90mstdout[2m | src/__tests__/vendor/vendor-orders.test.ts[2m > [22m[2mvendor order service[2m > [22m[2mshould allow PROCESSING ΓåÆ DELIVERED transition and set deliveredAt
[22m[39mprisma:query db.UserProfile.insertOne({ userId: "vendor-orders-test-vendor-trans2", email: "vendor-orders-test-vendor-trans2@test.com", firstName: "Test", lastName: "User", role: "CUSTOMER", isVendor: true, vendorStatus: "ACTIVE", storeName: "Trans Vendor 2", storeSlug: "trans-vendor-2", createdAt: DateTime("2026-04-10 14:21:10.88 +00:00:00"), updatedAt: DateTime("2026-04-10 14:21:10.88 +00:00:00"), })

[90mstdout[2m | src/__tests__/vendor/vendor-orders.test.ts[2m > [22m[2mvendor order service[2m > [22m[2mshould allow PROCESSING ΓåÆ DELIVERED transition and set deliveredAt
[22m[39mprisma:query db.UserProfile.aggregate([ { $match: { $expr: { $and: [ { $and: [ { $eq: [ "$_id", { $literal: ObjectId("69d907568abcf43d15c25816"), }, ], }, { $ne: [ "$_id", "$$REMOVE", ], }, ], }, ], }, }, }, { $project: { _id: 1, userId: 1, email: 1, firstName: 1, lastName: 1, phone: 1, avatar: 1, dateOfBirth: 1, gender: 1, role: 1, isVendor: 1, vendorStatus: 1, storeName: 1, storeSlug: 1, storeDescription: 1, vendorSince: 1, createdAt: 1, updatedAt: 1, }, }, ])

[90mstdout[2m | src/__tests__/vendor/vendor-orders.test.ts[2m > [22m[2mvendor order service[2m > [22m[2mshould allow PROCESSING ΓåÆ DELIVERED transition and set deliveredAt
[22m[39mprisma:query db.UserProfile.insertOne({ userId: "vendor-orders-test-buyer-trans2", email: "vendor-orders-test-buyer-trans2@test.com", firstName: "Test", lastName: "User", role: "CUSTOMER", isVendor: false, createdAt: DateTime("2026-04-10 14:21:12.161 +00:00:00"), updatedAt: DateTime("2026-04-10 14:21:12.161 +00:00:00"), })

[90mstdout[2m | src/__tests__/vendor/vendor-orders.test.ts[2m > [22m[2mvendor order service[2m > [22m[2mshould allow PROCESSING ΓåÆ DELIVERED transition and set deliveredAt
[22m[39mprisma:query db.UserProfile.aggregate([ { $match: { $expr: { $and: [ { $and: [ { $eq: [ "$_id", { $literal: ObjectId("69d907588abcf43d15c25817"), }, ], }, { $ne: [ "$_id", "$$REMOVE", ], }, ], }, ], }, }, }, { $project: { _id: 1, userId: 1, email: 1, firstName: 1, lastName: 1, phone: 1, avatar: 1, dateOfBirth: 1, gender: 1, role: 1, isVendor: 1, vendorStatus: 1, storeName: 1, storeSlug: 1, storeDescription: 1, vendorSince: 1, createdAt: 1, updatedAt: 1, }, }, ])

[90mstdout[2m | src/__tests__/vendor/vendor-orders.test.ts[2m > [22m[2mvendor order service[2m > [22m[2mshould allow PROCESSING ΓåÆ DELIVERED transition and set deliveredAt
[22m[39mprisma:query db.Product.insertOne({ name: "Trans Product 2", slug: "vendor-orders-test-trans-product-2-8", description: "Trans Product 2 description", stockKeepingUnit: "vendor-orders-test-SKU-1775830874805-8", basePrice: 2500, type: "PHYSICAL", vendorId: "vendor-orders-test-vendor-trans2", approvalStatus: "APPROVED", tags: [ ], images: [ ], avgRating: 0, reviewCount: 0, stock: 50, lowStockThreshold: 10, isActive: true, isFeatured: false, isNewArrival: true, createdAt: DateTime("2026-04-10 14:21:14.807 +00:00:00"), updatedAt: DateTime("2026-04-10 14:21:14.807 +00:00:00"), })

[90mstdout[2m | src/__tests__/vendor/vendor-orders.test.ts[2m > [22m[2mvendor order service[2m > [22m[2mshould allow PROCESSING ΓåÆ DELIVERED transition and set deliveredAt
[22m[39mprisma:query db.Product.aggregate([ { $match: { $expr: { $and: [ { $and: [ { $eq: [ "$_id", { $literal: ObjectId("69d9075a8abcf43d15c25818"), }, ], }, { $ne: [ "$_id", "$$REMOVE", ], }, ], }, ], }, }, }, { $project: { _id: 1, name: 1, slug: 1, description: 1, shortDesc: 1, stockKeepingUnit: 1, basePrice: 1, salePrice: 1, type: 1, categoryId: 1, vendorId: 1, approvalStatus: 1, brand: 1, tags: 1, images: 1, avgRating: 1, reviewCount: 1, stock: 1, lowStockThreshold: 1, isActive: 1, isFeatured: 1, isNewArrival: 1, createdAt: 1, updatedAt: 1, }, }, ])

[90mstdout[2m | src/__tests__/vendor/vendor-orders.test.ts[2m > [22m[2mvendor order service[2m > [22m[2mshould allow PROCESSING ΓåÆ DELIVERED transition and set deliveredAt
[22m[39mprisma:query db.Order.insertOne({ orderNumber: "WS-TEST-1775830875318-ESI2", userId: "vendor-orders-test-buyer-trans2", vendorId: "vendor-orders-test-vendor-trans2", status: "PROCESSING", shippingAddress: { firstName: "Test", lastName: "Buyer", phone: "+1234567890", street: "123 Test St", city: "Testville", state: "TS", country: "US", postalCode: "12345", }, subtotal: 2500, shipping: 0, discount: 0, total: 2500, createdAt: DateTime("2026-04-10 14:21:15.32 +00:00:00"), updatedAt: DateTime("2026-04-10 14:21:15.32 +00:00:00"), })

[90mstdout[2m | src/__tests__/vendor/vendor-orders.test.ts[2m > [22m[2mvendor order service[2m > [22m[2mshould allow PROCESSING ΓåÆ DELIVERED transition and set deliveredAt
[22m[39mprisma:query db.OrderItem.insertOne({ orderId: ObjectId("69d9075b8abcf43d15c25819"), productId: ObjectId("69d9075a8abcf43d15c25818"), productName: "Trans Product 2", productImage: null, sku: null, variantName: null, quantity: 1, unitPrice: 2500, totalPrice: 2500, createdAt: DateTime("2026-04-10 14:21:15.32 +00:00:00"), })

[90mstdout[2m | src/__tests__/vendor/vendor-orders.test.ts[2m > [22m[2mvendor order service[2m > [22m[2mshould allow PROCESSING ΓåÆ DELIVERED transition and set deliveredAt
[22m[39mprisma:query db.OrderStatusHistory.insertOne({ orderId: ObjectId("69d9075b8abcf43d15c25819"), status: "PROCESSING", note: "Created with status PROCESSING", createdAt: DateTime("2026-04-10 14:21:15.32 +00:00:00"), })

[90mstdout[2m | src/__tests__/vendor/vendor-orders.test.ts[2m > [22m[2mvendor order service[2m > [22m[2mshould allow PROCESSING ΓåÆ DELIVERED transition and set deliveredAt
[22m[39mprisma:query db.Order.aggregate([ { $match: { $expr: { $and: [ { $and: [ { $eq: [ "$_id", { $literal: ObjectId("69d9075b8abcf43d15c25819"), }, ], }, { $ne: [ "$_id", "$$REMOVE", ], }, ], }, ], }, }, }, { $project: { _id: 1, orderNumber: 1, userId: 1, vendorId: 1, checkoutSessionId: 1, status: 1, shippingAddress: 1, billingAddress: 1, subtotal: 1, shipping: 1, discount: 1, total: 1, couponCode: 1, notes: 1, createdAt: 1, updatedAt: 1, paidAt: 1, shippedAt: 1, deliveredAt: 1, }, }, ])

[90mstdout[2m | src/__tests__/vendor/vendor-orders.test.ts[2m > [22m[2mvendor order service[2m > [22m[2mshould allow PROCESSING ΓåÆ DELIVERED transition and set deliveredAt
[22m[39mprisma:query db.OrderItem.aggregate([ { $match: { $expr: { $and: [ { $or: [ { $eq: [ "$orderId", { $literal: ObjectId("69d9075b8abcf43d15c25819"), }, ], }, ], }, { $ne: [ "$orderId", "$$REMOVE", ], }, ], }, }, }, { $project: { _id: 1, orderId: 1, productId: 1, variantId: 1, productName: 1, productImage: 1, sku: 1, variantName: 1, quantity: 1, unitPrice: 1, totalPrice: 1, createdAt: 1, }, }, ])

[90mstdout[2m | src/__tests__/vendor/vendor-orders.test.ts[2m > [22m[2mvendor order service[2m > [22m[2mshould allow PROCESSING ΓåÆ DELIVERED transition and set deliveredAt
[22m[39mprisma:query db.OrderStatusHistory.aggregate([ { $match: { $expr: { $and: [ { $or: [ { $eq: [ "$orderId", { $literal: ObjectId("69d9075b8abcf43d15c25819"), }, ], }, ], }, { $ne: [ "$orderId", "$$REMOVE", ], }, ], }, }, }, { $project: { _id: 1, orderId: 1, status: 1, note: 1, createdAt: 1, }, }, ])

[90mstdout[2m | src/__tests__/vendor/vendor-orders.test.ts[2m > [22m[2mvendor order service[2m > [22m[2mshould allow PROCESSING ΓåÆ DELIVERED transition and set deliveredAt
[22m[39mprisma:query db.Order.aggregate([ { $match: { $expr: { $and: [ { $and: [ { $and: [ { $eq: [ "$_id", { $literal: ObjectId("69d9075b8abcf43d15c25819"), }, ], }, { $ne: [ "$_id", "$$REMOVE", ], }, ], }, ], }, { }, ], }, }, }, { $project: { _id: 1, orderNumber: 1, userId: 1, vendorId: 1, checkoutSessionId: 1, status: 1, shippingAddress: 1, billingAddress: 1, subtotal: 1, shipping: 1, discount: 1, total: 1, couponCode: 1, notes: 1, createdAt: 1, updatedAt: 1, paidAt: 1, shippedAt: 1, deliveredAt: 1, }, }, ])

[90mstdout[2m | src/__tests__/vendor/vendor-orders.test.ts[2m > [22m[2mvendor order service[2m > [22m[2mshould allow PROCESSING ΓåÆ DELIVERED transition and set deliveredAt
[22m[39mprisma:query db.OrderItem.aggregate([ { $match: { $expr: { $and: [ { $or: [ { $eq: [ "$orderId", { $literal: ObjectId("69d9075b8abcf43d15c25819"), }, ], }, ], }, { $ne: [ "$orderId", "$$REMOVE", ], }, ], }, }, }, { $project: { _id: 1, orderId: 1, productId: 1, variantId: 1, productName: 1, productImage: 1, sku: 1, variantName: 1, quantity: 1, unitPrice: 1, totalPrice: 1, createdAt: 1, }, }, ])

[90mstdout[2m | src/__tests__/vendor/vendor-orders.test.ts[2m > [22m[2mvendor order service[2m > [22m[2mshould allow PROCESSING ΓåÆ DELIVERED transition and set deliveredAt
[22m[39mprisma:query db.Order.aggregate([ { $match: { $expr: { $and: [ { $and: [ { $and: [ { $eq: [ "$_id", { $literal: ObjectId("69d9075b8abcf43d15c25819"), }, ], }, { $ne: [ "$_id", "$$REMOVE", ], }, ], }, ], }, { }, ], }, }, }, { $project: { _id: 1, }, }, ])

[90mstdout[2m | src/__tests__/vendor/vendor-orders.test.ts[2m > [22m[2mvendor order service[2m > [22m[2mshould allow PROCESSING ΓåÆ DELIVERED transition and set deliveredAt
[22m[39mprisma:query db.Order.updateMany({ _id: { $in: [ ObjectId("69d9075b8abcf43d15c25819"), ], }, },[{ $set: { status: { $literal: "DELIVERED", }, }, },
{ $set: { updatedAt: { $literal: DateTime("2026-04-10 14:21:19.645 +00:00:00"), }, }, },
{ $set: { deliveredAt: { $literal: DateTime("2026-04-10 14:21:19.642 +00:00:00"), }, }, }])

[90mstdout[2m | src/__tests__/vendor/vendor-orders.test.ts[2m > [22m[2mvendor order service[2m > [22m[2mshould allow PROCESSING ΓåÆ DELIVERED transition and set deliveredAt
[22m[39mprisma:query db.OrderStatusHistory.insertOne({ orderId: ObjectId("69d9075b8abcf43d15c25819"), status: "DELIVERED", note: "Status changed to DELIVERED by vendor", createdAt: DateTime("2026-04-10 14:21:19.645 +00:00:00"), })

[90mstdout[2m | src/__tests__/vendor/vendor-orders.test.ts[2m > [22m[2mvendor order service[2m > [22m[2mshould allow PROCESSING ΓåÆ DELIVERED transition and set deliveredAt
[22m[39mprisma:query db.Order.aggregate([ { $match: { $expr: { $and: [ { $and: [ { $eq: [ "$_id", { $literal: ObjectId("69d9075b8abcf43d15c25819"), }, ], }, { $ne: [ "$_id", "$$REMOVE", ], }, ], }, ], }, }, }, { $project: { _id: 1, orderNumber: 1, userId: 1, vendorId: 1, checkoutSessionId: 1, status: 1, shippingAddress: 1, billingAddress: 1, subtotal: 1, shipping: 1, discount: 1, total: 1, couponCode: 1, notes: 1, createdAt: 1, updatedAt: 1, paidAt: 1, shippedAt: 1, deliveredAt: 1, }, }, ])

[90mstdout[2m | src/__tests__/vendor/vendor-orders.test.ts[2m > [22m[2mvendor order service[2m > [22m[2mshould allow PROCESSING ΓåÆ DELIVERED transition and set deliveredAt
[22m[39mprisma:query db.OrderItem.aggregate([ { $match: { $expr: { $and: [ { $or: [ { $eq: [ "$orderId", { $literal: ObjectId("69d9075b8abcf43d15c25819"), }, ], }, ], }, { $ne: [ "$orderId", "$$REMOVE", ], }, ], }, }, }, { $project: { _id: 1, orderId: 1, productId: 1, variantId: 1, productName: 1, productImage: 1, sku: 1, variantName: 1, quantity: 1, unitPrice: 1, totalPrice: 1, createdAt: 1, }, }, ])

[90mstdout[2m | src/__tests__/vendor/vendor-orders.test.ts[2m > [22m[2mvendor order service[2m > [22m[2mshould allow PROCESSING ΓåÆ DELIVERED transition and set deliveredAt
[22m[39mprisma:query db.Product.aggregate([ { $match: { $expr: { $and: [ { $or: [ { $eq: [ "$_id", { $literal: ObjectId("69d9075a8abcf43d15c25818"), }, ], }, ], }, { $ne: [ "$_id", "$$REMOVE", ], }, ], }, }, }, { $project: { _id: 1, name: 1, slug: 1, description: 1, shortDesc: 1, stockKeepingUnit: 1, basePrice: 1, salePrice: 1, type: 1, categoryId: 1, vendorId: 1, approvalStatus: 1, brand: 1, tags: 1, images: 1, avgRating: 1, reviewCount: 1, stock: 1, lowStockThreshold: 1, isActive: 1, isFeatured: 1, isNewArrival: 1, createdAt: 1, updatedAt: 1, }, }, ])

[90mstdout[2m | src/__tests__/vendor/vendor-orders.test.ts[2m > [22m[2mvendor order service[2m > [22m[2mshould allow PROCESSING ΓåÆ DELIVERED transition and set deliveredAt
[22m[39mprisma:query db.OrderStatusHistory.aggregate([ { $match: { $expr: { $and: [ { $or: [ { $eq: [ "$orderId", { $literal: ObjectId("69d9075b8abcf43d15c25819"), }, ], }, ], }, { $ne: [ "$orderId", "$$REMOVE", ], }, ], }, }, }, { $sort: { createdAt: -1, }, }, { $project: { _id: 1, orderId: 1, status: 1, note: 1, createdAt: 1, }, }, ])

[90mstdout[2m | src/__tests__/vendor/vendor-orders.test.ts[2m > [22m[2mvendor order service[2m > [22m[2mshould allow PROCESSING ΓåÆ DELIVERED transition and set deliveredAt
[22m[39mprisma:query db.Order.aggregate([ { $match: { $expr: { $or: [ { $and: [ { $regexMatch: { input: "$userId", regex: "^vendor-orders-test", options: "", }, }, { $ne: [ "$userId", "$$REMOVE", ], }, ], }, { $and: [ { $regexMatch: { input: "$vendorId", regex: "^vendor-orders-test", options: "", }, }, { $ne: [ "$vendorId", "$$REMOVE", ], }, ], }, ], }, }, }, { $project: { _id: 1, }, }, ])

[90mstdout[2m | src/__tests__/vendor/vendor-orders.test.ts[2m > [22m[2mvendor order service[2m > [22m[2mshould allow PROCESSING ΓåÆ DELIVERED transition and set deliveredAt
[22m[39mprisma:query db.OrderStatusHistory.aggregate([ { $match: { $expr: { $and: [ { $eq: [ "$orderId", { $literal: ObjectId("69d9075b8abcf43d15c25819"), }, ], }, { $ne: [ "$orderId", "$$REMOVE", ], }, ], }, }, }, { $project: { _id: 1, }, }, ])

[90mstdout[2m | src/__tests__/vendor/vendor-orders.test.ts[2m > [22m[2mvendor order service[2m > [22m[2mshould allow PROCESSING ΓåÆ DELIVERED transition and set deliveredAt
[22m[39mprisma:query db.OrderStatusHistory.deleteMany({ _id: { $in: [ ObjectId("69d9075c8abcf43d15c2581b"), ObjectId("69d907608abcf43d15c2581c"), ], }, })

[90mstdout[2m | src/__tests__/vendor/vendor-orders.test.ts[2m > [22m[2mvendor order service[2m > [22m[2mshould allow PROCESSING ΓåÆ DELIVERED transition and set deliveredAt
[22m[39mprisma:query db.OrderItem.aggregate([ { $match: { $expr: { $and: [ { $eq: [ "$orderId", { $literal: ObjectId("69d9075b8abcf43d15c25819"), }, ], }, { $ne: [ "$orderId", "$$REMOVE", ], }, ], }, }, }, { $project: { _id: 1, }, }, ])

[90mstdout[2m | src/__tests__/vendor/vendor-orders.test.ts[2m > [22m[2mvendor order service[2m > [22m[2mshould allow PROCESSING ΓåÆ DELIVERED transition and set deliveredAt
[22m[39mprisma:query db.OrderItem.deleteMany({ _id: { $in: [ ObjectId("69d9075b8abcf43d15c2581a"), ], }, })

[90mstdout[2m | src/__tests__/vendor/vendor-orders.test.ts[2m > [22m[2mvendor order service[2m > [22m[2mshould allow PROCESSING ΓåÆ DELIVERED transition and set deliveredAt
[22m[39mprisma:query db.Order.aggregate([ { $match: { $expr: { $and: [ { $eq: [ "$_id", { $literal: ObjectId("69d9075b8abcf43d15c25819"), }, ], }, { $ne: [ "$_id", "$$REMOVE", ], }, ], }, }, }, { $project: { _id: 1, }, }, ])

[90mstdout[2m | src/__tests__/vendor/vendor-orders.test.ts[2m > [22m[2mvendor order service[2m > [22m[2mshould allow PROCESSING ΓåÆ DELIVERED transition and set deliveredAt
[22m[39mprisma:query db.OrderStatusHistory.aggregate([ { $match: { $expr: { $and: [ { }, { $and: [ { $or: [ { $eq: [ "$orderId", { $literal: ObjectId("69d9075b8abcf43d15c25819"), }, ], }, ], }, { $ne: [ "$orderId", "$$REMOVE", ], }, ], }, ], }, }, }, { $project: { _id: 1, orderId: 1, }, }, ])

[90mstdout[2m | src/__tests__/vendor/vendor-orders.test.ts[2m > [22m[2mvendor order service[2m > [22m[2mshould allow PROCESSING ΓåÆ DELIVERED transition and set deliveredAt
[22m[39mprisma:query db.OrderItem.aggregate([ { $match: { $expr: { $and: [ { }, { $and: [ { $or: [ { $eq: [ "$orderId", { $literal: ObjectId("69d9075b8abcf43d15c25819"), }, ], }, ], }, { $ne: [ "$orderId", "$$REMOVE", ], }, ], }, ], }, }, }, { $project: { _id: 1, orderId: 1, }, }, ])

[90mstdout[2m | src/__tests__/vendor/vendor-orders.test.ts[2m > [22m[2mvendor order service[2m > [22m[2mshould allow PROCESSING ΓåÆ DELIVERED transition and set deliveredAt
[22m[39mprisma:query db.Order.deleteMany({ _id: { $in: [ ObjectId("69d9075b8abcf43d15c25819"), ], }, })

[90mstdout[2m | src/__tests__/vendor/vendor-orders.test.ts[2m > [22m[2mvendor order service[2m > [22m[2mshould allow PROCESSING ΓåÆ DELIVERED transition and set deliveredAt
[22m[39mprisma:query db.Product.aggregate([ { $match: { $expr: { $and: [ { $regexMatch: { input: "$vendorId", regex: "^vendor-orders-test", options: "", }, }, { $ne: [ "$vendorId", "$$REMOVE", ], }, ], }, }, }, { $project: { _id: 1, }, }, ])

[90mstdout[2m | src/__tests__/vendor/vendor-orders.test.ts[2m > [22m[2mvendor order service[2m > [22m[2mshould allow PROCESSING ΓåÆ DELIVERED transition and set deliveredAt
[22m[39mprisma:query db.DigitalAsset.aggregate([ { $match: { $expr: { $and: [ { }, { $and: [ { $or: [ { $eq: [ "$productId", { $literal: ObjectId("69d9075a8abcf43d15c25818"), }, ], }, ], }, { $ne: [ "$productId", "$$REMOVE", ], }, ], }, ], }, }, }, { $project: { _id: 1, productId: 1, }, }, ])

[90mstdout[2m | src/__tests__/vendor/vendor-orders.test.ts[2m > [22m[2mvendor order service[2m > [22m[2mshould allow PROCESSING ΓåÆ DELIVERED transition and set deliveredAt
[22m[39mprisma:query db.WishlistItem.aggregate([ { $match: { $expr: { $and: [ { }, { $and: [ { $or: [ { $eq: [ "$productId", { $literal: ObjectId("69d9075a8abcf43d15c25818"), }, ], }, ], }, { $ne: [ "$productId", "$$REMOVE", ], }, ], }, ], }, }, }, { $project: { _id: 1, productId: 1, }, }, ])

[90mstdout[2m | src/__tests__/vendor/vendor-orders.test.ts[2m > [22m[2mvendor order service[2m > [22m[2mshould allow PROCESSING ΓåÆ DELIVERED transition and set deliveredAt
[22m[39mprisma:query db.Review.aggregate([ { $match: { $expr: { $and: [ { }, { $and: [ { $or: [ { $eq: [ "$productId", { $literal: ObjectId("69d9075a8abcf43d15c25818"), }, ], }, ], }, { $ne: [ "$productId", "$$REMOVE", ], }, ], }, ], }, }, }, { $project: { _id: 1, productId: 1, }, }, ])

[90mstdout[2m | src/__tests__/vendor/vendor-orders.test.ts[2m > [22m[2mvendor order service[2m > [22m[2mshould allow PROCESSING ΓåÆ DELIVERED transition and set deliveredAt
[22m[39mprisma:query db.OrderItem.aggregate([ { $match: { $expr: { $and: [ { }, { $and: [ { $or: [ { $eq: [ "$productId", { $literal: ObjectId("69d9075a8abcf43d15c25818"), }, ], }, ], }, { $ne: [ "$productId", "$$REMOVE", ], }, ], }, ], }, }, }, { $project: { _id: 1, productId: 1, }, }, ])

[90mstdout[2m | src/__tests__/vendor/vendor-orders.test.ts[2m > [22m[2mvendor order service[2m > [22m[2mshould allow PROCESSING ΓåÆ DELIVERED transition and set deliveredAt
[22m[39mprisma:query db.CartItem.aggregate([ { $match: { $expr: { $and: [ { }, { $and: [ { $or: [ { $eq: [ "$productId", { $literal: ObjectId("69d9075a8abcf43d15c25818"), }, ], }, ], }, { $ne: [ "$productId", "$$REMOVE", ], }, ], }, ], }, }, }, { $project: { _id: 1, productId: 1, }, }, ])

[90mstdout[2m | src/__tests__/vendor/vendor-orders.test.ts[2m > [22m[2mvendor order service[2m > [22m[2mshould allow PROCESSING ΓåÆ DELIVERED transition and set deliveredAt
[22m[39mprisma:query db.ProductVariant.aggregate([ { $match: { $expr: { $and: [ { }, { $and: [ { $or: [ { $eq: [ "$productId", { $literal: ObjectId("69d9075a8abcf43d15c25818"), }, ], }, ], }, { $ne: [ "$productId", "$$REMOVE", ], }, ], }, ], }, }, }, { $project: { _id: 1, productId: 1, }, }, ])

[90mstdout[2m | src/__tests__/vendor/vendor-orders.test.ts[2m > [22m[2mvendor order service[2m > [22m[2mshould allow PROCESSING ΓåÆ DELIVERED transition and set deliveredAt
[22m[39mprisma:query db.Product.deleteMany({ _id: { $in: [ ObjectId("69d9075a8abcf43d15c25818"), ], }, })

[90mstdout[2m | src/__tests__/vendor/vendor-orders.test.ts[2m > [22m[2mvendor order service[2m > [22m[2mshould allow PROCESSING ΓåÆ DELIVERED transition and set deliveredAt
[22m[39mprisma:query db.UserProfile.aggregate([ { $match: { $expr: { $and: [ { $regexMatch: { input: "$userId", regex: "^vendor-orders-test", options: "", }, }, { $ne: [ "$userId", "$$REMOVE", ], }, ], }, }, }, { $project: { _id: 1, }, }, ])

[90mstdout[2m | src/__tests__/vendor/vendor-orders.test.ts[2m > [22m[2mvendor order service[2m > [22m[2mshould allow PROCESSING ΓåÆ DELIVERED transition and set deliveredAt
[22m[39mprisma:query db.UserProfile.deleteMany({ _id: { $in: [ ObjectId("69d907568abcf43d15c25816"), ObjectId("69d907588abcf43d15c25817"), ], }, })

[90mstdout[2m | src/__tests__/vendor/vendor-orders.test.ts[2m > [22m[2mvendor order service[2m > [22m[2mshould reject invalid transition PAID ΓåÆ DELIVERED
[22m[39mprisma:query db.UserProfile.insertOne({ userId: "vendor-orders-test-vendor-trans3", email: "vendor-orders-test-vendor-trans3@test.com", firstName: "Test", lastName: "User", role: "CUSTOMER", isVendor: true, vendorStatus: "ACTIVE", storeName: "Trans Vendor 3", storeSlug: "trans-vendor-3", createdAt: DateTime("2026-04-10 14:21:31.226 +00:00:00"), updatedAt: DateTime("2026-04-10 14:21:31.226 +00:00:00"), })

[90mstdout[2m | src/__tests__/vendor/vendor-orders.test.ts[2m > [22m[2mvendor order service[2m > [22m[2mshould reject invalid transition PAID ΓåÆ DELIVERED
[22m[39mprisma:query db.UserProfile.aggregate([ { $match: { $expr: { $and: [ { $and: [ { $eq: [ "$_id", { $literal: ObjectId("69d9076b8abcf43d15c2581d"), }, ], }, { $ne: [ "$_id", "$$REMOVE", ], }, ], }, ], }, }, }, { $project: { _id: 1, userId: 1, email: 1, firstName: 1, lastName: 1, phone: 1, avatar: 1, dateOfBirth: 1, gender: 1, role: 1, isVendor: 1, vendorStatus: 1, storeName: 1, storeSlug: 1, storeDescription: 1, vendorSince: 1, createdAt: 1, updatedAt: 1, }, }, ])

[90mstdout[2m | src/__tests__/vendor/vendor-orders.test.ts[2m > [22m[2mvendor order service[2m > [22m[2mshould reject invalid transition PAID ΓåÆ DELIVERED
[22m[39mprisma:query db.UserProfile.insertOne({ userId: "vendor-orders-test-buyer-trans3", email: "vendor-orders-test-buyer-trans3@test.com", firstName: "Test", lastName: "User", role: "CUSTOMER", isVendor: false, createdAt: DateTime("2026-04-10 14:21:31.832 +00:00:00"), updatedAt: DateTime("2026-04-10 14:21:31.832 +00:00:00"), })

[90mstdout[2m | src/__tests__/vendor/vendor-orders.test.ts[2m > [22m[2mvendor order service[2m > [22m[2mshould reject invalid transition PAID ΓåÆ DELIVERED
[22m[39mprisma:query db.UserProfile.aggregate([ { $match: { $expr: { $and: [ { $and: [ { $eq: [ "$_id", { $literal: ObjectId("69d9076b8abcf43d15c2581e"), }, ], }, { $ne: [ "$_id", "$$REMOVE", ], }, ], }, ], }, }, }, { $project: { _id: 1, userId: 1, email: 1, firstName: 1, lastName: 1, phone: 1, avatar: 1, dateOfBirth: 1, gender: 1, role: 1, isVendor: 1, vendorStatus: 1, storeName: 1, storeSlug: 1, storeDescription: 1, vendorSince: 1, createdAt: 1, updatedAt: 1, }, }, ])

[90mstdout[2m | src/__tests__/vendor/vendor-orders.test.ts[2m > [22m[2mvendor order service[2m > [22m[2mshould reject invalid transition PAID ΓåÆ DELIVERED
[22m[39mprisma:query db.Product.insertOne({ name: "Trans Product 3", slug: "vendor-orders-test-trans-product-3-9", description: "Trans Product 3 description", stockKeepingUnit: "vendor-orders-test-SKU-1775830892662-9", basePrice: 1800, type: "PHYSICAL", vendorId: "vendor-orders-test-vendor-trans3", approvalStatus: "APPROVED", tags: [ ], images: [ ], avgRating: 0, reviewCount: 0, stock: 50, lowStockThreshold: 10, isActive: true, isFeatured: false, isNewArrival: true, createdAt: DateTime("2026-04-10 14:21:32.664 +00:00:00"), updatedAt: DateTime("2026-04-10 14:21:32.664 +00:00:00"), })

[90mstdout[2m | src/__tests__/vendor/vendor-orders.test.ts[2m > [22m[2mvendor order service[2m > [22m[2mshould reject invalid transition PAID ΓåÆ DELIVERED
[22m[39mprisma:query db.Product.aggregate([ { $match: { $expr: { $and: [ { $and: [ { $eq: [ "$_id", { $literal: ObjectId("69d9076c8abcf43d15c2581f"), }, ], }, { $ne: [ "$_id", "$$REMOVE", ], }, ], }, ], }, }, }, { $project: { _id: 1, name: 1, slug: 1, description: 1, shortDesc: 1, stockKeepingUnit: 1, basePrice: 1, salePrice: 1, type: 1, categoryId: 1, vendorId: 1, approvalStatus: 1, brand: 1, tags: 1, images: 1, avgRating: 1, reviewCount: 1, stock: 1, lowStockThreshold: 1, isActive: 1, isFeatured: 1, isNewArrival: 1, createdAt: 1, updatedAt: 1, }, }, ])

[90mstdout[2m | src/__tests__/vendor/vendor-orders.test.ts[2m > [22m[2mvendor order service[2m > [22m[2mshould reject invalid transition PAID ΓåÆ DELIVERED
[22m[39mprisma:query db.Order.insertOne({ orderNumber: "WS-TEST-1775830893183-CC47", userId: "vendor-orders-test-buyer-trans3", vendorId: "vendor-orders-test-vendor-trans3", status: "PAID", shippingAddress: { firstName: "Test", lastName: "Buyer", phone: "+1234567890", street: "123 Test St", city: "Testville", state: "TS", country: "US", postalCode: "12345", }, subtotal: 1800, shipping: 0, discount: 0, total: 1800, createdAt: DateTime("2026-04-10 14:21:33.185 +00:00:00"), updatedAt: DateTime("2026-04-10 14:21:33.185 +00:00:00"), })

[90mstdout[2m | src/__tests__/vendor/vendor-orders.test.ts[2m > [22m[2mvendor order service[2m > [22m[2mshould reject invalid transition PAID ΓåÆ DELIVERED
[22m[39mprisma:query db.OrderItem.insertOne({ orderId: ObjectId("69d9076d8abcf43d15c25820"), productId: ObjectId("69d9076c8abcf43d15c2581f"), productName: "Trans Product 3", productImage: null, sku: null, variantName: null, quantity: 1, unitPrice: 1800, totalPrice: 1800, createdAt: DateTime("2026-04-10 14:21:33.185 +00:00:00"), })

[90mstdout[2m | src/__tests__/vendor/vendor-orders.test.ts[2m > [22m[2mvendor order service[2m > [22m[2mshould reject invalid transition PAID ΓåÆ DELIVERED
[22m[39mprisma:query db.OrderStatusHistory.insertOne({ orderId: ObjectId("69d9076d8abcf43d15c25820"), status: "PAID", note: "Created with status PAID", createdAt: DateTime("2026-04-10 14:21:33.185 +00:00:00"), })

[90mstdout[2m | src/__tests__/vendor/vendor-orders.test.ts[2m > [22m[2mvendor order service[2m > [22m[2mshould reject invalid transition PAID ΓåÆ DELIVERED
[22m[39mprisma:query db.Order.aggregate([ { $match: { $expr: { $and: [ { $and: [ { $eq: [ "$_id", { $literal: ObjectId("69d9076d8abcf43d15c25820"), }, ], }, { $ne: [ "$_id", "$$REMOVE", ], }, ], }, ], }, }, }, { $project: { _id: 1, orderNumber: 1, userId: 1, vendorId: 1, checkoutSessionId: 1, status: 1, shippingAddress: 1, billingAddress: 1, subtotal: 1, shipping: 1, discount: 1, total: 1, couponCode: 1, notes: 1, createdAt: 1, updatedAt: 1, paidAt: 1, shippedAt: 1, deliveredAt: 1, }, }, ])

[90mstdout[2m | src/__tests__/vendor/vendor-orders.test.ts[2m > [22m[2mvendor order service[2m > [22m[2mshould reject invalid transition PAID ΓåÆ DELIVERED
[22m[39mprisma:query db.OrderItem.aggregate([ { $match: { $expr: { $and: [ { $or: [ { $eq: [ "$orderId", { $literal: ObjectId("69d9076d8abcf43d15c25820"), }, ], }, ], }, { $ne: [ "$orderId", "$$REMOVE", ], }, ], }, }, }, { $project: { _id: 1, orderId: 1, productId: 1, variantId: 1, productName: 1, productImage: 1, sku: 1, variantName: 1, quantity: 1, unitPrice: 1, totalPrice: 1, createdAt: 1, }, }, ])

[90mstdout[2m | src/__tests__/vendor/vendor-orders.test.ts[2m > [22m[2mvendor order service[2m > [22m[2mshould reject invalid transition PAID ΓåÆ DELIVERED
[22m[39mprisma:query db.OrderStatusHistory.aggregate([ { $match: { $expr: { $and: [ { $or: [ { $eq: [ "$orderId", { $literal: ObjectId("69d9076d8abcf43d15c25820"), }, ], }, ], }, { $ne: [ "$orderId", "$$REMOVE", ], }, ], }, }, }, { $project: { _id: 1, orderId: 1, status: 1, note: 1, createdAt: 1, }, }, ])

[90mstdout[2m | src/__tests__/vendor/vendor-orders.test.ts[2m > [22m[2mvendor order service[2m > [22m[2mshould reject invalid transition PAID ΓåÆ DELIVERED
[22m[39mprisma:query db.Order.aggregate([ { $match: { $expr: { $and: [ { $and: [ { $and: [ { $eq: [ "$_id", { $literal: ObjectId("69d9076d8abcf43d15c25820"), }, ], }, { $ne: [ "$_id", "$$REMOVE", ], }, ], }, ], }, { }, ], }, }, }, { $project: { _id: 1, orderNumber: 1, userId: 1, vendorId: 1, checkoutSessionId: 1, status: 1, shippingAddress: 1, billingAddress: 1, subtotal: 1, shipping: 1, discount: 1, total: 1, couponCode: 1, notes: 1, createdAt: 1, updatedAt: 1, paidAt: 1, shippedAt: 1, deliveredAt: 1, }, }, ])

[90mstdout[2m | src/__tests__/vendor/vendor-orders.test.ts[2m > [22m[2mvendor order service[2m > [22m[2mshould reject invalid transition PAID ΓåÆ DELIVERED
[22m[39mprisma:query db.OrderItem.aggregate([ { $match: { $expr: { $and: [ { $or: [ { $eq: [ "$orderId", { $literal: ObjectId("69d9076d8abcf43d15c25820"), }, ], }, ], }, { $ne: [ "$orderId", "$$REMOVE", ], }, ], }, }, }, { $project: { _id: 1, orderId: 1, productId: 1, variantId: 1, productName: 1, productImage: 1, sku: 1, variantName: 1, quantity: 1, unitPrice: 1, totalPrice: 1, createdAt: 1, }, }, ])

[90mstdout[2m | src/__tests__/vendor/vendor-orders.test.ts[2m > [22m[2mvendor order service[2m > [22m[2mshould reject invalid transition PAID ΓåÆ DELIVERED
[22m[39mprisma:query db.Order.aggregate([ { $match: { $expr: { $or: [ { $and: [ { $regexMatch: { input: "$userId", regex: "^vendor-orders-test", options: "", }, }, { $ne: [ "$userId", "$$REMOVE", ], }, ], }, { $and: [ { $regexMatch: { input: "$vendorId", regex: "^vendor-orders-test", options: "", }, }, { $ne: [ "$vendorId", "$$REMOVE", ], }, ], }, ], }, }, }, { $project: { _id: 1, }, }, ])

[90mstdout[2m | src/__tests__/vendor/vendor-orders.test.ts[2m > [22m[2mvendor order service[2m > [22m[2mshould reject invalid transition PAID ΓåÆ DELIVERED
[22m[39mprisma:query db.OrderStatusHistory.aggregate([ { $match: { $expr: { $and: [ { $eq: [ "$orderId", { $literal: ObjectId("69d9076d8abcf43d15c25820"), }, ], }, { $ne: [ "$orderId", "$$REMOVE", ], }, ], }, }, }, { $project: { _id: 1, }, }, ])

[90mstdout[2m | src/__tests__/vendor/vendor-orders.test.ts[2m > [22m[2mvendor order service[2m > [22m[2mshould reject invalid transition PAID ΓåÆ DELIVERED
[22m[39mprisma:query db.OrderStatusHistory.deleteMany({ _id: { $in: [ ObjectId("69d9076d8abcf43d15c25822"), ], }, })

[90mstdout[2m | src/__tests__/vendor/vendor-orders.test.ts[2m > [22m[2mvendor order service[2m > [22m[2mshould reject invalid transition PAID ΓåÆ DELIVERED
[22m[39mprisma:query db.OrderItem.aggregate([ { $match: { $expr: { $and: [ { $eq: [ "$orderId", { $literal: ObjectId("69d9076d8abcf43d15c25820"), }, ], }, { $ne: [ "$orderId", "$$REMOVE", ], }, ], }, }, }, { $project: { _id: 1, }, }, ])

[90mstdout[2m | src/__tests__/vendor/vendor-orders.test.ts[2m > [22m[2mvendor order service[2m > [22m[2mshould reject invalid transition PAID ΓåÆ DELIVERED
[22m[39mprisma:query db.OrderItem.deleteMany({ _id: { $in: [ ObjectId("69d9076d8abcf43d15c25821"), ], }, })

[90mstdout[2m | src/__tests__/vendor/vendor-orders.test.ts[2m > [22m[2mvendor order service[2m > [22m[2mshould reject invalid transition PAID ΓåÆ DELIVERED
[22m[39mprisma:query db.Order.aggregate([ { $match: { $expr: { $and: [ { $eq: [ "$_id", { $literal: ObjectId("69d9076d8abcf43d15c25820"), }, ], }, { $ne: [ "$_id", "$$REMOVE", ], }, ], }, }, }, { $project: { _id: 1, }, }, ])

[90mstdout[2m | src/__tests__/vendor/vendor-orders.test.ts[2m > [22m[2mvendor order service[2m > [22m[2mshould reject invalid transition PAID ΓåÆ DELIVERED
[22m[39mprisma:query db.OrderStatusHistory.aggregate([ { $match: { $expr: { $and: [ { }, { $and: [ { $or: [ { $eq: [ "$orderId", { $literal: ObjectId("69d9076d8abcf43d15c25820"), }, ], }, ], }, { $ne: [ "$orderId", "$$REMOVE", ], }, ], }, ], }, }, }, { $project: { _id: 1, orderId: 1, }, }, ])

[90mstdout[2m | src/__tests__/vendor/vendor-orders.test.ts[2m > [22m[2mvendor order service[2m > [22m[2mshould reject invalid transition PAID ΓåÆ DELIVERED
[22m[39mprisma:query db.OrderItem.aggregate([ { $match: { $expr: { $and: [ { }, { $and: [ { $or: [ { $eq: [ "$orderId", { $literal: ObjectId("69d9076d8abcf43d15c25820"), }, ], }, ], }, { $ne: [ "$orderId", "$$REMOVE", ], }, ], }, ], }, }, }, { $project: { _id: 1, orderId: 1, }, }, ])

[90mstdout[2m | src/__tests__/vendor/vendor-orders.test.ts[2m > [22m[2mvendor order service[2m > [22m[2mshould reject invalid transition PAID ΓåÆ DELIVERED
[22m[39mprisma:query db.Order.deleteMany({ _id: { $in: [ ObjectId("69d9076d8abcf43d15c25820"), ], }, })

[90mstdout[2m | src/__tests__/vendor/vendor-orders.test.ts[2m > [22m[2mvendor order service[2m > [22m[2mshould reject invalid transition PAID ΓåÆ DELIVERED
[22m[39mprisma:query db.Product.aggregate([ { $match: { $expr: { $and: [ { $regexMatch: { input: "$vendorId", regex: "^vendor-orders-test", options: "", }, }, { $ne: [ "$vendorId", "$$REMOVE", ], }, ], }, }, }, { $project: { _id: 1, }, }, ])

[90mstdout[2m | src/__tests__/vendor/vendor-orders.test.ts[2m > [22m[2mvendor order service[2m > [22m[2mshould reject invalid transition PAID ΓåÆ DELIVERED
[22m[39mprisma:query db.DigitalAsset.aggregate([ { $match: { $expr: { $and: [ { }, { $and: [ { $or: [ { $eq: [ "$productId", { $literal: ObjectId("69d9076c8abcf43d15c2581f"), }, ], }, ], }, { $ne: [ "$productId", "$$REMOVE", ], }, ], }, ], }, }, }, { $project: { _id: 1, productId: 1, }, }, ])

[90mstdout[2m | src/__tests__/vendor/vendor-orders.test.ts[2m > [22m[2mvendor order service[2m > [22m[2mshould reject invalid transition PAID ΓåÆ DELIVERED
[22m[39mprisma:query db.WishlistItem.aggregate([ { $match: { $expr: { $and: [ { }, { $and: [ { $or: [ { $eq: [ "$productId", { $literal: ObjectId("69d9076c8abcf43d15c2581f"), }, ], }, ], }, { $ne: [ "$productId", "$$REMOVE", ], }, ], }, ], }, }, }, { $project: { _id: 1, productId: 1, }, }, ])

[90mstdout[2m | src/__tests__/vendor/vendor-orders.test.ts[2m > [22m[2mvendor order service[2m > [22m[2mshould reject invalid transition PAID ΓåÆ DELIVERED
[22m[39mprisma:query db.Review.aggregate([ { $match: { $expr: { $and: [ { }, { $and: [ { $or: [ { $eq: [ "$productId", { $literal: ObjectId("69d9076c8abcf43d15c2581f"), }, ], }, ], }, { $ne: [ "$productId", "$$REMOVE", ], }, ], }, ], }, }, }, { $project: { _id: 1, productId: 1, }, }, ])

[90mstdout[2m | src/__tests__/vendor/vendor-orders.test.ts[2m > [22m[2mvendor order service[2m > [22m[2mshould reject invalid transition PAID ΓåÆ DELIVERED
[22m[39mprisma:query db.OrderItem.aggregate([ { $match: { $expr: { $and: [ { }, { $and: [ { $or: [ { $eq: [ "$productId", { $literal: ObjectId("69d9076c8abcf43d15c2581f"), }, ], }, ], }, { $ne: [ "$productId", "$$REMOVE", ], }, ], }, ], }, }, }, { $project: { _id: 1, productId: 1, }, }, ])

[90mstdout[2m | src/__tests__/vendor/vendor-orders.test.ts[2m > [22m[2mvendor order service[2m > [22m[2mshould reject invalid transition PAID ΓåÆ DELIVERED
[22m[39mprisma:query db.CartItem.aggregate([ { $match: { $expr: { $and: [ { }, { $and: [ { $or: [ { $eq: [ "$productId", { $literal: ObjectId("69d9076c8abcf43d15c2581f"), }, ], }, ], }, { $ne: [ "$productId", "$$REMOVE", ], }, ], }, ], }, }, }, { $project: { _id: 1, productId: 1, }, }, ])

[90mstdout[2m | src/__tests__/vendor/vendor-orders.test.ts[2m > [22m[2mvendor order service[2m > [22m[2mshould reject invalid transition PAID ΓåÆ DELIVERED
[22m[39mprisma:query db.ProductVariant.aggregate([ { $match: { $expr: { $and: [ { }, { $and: [ { $or: [ { $eq: [ "$productId", { $literal: ObjectId("69d9076c8abcf43d15c2581f"), }, ], }, ], }, { $ne: [ "$productId", "$$REMOVE", ], }, ], }, ], }, }, }, { $project: { _id: 1, productId: 1, }, }, ])

[90mstdout[2m | src/__tests__/vendor/vendor-orders.test.ts[2m > [22m[2mvendor order service[2m > [22m[2mshould reject invalid transition PAID ΓåÆ DELIVERED
[22m[39mprisma:query db.Product.deleteMany({ _id: { $in: [ ObjectId("69d9076c8abcf43d15c2581f"), ], }, })

[90mstdout[2m | src/__tests__/vendor/vendor-orders.test.ts[2m > [22m[2mvendor order service[2m > [22m[2mshould reject invalid transition PAID ΓåÆ DELIVERED
[22m[39mprisma:query db.UserProfile.aggregate([ { $match: { $expr: { $and: [ { $regexMatch: { input: "$userId", regex: "^vendor-orders-test", options: "", }, }, { $ne: [ "$userId", "$$REMOVE", ], }, ], }, }, }, { $project: { _id: 1, }, }, ])

[90mstdout[2m | src/__tests__/vendor/vendor-orders.test.ts[2m > [22m[2mvendor order service[2m > [22m[2mshould reject invalid transition PAID ΓåÆ DELIVERED
[22m[39mprisma:query db.UserProfile.deleteMany({ _id: { $in: [ ObjectId("69d9076b8abcf43d15c2581d"), ObjectId("69d9076b8abcf43d15c2581e"), ], }, })

[90mstdout[2m | src/__tests__/vendor/vendor-orders.test.ts[2m > [22m[2mvendor order service[2m > [22m[2mshould reject vendor updating another vendor's order status
[22m[39mprisma:query db.UserProfile.insertOne({ userId: "vendor-orders-test-vendor-auth1", email: "vendor-orders-test-vendor-auth1@test.com", firstName: "Test", lastName: "User", role: "CUSTOMER", isVendor: true, vendorStatus: "ACTIVE", storeName: "Auth Vendor 1", storeSlug: "auth-vendor-1", createdAt: DateTime("2026-04-10 14:21:39.887 +00:00:00"), updatedAt: DateTime("2026-04-10 14:21:39.887 +00:00:00"), })

[90mstdout[2m | src/__tests__/vendor/vendor-orders.test.ts[2m > [22m[2mvendor order service[2m > [22m[2mshould reject vendor updating another vendor's order status
[22m[39mprisma:query db.UserProfile.aggregate([ { $match: { $expr: { $and: [ { $and: [ { $eq: [ "$_id", { $literal: ObjectId("69d907738abcf43d15c25823"), }, ], }, { $ne: [ "$_id", "$$REMOVE", ], }, ], }, ], }, }, }, { $project: { _id: 1, userId: 1, email: 1, firstName: 1, lastName: 1, phone: 1, avatar: 1, dateOfBirth: 1, gender: 1, role: 1, isVendor: 1, vendorStatus: 1, storeName: 1, storeSlug: 1, storeDescription: 1, vendorSince: 1, createdAt: 1, updatedAt: 1, }, }, ])

[90mstdout[2m | src/__tests__/vendor/vendor-orders.test.ts[2m > [22m[2mvendor order service[2m > [22m[2mshould reject vendor updating another vendor's order status
[22m[39mprisma:query db.UserProfile.insertOne({ userId: "vendor-orders-test-vendor-auth2", email: "vendor-orders-test-vendor-auth2@test.com", firstName: "Test", lastName: "User", role: "CUSTOMER", isVendor: true, vendorStatus: "ACTIVE", storeName: "Auth Vendor 2", storeSlug: "auth-vendor-2", createdAt: DateTime("2026-04-10 14:21:40.363 +00:00:00"), updatedAt: DateTime("2026-04-10 14:21:40.363 +00:00:00"), })

[90mstdout[2m | src/__tests__/vendor/vendor-orders.test.ts[2m > [22m[2mvendor order service[2m > [22m[2mshould reject vendor updating another vendor's order status
[22m[39mprisma:query db.UserProfile.aggregate([ { $match: { $expr: { $and: [ { $and: [ { $eq: [ "$_id", { $literal: ObjectId("69d907748abcf43d15c25824"), }, ], }, { $ne: [ "$_id", "$$REMOVE", ], }, ], }, ], }, }, }, { $project: { _id: 1, userId: 1, email: 1, firstName: 1, lastName: 1, phone: 1, avatar: 1, dateOfBirth: 1, gender: 1, role: 1, isVendor: 1, vendorStatus: 1, storeName: 1, storeSlug: 1, storeDescription: 1, vendorSince: 1, createdAt: 1, updatedAt: 1, }, }, ])

[90mstdout[2m | src/__tests__/vendor/vendor-orders.test.ts[2m > [22m[2mvendor order service[2m > [22m[2mshould reject vendor updating another vendor's order status
[22m[39mprisma:query db.UserProfile.insertOne({ userId: "vendor-orders-test-buyer-auth", email: "vendor-orders-test-buyer-auth@test.com", firstName: "Test", lastName: "User", role: "CUSTOMER", isVendor: false, createdAt: DateTime("2026-04-10 14:21:40.982 +00:00:00"), updatedAt: DateTime("2026-04-10 14:21:40.982 +00:00:00"), })

[90mstdout[2m | src/__tests__/vendor/vendor-orders.test.ts[2m > [22m[2mvendor order service[2m > [22m[2mshould reject vendor updating another vendor's order status
[22m[39mprisma:query db.UserProfile.aggregate([ { $match: { $expr: { $and: [ { $and: [ { $eq: [ "$_id", { $literal: ObjectId("69d907748abcf43d15c25825"), }, ], }, { $ne: [ "$_id", "$$REMOVE", ], }, ], }, ], }, }, }, { $project: { _id: 1, userId: 1, email: 1, firstName: 1, lastName: 1, phone: 1, avatar: 1, dateOfBirth: 1, gender: 1, role: 1, isVendor: 1, vendorStatus: 1, storeName: 1, storeSlug: 1, storeDescription: 1, vendorSince: 1, createdAt: 1, updatedAt: 1, }, }, ])

[90mstdout[2m | src/__tests__/vendor/vendor-orders.test.ts[2m > [22m[2mvendor order service[2m > [22m[2mshould reject vendor updating another vendor's order status
[22m[39mprisma:query db.Product.insertOne({ name: "Auth Product", slug: "vendor-orders-test-auth-product-10", description: "Auth Product description", stockKeepingUnit: "vendor-orders-test-SKU-1775830901657-10", basePrice: 2000, type: "PHYSICAL", vendorId: "vendor-orders-test-vendor-auth1", approvalStatus: "APPROVED", tags: [ ], images: [ ], avgRating: 0, reviewCount: 0, stock: 50, lowStockThreshold: 10, isActive: true, isFeatured: false, isNewArrival: true, createdAt: DateTime("2026-04-10 14:21:41.658 +00:00:00"), updatedAt: DateTime("2026-04-10 14:21:41.658 +00:00:00"), })

[90mstdout[2m | src/__tests__/vendor/vendor-orders.test.ts[2m > [22m[2mvendor order service[2m > [22m[2mshould reject vendor updating another vendor's order status
[22m[39mprisma:query db.Product.aggregate([ { $match: { $expr: { $and: [ { $and: [ { $eq: [ "$_id", { $literal: ObjectId("69d907758abcf43d15c25826"), }, ], }, { $ne: [ "$_id", "$$REMOVE", ], }, ], }, ], }, }, }, { $project: { _id: 1, name: 1, slug: 1, description: 1, shortDesc: 1, stockKeepingUnit: 1, basePrice: 1, salePrice: 1, type: 1, categoryId: 1, vendorId: 1, approvalStatus: 1, brand: 1, tags: 1, images: 1, avgRating: 1, reviewCount: 1, stock: 1, lowStockThreshold: 1, isActive: 1, isFeatured: 1, isNewArrival: 1, createdAt: 1, updatedAt: 1, }, }, ])

[90mstdout[2m | src/__tests__/vendor/vendor-orders.test.ts[2m > [22m[2mvendor order service[2m > [22m[2mshould reject vendor updating another vendor's order status
[22m[39mprisma:query db.Order.insertOne({ orderNumber: "WS-TEST-1775830902263-5BY1", userId: "vendor-orders-test-buyer-auth", vendorId: "vendor-orders-test-vendor-auth1", status: "PAID", shippingAddress: { firstName: "Test", lastName: "Buyer", phone: "+1234567890", street: "123 Test St", city: "Testville", state: "TS", country: "US", postalCode: "12345", }, subtotal: 2000, shipping: 0, discount: 0, total: 2000, createdAt: DateTime("2026-04-10 14:21:42.265 +00:00:00"), updatedAt: DateTime("2026-04-10 14:21:42.265 +00:00:00"), })

[90mstdout[2m | src/__tests__/vendor/vendor-orders.test.ts[2m > [22m[2mvendor order service[2m > [22m[2mshould reject vendor updating another vendor's order status
[22m[39mprisma:query db.OrderItem.insertOne({ orderId: ObjectId("69d907768abcf43d15c25827"), productId: ObjectId("69d907758abcf43d15c25826"), productName: "Auth Product", productImage: null, sku: null, variantName: null, quantity: 1, unitPrice: 2000, totalPrice: 2000, createdAt: DateTime("2026-04-10 14:21:42.265 +00:00:00"), })

[90mstdout[2m | src/__tests__/vendor/vendor-orders.test.ts[2m > [22m[2mvendor order service[2m > [22m[2mshould reject vendor updating another vendor's order status
[22m[39mprisma:query db.OrderStatusHistory.insertOne({ orderId: ObjectId("69d907768abcf43d15c25827"), status: "PAID", note: "Created with status PAID", createdAt: DateTime("2026-04-10 14:21:42.265 +00:00:00"), })

[90mstdout[2m | src/__tests__/vendor/vendor-orders.test.ts[2m > [22m[2mvendor order service[2m > [22m[2mshould reject vendor updating another vendor's order status
[22m[39mprisma:query db.Order.aggregate([ { $match: { $expr: { $and: [ { $and: [ { $eq: [ "$_id", { $literal: ObjectId("69d907768abcf43d15c25827"), }, ], }, { $ne: [ "$_id", "$$REMOVE", ], }, ], }, ], }, }, }, { $project: { _id: 1, orderNumber: 1, userId: 1, vendorId: 1, checkoutSessionId: 1, status: 1, shippingAddress: 1, billingAddress: 1, subtotal: 1, shipping: 1, discount: 1, total: 1, couponCode: 1, notes: 1, createdAt: 1, updatedAt: 1, paidAt: 1, shippedAt: 1, deliveredAt: 1, }, }, ])

[90mstdout[2m | src/__tests__/vendor/vendor-orders.test.ts[2m > [22m[2mvendor order service[2m > [22m[2mshould reject vendor updating another vendor's order status
[22m[39mprisma:query db.OrderItem.aggregate([ { $match: { $expr: { $and: [ { $or: [ { $eq: [ "$orderId", { $literal: ObjectId("69d907768abcf43d15c25827"), }, ], }, ], }, { $ne: [ "$orderId", "$$REMOVE", ], }, ], }, }, }, { $project: { _id: 1, orderId: 1, productId: 1, variantId: 1, productName: 1, productImage: 1, sku: 1, variantName: 1, quantity: 1, unitPrice: 1, totalPrice: 1, createdAt: 1, }, }, ])

[90mstdout[2m | src/__tests__/vendor/vendor-orders.test.ts[2m > [22m[2mvendor order service[2m > [22m[2mshould reject vendor updating another vendor's order status
[22m[39mprisma:query db.OrderStatusHistory.aggregate([ { $match: { $expr: { $and: [ { $or: [ { $eq: [ "$orderId", { $literal: ObjectId("69d907768abcf43d15c25827"), }, ], }, ], }, { $ne: [ "$orderId", "$$REMOVE", ], }, ], }, }, }, { $project: { _id: 1, orderId: 1, status: 1, note: 1, createdAt: 1, }, }, ])

[90mstdout[2m | src/__tests__/vendor/vendor-orders.test.ts[2m > [22m[2mvendor order service[2m > [22m[2mshould reject vendor updating another vendor's order status
[22m[39mprisma:query db.Order.aggregate([ { $match: { $expr: { $and: [ { $and: [ { $and: [ { $eq: [ "$_id", { $literal: ObjectId("69d907768abcf43d15c25827"), }, ], }, { $ne: [ "$_id", "$$REMOVE", ], }, ], }, ], }, { }, ], }, }, }, { $project: { _id: 1, orderNumber: 1, userId: 1, vendorId: 1, checkoutSessionId: 1, status: 1, shippingAddress: 1, billingAddress: 1, subtotal: 1, shipping: 1, discount: 1, total: 1, couponCode: 1, notes: 1, createdAt: 1, updatedAt: 1, paidAt: 1, shippedAt: 1, deliveredAt: 1, }, }, ])

[90mstdout[2m | src/__tests__/vendor/vendor-orders.test.ts[2m > [22m[2mvendor order service[2m > [22m[2mshould reject vendor updating another vendor's order status
[22m[39mprisma:query db.OrderItem.aggregate([ { $match: { $expr: { $and: [ { $or: [ { $eq: [ "$orderId", { $literal: ObjectId("69d907768abcf43d15c25827"), }, ], }, ], }, { $ne: [ "$orderId", "$$REMOVE", ], }, ], }, }, }, { $project: { _id: 1, orderId: 1, productId: 1, variantId: 1, productName: 1, productImage: 1, sku: 1, variantName: 1, quantity: 1, unitPrice: 1, totalPrice: 1, createdAt: 1, }, }, ])

[90mstdout[2m | src/__tests__/vendor/vendor-orders.test.ts[2m > [22m[2mvendor order service[2m > [22m[2mshould reject vendor updating another vendor's order status
[22m[39mprisma:query db.Order.aggregate([ { $match: { $expr: { $or: [ { $and: [ { $regexMatch: { input: "$userId", regex: "^vendor-orders-test", options: "", }, }, { $ne: [ "$userId", "$$REMOVE", ], }, ], }, { $and: [ { $regexMatch: { input: "$vendorId", regex: "^vendor-orders-test", options: "", }, }, { $ne: [ "$vendorId", "$$REMOVE", ], }, ], }, ], }, }, }, { $project: { _id: 1, }, }, ])

[90mstdout[2m | src/__tests__/vendor/vendor-orders.test.ts[2m > [22m[2mvendor order service[2m > [22m[2mshould reject vendor updating another vendor's order status
[22m[39mprisma:query db.OrderStatusHistory.aggregate([ { $match: { $expr: { $and: [ { $eq: [ "$orderId", { $literal: ObjectId("69d907768abcf43d15c25827"), }, ], }, { $ne: [ "$orderId", "$$REMOVE", ], }, ], }, }, }, { $project: { _id: 1, }, }, ])

[90mstdout[2m | src/__tests__/vendor/vendor-orders.test.ts[2m > [22m[2mvendor order service[2m > [22m[2mshould reject vendor updating another vendor's order status
[22m[39mprisma:query db.OrderStatusHistory.deleteMany({ _id: { $in: [ ObjectId("69d907768abcf43d15c25829"), ], }, })

[90mstdout[2m | src/__tests__/vendor/vendor-orders.test.ts[2m > [22m[2mvendor order service[2m > [22m[2mshould reject vendor updating another vendor's order status
[22m[39mprisma:query db.OrderItem.aggregate([ { $match: { $expr: { $and: [ { $eq: [ "$orderId", { $literal: ObjectId("69d907768abcf43d15c25827"), }, ], }, { $ne: [ "$orderId", "$$REMOVE", ], }, ], }, }, }, { $project: { _id: 1, }, }, ])

[90mstdout[2m | src/__tests__/vendor/vendor-orders.test.ts[2m > [22m[2mvendor order service[2m > [22m[2mshould reject vendor updating another vendor's order status
[22m[39mprisma:query db.OrderItem.deleteMany({ _id: { $in: [ ObjectId("69d907768abcf43d15c25828"), ], }, })

[90mstdout[2m | src/__tests__/vendor/vendor-orders.test.ts[2m > [22m[2mvendor order service[2m > [22m[2mshould reject vendor updating another vendor's order status
[22m[39mprisma:query db.Order.aggregate([ { $match: { $expr: { $and: [ { $eq: [ "$_id", { $literal: ObjectId("69d907768abcf43d15c25827"), }, ], }, { $ne: [ "$_id", "$$REMOVE", ], }, ], }, }, }, { $project: { _id: 1, }, }, ])

[90mstdout[2m | src/__tests__/vendor/vendor-orders.test.ts[2m > [22m[2mvendor order service[2m > [22m[2mshould reject vendor updating another vendor's order status
[22m[39mprisma:query db.OrderStatusHistory.aggregate([ { $match: { $expr: { $and: [ { }, { $and: [ { $or: [ { $eq: [ "$orderId", { $literal: ObjectId("69d907768abcf43d15c25827"), }, ], }, ], }, { $ne: [ "$orderId", "$$REMOVE", ], }, ], }, ], }, }, }, { $project: { _id: 1, orderId: 1, }, }, ])

[90mstdout[2m | src/__tests__/vendor/vendor-orders.test.ts[2m > [22m[2mvendor order service[2m > [22m[2mshould reject vendor updating another vendor's order status
[22m[39mprisma:query db.OrderItem.aggregate([ { $match: { $expr: { $and: [ { }, { $and: [ { $or: [ { $eq: [ "$orderId", { $literal: ObjectId("69d907768abcf43d15c25827"), }, ], }, ], }, { $ne: [ "$orderId", "$$REMOVE", ], }, ], }, ], }, }, }, { $project: { _id: 1, orderId: 1, }, }, ])

[90mstdout[2m | src/__tests__/vendor/vendor-orders.test.ts[2m > [22m[2mvendor order service[2m > [22m[2mshould reject vendor updating another vendor's order status
[22m[39mprisma:query db.Order.deleteMany({ _id: { $in: [ ObjectId("69d907768abcf43d15c25827"), ], }, })

[90mstdout[2m | src/__tests__/vendor/vendor-orders.test.ts[2m > [22m[2mvendor order service[2m > [22m[2mshould reject vendor updating another vendor's order status
[22m[39mprisma:query db.Product.aggregate([ { $match: { $expr: { $and: [ { $regexMatch: { input: "$vendorId", regex: "^vendor-orders-test", options: "", }, }, { $ne: [ "$vendorId", "$$REMOVE", ], }, ], }, }, }, { $project: { _id: 1, }, }, ])

[90mstdout[2m | src/__tests__/vendor/vendor-orders.test.ts[2m > [22m[2mvendor order service[2m > [22m[2mshould reject vendor updating another vendor's order status
[22m[39mprisma:query db.DigitalAsset.aggregate([ { $match: { $expr: { $and: [ { }, { $and: [ { $or: [ { $eq: [ "$productId", { $literal: ObjectId("69d907758abcf43d15c25826"), }, ], }, ], }, { $ne: [ "$productId", "$$REMOVE", ], }, ], }, ], }, }, }, { $project: { _id: 1, productId: 1, }, }, ])

[90mstdout[2m | src/__tests__/vendor/vendor-orders.test.ts[2m > [22m[2mvendor order service[2m > [22m[2mshould reject vendor updating another vendor's order status
[22m[39mprisma:query db.WishlistItem.aggregate([ { $match: { $expr: { $and: [ { }, { $and: [ { $or: [ { $eq: [ "$productId", { $literal: ObjectId("69d907758abcf43d15c25826"), }, ], }, ], }, { $ne: [ "$productId", "$$REMOVE", ], }, ], }, ], }, }, }, { $project: { _id: 1, productId: 1, }, }, ])

[90mstdout[2m | src/__tests__/vendor/vendor-orders.test.ts[2m > [22m[2mvendor order service[2m > [22m[2mshould reject vendor updating another vendor's order status
[22m[39mprisma:query db.Review.aggregate([ { $match: { $expr: { $and: [ { }, { $and: [ { $or: [ { $eq: [ "$productId", { $literal: ObjectId("69d907758abcf43d15c25826"), }, ], }, ], }, { $ne: [ "$productId", "$$REMOVE", ], }, ], }, ], }, }, }, { $project: { _id: 1, productId: 1, }, }, ])

[90mstdout[2m | src/__tests__/vendor/vendor-orders.test.ts[2m > [22m[2mvendor order service[2m > [22m[2mshould reject vendor updating another vendor's order status
[22m[39mprisma:query db.OrderItem.aggregate([ { $match: { $expr: { $and: [ { }, { $and: [ { $or: [ { $eq: [ "$productId", { $literal: ObjectId("69d907758abcf43d15c25826"), }, ], }, ], }, { $ne: [ "$productId", "$$REMOVE", ], }, ], }, ], }, }, }, { $project: { _id: 1, productId: 1, }, }, ])

[90mstdout[2m | src/__tests__/vendor/vendor-orders.test.ts[2m > [22m[2mvendor order service[2m > [22m[2mshould reject vendor updating another vendor's order status
[22m[39mprisma:query db.CartItem.aggregate([ { $match: { $expr: { $and: [ { }, { $and: [ { $or: [ { $eq: [ "$productId", { $literal: ObjectId("69d907758abcf43d15c25826"), }, ], }, ], }, { $ne: [ "$productId", "$$REMOVE", ], }, ], }, ], }, }, }, { $project: { _id: 1, productId: 1, }, }, ])

[90mstdout[2m | src/__tests__/vendor/vendor-orders.test.ts[2m > [22m[2mvendor order service[2m > [22m[2mshould reject vendor updating another vendor's order status
[22m[39mprisma:query db.ProductVariant.aggregate([ { $match: { $expr: { $and: [ { }, { $and: [ { $or: [ { $eq: [ "$productId", { $literal: ObjectId("69d907758abcf43d15c25826"), }, ], }, ], }, { $ne: [ "$productId", "$$REMOVE", ], }, ], }, ], }, }, }, { $project: { _id: 1, productId: 1, }, }, ])

[90mstdout[2m | src/__tests__/vendor/vendor-orders.test.ts[2m > [22m[2mvendor order service[2m > [22m[2mshould reject vendor updating another vendor's order status
[22m[39mprisma:query db.Product.deleteMany({ _id: { $in: [ ObjectId("69d907758abcf43d15c25826"), ], }, })

[90mstdout[2m | src/__tests__/vendor/vendor-orders.test.ts[2m > [22m[2mvendor order service[2m > [22m[2mshould reject vendor updating another vendor's order status
[22m[39mprisma:query db.UserProfile.aggregate([ { $match: { $expr: { $and: [ { $regexMatch: { input: "$userId", regex: "^vendor-orders-test", options: "", }, }, { $ne: [ "$userId", "$$REMOVE", ], }, ], }, }, }, { $project: { _id: 1, }, }, ])

[90mstdout[2m | src/__tests__/vendor/vendor-orders.test.ts[2m > [22m[2mvendor order service[2m > [22m[2mshould reject vendor updating another vendor's order status
[22m[39mprisma:query db.UserProfile.deleteMany({ _id: { $in: [ ObjectId("69d907738abcf43d15c25823"), ObjectId("69d907748abcf43d15c25824"), ObjectId("69d907748abcf43d15c25825"), ], }, })

[90mstdout[2m | src/__tests__/vendor/vendor-orders.test.ts[2m > [22m[2mvendor order service[2m > [22m[2mshould reject transition from terminal state DELIVERED
[22m[39mprisma:query db.UserProfile.insertOne({ userId: "vendor-orders-test-vendor-term", email: "vendor-orders-test-vendor-term@test.com", firstName: "Test", lastName: "User", role: "CUSTOMER", isVendor: true, vendorStatus: "ACTIVE", storeName: "Term Vendor", storeSlug: "term-vendor", createdAt: DateTime("2026-04-10 14:21:50.607 +00:00:00"), updatedAt: DateTime("2026-04-10 14:21:50.607 +00:00:00"), })

[90mstdout[2m | src/__tests__/vendor/vendor-orders.test.ts[2m > [22m[2mvendor order service[2m > [22m[2mshould reject transition from terminal state DELIVERED
[22m[39mprisma:query db.UserProfile.aggregate([ { $match: { $expr: { $and: [ { $and: [ { $eq: [ "$_id", { $literal: ObjectId("69d9077e8abcf43d15c2582a"), }, ], }, { $ne: [ "$_id", "$$REMOVE", ], }, ], }, ], }, }, }, { $project: { _id: 1, userId: 1, email: 1, firstName: 1, lastName: 1, phone: 1, avatar: 1, dateOfBirth: 1, gender: 1, role: 1, isVendor: 1, vendorStatus: 1, storeName: 1, storeSlug: 1, storeDescription: 1, vendorSince: 1, createdAt: 1, updatedAt: 1, }, }, ])

[90mstdout[2m | src/__tests__/vendor/vendor-orders.test.ts[2m > [22m[2mvendor order service[2m > [22m[2mshould reject transition from terminal state DELIVERED
[22m[39mprisma:query db.UserProfile.insertOne({ userId: "vendor-orders-test-buyer-term", email: "vendor-orders-test-buyer-term@test.com", firstName: "Test", lastName: "User", role: "CUSTOMER", isVendor: false, createdAt: DateTime("2026-04-10 14:21:51.275 +00:00:00"), updatedAt: DateTime("2026-04-10 14:21:51.275 +00:00:00"), })

[90mstdout[2m | src/__tests__/vendor/vendor-orders.test.ts[2m > [22m[2mvendor order service[2m > [22m[2mshould reject transition from terminal state DELIVERED
[22m[39mprisma:query db.UserProfile.aggregate([ { $match: { $expr: { $and: [ { $and: [ { $eq: [ "$_id", { $literal: ObjectId("69d9077f8abcf43d15c2582b"), }, ], }, { $ne: [ "$_id", "$$REMOVE", ], }, ], }, ], }, }, }, { $project: { _id: 1, userId: 1, email: 1, firstName: 1, lastName: 1, phone: 1, avatar: 1, dateOfBirth: 1, gender: 1, role: 1, isVendor: 1, vendorStatus: 1, storeName: 1, storeSlug: 1, storeDescription: 1, vendorSince: 1, createdAt: 1, updatedAt: 1, }, }, ])

[90mstdout[2m | src/__tests__/vendor/vendor-orders.test.ts[2m > [22m[2mvendor order service[2m > [22m[2mshould reject transition from terminal state DELIVERED
[22m[39mprisma:query db.Product.insertOne({ name: "Term Product", slug: "vendor-orders-test-term-product-11", description: "Term Product description", stockKeepingUnit: "vendor-orders-test-SKU-1775830911880-11", basePrice: 1500, type: "PHYSICAL", vendorId: "vendor-orders-test-vendor-term", approvalStatus: "APPROVED", tags: [ ], images: [ ], avgRating: 0, reviewCount: 0, stock: 50, lowStockThreshold: 10, isActive: true, isFeatured: false, isNewArrival: true, createdAt: DateTime("2026-04-10 14:21:51.881 +00:00:00"), updatedAt: DateTime("2026-04-10 14:21:51.881 +00:00:00"), })

[90mstdout[2m | src/__tests__/vendor/vendor-orders.test.ts[2m > [22m[2mvendor order service[2m > [22m[2mshould reject transition from terminal state DELIVERED
[22m[39mprisma:query db.Product.aggregate([ { $match: { $expr: { $and: [ { $and: [ { $eq: [ "$_id", { $literal: ObjectId("69d9077f8abcf43d15c2582c"), }, ], }, { $ne: [ "$_id", "$$REMOVE", ], }, ], }, ], }, }, }, { $project: { _id: 1, name: 1, slug: 1, description: 1, shortDesc: 1, stockKeepingUnit: 1, basePrice: 1, salePrice: 1, type: 1, categoryId: 1, vendorId: 1, approvalStatus: 1, brand: 1, tags: 1, images: 1, avgRating: 1, reviewCount: 1, stock: 1, lowStockThreshold: 1, isActive: 1, isFeatured: 1, isNewArrival: 1, createdAt: 1, updatedAt: 1, }, }, ])

[90mstdout[2m | src/__tests__/vendor/vendor-orders.test.ts[2m > [22m[2mvendor order service[2m > [22m[2mshould reject transition from terminal state DELIVERED
[22m[39mprisma:query db.Order.insertOne({ orderNumber: "WS-TEST-1775830912462-V4KT", userId: "vendor-orders-test-buyer-term", vendorId: "vendor-orders-test-vendor-term", status: "DELIVERED", shippingAddress: { firstName: "Test", lastName: "Buyer", phone: "+1234567890", street: "123 Test St", city: "Testville", state: "TS", country: "US", postalCode: "12345", }, subtotal: 1500, shipping: 0, discount: 0, total: 1500, createdAt: DateTime("2026-04-10 14:21:52.464 +00:00:00"), updatedAt: DateTime("2026-04-10 14:21:52.464 +00:00:00"), })

[90mstdout[2m | src/__tests__/vendor/vendor-orders.test.ts[2m > [22m[2mvendor order service[2m > [22m[2mshould reject transition from terminal state DELIVERED
[22m[39mprisma:query db.OrderItem.insertOne({ orderId: ObjectId("69d907808abcf43d15c2582d"), productId: ObjectId("69d9077f8abcf43d15c2582c"), productName: "Term Product", productImage: null, sku: null, variantName: null, quantity: 1, unitPrice: 1500, totalPrice: 1500, createdAt: DateTime("2026-04-10 14:21:52.464 +00:00:00"), })

[90mstdout[2m | src/__tests__/vendor/vendor-orders.test.ts[2m > [22m[2mvendor order service[2m > [22m[2mshould reject transition from terminal state DELIVERED
[22m[39mprisma:query db.OrderStatusHistory.insertOne({ orderId: ObjectId("69d907808abcf43d15c2582d"), status: "DELIVERED", note: "Created with status DELIVERED", createdAt: DateTime("2026-04-10 14:21:52.464 +00:00:00"), })

[90mstdout[2m | src/__tests__/vendor/vendor-orders.test.ts[2m > [22m[2mvendor order service[2m > [22m[2mshould reject transition from terminal state DELIVERED
[22m[39mprisma:query db.Order.aggregate([ { $match: { $expr: { $and: [ { $and: [ { $eq: [ "$_id", { $literal: ObjectId("69d907808abcf43d15c2582d"), }, ], }, { $ne: [ "$_id", "$$REMOVE", ], }, ], }, ], }, }, }, { $project: { _id: 1, orderNumber: 1, userId: 1, vendorId: 1, checkoutSessionId: 1, status: 1, shippingAddress: 1, billingAddress: 1, subtotal: 1, shipping: 1, discount: 1, total: 1, couponCode: 1, notes: 1, createdAt: 1, updatedAt: 1, paidAt: 1, shippedAt: 1, deliveredAt: 1, }, }, ])

[90mstdout[2m | src/__tests__/vendor/vendor-orders.test.ts[2m > [22m[2mvendor order service[2m > [22m[2mshould reject transition from terminal state DELIVERED
[22m[39mprisma:query db.OrderItem.aggregate([ { $match: { $expr: { $and: [ { $or: [ { $eq: [ "$orderId", { $literal: ObjectId("69d907808abcf43d15c2582d"), }, ], }, ], }, { $ne: [ "$orderId", "$$REMOVE", ], }, ], }, }, }, { $project: { _id: 1, orderId: 1, productId: 1, variantId: 1, productName: 1, productImage: 1, sku: 1, variantName: 1, quantity: 1, unitPrice: 1, totalPrice: 1, createdAt: 1, }, }, ])

[90mstdout[2m | src/__tests__/vendor/vendor-orders.test.ts[2m > [22m[2mvendor order service[2m > [22m[2mshould reject transition from terminal state DELIVERED
[22m[39mprisma:query db.OrderStatusHistory.aggregate([ { $match: { $expr: { $and: [ { $or: [ { $eq: [ "$orderId", { $literal: ObjectId("69d907808abcf43d15c2582d"), }, ], }, ], }, { $ne: [ "$orderId", "$$REMOVE", ], }, ], }, }, }, { $project: { _id: 1, orderId: 1, status: 1, note: 1, createdAt: 1, }, }, ])

[90mstdout[2m | src/__tests__/vendor/vendor-orders.test.ts[2m > [22m[2mvendor order service[2m > [22m[2mshould reject transition from terminal state DELIVERED
[22m[39mprisma:query db.Order.aggregate([ { $match: { $expr: { $and: [ { $and: [ { $and: [ { $eq: [ "$_id", { $literal: ObjectId("69d907808abcf43d15c2582d"), }, ], }, { $ne: [ "$_id", "$$REMOVE", ], }, ], }, ], }, { }, ], }, }, }, { $project: { _id: 1, orderNumber: 1, userId: 1, vendorId: 1, checkoutSessionId: 1, status: 1, shippingAddress: 1, billingAddress: 1, subtotal: 1, shipping: 1, discount: 1, total: 1, couponCode: 1, notes: 1, createdAt: 1, updatedAt: 1, paidAt: 1, shippedAt: 1, deliveredAt: 1, }, }, ])

[90mstdout[2m | src/__tests__/vendor/vendor-orders.test.ts[2m > [22m[2mvendor order service[2m > [22m[2mshould reject transition from terminal state DELIVERED
[22m[39mprisma:query db.OrderItem.aggregate([ { $match: { $expr: { $and: [ { $or: [ { $eq: [ "$orderId", { $literal: ObjectId("69d907808abcf43d15c2582d"), }, ], }, ], }, { $ne: [ "$orderId", "$$REMOVE", ], }, ], }, }, }, { $project: { _id: 1, orderId: 1, productId: 1, variantId: 1, productName: 1, productImage: 1, sku: 1, variantName: 1, quantity: 1, unitPrice: 1, totalPrice: 1, createdAt: 1, }, }, ])

[90mstdout[2m | src/__tests__/vendor/vendor-orders.test.ts[2m > [22m[2mvendor order service[2m > [22m[2mshould reject transition from terminal state DELIVERED
[22m[39mprisma:query db.Order.aggregate([ { $match: { $expr: { $or: [ { $and: [ { $regexMatch: { input: "$userId", regex: "^vendor-orders-test", options: "", }, }, { $ne: [ "$userId", "$$REMOVE", ], }, ], }, { $and: [ { $regexMatch: { input: "$vendorId", regex: "^vendor-orders-test", options: "", }, }, { $ne: [ "$vendorId", "$$REMOVE", ], }, ], }, ], }, }, }, { $project: { _id: 1, }, }, ])

[90mstdout[2m | src/__tests__/vendor/vendor-orders.test.ts[2m > [22m[2mvendor order service[2m > [22m[2mshould reject transition from terminal state DELIVERED
[22m[39mprisma:query db.OrderStatusHistory.aggregate([ { $match: { $expr: { $and: [ { $eq: [ "$orderId", { $literal: ObjectId("69d907808abcf43d15c2582d"), }, ], }, { $ne: [ "$orderId", "$$REMOVE", ], }, ], }, }, }, { $project: { _id: 1, }, }, ])

[90mstdout[2m | src/__tests__/vendor/vendor-orders.test.ts[2m > [22m[2mvendor order service[2m > [22m[2mshould reject transition from terminal state DELIVERED
[22m[39mprisma:query db.OrderStatusHistory.deleteMany({ _id: { $in: [ ObjectId("69d907808abcf43d15c2582f"), ], }, })

[90mstdout[2m | src/__tests__/vendor/vendor-orders.test.ts[2m > [22m[2mvendor order service[2m > [22m[2mshould reject transition from terminal state DELIVERED
[22m[39mprisma:query db.OrderItem.aggregate([ { $match: { $expr: { $and: [ { $eq: [ "$orderId", { $literal: ObjectId("69d907808abcf43d15c2582d"), }, ], }, { $ne: [ "$orderId", "$$REMOVE", ], }, ], }, }, }, { $project: { _id: 1, }, }, ])

[90mstdout[2m | src/__tests__/vendor/vendor-orders.test.ts[2m > [22m[2mvendor order service[2m > [22m[2mshould reject transition from terminal state DELIVERED
[22m[39mprisma:query db.OrderItem.deleteMany({ _id: { $in: [ ObjectId("69d907808abcf43d15c2582e"), ], }, })

[90mstdout[2m | src/__tests__/vendor/vendor-orders.test.ts[2m > [22m[2mvendor order service[2m > [22m[2mshould reject transition from terminal state DELIVERED
[22m[39mprisma:query db.Order.aggregate([ { $match: { $expr: { $and: [ { $eq: [ "$_id", { $literal: ObjectId("69d907808abcf43d15c2582d"), }, ], }, { $ne: [ "$_id", "$$REMOVE", ], }, ], }, }, }, { $project: { _id: 1, }, }, ])

[90mstdout[2m | src/__tests__/vendor/vendor-orders.test.ts[2m > [22m[2mvendor order service[2m > [22m[2mshould reject transition from terminal state DELIVERED
[22m[39mprisma:query db.OrderStatusHistory.aggregate([ { $match: { $expr: { $and: [ { }, { $and: [ { $or: [ { $eq: [ "$orderId", { $literal: ObjectId("69d907808abcf43d15c2582d"), }, ], }, ], }, { $ne: [ "$orderId", "$$REMOVE", ], }, ], }, ], }, }, }, { $project: { _id: 1, orderId: 1, }, }, ])

[90mstdout[2m | src/__tests__/vendor/vendor-orders.test.ts[2m > [22m[2mvendor order service[2m > [22m[2mshould reject transition from terminal state DELIVERED
[22m[39mprisma:query db.OrderItem.aggregate([ { $match: { $expr: { $and: [ { }, { $and: [ { $or: [ { $eq: [ "$orderId", { $literal: ObjectId("69d907808abcf43d15c2582d"), }, ], }, ], }, { $ne: [ "$orderId", "$$REMOVE", ], }, ], }, ], }, }, }, { $project: { _id: 1, orderId: 1, }, }, ])

[90mstdout[2m | src/__tests__/vendor/vendor-orders.test.ts[2m > [22m[2mvendor order service[2m > [22m[2mshould reject transition from terminal state DELIVERED
[22m[39mprisma:query db.Order.deleteMany({ _id: { $in: [ ObjectId("69d907808abcf43d15c2582d"), ], }, })

[90mstdout[2m | src/__tests__/vendor/vendor-orders.test.ts[2m > [22m[2mvendor order service[2m > [22m[2mshould reject transition from terminal state DELIVERED
[22m[39mprisma:query db.Product.aggregate([ { $match: { $expr: { $and: [ { $regexMatch: { input: "$vendorId", regex: "^vendor-orders-test", options: "", }, }, { $ne: [ "$vendorId", "$$REMOVE", ], }, ], }, }, }, { $project: { _id: 1, }, }, ])

[90mstdout[2m | src/__tests__/vendor/vendor-orders.test.ts[2m > [22m[2mvendor order service[2m > [22m[2mshould reject transition from terminal state DELIVERED
[22m[39mprisma:query db.DigitalAsset.aggregate([ { $match: { $expr: { $and: [ { }, { $and: [ { $or: [ { $eq: [ "$productId", { $literal: ObjectId("69d9077f8abcf43d15c2582c"), }, ], }, ], }, { $ne: [ "$productId", "$$REMOVE", ], }, ], }, ], }, }, }, { $project: { _id: 1, productId: 1, }, }, ])

[90mstdout[2m | src/__tests__/vendor/vendor-orders.test.ts[2m > [22m[2mvendor order service[2m > [22m[2mshould reject transition from terminal state DELIVERED
[22m[39mprisma:query db.WishlistItem.aggregate([ { $match: { $expr: { $and: [ { }, { $and: [ { $or: [ { $eq: [ "$productId", { $literal: ObjectId("69d9077f8abcf43d15c2582c"), }, ], }, ], }, { $ne: [ "$productId", "$$REMOVE", ], }, ], }, ], }, }, }, { $project: { _id: 1, productId: 1, }, }, ])

[90mstdout[2m | src/__tests__/vendor/vendor-orders.test.ts[2m > [22m[2mvendor order service[2m > [22m[2mshould reject transition from terminal state DELIVERED
[22m[39mprisma:query db.Review.aggregate([ { $match: { $expr: { $and: [ { }, { $and: [ { $or: [ { $eq: [ "$productId", { $literal: ObjectId("69d9077f8abcf43d15c2582c"), }, ], }, ], }, { $ne: [ "$productId", "$$REMOVE", ], }, ], }, ], }, }, }, { $project: { _id: 1, productId: 1, }, }, ])

[90mstdout[2m | src/__tests__/vendor/vendor-orders.test.ts[2m > [22m[2mvendor order service[2m > [22m[2mshould reject transition from terminal state DELIVERED
[22m[39mprisma:query db.OrderItem.aggregate([ { $match: { $expr: { $and: [ { }, { $and: [ { $or: [ { $eq: [ "$productId", { $literal: ObjectId("69d9077f8abcf43d15c2582c"), }, ], }, ], }, { $ne: [ "$productId", "$$REMOVE", ], }, ], }, ], }, }, }, { $project: { _id: 1, productId: 1, }, }, ])

[90mstdout[2m | src/__tests__/vendor/vendor-orders.test.ts[2m > [22m[2mvendor order service[2m > [22m[2mshould reject transition from terminal state DELIVERED
[22m[39mprisma:query db.CartItem.aggregate([ { $match: { $expr: { $and: [ { }, { $and: [ { $or: [ { $eq: [ "$productId", { $literal: ObjectId("69d9077f8abcf43d15c2582c"), }, ], }, ], }, { $ne: [ "$productId", "$$REMOVE", ], }, ], }, ], }, }, }, { $project: { _id: 1, productId: 1, }, }, ])

[90mstdout[2m | src/__tests__/vendor/vendor-orders.test.ts[2m > [22m[2mvendor order service[2m > [22m[2mshould reject transition from terminal state DELIVERED
[22m[39mprisma:query db.ProductVariant.aggregate([ { $match: { $expr: { $and: [ { }, { $and: [ { $or: [ { $eq: [ "$productId", { $literal: ObjectId("69d9077f8abcf43d15c2582c"), }, ], }, ], }, { $ne: [ "$productId", "$$REMOVE", ], }, ], }, ], }, }, }, { $project: { _id: 1, productId: 1, }, }, ])

[90mstdout[2m | src/__tests__/vendor/vendor-orders.test.ts[2m > [22m[2mvendor order service[2m > [22m[2mshould reject transition from terminal state DELIVERED
[22m[39mprisma:query db.Product.deleteMany({ _id: { $in: [ ObjectId("69d9077f8abcf43d15c2582c"), ], }, })

[90mstdout[2m | src/__tests__/vendor/vendor-orders.test.ts[2m > [22m[2mvendor order service[2m > [22m[2mshould reject transition from terminal state DELIVERED
[22m[39mprisma:query db.UserProfile.aggregate([ { $match: { $expr: { $and: [ { $regexMatch: { input: "$userId", regex: "^vendor-orders-test", options: "", }, }, { $ne: [ "$userId", "$$REMOVE", ], }, ], }, }, }, { $project: { _id: 1, }, }, ])

[90mstdout[2m | src/__tests__/vendor/vendor-orders.test.ts[2m > [22m[2mvendor order service[2m > [22m[2mshould reject transition from terminal state DELIVERED
[22m[39mprisma:query db.UserProfile.deleteMany({ _id: { $in: [ ObjectId("69d9077e8abcf43d15c2582a"), ObjectId("69d9077f8abcf43d15c2582b"), ], }, })

[90mstdout[2m | src/__tests__/vendor/vendor-orders.test.ts[2m > [22m[2mvendor order service[2m > [22m[2mshould support full lifecycle PAID ΓåÆ PROCESSING ΓåÆ DELIVERED
[22m[39mprisma:query db.UserProfile.insertOne({ userId: "vendor-orders-test-vendor-lifecycle", email: "vendor-orders-test-vendor-lifecycle@test.com", firstName: "Test", lastName: "User", role: "CUSTOMER", isVendor: true, vendorStatus: "ACTIVE", storeName: "Lifecycle Vendor", storeSlug: "lifecycle-vendor", createdAt: DateTime("2026-04-10 14:22:00.322 +00:00:00"), updatedAt: DateTime("2026-04-10 14:22:00.322 +00:00:00"), })

[90mstdout[2m | src/__tests__/vendor/vendor-orders.test.ts[2m > [22m[2mvendor order service[2m > [22m[2mshould support full lifecycle PAID ΓåÆ PROCESSING ΓåÆ DELIVERED
[22m[39mprisma:query db.UserProfile.aggregate([ { $match: { $expr: { $and: [ { $and: [ { $eq: [ "$_id", { $literal: ObjectId("69d907888abcf43d15c25830"), }, ], }, { $ne: [ "$_id", "$$REMOVE", ], }, ], }, ], }, }, }, { $project: { _id: 1, userId: 1, email: 1, firstName: 1, lastName: 1, phone: 1, avatar: 1, dateOfBirth: 1, gender: 1, role: 1, isVendor: 1, vendorStatus: 1, storeName: 1, storeSlug: 1, storeDescription: 1, vendorSince: 1, createdAt: 1, updatedAt: 1, }, }, ])

[90mstdout[2m | src/__tests__/vendor/vendor-orders.test.ts[2m > [22m[2mvendor order service[2m > [22m[2mshould support full lifecycle PAID ΓåÆ PROCESSING ΓåÆ DELIVERED
[22m[39mprisma:query db.UserProfile.insertOne({ userId: "vendor-orders-test-buyer-lifecycle", email: "vendor-orders-test-buyer-lifecycle@test.com", firstName: "Test", lastName: "User", role: "CUSTOMER", isVendor: false, createdAt: DateTime("2026-04-10 14:22:02.28 +00:00:00"), updatedAt: DateTime("2026-04-10 14:22:02.28 +00:00:00"), })

[90mstdout[2m | src/__tests__/vendor/vendor-orders.test.ts[2m > [22m[2mvendor order service[2m > [22m[2mshould support full lifecycle PAID ΓåÆ PROCESSING ΓåÆ DELIVERED
[22m[39mprisma:query db.UserProfile.aggregate([ { $match: { $expr: { $and: [ { $and: [ { $eq: [ "$_id", { $literal: ObjectId("69d9078a8abcf43d15c25831"), }, ], }, { $ne: [ "$_id", "$$REMOVE", ], }, ], }, ], }, }, }, { $project: { _id: 1, userId: 1, email: 1, firstName: 1, lastName: 1, phone: 1, avatar: 1, dateOfBirth: 1, gender: 1, role: 1, isVendor: 1, vendorStatus: 1, storeName: 1, storeSlug: 1, storeDescription: 1, vendorSince: 1, createdAt: 1, updatedAt: 1, }, }, ])

[90mstdout[2m | src/__tests__/vendor/vendor-orders.test.ts[2m > [22m[2mvendor order service[2m > [22m[2mshould support full lifecycle PAID ΓåÆ PROCESSING ΓåÆ DELIVERED
[22m[39mprisma:query db.Product.insertOne({ name: "Lifecycle Product", slug: "vendor-orders-test-lifecycle-product-12", description: "Lifecycle Product description", stockKeepingUnit: "vendor-orders-test-SKU-1775830923809-12", basePrice: 5000, type: "PHYSICAL", vendorId: "vendor-orders-test-vendor-lifecycle", approvalStatus: "APPROVED", tags: [ ], images: [ ], avgRating: 0, reviewCount: 0, stock: 50, lowStockThreshold: 10, isActive: true, isFeatured: false, isNewArrival: true, createdAt: DateTime("2026-04-10 14:22:03.812 +00:00:00"), updatedAt: DateTime("2026-04-10 14:22:03.812 +00:00:00"), })

[90mstdout[2m | src/__tests__/vendor/vendor-orders.test.ts[2m > [22m[2mvendor order service[2m > [22m[2mshould support full lifecycle PAID ΓåÆ PROCESSING ΓåÆ DELIVERED
[22m[39mprisma:query db.Product.aggregate([ { $match: { $expr: { $and: [ { $and: [ { $eq: [ "$_id", { $literal: ObjectId("69d9078b8abcf43d15c25832"), }, ], }, { $ne: [ "$_id", "$$REMOVE", ], }, ], }, ], }, }, }, { $project: { _id: 1, name: 1, slug: 1, description: 1, shortDesc: 1, stockKeepingUnit: 1, basePrice: 1, salePrice: 1, type: 1, categoryId: 1, vendorId: 1, approvalStatus: 1, brand: 1, tags: 1, images: 1, avgRating: 1, reviewCount: 1, stock: 1, lowStockThreshold: 1, isActive: 1, isFeatured: 1, isNewArrival: 1, createdAt: 1, updatedAt: 1, }, }, ])

[90mstdout[2m | src/__tests__/vendor/vendor-orders.test.ts[2m > [22m[2mvendor order service[2m > [22m[2mshould support full lifecycle PAID ΓåÆ PROCESSING ΓåÆ DELIVERED
[22m[39mprisma:query db.Order.insertOne({ orderNumber: "WS-TEST-1775830924368-BKQW", userId: "vendor-orders-test-buyer-lifecycle", vendorId: "vendor-orders-test-vendor-lifecycle", status: "PAID", shippingAddress: { firstName: "Test", lastName: "Buyer", phone: "+1234567890", street: "123 Test St", city: "Testville", state: "TS", country: "US", postalCode: "12345", }, subtotal: 5000, shipping: 0, discount: 0, total: 5000, createdAt: DateTime("2026-04-10 14:22:04.37 +00:00:00"), updatedAt: DateTime("2026-04-10 14:22:04.37 +00:00:00"), })

[90mstdout[2m | src/__tests__/vendor/vendor-orders.test.ts[2m > [22m[2mvendor order service[2m > [22m[2mshould support full lifecycle PAID ΓåÆ PROCESSING ΓåÆ DELIVERED
[22m[39mprisma:query db.OrderItem.insertOne({ orderId: ObjectId("69d9078c8abcf43d15c25833"), productId: ObjectId("69d9078b8abcf43d15c25832"), productName: "Lifecycle Product", productImage: null, sku: null, variantName: null, quantity: 1, unitPrice: 5000, totalPrice: 5000, createdAt: DateTime("2026-04-10 14:22:04.37 +00:00:00"), })

[90mstdout[2m | src/__tests__/vendor/vendor-orders.test.ts[2m > [22m[2mvendor order service[2m > [22m[2mshould support full lifecycle PAID ΓåÆ PROCESSING ΓåÆ DELIVERED
[22m[39mprisma:query db.OrderStatusHistory.insertOne({ orderId: ObjectId("69d9078c8abcf43d15c25833"), status: "PAID", note: "Created with status PAID", createdAt: DateTime("2026-04-10 14:22:04.37 +00:00:00"), })

[90mstdout[2m | src/__tests__/vendor/vendor-orders.test.ts[2m > [22m[2mvendor order service[2m > [22m[2mshould support full lifecycle PAID ΓåÆ PROCESSING ΓåÆ DELIVERED
[22m[39mprisma:query db.Order.aggregate([ { $match: { $expr: { $and: [ { $and: [ { $eq: [ "$_id", { $literal: ObjectId("69d9078c8abcf43d15c25833"), }, ], }, { $ne: [ "$_id", "$$REMOVE", ], }, ], }, ], }, }, }, { $project: { _id: 1, orderNumber: 1, userId: 1, vendorId: 1, checkoutSessionId: 1, status: 1, shippingAddress: 1, billingAddress: 1, subtotal: 1, shipping: 1, discount: 1, total: 1, couponCode: 1, notes: 1, createdAt: 1, updatedAt: 1, paidAt: 1, shippedAt: 1, deliveredAt: 1, }, }, ])

[90mstdout[2m | src/__tests__/vendor/vendor-orders.test.ts[2m > [22m[2mvendor order service[2m > [22m[2mshould support full lifecycle PAID ΓåÆ PROCESSING ΓåÆ DELIVERED
[22m[39mprisma:query db.OrderItem.aggregate([ { $match: { $expr: { $and: [ { $or: [ { $eq: [ "$orderId", { $literal: ObjectId("69d9078c8abcf43d15c25833"), }, ], }, ], }, { $ne: [ "$orderId", "$$REMOVE", ], }, ], }, }, }, { $project: { _id: 1, orderId: 1, productId: 1, variantId: 1, productName: 1, productImage: 1, sku: 1, variantName: 1, quantity: 1, unitPrice: 1, totalPrice: 1, createdAt: 1, }, }, ])

[90mstdout[2m | src/__tests__/vendor/vendor-orders.test.ts[2m > [22m[2mvendor order service[2m > [22m[2mshould support full lifecycle PAID ΓåÆ PROCESSING ΓåÆ DELIVERED
[22m[39mprisma:query db.OrderStatusHistory.aggregate([ { $match: { $expr: { $and: [ { $or: [ { $eq: [ "$orderId", { $literal: ObjectId("69d9078c8abcf43d15c25833"), }, ], }, ], }, { $ne: [ "$orderId", "$$REMOVE", ], }, ], }, }, }, { $project: { _id: 1, orderId: 1, status: 1, note: 1, createdAt: 1, }, }, ])

[90mstdout[2m | src/__tests__/vendor/vendor-orders.test.ts[2m > [22m[2mvendor order service[2m > [22m[2mshould support full lifecycle PAID ΓåÆ PROCESSING ΓåÆ DELIVERED
[22m[39mprisma:query db.Order.aggregate([ { $match: { $expr: { $and: [ { $and: [ { $and: [ { $eq: [ "$_id", { $literal: ObjectId("69d9078c8abcf43d15c25833"), }, ], }, { $ne: [ "$_id", "$$REMOVE", ], }, ], }, ], }, { }, ], }, }, }, { $project: { _id: 1, orderNumber: 1, userId: 1, vendorId: 1, checkoutSessionId: 1, status: 1, shippingAddress: 1, billingAddress: 1, subtotal: 1, shipping: 1, discount: 1, total: 1, couponCode: 1, notes: 1, createdAt: 1, updatedAt: 1, paidAt: 1, shippedAt: 1, deliveredAt: 1, }, }, ])

[90mstdout[2m | src/__tests__/vendor/vendor-orders.test.ts[2m > [22m[2mvendor order service[2m > [22m[2mshould support full lifecycle PAID ΓåÆ PROCESSING ΓåÆ DELIVERED
[22m[39mprisma:query db.OrderItem.aggregate([ { $match: { $expr: { $and: [ { $or: [ { $eq: [ "$orderId", { $literal: ObjectId("69d9078c8abcf43d15c25833"), }, ], }, ], }, { $ne: [ "$orderId", "$$REMOVE", ], }, ], }, }, }, { $project: { _id: 1, orderId: 1, productId: 1, variantId: 1, productName: 1, productImage: 1, sku: 1, variantName: 1, quantity: 1, unitPrice: 1, totalPrice: 1, createdAt: 1, }, }, ])

[90mstdout[2m | src/__tests__/vendor/vendor-orders.test.ts[2m > [22m[2mvendor order service[2m > [22m[2mshould support full lifecycle PAID ΓåÆ PROCESSING ΓåÆ DELIVERED
[22m[39mprisma:query db.Order.aggregate([ { $match: { $expr: { $and: [ { $and: [ { $and: [ { $eq: [ "$_id", { $literal: ObjectId("69d9078c8abcf43d15c25833"), }, ], }, { $ne: [ "$_id", "$$REMOVE", ], }, ], }, ], }, { }, ], }, }, }, { $project: { _id: 1, }, }, ])

[90mstdout[2m | src/__tests__/vendor/vendor-orders.test.ts[2m > [22m[2mvendor order service[2m > [22m[2mshould support full lifecycle PAID ΓåÆ PROCESSING ΓåÆ DELIVERED
[22m[39mprisma:query db.Order.updateMany({ _id: { $in: [ ObjectId("69d9078c8abcf43d15c25833"), ], }, },[{ $set: { status: { $literal: "PROCESSING", }, }, },
{ $set: { updatedAt: { $literal: DateTime("2026-04-10 14:22:12.95 +00:00:00"), }, }, }])

[90mstdout[2m | src/__tests__/vendor/vendor-orders.test.ts[2m > [22m[2mvendor order service[2m > [22m[2mshould support full lifecycle PAID ΓåÆ PROCESSING ΓåÆ DELIVERED
[22m[39mprisma:query db.OrderStatusHistory.insertOne({ orderId: ObjectId("69d9078c8abcf43d15c25833"), status: "PROCESSING", note: "Preparing order", createdAt: DateTime("2026-04-10 14:22:12.95 +00:00:00"), })

[90mstdout[2m | src/__tests__/vendor/vendor-orders.test.ts[2m > [22m[2mvendor order service[2m > [22m[2mshould support full lifecycle PAID ΓåÆ PROCESSING ΓåÆ DELIVERED
[22m[39mprisma:query db.Order.aggregate([ { $match: { $expr: { $and: [ { $and: [ { $eq: [ "$_id", { $literal: ObjectId("69d9078c8abcf43d15c25833"), }, ], }, { $ne: [ "$_id", "$$REMOVE", ], }, ], }, ], }, }, }, { $project: { _id: 1, orderNumber: 1, userId: 1, vendorId: 1, checkoutSessionId: 1, status: 1, shippingAddress: 1, billingAddress: 1, subtotal: 1, shipping: 1, discount: 1, total: 1, couponCode: 1, notes: 1, createdAt: 1, updatedAt: 1, paidAt: 1, shippedAt: 1, deliveredAt: 1, }, }, ])

[90mstdout[2m | src/__tests__/vendor/vendor-orders.test.ts[2m > [22m[2mvendor order service[2m > [22m[2mshould support full lifecycle PAID ΓåÆ PROCESSING ΓåÆ DELIVERED
[22m[39mprisma:query db.OrderItem.aggregate([ { $match: { $expr: { $and: [ { $or: [ { $eq: [ "$orderId", { $literal: ObjectId("69d9078c8abcf43d15c25833"), }, ], }, ], }, { $ne: [ "$orderId", "$$REMOVE", ], }, ], }, }, }, { $project: { _id: 1, orderId: 1, productId: 1, variantId: 1, productName: 1, productImage: 1, sku: 1, variantName: 1, quantity: 1, unitPrice: 1, totalPrice: 1, createdAt: 1, }, }, ])

[90mstdout[2m | src/__tests__/vendor/vendor-orders.test.ts[2m > [22m[2mvendor order service[2m > [22m[2mshould support full lifecycle PAID ΓåÆ PROCESSING ΓåÆ DELIVERED
[22m[39mprisma:query db.Product.aggregate([ { $match: { $expr: { $and: [ { $or: [ { $eq: [ "$_id", { $literal: ObjectId("69d9078b8abcf43d15c25832"), }, ], }, ], }, { $ne: [ "$_id", "$$REMOVE", ], }, ], }, }, }, { $project: { _id: 1, name: 1, slug: 1, description: 1, shortDesc: 1, stockKeepingUnit: 1, basePrice: 1, salePrice: 1, type: 1, categoryId: 1, vendorId: 1, approvalStatus: 1, brand: 1, tags: 1, images: 1, avgRating: 1, reviewCount: 1, stock: 1, lowStockThreshold: 1, isActive: 1, isFeatured: 1, isNewArrival: 1, createdAt: 1, updatedAt: 1, }, }, ])

[90mstdout[2m | src/__tests__/vendor/vendor-orders.test.ts[2m > [22m[2mvendor order service[2m > [22m[2mshould support full lifecycle PAID ΓåÆ PROCESSING ΓåÆ DELIVERED
[22m[39mprisma:query db.OrderStatusHistory.aggregate([ { $match: { $expr: { $and: [ { $or: [ { $eq: [ "$orderId", { $literal: ObjectId("69d9078c8abcf43d15c25833"), }, ], }, ], }, { $ne: [ "$orderId", "$$REMOVE", ], }, ], }, }, }, { $sort: { createdAt: -1, }, }, { $project: { _id: 1, orderId: 1, status: 1, note: 1, createdAt: 1, }, }, ])

[90mstdout[2m | src/__tests__/vendor/vendor-orders.test.ts[2m > [22m[2mvendor order service[2m > [22m[2mshould support full lifecycle PAID ΓåÆ PROCESSING ΓåÆ DELIVERED
[22m[39mprisma:query db.Order.aggregate([ { $match: { $expr: { $and: [ { $and: [ { $and: [ { $eq: [ "$_id", { $literal: ObjectId("69d9078c8abcf43d15c25833"), }, ], }, { $ne: [ "$_id", "$$REMOVE", ], }, ], }, ], }, { }, ], }, }, }, { $project: { _id: 1, orderNumber: 1, userId: 1, vendorId: 1, checkoutSessionId: 1, status: 1, shippingAddress: 1, billingAddress: 1, subtotal: 1, shipping: 1, discount: 1, total: 1, couponCode: 1, notes: 1, createdAt: 1, updatedAt: 1, paidAt: 1, shippedAt: 1, deliveredAt: 1, }, }, ])

[90mstdout[2m | src/__tests__/vendor/vendor-orders.test.ts[2m > [22m[2mvendor order service[2m > [22m[2mshould support full lifecycle PAID ΓåÆ PROCESSING ΓåÆ DELIVERED
[22m[39mprisma:query db.OrderItem.aggregate([ { $match: { $expr: { $and: [ { $or: [ { $eq: [ "$orderId", { $literal: ObjectId("69d9078c8abcf43d15c25833"), }, ], }, ], }, { $ne: [ "$orderId", "$$REMOVE", ], }, ], }, }, }, { $project: { _id: 1, orderId: 1, productId: 1, variantId: 1, productName: 1, productImage: 1, sku: 1, variantName: 1, quantity: 1, unitPrice: 1, totalPrice: 1, createdAt: 1, }, }, ])

[90mstdout[2m | src/__tests__/vendor/vendor-orders.test.ts[2m > [22m[2mvendor order service[2m > [22m[2mshould support full lifecycle PAID ΓåÆ PROCESSING ΓåÆ DELIVERED
[22m[39mprisma:query db.Order.aggregate([ { $match: { $expr: { $and: [ { $and: [ { $and: [ { $eq: [ "$_id", { $literal: ObjectId("69d9078c8abcf43d15c25833"), }, ], }, { $ne: [ "$_id", "$$REMOVE", ], }, ], }, ], }, { }, ], }, }, }, { $project: { _id: 1, }, }, ])

[90mstdout[2m | src/__tests__/vendor/vendor-orders.test.ts[2m > [22m[2mvendor order service[2m > [22m[2mshould support full lifecycle PAID ΓåÆ PROCESSING ΓåÆ DELIVERED
[22m[39mprisma:query db.Order.updateMany({ _id: { $in: [ ObjectId("69d9078c8abcf43d15c25833"), ], }, },[{ $set: { status: { $literal: "DELIVERED", }, }, },
{ $set: { updatedAt: { $literal: DateTime("2026-04-10 14:22:16.168 +00:00:00"), }, }, },
{ $set: { deliveredAt: { $literal: DateTime("2026-04-10 14:22:16.167 +00:00:00"), }, }, }])

[90mstdout[2m | src/__tests__/vendor/vendor-orders.test.ts[2m > [22m[2mvendor order service[2m > [22m[2mshould support full lifecycle PAID ΓåÆ PROCESSING ΓåÆ DELIVERED
[22m[39mprisma:query db.OrderStatusHistory.insertOne({ orderId: ObjectId("69d9078c8abcf43d15c25833"), status: "DELIVERED", note: "Order fulfilled", createdAt: DateTime("2026-04-10 14:22:16.168 +00:00:00"), })

[90mstdout[2m | src/__tests__/vendor/vendor-orders.test.ts[2m > [22m[2mvendor order service[2m > [22m[2mshould support full lifecycle PAID ΓåÆ PROCESSING ΓåÆ DELIVERED
[22m[39mprisma:query db.Order.aggregate([ { $match: { $expr: { $and: [ { $and: [ { $eq: [ "$_id", { $literal: ObjectId("69d9078c8abcf43d15c25833"), }, ], }, { $ne: [ "$_id", "$$REMOVE", ], }, ], }, ], }, }, }, { $project: { _id: 1, orderNumber: 1, userId: 1, vendorId: 1, checkoutSessionId: 1, status: 1, shippingAddress: 1, billingAddress: 1, subtotal: 1, shipping: 1, discount: 1, total: 1, couponCode: 1, notes: 1, createdAt: 1, updatedAt: 1, paidAt: 1, shippedAt: 1, deliveredAt: 1, }, }, ])

[90mstdout[2m | src/__tests__/vendor/vendor-orders.test.ts[2m > [22m[2mvendor order service[2m > [22m[2mshould support full lifecycle PAID ΓåÆ PROCESSING ΓåÆ DELIVERED
[22m[39mprisma:query db.OrderItem.aggregate([ { $match: { $expr: { $and: [ { $or: [ { $eq: [ "$orderId", { $literal: ObjectId("69d9078c8abcf43d15c25833"), }, ], }, ], }, { $ne: [ "$orderId", "$$REMOVE", ], }, ], }, }, }, { $project: { _id: 1, orderId: 1, productId: 1, variantId: 1, productName: 1, productImage: 1, sku: 1, variantName: 1, quantity: 1, unitPrice: 1, totalPrice: 1, createdAt: 1, }, }, ])

[90mstdout[2m | src/__tests__/vendor/vendor-orders.test.ts[2m > [22m[2mvendor order service[2m > [22m[2mshould support full lifecycle PAID ΓåÆ PROCESSING ΓåÆ DELIVERED
[22m[39mprisma:query db.Product.aggregate([ { $match: { $expr: { $and: [ { $or: [ { $eq: [ "$_id", { $literal: ObjectId("69d9078b8abcf43d15c25832"), }, ], }, ], }, { $ne: [ "$_id", "$$REMOVE", ], }, ], }, }, }, { $project: { _id: 1, name: 1, slug: 1, description: 1, shortDesc: 1, stockKeepingUnit: 1, basePrice: 1, salePrice: 1, type: 1, categoryId: 1, vendorId: 1, approvalStatus: 1, brand: 1, tags: 1, images: 1, avgRating: 1, reviewCount: 1, stock: 1, lowStockThreshold: 1, isActive: 1, isFeatured: 1, isNewArrival: 1, createdAt: 1, updatedAt: 1, }, }, ])

[90mstdout[2m | src/__tests__/vendor/vendor-orders.test.ts[2m > [22m[2mvendor order service[2m > [22m[2mshould support full lifecycle PAID ΓåÆ PROCESSING ΓåÆ DELIVERED
[22m[39mprisma:query db.OrderStatusHistory.aggregate([ { $match: { $expr: { $and: [ { $or: [ { $eq: [ "$orderId", { $literal: ObjectId("69d9078c8abcf43d15c25833"), }, ], }, ], }, { $ne: [ "$orderId", "$$REMOVE", ], }, ], }, }, }, { $sort: { createdAt: -1, }, }, { $project: { _id: 1, orderId: 1, status: 1, note: 1, createdAt: 1, }, }, ])

[90mstdout[2m | src/__tests__/vendor/vendor-orders.test.ts[2m > [22m[2mvendor order service[2m > [22m[2mshould support full lifecycle PAID ΓåÆ PROCESSING ΓåÆ DELIVERED
[22m[39mprisma:query db.Order.aggregate([ { $match: { $expr: { $or: [ { $and: [ { $regexMatch: { input: "$userId", regex: "^vendor-orders-test", options: "", }, }, { $ne: [ "$userId", "$$REMOVE", ], }, ], }, { $and: [ { $regexMatch: { input: "$vendorId", regex: "^vendor-orders-test", options: "", }, }, { $ne: [ "$vendorId", "$$REMOVE", ], }, ], }, ], }, }, }, { $project: { _id: 1, }, }, ])

[90mstdout[2m | src/__tests__/vendor/vendor-orders.test.ts[2m > [22m[2mvendor order service[2m > [22m[2mshould support full lifecycle PAID ΓåÆ PROCESSING ΓåÆ DELIVERED
[22m[39mprisma:query db.OrderStatusHistory.aggregate([ { $match: { $expr: { $and: [ { $eq: [ "$orderId", { $literal: ObjectId("69d9078c8abcf43d15c25833"), }, ], }, { $ne: [ "$orderId", "$$REMOVE", ], }, ], }, }, }, { $project: { _id: 1, }, }, ])

[90mstdout[2m | src/__tests__/vendor/vendor-orders.test.ts[2m > [22m[2mvendor order service[2m > [22m[2mshould support full lifecycle PAID ΓåÆ PROCESSING ΓåÆ DELIVERED
[22m[39mprisma:query db.OrderStatusHistory.deleteMany({ _id: { $in: [ ObjectId("69d9078c8abcf43d15c25835"), ObjectId("69d907958abcf43d15c25836"), ObjectId("69d907988abcf43d15c25837"), ], }, })

[90mstdout[2m | src/__tests__/vendor/vendor-orders.test.ts[2m > [22m[2mvendor order service[2m > [22m[2mshould support full lifecycle PAID ΓåÆ PROCESSING ΓåÆ DELIVERED
[22m[39mprisma:query db.OrderItem.aggregate([ { $match: { $expr: { $and: [ { $eq: [ "$orderId", { $literal: ObjectId("69d9078c8abcf43d15c25833"), }, ], }, { $ne: [ "$orderId", "$$REMOVE", ], }, ], }, }, }, { $project: { _id: 1, }, }, ])

[90mstdout[2m | src/__tests__/vendor/vendor-orders.test.ts[2m > [22m[2mvendor order service[2m > [22m[2mshould support full lifecycle PAID ΓåÆ PROCESSING ΓåÆ DELIVERED
[22m[39mprisma:query db.OrderItem.deleteMany({ _id: { $in: [ ObjectId("69d9078c8abcf43d15c25834"), ], }, })

[90mstdout[2m | src/__tests__/vendor/vendor-orders.test.ts[2m > [22m[2mvendor order service[2m > [22m[2mshould support full lifecycle PAID ΓåÆ PROCESSING ΓåÆ DELIVERED
[22m[39mprisma:query db.Order.aggregate([ { $match: { $expr: { $and: [ { $eq: [ "$_id", { $literal: ObjectId("69d9078c8abcf43d15c25833"), }, ], }, { $ne: [ "$_id", "$$REMOVE", ], }, ], }, }, }, { $project: { _id: 1, }, }, ])

[90mstdout[2m | src/__tests__/vendor/vendor-orders.test.ts[2m > [22m[2mvendor order service[2m > [22m[2mshould support full lifecycle PAID ΓåÆ PROCESSING ΓåÆ DELIVERED
[22m[39mprisma:query db.OrderStatusHistory.aggregate([ { $match: { $expr: { $and: [ { }, { $and: [ { $or: [ { $eq: [ "$orderId", { $literal: ObjectId("69d9078c8abcf43d15c25833"), }, ], }, ], }, { $ne: [ "$orderId", "$$REMOVE", ], }, ], }, ], }, }, }, { $project: { _id: 1, orderId: 1, }, }, ])

[90mstdout[2m | src/__tests__/vendor/vendor-orders.test.ts[2m > [22m[2mvendor order service[2m > [22m[2mshould support full lifecycle PAID ΓåÆ PROCESSING ΓåÆ DELIVERED
[22m[39mprisma:query db.OrderItem.aggregate([ { $match: { $expr: { $and: [ { }, { $and: [ { $or: [ { $eq: [ "$orderId", { $literal: ObjectId("69d9078c8abcf43d15c25833"), }, ], }, ], }, { $ne: [ "$orderId", "$$REMOVE", ], }, ], }, ], }, }, }, { $project: { _id: 1, orderId: 1, }, }, ])

[90mstdout[2m | src/__tests__/vendor/vendor-orders.test.ts[2m > [22m[2mvendor order service[2m > [22m[2mshould support full lifecycle PAID ΓåÆ PROCESSING ΓåÆ DELIVERED
[22m[39mprisma:query db.Order.deleteMany({ _id: { $in: [ ObjectId("69d9078c8abcf43d15c25833"), ], }, })

[90mstdout[2m | src/__tests__/vendor/vendor-orders.test.ts[2m > [22m[2mvendor order service[2m > [22m[2mshould support full lifecycle PAID ΓåÆ PROCESSING ΓåÆ DELIVERED
[22m[39mprisma:query db.Product.aggregate([ { $match: { $expr: { $and: [ { $regexMatch: { input: "$vendorId", regex: "^vendor-orders-test", options: "", }, }, { $ne: [ "$vendorId", "$$REMOVE", ], }, ], }, }, }, { $project: { _id: 1, }, }, ])

[90mstdout[2m | src/__tests__/vendor/vendor-orders.test.ts[2m > [22m[2mvendor order service[2m > [22m[2mshould support full lifecycle PAID ΓåÆ PROCESSING ΓåÆ DELIVERED
[22m[39mprisma:query db.DigitalAsset.aggregate([ { $match: { $expr: { $and: [ { }, { $and: [ { $or: [ { $eq: [ "$productId", { $literal: ObjectId("69d9078b8abcf43d15c25832"), }, ], }, ], }, { $ne: [ "$productId", "$$REMOVE", ], }, ], }, ], }, }, }, { $project: { _id: 1, productId: 1, }, }, ])

[90mstdout[2m | src/__tests__/vendor/vendor-orders.test.ts[2m > [22m[2mvendor order service[2m > [22m[2mshould support full lifecycle PAID ΓåÆ PROCESSING ΓåÆ DELIVERED
[22m[39mprisma:query db.WishlistItem.aggregate([ { $match: { $expr: { $and: [ { }, { $and: [ { $or: [ { $eq: [ "$productId", { $literal: ObjectId("69d9078b8abcf43d15c25832"), }, ], }, ], }, { $ne: [ "$productId", "$$REMOVE", ], }, ], }, ], }, }, }, { $project: { _id: 1, productId: 1, }, }, ])

[90mstdout[2m | src/__tests__/vendor/vendor-orders.test.ts[2m > [22m[2mvendor order service[2m > [22m[2mshould support full lifecycle PAID ΓåÆ PROCESSING ΓåÆ DELIVERED
[22m[39mprisma:query db.Review.aggregate([ { $match: { $expr: { $and: [ { }, { $and: [ { $or: [ { $eq: [ "$productId", { $literal: ObjectId("69d9078b8abcf43d15c25832"), }, ], }, ], }, { $ne: [ "$productId", "$$REMOVE", ], }, ], }, ], }, }, }, { $project: { _id: 1, productId: 1, }, }, ])

[90mstdout[2m | src/__tests__/vendor/vendor-orders.test.ts[2m > [22m[2mvendor order service[2m > [22m[2mshould support full lifecycle PAID ΓåÆ PROCESSING ΓåÆ DELIVERED
[22m[39mprisma:query db.OrderItem.aggregate([ { $match: { $expr: { $and: [ { }, { $and: [ { $or: [ { $eq: [ "$productId", { $literal: ObjectId("69d9078b8abcf43d15c25832"), }, ], }, ], }, { $ne: [ "$productId", "$$REMOVE", ], }, ], }, ], }, }, }, { $project: { _id: 1, productId: 1, }, }, ])

[90mstdout[2m | src/__tests__/vendor/vendor-orders.test.ts[2m > [22m[2mvendor order service[2m > [22m[2mshould support full lifecycle PAID ΓåÆ PROCESSING ΓåÆ DELIVERED
[22m[39mprisma:query db.CartItem.aggregate([ { $match: { $expr: { $and: [ { }, { $and: [ { $or: [ { $eq: [ "$productId", { $literal: ObjectId("69d9078b8abcf43d15c25832"), }, ], }, ], }, { $ne: [ "$productId", "$$REMOVE", ], }, ], }, ], }, }, }, { $project: { _id: 1, productId: 1, }, }, ])

[90mstdout[2m | src/__tests__/vendor/vendor-orders.test.ts[2m > [22m[2mvendor order service[2m > [22m[2mshould support full lifecycle PAID ΓåÆ PROCESSING ΓåÆ DELIVERED
[22m[39mprisma:query db.ProductVariant.aggregate([ { $match: { $expr: { $and: [ { }, { $and: [ { $or: [ { $eq: [ "$productId", { $literal: ObjectId("69d9078b8abcf43d15c25832"), }, ], }, ], }, { $ne: [ "$productId", "$$REMOVE", ], }, ], }, ], }, }, }, { $project: { _id: 1, productId: 1, }, }, ])

[90mstdout[2m | src/__tests__/vendor/vendor-orders.test.ts[2m > [22m[2mvendor order service[2m > [22m[2mshould support full lifecycle PAID ΓåÆ PROCESSING ΓåÆ DELIVERED
[22m[39mprisma:query db.Product.deleteMany({ _id: { $in: [ ObjectId("69d9078b8abcf43d15c25832"), ], }, })

[90mstdout[2m | src/__tests__/vendor/vendor-orders.test.ts[2m > [22m[2mvendor order service[2m > [22m[2mshould support full lifecycle PAID ΓåÆ PROCESSING ΓåÆ DELIVERED
[22m[39mprisma:query db.UserProfile.aggregate([ { $match: { $expr: { $and: [ { $regexMatch: { input: "$userId", regex: "^vendor-orders-test", options: "", }, }, { $ne: [ "$userId", "$$REMOVE", ], }, ], }, }, }, { $project: { _id: 1, }, }, ])

[90mstdout[2m | src/__tests__/vendor/vendor-orders.test.ts[2m > [22m[2mvendor order service[2m > [22m[2mshould support full lifecycle PAID ΓåÆ PROCESSING ΓåÆ DELIVERED
[22m[39mprisma:query db.UserProfile.deleteMany({ _id: { $in: [ ObjectId("69d907888abcf43d15c25830"), ObjectId("69d9078a8abcf43d15c25831"), ], }, })

 [32mΓ£ô[39m src/__tests__/vendor/vendor-orders.test.ts [2m([22m[2m12 tests[22m[2m)[22m[33m 239055[2mms[22m[39m
     [33m[2mΓ£ô[22m[39m should list only orders belonging to the vendor [33m 22309[2mms[22m[39m
     [33m[2mΓ£ô[22m[39m should filter vendor orders by status [33m 25939[2mms[22m[39m
     [33m[2mΓ£ô[22m[39m should paginate vendor orders [33m 32417[2mms[22m[39m
     [33m[2mΓ£ô[22m[39m should return order detail for vendor-owned order [33m 11344[2mms[22m[39m
     [33m[2mΓ£ô[22m[39m should reject access to another vendor's order [33m 28826[2mms[22m[39m
     [33m[2mΓ£ô[22m[39m should return 404 for non-existent order [33m 5148[2mms[22m[39m
     [33m[2mΓ£ô[22m[39m should allow PAID ΓåÆ PROCESSING transition [33m 25293[2mms[22m[39m
     [33m[2mΓ£ô[22m[39m should allow PROCESSING ΓåÆ DELIVERED transition and set deliveredAt [33m 20346[2mms[22m[39m
     [33m[2mΓ£ô[22m[39m should reject invalid transition PAID ΓåÆ DELIVERED [33m 8661[2mms[22m[39m
     [33m[2mΓ£ô[22m[39m should reject vendor updating another vendor's order status [33m 10721[2mms[22m[39m
     [33m[2mΓ£ô[22m[39m should reject transition from terminal state DELIVERED [33m 9714[2mms[22m[39m
     [33m[2mΓ£ô[22m[39m should support full lifecycle PAID ΓåÆ PROCESSING ΓåÆ DELIVERED [33m 24187[2mms[22m[39m
[90mstdout[2m | src/__tests__/vendor/products.test.ts
[22m[39m[dotenv@17.2.3] injecting env (1) from .env.test -- tip: ΓÜÖ∩╕Å  load multiple .env files with { path: ['.env.local', '.env'] }

[90mstdout[2m | src/__tests__/vendor/products.test.ts[2m > [22m[2mvendor product management
[22m[39mprisma:query db.Product.aggregate([ { $match: { $expr: { $and: [ { $ne: [ "$vendorId", { $literal: null, }, ], }, { $ne: [ "$vendorId", "$$REMOVE", ], }, ], }, }, }, { $project: { _id: 1, }, }, ])

[90mstdout[2m | src/__tests__/vendor/products.test.ts[2m > [22m[2mvendor product management
[22m[39mprisma:query db.UserProfile.aggregate([ { $match: { $expr: { $and: [ { $regexMatch: { input: "$userId", regex: "^vendor-", options: "", }, }, { $ne: [ "$userId", "$$REMOVE", ], }, ], }, }, }, { $project: { _id: 1, }, }, ])

[90mstdout[2m | src/__tests__/vendor/products.test.ts[2m > [22m[2mvendor product management[2m > [22m[2mcreates a digital product for a vendor
[22m[39mprisma:query db.UserProfile.insertOne({ userId: "vendor-gadgets", email: "vendor-gadgets@test.com", firstName: "Test", lastName: "User", role: "CUSTOMER", isVendor: true, vendorStatus: "ACTIVE", storeName: "gadgets Store", storeSlug: "gadgets", createdAt: DateTime("2026-04-10 14:22:35.38 +00:00:00"), updatedAt: DateTime("2026-04-10 14:22:35.38 +00:00:00"), })

[90mstdout[2m | src/__tests__/vendor/products.test.ts[2m > [22m[2mvendor product management[2m > [22m[2mcreates a digital product for a vendor
[22m[39mprisma:query db.UserProfile.aggregate([ { $match: { $expr: { $and: [ { $and: [ { $eq: [ "$_id", { $literal: ObjectId("69d907abfa7cb788a116f794"), }, ], }, { $ne: [ "$_id", "$$REMOVE", ], }, ], }, ], }, }, }, { $project: { _id: 1, userId: 1, email: 1, firstName: 1, lastName: 1, phone: 1, avatar: 1, dateOfBirth: 1, gender: 1, role: 1, isVendor: 1, vendorStatus: 1, storeName: 1, storeSlug: 1, storeDescription: 1, vendorSince: 1, createdAt: 1, updatedAt: 1, }, }, ])

[90mstdout[2m | src/__tests__/vendor/products.test.ts[2m > [22m[2mvendor product management[2m > [22m[2mcreates a digital product for a vendor
[22m[39mprisma:query db.Product.aggregate([ { $match: { $expr: { $and: [ { $and: [ { $and: [ { $eq: [ "$slug", { $literal: "e-book-guide", }, ], }, { $ne: [ "$slug", "$$REMOVE", ], }, ], }, ], }, { }, ], }, }, }, { $project: { _id: 1, name: 1, slug: 1, description: 1, shortDesc: 1, stockKeepingUnit: 1, basePrice: 1, salePrice: 1, type: 1, categoryId: 1, vendorId: 1, approvalStatus: 1, brand: 1, tags: 1, images: 1, avgRating: 1, reviewCount: 1, stock: 1, lowStockThreshold: 1, isActive: 1, isFeatured: 1, isNewArrival: 1, createdAt: 1, updatedAt: 1, }, }, ])

[90mstdout[2m | src/__tests__/vendor/products.test.ts[2m > [22m[2mvendor product management[2m > [22m[2mcreates a digital product for a vendor
[22m[39mprisma:query db.Product.insertOne({ name: "E-Book Guide", slug: "e-book-guide", description: "A digital guide to everything", stockKeepingUnit: "VND-mnszwfyn-izlsrl", basePrice: 5000, type: "DIGITAL", vendorId: "vendor-gadgets", approvalStatus: "APPROVED", tags: [ "ebook", "guide", ], images: [ ], avgRating: 0, reviewCount: 0, stock: 999999, lowStockThreshold: 10, isActive: true, isFeatured: false, isNewArrival: true, createdAt: DateTime("2026-04-10 14:22:37.01 +00:00:00"), updatedAt: DateTime("2026-04-10 14:22:37.01 +00:00:00"), })

[90mstdout[2m | src/__tests__/vendor/products.test.ts[2m > [22m[2mvendor product management[2m > [22m[2mcreates a digital product for a vendor
[22m[39mprisma:query db.Product.aggregate([ { $match: { $expr: { $and: [ { $and: [ { $eq: [ "$_id", { $literal: ObjectId("69d907adfa7cb788a116f795"), }, ], }, { $ne: [ "$_id", "$$REMOVE", ], }, ], }, ], }, }, }, { $project: { _id: 1, name: 1, slug: 1, description: 1, shortDesc: 1, stockKeepingUnit: 1, basePrice: 1, salePrice: 1, type: 1, categoryId: 1, vendorId: 1, approvalStatus: 1, brand: 1, tags: 1, images: 1, avgRating: 1, reviewCount: 1, stock: 1, lowStockThreshold: 1, isActive: 1, isFeatured: 1, isNewArrival: 1, createdAt: 1, updatedAt: 1, }, }, ])

[90mstdout[2m | src/__tests__/vendor/products.test.ts[2m > [22m[2mvendor product management[2m > [22m[2mcreates a digital product for a vendor
[22m[39mprisma:query db.ProductVariant.aggregate([ { $match: { $expr: { $and: [ { $or: [ { $eq: [ "$productId", { $literal: ObjectId("69d907adfa7cb788a116f795"), }, ], }, ], }, { $ne: [ "$productId", "$$REMOVE", ], }, ], }, }, }, { $project: { _id: 1, productId: 1, stockKeepingUnit: 1, name: 1, attributes: 1, price: 1, compareAtPrice: 1, stock: 1, isActive: 1, }, }, ])

[90mstdout[2m | src/__tests__/vendor/products.test.ts[2m > [22m[2mvendor product management[2m > [22m[2mcreates a digital product for a vendor
[22m[39mprisma:query db.DigitalAsset.aggregate([ { $match: { $expr: { $and: [ { $or: [ { $eq: [ "$productId", { $literal: ObjectId("69d907adfa7cb788a116f795"), }, ], }, ], }, { $ne: [ "$productId", "$$REMOVE", ], }, ], }, }, }, { $project: { _id: 1, fileName: 1, mimeType: 1, fileSize: 1, sortOrder: 1, productId: 1, }, }, ])

[90mstdout[2m | src/__tests__/vendor/products.test.ts[2m > [22m[2mvendor product management[2m > [22m[2mcreates a digital product for a vendor
[22m[39mprisma:query db.Product.aggregate([ { $match: { $expr: { $and: [ { $ne: [ "$vendorId", { $literal: null, }, ], }, { $ne: [ "$vendorId", "$$REMOVE", ], }, ], }, }, }, { $project: { _id: 1, }, }, ])

[90mstdout[2m | src/__tests__/vendor/products.test.ts[2m > [22m[2mvendor product management[2m > [22m[2mcreates a digital product for a vendor
[22m[39mprisma:query db.ProductVariant.aggregate([ { $match: { $expr: { $and: [ { $or: [ { $eq: [ "$productId", { $literal: ObjectId("69d907adfa7cb788a116f795"), }, ], }, ], }, { $ne: [ "$productId", "$$REMOVE", ], }, ], }, }, }, { $project: { _id: 1, }, }, ])

[90mstdout[2m | src/__tests__/vendor/products.test.ts[2m > [22m[2mvendor product management[2m > [22m[2mcreates a digital product for a vendor
[22m[39mprisma:query db.Product.aggregate([ { $match: { $expr: { $and: [ { $or: [ { $eq: [ "$_id", { $literal: ObjectId("69d907adfa7cb788a116f795"), }, ], }, ], }, { $ne: [ "$_id", "$$REMOVE", ], }, ], }, }, }, { $project: { _id: 1, }, }, ])

[90mstdout[2m | src/__tests__/vendor/products.test.ts[2m > [22m[2mvendor product management[2m > [22m[2mcreates a digital product for a vendor
[22m[39mprisma:query db.DigitalAsset.aggregate([ { $match: { $expr: { $and: [ { }, { $and: [ { $or: [ { $eq: [ "$productId", { $literal: ObjectId("69d907adfa7cb788a116f795"), }, ], }, ], }, { $ne: [ "$productId", "$$REMOVE", ], }, ], }, ], }, }, }, { $project: { _id: 1, productId: 1, }, }, ])

[90mstdout[2m | src/__tests__/vendor/products.test.ts[2m > [22m[2mvendor product management[2m > [22m[2mcreates a digital product for a vendor
[22m[39mprisma:query db.WishlistItem.aggregate([ { $match: { $expr: { $and: [ { }, { $and: [ { $or: [ { $eq: [ "$productId", { $literal: ObjectId("69d907adfa7cb788a116f795"), }, ], }, ], }, { $ne: [ "$productId", "$$REMOVE", ], }, ], }, ], }, }, }, { $project: { _id: 1, productId: 1, }, }, ])

[90mstdout[2m | src/__tests__/vendor/products.test.ts[2m > [22m[2mvendor product management[2m > [22m[2mcreates a digital product for a vendor
[22m[39mprisma:query db.Review.aggregate([ { $match: { $expr: { $and: [ { }, { $and: [ { $or: [ { $eq: [ "$productId", { $literal: ObjectId("69d907adfa7cb788a116f795"), }, ], }, ], }, { $ne: [ "$productId", "$$REMOVE", ], }, ], }, ], }, }, }, { $project: { _id: 1, productId: 1, }, }, ])

[90mstdout[2m | src/__tests__/vendor/products.test.ts[2m > [22m[2mvendor product management[2m > [22m[2mcreates a digital product for a vendor
[22m[39mprisma:query db.OrderItem.aggregate([ { $match: { $expr: { $and: [ { }, { $and: [ { $or: [ { $eq: [ "$productId", { $literal: ObjectId("69d907adfa7cb788a116f795"), }, ], }, ], }, { $ne: [ "$productId", "$$REMOVE", ], }, ], }, ], }, }, }, { $project: { _id: 1, productId: 1, }, }, ])

[90mstdout[2m | src/__tests__/vendor/products.test.ts[2m > [22m[2mvendor product management[2m > [22m[2mcreates a digital product for a vendor
[22m[39mprisma:query db.CartItem.aggregate([ { $match: { $expr: { $and: [ { }, { $and: [ { $or: [ { $eq: [ "$productId", { $literal: ObjectId("69d907adfa7cb788a116f795"), }, ], }, ], }, { $ne: [ "$productId", "$$REMOVE", ], }, ], }, ], }, }, }, { $project: { _id: 1, productId: 1, }, }, ])

[90mstdout[2m | src/__tests__/vendor/products.test.ts[2m > [22m[2mvendor product management[2m > [22m[2mcreates a digital product for a vendor
[22m[39mprisma:query db.ProductVariant.aggregate([ { $match: { $expr: { $and: [ { }, { $and: [ { $or: [ { $eq: [ "$productId", { $literal: ObjectId("69d907adfa7cb788a116f795"), }, ], }, ], }, { $ne: [ "$productId", "$$REMOVE", ], }, ], }, ], }, }, }, { $project: { _id: 1, productId: 1, }, }, ])

[90mstdout[2m | src/__tests__/vendor/products.test.ts[2m > [22m[2mvendor product management[2m > [22m[2mcreates a digital product for a vendor
[22m[39mprisma:query db.Product.deleteMany({ _id: { $in: [ ObjectId("69d907adfa7cb788a116f795"), ], }, })

[90mstdout[2m | src/__tests__/vendor/products.test.ts[2m > [22m[2mvendor product management[2m > [22m[2mcreates a digital product for a vendor
[22m[39mprisma:query db.UserProfile.aggregate([ { $match: { $expr: { $and: [ { $regexMatch: { input: "$userId", regex: "^vendor-", options: "", }, }, { $ne: [ "$userId", "$$REMOVE", ], }, ], }, }, }, { $project: { _id: 1, }, }, ])

[90mstdout[2m | src/__tests__/vendor/products.test.ts[2m > [22m[2mvendor product management[2m > [22m[2mcreates a digital product for a vendor
[22m[39mprisma:query db.UserProfile.deleteMany({ _id: { $in: [ ObjectId("69d907abfa7cb788a116f794"), ], }, })

[90mstdout[2m | src/__tests__/vendor/products.test.ts[2m > [22m[2mvendor product management[2m > [22m[2mgenerates unique slug on duplicate name
[22m[39mprisma:query db.UserProfile.insertOne({ userId: "vendor-dupslug", email: "vendor-dupslug@test.com", firstName: "Test", lastName: "User", role: "CUSTOMER", isVendor: true, vendorStatus: "ACTIVE", storeName: "dupslug Store", storeSlug: "dupslug", createdAt: DateTime("2026-04-10 14:22:47.533 +00:00:00"), updatedAt: DateTime("2026-04-10 14:22:47.533 +00:00:00"), })

[90mstdout[2m | src/__tests__/vendor/products.test.ts[2m > [22m[2mvendor product management[2m > [22m[2mgenerates unique slug on duplicate name
[22m[39mprisma:query db.UserProfile.aggregate([ { $match: { $expr: { $and: [ { $and: [ { $eq: [ "$_id", { $literal: ObjectId("69d907b7fa7cb788a116f796"), }, ], }, { $ne: [ "$_id", "$$REMOVE", ], }, ], }, ], }, }, }, { $project: { _id: 1, userId: 1, email: 1, firstName: 1, lastName: 1, phone: 1, avatar: 1, dateOfBirth: 1, gender: 1, role: 1, isVendor: 1, vendorStatus: 1, storeName: 1, storeSlug: 1, storeDescription: 1, vendorSince: 1, createdAt: 1, updatedAt: 1, }, }, ])

[90mstdout[2m | src/__tests__/vendor/products.test.ts[2m > [22m[2mvendor product management[2m > [22m[2mgenerates unique slug on duplicate name
[22m[39mprisma:query db.Product.aggregate([ { $match: { $expr: { $and: [ { $and: [ { $and: [ { $eq: [ "$slug", { $literal: "my-product", }, ], }, { $ne: [ "$slug", "$$REMOVE", ], }, ], }, ], }, { }, ], }, }, }, { $project: { _id: 1, name: 1, slug: 1, description: 1, shortDesc: 1, stockKeepingUnit: 1, basePrice: 1, salePrice: 1, type: 1, categoryId: 1, vendorId: 1, approvalStatus: 1, brand: 1, tags: 1, images: 1, avgRating: 1, reviewCount: 1, stock: 1, lowStockThreshold: 1, isActive: 1, isFeatured: 1, isNewArrival: 1, createdAt: 1, updatedAt: 1, }, }, ])

[90mstdout[2m | src/__tests__/vendor/products.test.ts[2m > [22m[2mvendor product management[2m > [22m[2mgenerates unique slug on duplicate name
[22m[39mprisma:query db.Product.insertOne({ name: "My Product", slug: "my-product", description: "First product", stockKeepingUnit: "VND-mnszwp1u-tzeu1d", basePrice: 1000, type: "DIGITAL", vendorId: "vendor-dupslug", approvalStatus: "APPROVED", images: [ ], avgRating: 0, reviewCount: 0, stock: 999999, lowStockThreshold: 10, isActive: true, isFeatured: false, isNewArrival: true, createdAt: DateTime("2026-04-10 14:22:48.788 +00:00:00"), updatedAt: DateTime("2026-04-10 14:22:48.788 +00:00:00"), })

[90mstdout[2m | src/__tests__/vendor/products.test.ts[2m > [22m[2mvendor product management[2m > [22m[2mgenerates unique slug on duplicate name
[22m[39mprisma:query db.Product.aggregate([ { $match: { $expr: { $and: [ { $and: [ { $eq: [ "$_id", { $literal: ObjectId("69d907b8fa7cb788a116f797"), }, ], }, { $ne: [ "$_id", "$$REMOVE", ], }, ], }, ], }, }, }, { $project: { _id: 1, name: 1, slug: 1, description: 1, shortDesc: 1, stockKeepingUnit: 1, basePrice: 1, salePrice: 1, type: 1, categoryId: 1, vendorId: 1, approvalStatus: 1, brand: 1, tags: 1, images: 1, avgRating: 1, reviewCount: 1, stock: 1, lowStockThreshold: 1, isActive: 1, isFeatured: 1, isNewArrival: 1, createdAt: 1, updatedAt: 1, }, }, ])

[90mstdout[2m | src/__tests__/vendor/products.test.ts[2m > [22m[2mvendor product management[2m > [22m[2mgenerates unique slug on duplicate name
[22m[39mprisma:query db.ProductVariant.aggregate([ { $match: { $expr: { $and: [ { $or: [ { $eq: [ "$productId", { $literal: ObjectId("69d907b8fa7cb788a116f797"), }, ], }, ], }, { $ne: [ "$productId", "$$REMOVE", ], }, ], }, }, }, { $project: { _id: 1, productId: 1, stockKeepingUnit: 1, name: 1, attributes: 1, price: 1, compareAtPrice: 1, stock: 1, isActive: 1, }, }, ])

[90mstdout[2m | src/__tests__/vendor/products.test.ts[2m > [22m[2mvendor product management[2m > [22m[2mgenerates unique slug on duplicate name
[22m[39mprisma:query db.DigitalAsset.aggregate([ { $match: { $expr: { $and: [ { $or: [ { $eq: [ "$productId", { $literal: ObjectId("69d907b8fa7cb788a116f797"), }, ], }, ], }, { $ne: [ "$productId", "$$REMOVE", ], }, ], }, }, }, { $project: { _id: 1, fileName: 1, mimeType: 1, fileSize: 1, sortOrder: 1, productId: 1, }, }, ])

[90mstdout[2m | src/__tests__/vendor/products.test.ts[2m > [22m[2mvendor product management[2m > [22m[2mgenerates unique slug on duplicate name
[22m[39mprisma:query db.Product.aggregate([ { $match: { $expr: { $and: [ { $and: [ { $and: [ { $eq: [ "$slug", { $literal: "my-product", }, ], }, { $ne: [ "$slug", "$$REMOVE", ], }, ], }, ], }, { }, ], }, }, }, { $project: { _id: 1, name: 1, slug: 1, description: 1, shortDesc: 1, stockKeepingUnit: 1, basePrice: 1, salePrice: 1, type: 1, categoryId: 1, vendorId: 1, approvalStatus: 1, brand: 1, tags: 1, images: 1, avgRating: 1, reviewCount: 1, stock: 1, lowStockThreshold: 1, isActive: 1, isFeatured: 1, isNewArrival: 1, createdAt: 1, updatedAt: 1, }, }, ])

[90mstdout[2m | src/__tests__/vendor/products.test.ts[2m > [22m[2mvendor product management[2m > [22m[2mgenerates unique slug on duplicate name
[22m[39mprisma:query db.Product.insertOne({ name: "My Product", slug: "my-product-mnszwuox", description: "Second product with same name", stockKeepingUnit: "VND-mnszwuox-3xcy0q", basePrice: 2000, type: "DIGITAL", vendorId: "vendor-dupslug", approvalStatus: "APPROVED", images: [ ], avgRating: 0, reviewCount: 0, stock: 999999, lowStockThreshold: 10, isActive: true, isFeatured: false, isNewArrival: true, createdAt: DateTime("2026-04-10 14:22:56.1 +00:00:00"), updatedAt: DateTime("2026-04-10 14:22:56.1 +00:00:00"), })

[90mstdout[2m | src/__tests__/vendor/products.test.ts[2m > [22m[2mvendor product management[2m > [22m[2mgenerates unique slug on duplicate name
[22m[39mprisma:query db.Product.aggregate([ { $match: { $expr: { $and: [ { $and: [ { $eq: [ "$_id", { $literal: ObjectId("69d907c0fa7cb788a116f798"), }, ], }, { $ne: [ "$_id", "$$REMOVE", ], }, ], }, ], }, }, }, { $project: { _id: 1, name: 1, slug: 1, description: 1, shortDesc: 1, stockKeepingUnit: 1, basePrice: 1, salePrice: 1, type: 1, categoryId: 1, vendorId: 1, approvalStatus: 1, brand: 1, tags: 1, images: 1, avgRating: 1, reviewCount: 1, stock: 1, lowStockThreshold: 1, isActive: 1, isFeatured: 1, isNewArrival: 1, createdAt: 1, updatedAt: 1, }, }, ])

[90mstdout[2m | src/__tests__/vendor/products.test.ts[2m > [22m[2mvendor product management[2m > [22m[2mgenerates unique slug on duplicate name
[22m[39mprisma:query db.ProductVariant.aggregate([ { $match: { $expr: { $and: [ { $or: [ { $eq: [ "$productId", { $literal: ObjectId("69d907c0fa7cb788a116f798"), }, ], }, ], }, { $ne: [ "$productId", "$$REMOVE", ], }, ], }, }, }, { $project: { _id: 1, productId: 1, stockKeepingUnit: 1, name: 1, attributes: 1, price: 1, compareAtPrice: 1, stock: 1, isActive: 1, }, }, ])

[90mstdout[2m | src/__tests__/vendor/products.test.ts[2m > [22m[2mvendor product management[2m > [22m[2mgenerates unique slug on duplicate name
[22m[39mprisma:query db.DigitalAsset.aggregate([ { $match: { $expr: { $and: [ { $or: [ { $eq: [ "$productId", { $literal: ObjectId("69d907c0fa7cb788a116f798"), }, ], }, ], }, { $ne: [ "$productId", "$$REMOVE", ], }, ], }, }, }, { $project: { _id: 1, fileName: 1, mimeType: 1, fileSize: 1, sortOrder: 1, productId: 1, }, }, ])

[90mstdout[2m | src/__tests__/vendor/products.test.ts[2m > [22m[2mvendor product management[2m > [22m[2mgenerates unique slug on duplicate name
[22m[39mprisma:query db.Product.aggregate([ { $match: { $expr: { $and: [ { $ne: [ "$vendorId", { $literal: null, }, ], }, { $ne: [ "$vendorId", "$$REMOVE", ], }, ], }, }, }, { $project: { _id: 1, }, }, ])

[90mstdout[2m | src/__tests__/vendor/products.test.ts[2m > [22m[2mvendor product management[2m > [22m[2mgenerates unique slug on duplicate name
[22m[39mprisma:query db.ProductVariant.aggregate([ { $match: { $expr: { $and: [ { $or: [ { $eq: [ "$productId", { $literal: ObjectId("69d907b8fa7cb788a116f797"), }, ], }, { $eq: [ "$productId", { $literal: ObjectId("69d907c0fa7cb788a116f798"), }, ], }, ], }, { $ne: [ "$productId", "$$REMOVE", ], }, ], }, }, }, { $project: { _id: 1, }, }, ])

[90mstdout[2m | src/__tests__/vendor/products.test.ts[2m > [22m[2mvendor product management[2m > [22m[2mgenerates unique slug on duplicate name
[22m[39mprisma:query db.Product.aggregate([ { $match: { $expr: { $and: [ { $or: [ { $eq: [ "$_id", { $literal: ObjectId("69d907b8fa7cb788a116f797"), }, ], }, { $eq: [ "$_id", { $literal: ObjectId("69d907c0fa7cb788a116f798"), }, ], }, ], }, { $ne: [ "$_id", "$$REMOVE", ], }, ], }, }, }, { $project: { _id: 1, }, }, ])

[90mstdout[2m | src/__tests__/vendor/products.test.ts[2m > [22m[2mvendor product management[2m > [22m[2mgenerates unique slug on duplicate name
[22m[39mprisma:query db.DigitalAsset.aggregate([ { $match: { $expr: { $and: [ { }, { $and: [ { $or: [ { $eq: [ "$productId", { $literal: ObjectId("69d907b8fa7cb788a116f797"), }, ], }, { $eq: [ "$productId", { $literal: ObjectId("69d907c0fa7cb788a116f798"), }, ], }, ], }, { $ne: [ "$productId", "$$REMOVE", ], }, ], }, ], }, }, }, { $project: { _id: 1, productId: 1, }, }, ])

[90mstdout[2m | src/__tests__/vendor/products.test.ts[2m > [22m[2mvendor product management[2m > [22m[2mgenerates unique slug on duplicate name
[22m[39mprisma:query db.WishlistItem.aggregate([ { $match: { $expr: { $and: [ { }, { $and: [ { $or: [ { $eq: [ "$productId", { $literal: ObjectId("69d907b8fa7cb788a116f797"), }, ], }, { $eq: [ "$productId", { $literal: ObjectId("69d907c0fa7cb788a116f798"), }, ], }, ], }, { $ne: [ "$productId", "$$REMOVE", ], }, ], }, ], }, }, }, { $project: { _id: 1, productId: 1, }, }, ])

[90mstdout[2m | src/__tests__/vendor/products.test.ts[2m > [22m[2mvendor product management[2m > [22m[2mgenerates unique slug on duplicate name
[22m[39mprisma:query db.Review.aggregate([ { $match: { $expr: { $and: [ { }, { $and: [ { $or: [ { $eq: [ "$productId", { $literal: ObjectId("69d907b8fa7cb788a116f797"), }, ], }, { $eq: [ "$productId", { $literal: ObjectId("69d907c0fa7cb788a116f798"), }, ], }, ], }, { $ne: [ "$productId", "$$REMOVE", ], }, ], }, ], }, }, }, { $project: { _id: 1, productId: 1, }, }, ])

[90mstdout[2m | src/__tests__/vendor/products.test.ts[2m > [22m[2mvendor product management[2m > [22m[2mgenerates unique slug on duplicate name
[22m[39mprisma:query db.OrderItem.aggregate([ { $match: { $expr: { $and: [ { }, { $and: [ { $or: [ { $eq: [ "$productId", { $literal: ObjectId("69d907b8fa7cb788a116f797"), }, ], }, { $eq: [ "$productId", { $literal: ObjectId("69d907c0fa7cb788a116f798"), }, ], }, ], }, { $ne: [ "$productId", "$$REMOVE", ], }, ], }, ], }, }, }, { $project: { _id: 1, productId: 1, }, }, ])

[90mstdout[2m | src/__tests__/vendor/products.test.ts[2m > [22m[2mvendor product management[2m > [22m[2mgenerates unique slug on duplicate name
[22m[39mprisma:query db.CartItem.aggregate([ { $match: { $expr: { $and: [ { }, { $and: [ { $or: [ { $eq: [ "$productId", { $literal: ObjectId("69d907b8fa7cb788a116f797"), }, ], }, { $eq: [ "$productId", { $literal: ObjectId("69d907c0fa7cb788a116f798"), }, ], }, ], }, { $ne: [ "$productId", "$$REMOVE", ], }, ], }, ], }, }, }, { $project: { _id: 1, productId: 1, }, }, ])

[90mstdout[2m | src/__tests__/vendor/products.test.ts[2m > [22m[2mvendor product management[2m > [22m[2mgenerates unique slug on duplicate name
[22m[39mprisma:query db.ProductVariant.aggregate([ { $match: { $expr: { $and: [ { }, { $and: [ { $or: [ { $eq: [ "$productId", { $literal: ObjectId("69d907b8fa7cb788a116f797"), }, ], }, { $eq: [ "$productId", { $literal: ObjectId("69d907c0fa7cb788a116f798"), }, ], }, ], }, { $ne: [ "$productId", "$$REMOVE", ], }, ], }, ], }, }, }, { $project: { _id: 1, productId: 1, }, }, ])

[90mstdout[2m | src/__tests__/vendor/products.test.ts[2m > [22m[2mvendor product management[2m > [22m[2mgenerates unique slug on duplicate name
[22m[39mprisma:query db.Product.deleteMany({ _id: { $in: [ ObjectId("69d907b8fa7cb788a116f797"), ObjectId("69d907c0fa7cb788a116f798"), ], }, })

[90mstdout[2m | src/__tests__/vendor/products.test.ts[2m > [22m[2mvendor product management[2m > [22m[2mgenerates unique slug on duplicate name
[22m[39mprisma:query db.UserProfile.aggregate([ { $match: { $expr: { $and: [ { $regexMatch: { input: "$userId", regex: "^vendor-", options: "", }, }, { $ne: [ "$userId", "$$REMOVE", ], }, ], }, }, }, { $project: { _id: 1, }, }, ])

[90mstdout[2m | src/__tests__/vendor/products.test.ts[2m > [22m[2mvendor product management[2m > [22m[2mgenerates unique slug on duplicate name
[22m[39mprisma:query db.UserProfile.deleteMany({ _id: { $in: [ ObjectId("69d907b7fa7cb788a116f796"), ], }, })

[90mstdout[2m | src/__tests__/vendor/products.test.ts[2m > [22m[2mvendor product management[2m > [22m[2mcreates product with variants
[22m[39mprisma:query db.UserProfile.insertOne({ userId: "vendor-variants", email: "vendor-variants@test.com", firstName: "Test", lastName: "User", role: "CUSTOMER", isVendor: true, vendorStatus: "ACTIVE", storeName: "variants Store", storeSlug: "variants", createdAt: DateTime("2026-04-10 14:23:00.651 +00:00:00"), updatedAt: DateTime("2026-04-10 14:23:00.651 +00:00:00"), })

[90mstdout[2m | src/__tests__/vendor/products.test.ts[2m > [22m[2mvendor product management[2m > [22m[2mcreates product with variants
[22m[39mprisma:query db.UserProfile.aggregate([ { $match: { $expr: { $and: [ { $and: [ { $eq: [ "$_id", { $literal: ObjectId("69d907c4fa7cb788a116f799"), }, ], }, { $ne: [ "$_id", "$$REMOVE", ], }, ], }, ], }, }, }, { $project: { _id: 1, userId: 1, email: 1, firstName: 1, lastName: 1, phone: 1, avatar: 1, dateOfBirth: 1, gender: 1, role: 1, isVendor: 1, vendorStatus: 1, storeName: 1, storeSlug: 1, storeDescription: 1, vendorSince: 1, createdAt: 1, updatedAt: 1, }, }, ])

[90mstdout[2m | src/__tests__/vendor/products.test.ts[2m > [22m[2mvendor product management[2m > [22m[2mcreates product with variants
[22m[39mprisma:query db.Product.aggregate([ { $match: { $expr: { $and: [ { $and: [ { $and: [ { $eq: [ "$slug", { $literal: "template-pack", }, ], }, { $ne: [ "$slug", "$$REMOVE", ], }, ], }, ], }, { }, ], }, }, }, { $project: { _id: 1, name: 1, slug: 1, description: 1, shortDesc: 1, stockKeepingUnit: 1, basePrice: 1, salePrice: 1, type: 1, categoryId: 1, vendorId: 1, approvalStatus: 1, brand: 1, tags: 1, images: 1, avgRating: 1, reviewCount: 1, stock: 1, lowStockThreshold: 1, isActive: 1, isFeatured: 1, isNewArrival: 1, createdAt: 1, updatedAt: 1, }, }, ])

[90mstdout[2m | src/__tests__/vendor/products.test.ts[2m > [22m[2mvendor product management[2m > [22m[2mcreates product with variants
[22m[39mprisma:query db.Product.insertOne({ name: "Template Pack", slug: "template-pack", description: "Various templates", stockKeepingUnit: "VND-mnszwzix-55mbza", basePrice: 10000, type: "DIGITAL", vendorId: "vendor-variants", approvalStatus: "APPROVED", images: [ ], avgRating: 0, reviewCount: 0, stock: 999999, lowStockThreshold: 10, isActive: true, isFeatured: false, isNewArrival: true, createdAt: DateTime("2026-04-10 14:23:02.363 +00:00:00"), updatedAt: DateTime("2026-04-10 14:23:02.363 +00:00:00"), })

[90mstdout[2m | src/__tests__/vendor/products.test.ts[2m > [22m[2mvendor product management[2m > [22m[2mcreates product with variants
[22m[39mprisma:query db.ProductVariant.insertMany([{ name: "Basic", attributes: { tier: "basic", }, price: 5000, stock: 0, isActive: true, stockKeepingUnit: "VND-V-mnszwzix-nu23v6", productId: ObjectId("69d907c6fa7cb788a116f79a"), },
{ name: "Pro", attributes: { tier: "pro", }, price: 15000, stock: 0, isActive: true, stockKeepingUnit: "VND-V-mnszwzix-gsbvjk", productId: ObjectId("69d907c6fa7cb788a116f79a"), }],{ "ordered": true })

[90mstdout[2m | src/__tests__/vendor/products.test.ts[2m > [22m[2mvendor product management[2m > [22m[2mcreates product with variants
[22m[39mprisma:query db.Product.aggregate([ { $match: { $expr: { $and: [ { $and: [ { $eq: [ "$_id", { $literal: ObjectId("69d907c6fa7cb788a116f79a"), }, ], }, { $ne: [ "$_id", "$$REMOVE", ], }, ], }, ], }, }, }, { $project: { _id: 1, name: 1, slug: 1, description: 1, shortDesc: 1, stockKeepingUnit: 1, basePrice: 1, salePrice: 1, type: 1, categoryId: 1, vendorId: 1, approvalStatus: 1, brand: 1, tags: 1, images: 1, avgRating: 1, reviewCount: 1, stock: 1, lowStockThreshold: 1, isActive: 1, isFeatured: 1, isNewArrival: 1, createdAt: 1, updatedAt: 1, }, }, ])

[90mstdout[2m | src/__tests__/vendor/products.test.ts[2m > [22m[2mvendor product management[2m > [22m[2mcreates product with variants
[22m[39mprisma:query db.ProductVariant.aggregate([ { $match: { $expr: { $and: [ { $or: [ { $eq: [ "$productId", { $literal: ObjectId("69d907c6fa7cb788a116f79a"), }, ], }, ], }, { $ne: [ "$productId", "$$REMOVE", ], }, ], }, }, }, { $project: { _id: 1, productId: 1, stockKeepingUnit: 1, name: 1, attributes: 1, price: 1, compareAtPrice: 1, stock: 1, isActive: 1, }, }, ])

[90mstdout[2m | src/__tests__/vendor/products.test.ts[2m > [22m[2mvendor product management[2m > [22m[2mcreates product with variants
[22m[39mprisma:query db.DigitalAsset.aggregate([ { $match: { $expr: { $and: [ { $or: [ { $eq: [ "$productId", { $literal: ObjectId("69d907c6fa7cb788a116f79a"), }, ], }, ], }, { $ne: [ "$productId", "$$REMOVE", ], }, ], }, }, }, { $project: { _id: 1, fileName: 1, mimeType: 1, fileSize: 1, sortOrder: 1, productId: 1, }, }, ])

[90mstdout[2m | src/__tests__/vendor/products.test.ts[2m > [22m[2mvendor product management[2m > [22m[2mcreates product with variants
[22m[39mprisma:query db.Product.aggregate([ { $match: { $expr: { $and: [ { $ne: [ "$vendorId", { $literal: null, }, ], }, { $ne: [ "$vendorId", "$$REMOVE", ], }, ], }, }, }, { $project: { _id: 1, }, }, ])

[90mstdout[2m | src/__tests__/vendor/products.test.ts[2m > [22m[2mvendor product management[2m > [22m[2mcreates product with variants
[22m[39mprisma:query db.ProductVariant.aggregate([ { $match: { $expr: { $and: [ { $or: [ { $eq: [ "$productId", { $literal: ObjectId("69d907c6fa7cb788a116f79a"), }, ], }, ], }, { $ne: [ "$productId", "$$REMOVE", ], }, ], }, }, }, { $project: { _id: 1, }, }, ])

[90mstdout[2m | src/__tests__/vendor/products.test.ts[2m > [22m[2mvendor product management[2m > [22m[2mcreates product with variants
[22m[39mprisma:query db.OrderItem.aggregate([ { $match: { $expr: { $and: [ { }, { $and: [ { $or: [ { $eq: [ "$variantId", { $literal: ObjectId("69d907c6fa7cb788a116f79b"), }, ], }, { $eq: [ "$variantId", { $literal: ObjectId("69d907c6fa7cb788a116f79c"), }, ], }, ], }, { $ne: [ "$variantId", "$$REMOVE", ], }, ], }, ], }, }, }, { $project: { _id: 1, variantId: 1, }, }, ])

[90mstdout[2m | src/__tests__/vendor/products.test.ts[2m > [22m[2mvendor product management[2m > [22m[2mcreates product with variants
[22m[39mprisma:query db.CartItem.aggregate([ { $match: { $expr: { $and: [ { }, { $and: [ { $or: [ { $eq: [ "$variantId", { $literal: ObjectId("69d907c6fa7cb788a116f79b"), }, ], }, { $eq: [ "$variantId", { $literal: ObjectId("69d907c6fa7cb788a116f79c"), }, ], }, ], }, { $ne: [ "$variantId", "$$REMOVE", ], }, ], }, ], }, }, }, { $project: { _id: 1, variantId: 1, }, }, ])

[90mstdout[2m | src/__tests__/vendor/products.test.ts[2m > [22m[2mvendor product management[2m > [22m[2mcreates product with variants
[22m[39mprisma:query db.ProductVariant.deleteMany({ _id: { $in: [ ObjectId("69d907c6fa7cb788a116f79b"), ObjectId("69d907c6fa7cb788a116f79c"), ], }, })

[90mstdout[2m | src/__tests__/vendor/products.test.ts[2m > [22m[2mvendor product management[2m > [22m[2mcreates product with variants
[22m[39mprisma:query db.Product.aggregate([ { $match: { $expr: { $and: [ { $or: [ { $eq: [ "$_id", { $literal: ObjectId("69d907c6fa7cb788a116f79a"), }, ], }, ], }, { $ne: [ "$_id", "$$REMOVE", ], }, ], }, }, }, { $project: { _id: 1, }, }, ])

[90mstdout[2m | src/__tests__/vendor/products.test.ts[2m > [22m[2mvendor product management[2m > [22m[2mcreates product with variants
[22m[39mprisma:query db.DigitalAsset.aggregate([ { $match: { $expr: { $and: [ { }, { $and: [ { $or: [ { $eq: [ "$productId", { $literal: ObjectId("69d907c6fa7cb788a116f79a"), }, ], }, ], }, { $ne: [ "$productId", "$$REMOVE", ], }, ], }, ], }, }, }, { $project: { _id: 1, productId: 1, }, }, ])

[90mstdout[2m | src/__tests__/vendor/products.test.ts[2m > [22m[2mvendor product management[2m > [22m[2mcreates product with variants
[22m[39mprisma:query db.WishlistItem.aggregate([ { $match: { $expr: { $and: [ { }, { $and: [ { $or: [ { $eq: [ "$productId", { $literal: ObjectId("69d907c6fa7cb788a116f79a"), }, ], }, ], }, { $ne: [ "$productId", "$$REMOVE", ], }, ], }, ], }, }, }, { $project: { _id: 1, productId: 1, }, }, ])

[90mstdout[2m | src/__tests__/vendor/products.test.ts[2m > [22m[2mvendor product management[2m > [22m[2mcreates product with variants
[22m[39mprisma:query db.Review.aggregate([ { $match: { $expr: { $and: [ { }, { $and: [ { $or: [ { $eq: [ "$productId", { $literal: ObjectId("69d907c6fa7cb788a116f79a"), }, ], }, ], }, { $ne: [ "$productId", "$$REMOVE", ], }, ], }, ], }, }, }, { $project: { _id: 1, productId: 1, }, }, ])

[90mstdout[2m | src/__tests__/vendor/products.test.ts[2m > [22m[2mvendor product management[2m > [22m[2mcreates product with variants
[22m[39mprisma:query db.OrderItem.aggregate([ { $match: { $expr: { $and: [ { }, { $and: [ { $or: [ { $eq: [ "$productId", { $literal: ObjectId("69d907c6fa7cb788a116f79a"), }, ], }, ], }, { $ne: [ "$productId", "$$REMOVE", ], }, ], }, ], }, }, }, { $project: { _id: 1, productId: 1, }, }, ])

[90mstdout[2m | src/__tests__/vendor/products.test.ts[2m > [22m[2mvendor product management[2m > [22m[2mcreates product with variants
[22m[39mprisma:query db.CartItem.aggregate([ { $match: { $expr: { $and: [ { }, { $and: [ { $or: [ { $eq: [ "$productId", { $literal: ObjectId("69d907c6fa7cb788a116f79a"), }, ], }, ], }, { $ne: [ "$productId", "$$REMOVE", ], }, ], }, ], }, }, }, { $project: { _id: 1, productId: 1, }, }, ])

[90mstdout[2m | src/__tests__/vendor/products.test.ts[2m > [22m[2mvendor product management[2m > [22m[2mcreates product with variants
[22m[39mprisma:query db.ProductVariant.aggregate([ { $match: { $expr: { $and: [ { }, { $and: [ { $or: [ { $eq: [ "$productId", { $literal: ObjectId("69d907c6fa7cb788a116f79a"), }, ], }, ], }, { $ne: [ "$productId", "$$REMOVE", ], }, ], }, ], }, }, }, { $project: { _id: 1, productId: 1, }, }, ])

[90mstdout[2m | src/__tests__/vendor/products.test.ts[2m > [22m[2mvendor product management[2m > [22m[2mcreates product with variants
[22m[39mprisma:query db.Product.deleteMany({ _id: { $in: [ ObjectId("69d907c6fa7cb788a116f79a"), ], }, })

[90mstdout[2m | src/__tests__/vendor/products.test.ts[2m > [22m[2mvendor product management[2m > [22m[2mcreates product with variants
[22m[39mprisma:query db.UserProfile.aggregate([ { $match: { $expr: { $and: [ { $regexMatch: { input: "$userId", regex: "^vendor-", options: "", }, }, { $ne: [ "$userId", "$$REMOVE", ], }, ], }, }, }, { $project: { _id: 1, }, }, ])

[90mstdout[2m | src/__tests__/vendor/products.test.ts[2m > [22m[2mvendor product management[2m > [22m[2mcreates product with variants
[22m[39mprisma:query db.UserProfile.deleteMany({ _id: { $in: [ ObjectId("69d907c4fa7cb788a116f799"), ], }, })

[90mstdout[2m | src/__tests__/vendor/products.test.ts[2m > [22m[2mvendor product management[2m > [22m[2mlists only the vendor's own products
[22m[39mprisma:query db.UserProfile.insertOne({ userId: "vendor-shop-a", email: "vendor-shop-a@test.com", firstName: "Test", lastName: "User", role: "CUSTOMER", isVendor: true, vendorStatus: "ACTIVE", storeName: "shop-a Store", storeSlug: "shop-a", createdAt: DateTime("2026-04-10 14:23:12.692 +00:00:00"), updatedAt: DateTime("2026-04-10 14:23:12.692 +00:00:00"), })

[90mstdout[2m | src/__tests__/vendor/products.test.ts[2m > [22m[2mvendor product management[2m > [22m[2mlists only the vendor's own products
[22m[39mprisma:query db.UserProfile.aggregate([ { $match: { $expr: { $and: [ { $and: [ { $eq: [ "$_id", { $literal: ObjectId("69d907d0fa7cb788a116f79d"), }, ], }, { $ne: [ "$_id", "$$REMOVE", ], }, ], }, ], }, }, }, { $project: { _id: 1, userId: 1, email: 1, firstName: 1, lastName: 1, phone: 1, avatar: 1, dateOfBirth: 1, gender: 1, role: 1, isVendor: 1, vendorStatus: 1, storeName: 1, storeSlug: 1, storeDescription: 1, vendorSince: 1, createdAt: 1, updatedAt: 1, }, }, ])

[90mstdout[2m | src/__tests__/vendor/products.test.ts[2m > [22m[2mvendor product management[2m > [22m[2mlists only the vendor's own products
[22m[39mprisma:query db.UserProfile.insertOne({ userId: "vendor-shop-b", email: "vendor-shop-b@test.com", firstName: "Test", lastName: "User", role: "CUSTOMER", isVendor: true, vendorStatus: "ACTIVE", storeName: "shop-b Store", storeSlug: "shop-b", createdAt: DateTime("2026-04-10 14:23:15.033 +00:00:00"), updatedAt: DateTime("2026-04-10 14:23:15.033 +00:00:00"), })

[90mstdout[2m | src/__tests__/vendor/products.test.ts[2m > [22m[2mvendor product management[2m > [22m[2mlists only the vendor's own products
[22m[39mprisma:query db.UserProfile.aggregate([ { $match: { $expr: { $and: [ { $and: [ { $eq: [ "$_id", { $literal: ObjectId("69d907d3fa7cb788a116f79e"), }, ], }, { $ne: [ "$_id", "$$REMOVE", ], }, ], }, ], }, }, }, { $project: { _id: 1, userId: 1, email: 1, firstName: 1, lastName: 1, phone: 1, avatar: 1, dateOfBirth: 1, gender: 1, role: 1, isVendor: 1, vendorStatus: 1, storeName: 1, storeSlug: 1, storeDescription: 1, vendorSince: 1, createdAt: 1, updatedAt: 1, }, }, ])

[90mstdout[2m | src/__tests__/vendor/products.test.ts[2m > [22m[2mvendor product management[2m > [22m[2mlists only the vendor's own products
[22m[39mprisma:query db.Product.aggregate([ { $match: { $expr: { $and: [ { $and: [ { $and: [ { $eq: [ "$slug", { $literal: "vendor1-product", }, ], }, { $ne: [ "$slug", "$$REMOVE", ], }, ], }, ], }, { }, ], }, }, }, { $project: { _id: 1, name: 1, slug: 1, description: 1, shortDesc: 1, stockKeepingUnit: 1, basePrice: 1, salePrice: 1, type: 1, categoryId: 1, vendorId: 1, approvalStatus: 1, brand: 1, tags: 1, images: 1, avgRating: 1, reviewCount: 1, stock: 1, lowStockThreshold: 1, isActive: 1, isFeatured: 1, isNewArrival: 1, createdAt: 1, updatedAt: 1, }, }, ])

[90mstdout[2m | src/__tests__/vendor/products.test.ts[2m > [22m[2mvendor product management[2m > [22m[2mlists only the vendor's own products
[22m[39mprisma:query db.Product.insertOne({ name: "Vendor1 Product", slug: "vendor1-product", description: "From vendor 1", stockKeepingUnit: "VND-mnszxb9f-e8sgtq", basePrice: 500, type: "DIGITAL", vendorId: "vendor-shop-a", approvalStatus: "APPROVED", images: [ ], avgRating: 0, reviewCount: 0, stock: 999999, lowStockThreshold: 10, isActive: true, isFeatured: false, isNewArrival: true, createdAt: DateTime("2026-04-10 14:23:17.573 +00:00:00"), updatedAt: DateTime("2026-04-10 14:23:17.573 +00:00:00"), })

[90mstdout[2m | src/__tests__/vendor/products.test.ts[2m > [22m[2mvendor product management[2m > [22m[2mlists only the vendor's own products
[22m[39mprisma:query db.Product.aggregate([ { $match: { $expr: { $and: [ { $and: [ { $eq: [ "$_id", { $literal: ObjectId("69d907d5fa7cb788a116f79f"), }, ], }, { $ne: [ "$_id", "$$REMOVE", ], }, ], }, ], }, }, }, { $project: { _id: 1, name: 1, slug: 1, description: 1, shortDesc: 1, stockKeepingUnit: 1, basePrice: 1, salePrice: 1, type: 1, categoryId: 1, vendorId: 1, approvalStatus: 1, brand: 1, tags: 1, images: 1, avgRating: 1, reviewCount: 1, stock: 1, lowStockThreshold: 1, isActive: 1, isFeatured: 1, isNewArrival: 1, createdAt: 1, updatedAt: 1, }, }, ])

[90mstdout[2m | src/__tests__/vendor/products.test.ts[2m > [22m[2mvendor product management[2m > [22m[2mlists only the vendor's own products
[22m[39mprisma:query db.ProductVariant.aggregate([ { $match: { $expr: { $and: [ { $or: [ { $eq: [ "$productId", { $literal: ObjectId("69d907d5fa7cb788a116f79f"), }, ], }, ], }, { $ne: [ "$productId", "$$REMOVE", ], }, ], }, }, }, { $project: { _id: 1, productId: 1, stockKeepingUnit: 1, name: 1, attributes: 1, price: 1, compareAtPrice: 1, stock: 1, isActive: 1, }, }, ])

[90mstdout[2m | src/__tests__/vendor/products.test.ts[2m > [22m[2mvendor product management[2m > [22m[2mlists only the vendor's own products
[22m[39mprisma:query db.DigitalAsset.aggregate([ { $match: { $expr: { $and: [ { $or: [ { $eq: [ "$productId", { $literal: ObjectId("69d907d5fa7cb788a116f79f"), }, ], }, ], }, { $ne: [ "$productId", "$$REMOVE", ], }, ], }, }, }, { $project: { _id: 1, fileName: 1, mimeType: 1, fileSize: 1, sortOrder: 1, productId: 1, }, }, ])

[90mstdout[2m | src/__tests__/vendor/products.test.ts[2m > [22m[2mvendor product management[2m > [22m[2mlists only the vendor's own products
[22m[39mprisma:query db.Product.aggregate([ { $match: { $expr: { $and: [ { $and: [ { $and: [ { $eq: [ "$slug", { $literal: "vendor2-product", }, ], }, { $ne: [ "$slug", "$$REMOVE", ], }, ], }, ], }, { }, ], }, }, }, { $project: { _id: 1, name: 1, slug: 1, description: 1, shortDesc: 1, stockKeepingUnit: 1, basePrice: 1, salePrice: 1, type: 1, categoryId: 1, vendorId: 1, approvalStatus: 1, brand: 1, tags: 1, images: 1, avgRating: 1, reviewCount: 1, stock: 1, lowStockThreshold: 1, isActive: 1, isFeatured: 1, isNewArrival: 1, createdAt: 1, updatedAt: 1, }, }, ])

[90mstdout[2m | src/__tests__/vendor/products.test.ts[2m > [22m[2mvendor product management[2m > [22m[2mlists only the vendor's own products
[22m[39mprisma:query db.Product.insertOne({ name: "Vendor2 Product", slug: "vendor2-product", description: "From vendor 2", stockKeepingUnit: "VND-mnszxdzn-0t1jrk", basePrice: 600, type: "DIGITAL", vendorId: "vendor-shop-b", approvalStatus: "APPROVED", images: [ ], avgRating: 0, reviewCount: 0, stock: 999999, lowStockThreshold: 10, isActive: true, isFeatured: false, isNewArrival: true, createdAt: DateTime("2026-04-10 14:23:21.109 +00:00:00"), updatedAt: DateTime("2026-04-10 14:23:21.109 +00:00:00"), })

[90mstdout[2m | src/__tests__/vendor/products.test.ts[2m > [22m[2mvendor product management[2m > [22m[2mlists only the vendor's own products
[22m[39mprisma:query db.Product.aggregate([ { $match: { $expr: { $and: [ { $and: [ { $eq: [ "$_id", { $literal: ObjectId("69d907d9fa7cb788a116f7a0"), }, ], }, { $ne: [ "$_id", "$$REMOVE", ], }, ], }, ], }, }, }, { $project: { _id: 1, name: 1, slug: 1, description: 1, shortDesc: 1, stockKeepingUnit: 1, basePrice: 1, salePrice: 1, type: 1, categoryId: 1, vendorId: 1, approvalStatus: 1, brand: 1, tags: 1, images: 1, avgRating: 1, reviewCount: 1, stock: 1, lowStockThreshold: 1, isActive: 1, isFeatured: 1, isNewArrival: 1, createdAt: 1, updatedAt: 1, }, }, ])

[90mstdout[2m | src/__tests__/vendor/products.test.ts[2m > [22m[2mvendor product management[2m > [22m[2mlists only the vendor's own products
[22m[39mprisma:query db.ProductVariant.aggregate([ { $match: { $expr: { $and: [ { $or: [ { $eq: [ "$productId", { $literal: ObjectId("69d907d9fa7cb788a116f7a0"), }, ], }, ], }, { $ne: [ "$productId", "$$REMOVE", ], }, ], }, }, }, { $project: { _id: 1, productId: 1, stockKeepingUnit: 1, name: 1, attributes: 1, price: 1, compareAtPrice: 1, stock: 1, isActive: 1, }, }, ])

[90mstdout[2m | src/__tests__/vendor/products.test.ts[2m > [22m[2mvendor product management[2m > [22m[2mlists only the vendor's own products
[22m[39mprisma:query db.DigitalAsset.aggregate([ { $match: { $expr: { $and: [ { $or: [ { $eq: [ "$productId", { $literal: ObjectId("69d907d9fa7cb788a116f7a0"), }, ], }, ], }, { $ne: [ "$productId", "$$REMOVE", ], }, ], }, }, }, { $project: { _id: 1, fileName: 1, mimeType: 1, fileSize: 1, sortOrder: 1, productId: 1, }, }, ])

[90mstdout[2m | src/__tests__/vendor/products.test.ts[2m > [22m[2mvendor product management[2m > [22m[2mlists only the vendor's own products
[22m[39mprisma:query db.Product.aggregate([ { $match: { $expr: { $and: [ { $eq: [ "$vendorId", { $literal: "vendor-shop-a", }, ], }, { $ne: [ "$vendorId", "$$REMOVE", ], }, ], }, }, }, { $group: { _id: null, count_all: { $sum: 1, }, }, }, ])

[90mstdout[2m | src/__tests__/vendor/products.test.ts[2m > [22m[2mvendor product management[2m > [22m[2mlists only the vendor's own products
[22m[39mprisma:query db.Product.aggregate([ { $match: { $expr: { $and: [ { $eq: [ "$vendorId", { $literal: "vendor-shop-a", }, ], }, { $ne: [ "$vendorId", "$$REMOVE", ], }, ], }, }, }, { $sort: { createdAt: -1, }, }, { $skip: 0, }, { $limit: 20, }, { $project: { _id: 1, name: 1, slug: 1, description: 1, shortDesc: 1, stockKeepingUnit: 1, basePrice: 1, salePrice: 1, type: 1, categoryId: 1, vendorId: 1, approvalStatus: 1, brand: 1, tags: 1, images: 1, avgRating: 1, reviewCount: 1, stock: 1, lowStockThreshold: 1, isActive: 1, isFeatured: 1, isNewArrival: 1, createdAt: 1, updatedAt: 1, }, }, ])

[90mstdout[2m | src/__tests__/vendor/products.test.ts[2m > [22m[2mvendor product management[2m > [22m[2mlists only the vendor's own products
[22m[39mprisma:query db.ProductVariant.aggregate([ { $match: { $expr: { $and: [ { $or: [ { $eq: [ "$productId", { $literal: ObjectId("69d907d5fa7cb788a116f79f"), }, ], }, ], }, { $ne: [ "$productId", "$$REMOVE", ], }, ], }, }, }, { $project: { _id: 1, productId: 1, stockKeepingUnit: 1, name: 1, attributes: 1, price: 1, compareAtPrice: 1, stock: 1, isActive: 1, }, }, ])

[90mstdout[2m | src/__tests__/vendor/products.test.ts[2m > [22m[2mvendor product management[2m > [22m[2mlists only the vendor's own products
[22m[39mprisma:query db.DigitalAsset.aggregate([ { $match: { $expr: { $and: [ { $or: [ { $eq: [ "$productId", { $literal: ObjectId("69d907d5fa7cb788a116f79f"), }, ], }, ], }, { $ne: [ "$productId", "$$REMOVE", ], }, ], }, }, }, { $project: { _id: 1, fileName: 1, mimeType: 1, fileSize: 1, sortOrder: 1, productId: 1, }, }, ])

[90mstdout[2m | src/__tests__/vendor/products.test.ts[2m > [22m[2mvendor product management[2m > [22m[2mlists only the vendor's own products
[22m[39mprisma:query db.Product.aggregate([ { $match: { $expr: { $and: [ { $ne: [ "$vendorId", { $literal: null, }, ], }, { $ne: [ "$vendorId", "$$REMOVE", ], }, ], }, }, }, { $project: { _id: 1, }, }, ])

[90mstdout[2m | src/__tests__/vendor/products.test.ts[2m > [22m[2mvendor product management[2m > [22m[2mlists only the vendor's own products
[22m[39mprisma:query db.ProductVariant.aggregate([ { $match: { $expr: { $and: [ { $or: [ { $eq: [ "$productId", { $literal: ObjectId("69d907d5fa7cb788a116f79f"), }, ], }, { $eq: [ "$productId", { $literal: ObjectId("69d907d9fa7cb788a116f7a0"), }, ], }, ], }, { $ne: [ "$productId", "$$REMOVE", ], }, ], }, }, }, { $project: { _id: 1, }, }, ])

[90mstdout[2m | src/__tests__/vendor/products.test.ts[2m > [22m[2mvendor product management[2m > [22m[2mlists only the vendor's own products
[22m[39mprisma:query db.Product.aggregate([ { $match: { $expr: { $and: [ { $or: [ { $eq: [ "$_id", { $literal: ObjectId("69d907d5fa7cb788a116f79f"), }, ], }, { $eq: [ "$_id", { $literal: ObjectId("69d907d9fa7cb788a116f7a0"), }, ], }, ], }, { $ne: [ "$_id", "$$REMOVE", ], }, ], }, }, }, { $project: { _id: 1, }, }, ])

[90mstdout[2m | src/__tests__/vendor/products.test.ts[2m > [22m[2mvendor product management[2m > [22m[2mlists only the vendor's own products
[22m[39mprisma:query db.DigitalAsset.aggregate([ { $match: { $expr: { $and: [ { }, { $and: [ { $or: [ { $eq: [ "$productId", { $literal: ObjectId("69d907d5fa7cb788a116f79f"), }, ], }, { $eq: [ "$productId", { $literal: ObjectId("69d907d9fa7cb788a116f7a0"), }, ], }, ], }, { $ne: [ "$productId", "$$REMOVE", ], }, ], }, ], }, }, }, { $project: { _id: 1, productId: 1, }, }, ])

[90mstdout[2m | src/__tests__/vendor/products.test.ts[2m > [22m[2mvendor product management[2m > [22m[2mlists only the vendor's own products
[22m[39mprisma:query db.WishlistItem.aggregate([ { $match: { $expr: { $and: [ { }, { $and: [ { $or: [ { $eq: [ "$productId", { $literal: ObjectId("69d907d5fa7cb788a116f79f"), }, ], }, { $eq: [ "$productId", { $literal: ObjectId("69d907d9fa7cb788a116f7a0"), }, ], }, ], }, { $ne: [ "$productId", "$$REMOVE", ], }, ], }, ], }, }, }, { $project: { _id: 1, productId: 1, }, }, ])

[90mstdout[2m | src/__tests__/vendor/products.test.ts[2m > [22m[2mvendor product management[2m > [22m[2mlists only the vendor's own products
[22m[39mprisma:query db.Review.aggregate([ { $match: { $expr: { $and: [ { }, { $and: [ { $or: [ { $eq: [ "$productId", { $literal: ObjectId("69d907d5fa7cb788a116f79f"), }, ], }, { $eq: [ "$productId", { $literal: ObjectId("69d907d9fa7cb788a116f7a0"), }, ], }, ], }, { $ne: [ "$productId", "$$REMOVE", ], }, ], }, ], }, }, }, { $project: { _id: 1, productId: 1, }, }, ])

[90mstdout[2m | src/__tests__/vendor/products.test.ts[2m > [22m[2mvendor product management[2m > [22m[2mlists only the vendor's own products
[22m[39mprisma:query db.OrderItem.aggregate([ { $match: { $expr: { $and: [ { }, { $and: [ { $or: [ { $eq: [ "$productId", { $literal: ObjectId("69d907d5fa7cb788a116f79f"), }, ], }, { $eq: [ "$productId", { $literal: ObjectId("69d907d9fa7cb788a116f7a0"), }, ], }, ], }, { $ne: [ "$productId", "$$REMOVE", ], }, ], }, ], }, }, }, { $project: { _id: 1, productId: 1, }, }, ])

[90mstdout[2m | src/__tests__/vendor/products.test.ts[2m > [22m[2mvendor product management[2m > [22m[2mlists only the vendor's own products
[22m[39mprisma:query db.CartItem.aggregate([ { $match: { $expr: { $and: [ { }, { $and: [ { $or: [ { $eq: [ "$productId", { $literal: ObjectId("69d907d5fa7cb788a116f79f"), }, ], }, { $eq: [ "$productId", { $literal: ObjectId("69d907d9fa7cb788a116f7a0"), }, ], }, ], }, { $ne: [ "$productId", "$$REMOVE", ], }, ], }, ], }, }, }, { $project: { _id: 1, productId: 1, }, }, ])

[90mstdout[2m | src/__tests__/vendor/products.test.ts[2m > [22m[2mvendor product management[2m > [22m[2mlists only the vendor's own products
[22m[39mprisma:query db.ProductVariant.aggregate([ { $match: { $expr: { $and: [ { }, { $and: [ { $or: [ { $eq: [ "$productId", { $literal: ObjectId("69d907d5fa7cb788a116f79f"), }, ], }, { $eq: [ "$productId", { $literal: ObjectId("69d907d9fa7cb788a116f7a0"), }, ], }, ], }, { $ne: [ "$productId", "$$REMOVE", ], }, ], }, ], }, }, }, { $project: { _id: 1, productId: 1, }, }, ])

[90mstdout[2m | src/__tests__/vendor/products.test.ts[2m > [22m[2mvendor product management[2m > [22m[2mlists only the vendor's own products
[22m[39mprisma:query db.Product.deleteMany({ _id: { $in: [ ObjectId("69d907d5fa7cb788a116f79f"), ObjectId("69d907d9fa7cb788a116f7a0"), ], }, })

[90mstdout[2m | src/__tests__/vendor/products.test.ts[2m > [22m[2mvendor product management[2m > [22m[2mlists only the vendor's own products
[22m[39mprisma:query db.UserProfile.aggregate([ { $match: { $expr: { $and: [ { $regexMatch: { input: "$userId", regex: "^vendor-", options: "", }, }, { $ne: [ "$userId", "$$REMOVE", ], }, ], }, }, }, { $project: { _id: 1, }, }, ])

[90mstdout[2m | src/__tests__/vendor/products.test.ts[2m > [22m[2mvendor product management[2m > [22m[2mlists only the vendor's own products
[22m[39mprisma:query db.UserProfile.deleteMany({ _id: { $in: [ ObjectId("69d907d0fa7cb788a116f79d"), ObjectId("69d907d3fa7cb788a116f79e"), ], }, })

[90mstdout[2m | src/__tests__/vendor/products.test.ts[2m > [22m[2mvendor product management[2m > [22m[2mgets a single product belonging to the vendor
[22m[39mprisma:query db.UserProfile.insertOne({ userId: "vendor-single", email: "vendor-single@test.com", firstName: "Test", lastName: "User", role: "CUSTOMER", isVendor: true, vendorStatus: "ACTIVE", storeName: "single Store", storeSlug: "single", createdAt: DateTime("2026-04-10 14:23:29.921 +00:00:00"), updatedAt: DateTime("2026-04-10 14:23:29.921 +00:00:00"), })

[90mstdout[2m | src/__tests__/vendor/products.test.ts[2m > [22m[2mvendor product management[2m > [22m[2mgets a single product belonging to the vendor
[22m[39mprisma:query db.UserProfile.aggregate([ { $match: { $expr: { $and: [ { $and: [ { $eq: [ "$_id", { $literal: ObjectId("69d907e1fa7cb788a116f7a1"), }, ], }, { $ne: [ "$_id", "$$REMOVE", ], }, ], }, ], }, }, }, { $project: { _id: 1, userId: 1, email: 1, firstName: 1, lastName: 1, phone: 1, avatar: 1, dateOfBirth: 1, gender: 1, role: 1, isVendor: 1, vendorStatus: 1, storeName: 1, storeSlug: 1, storeDescription: 1, vendorSince: 1, createdAt: 1, updatedAt: 1, }, }, ])

[90mstdout[2m | src/__tests__/vendor/products.test.ts[2m > [22m[2mvendor product management[2m > [22m[2mgets a single product belonging to the vendor
[22m[39mprisma:query db.Product.aggregate([ { $match: { $expr: { $and: [ { $and: [ { $and: [ { $eq: [ "$slug", { $literal: "solo-product", }, ], }, { $ne: [ "$slug", "$$REMOVE", ], }, ], }, ], }, { }, ], }, }, }, { $project: { _id: 1, name: 1, slug: 1, description: 1, shortDesc: 1, stockKeepingUnit: 1, basePrice: 1, salePrice: 1, type: 1, categoryId: 1, vendorId: 1, approvalStatus: 1, brand: 1, tags: 1, images: 1, avgRating: 1, reviewCount: 1, stock: 1, lowStockThreshold: 1, isActive: 1, isFeatured: 1, isNewArrival: 1, createdAt: 1, updatedAt: 1, }, }, ])

[90mstdout[2m | src/__tests__/vendor/products.test.ts[2m > [22m[2mvendor product management[2m > [22m[2mgets a single product belonging to the vendor
[22m[39mprisma:query db.Product.insertOne({ name: "Solo Product", slug: "solo-product", description: "Just one", stockKeepingUnit: "VND-mnszxnp1-r8g6kr", basePrice: 3000, type: "DIGITAL", vendorId: "vendor-single", approvalStatus: "APPROVED", images: [ ], avgRating: 0, reviewCount: 0, stock: 999999, lowStockThreshold: 10, isActive: true, isFeatured: false, isNewArrival: true, createdAt: DateTime("2026-04-10 14:23:33.687 +00:00:00"), updatedAt: DateTime("2026-04-10 14:23:33.687 +00:00:00"), })

[90mstdout[2m | src/__tests__/vendor/products.test.ts[2m > [22m[2mvendor product management[2m > [22m[2mgets a single product belonging to the vendor
[22m[39mprisma:query db.Product.aggregate([ { $match: { $expr: { $and: [ { $and: [ { $eq: [ "$_id", { $literal: ObjectId("69d907e5fa7cb788a116f7a2"), }, ], }, { $ne: [ "$_id", "$$REMOVE", ], }, ], }, ], }, }, }, { $project: { _id: 1, name: 1, slug: 1, description: 1, shortDesc: 1, stockKeepingUnit: 1, basePrice: 1, salePrice: 1, type: 1, categoryId: 1, vendorId: 1, approvalStatus: 1, brand: 1, tags: 1, images: 1, avgRating: 1, reviewCount: 1, stock: 1, lowStockThreshold: 1, isActive: 1, isFeatured: 1, isNewArrival: 1, createdAt: 1, updatedAt: 1, }, }, ])

[90mstdout[2m | src/__tests__/vendor/products.test.ts[2m > [22m[2mvendor product management[2m > [22m[2mgets a single product belonging to the vendor
[22m[39mprisma:query db.ProductVariant.aggregate([ { $match: { $expr: { $and: [ { $or: [ { $eq: [ "$productId", { $literal: ObjectId("69d907e5fa7cb788a116f7a2"), }, ], }, ], }, { $ne: [ "$productId", "$$REMOVE", ], }, ], }, }, }, { $project: { _id: 1, productId: 1, stockKeepingUnit: 1, name: 1, attributes: 1, price: 1, compareAtPrice: 1, stock: 1, isActive: 1, }, }, ])

[90mstdout[2m | src/__tests__/vendor/products.test.ts[2m > [22m[2mvendor product management[2m > [22m[2mgets a single product belonging to the vendor
[22m[39mprisma:query db.DigitalAsset.aggregate([ { $match: { $expr: { $and: [ { $or: [ { $eq: [ "$productId", { $literal: ObjectId("69d907e5fa7cb788a116f7a2"), }, ], }, ], }, { $ne: [ "$productId", "$$REMOVE", ], }, ], }, }, }, { $project: { _id: 1, fileName: 1, mimeType: 1, fileSize: 1, sortOrder: 1, productId: 1, }, }, ])

[90mstdout[2m | src/__tests__/vendor/products.test.ts[2m > [22m[2mvendor product management[2m > [22m[2mgets a single product belonging to the vendor
[22m[39mprisma:query db.Product.aggregate([ { $match: { $expr: { $and: [ { $and: [ { $and: [ { $eq: [ "$_id", { $literal: ObjectId("69d907e5fa7cb788a116f7a2"), }, ], }, { $ne: [ "$_id", "$$REMOVE", ], }, ], }, ], }, { }, ], }, }, }, { $project: { _id: 1, name: 1, slug: 1, description: 1, shortDesc: 1, stockKeepingUnit: 1, basePrice: 1, salePrice: 1, type: 1, categoryId: 1, vendorId: 1, approvalStatus: 1, brand: 1, tags: 1, images: 1, avgRating: 1, reviewCount: 1, stock: 1, lowStockThreshold: 1, isActive: 1, isFeatured: 1, isNewArrival: 1, createdAt: 1, updatedAt: 1, }, }, ])

[90mstdout[2m | src/__tests__/vendor/products.test.ts[2m > [22m[2mvendor product management[2m > [22m[2mgets a single product belonging to the vendor
[22m[39mprisma:query db.ProductVariant.aggregate([ { $match: { $expr: { $and: [ { $or: [ { $eq: [ "$productId", { $literal: ObjectId("69d907e5fa7cb788a116f7a2"), }, ], }, ], }, { $ne: [ "$productId", "$$REMOVE", ], }, ], }, }, }, { $project: { _id: 1, productId: 1, stockKeepingUnit: 1, name: 1, attributes: 1, price: 1, compareAtPrice: 1, stock: 1, isActive: 1, }, }, ])

[90mstdout[2m | src/__tests__/vendor/products.test.ts[2m > [22m[2mvendor product management[2m > [22m[2mgets a single product belonging to the vendor
[22m[39mprisma:query db.DigitalAsset.aggregate([ { $match: { $expr: { $and: [ { $or: [ { $eq: [ "$productId", { $literal: ObjectId("69d907e5fa7cb788a116f7a2"), }, ], }, ], }, { $ne: [ "$productId", "$$REMOVE", ], }, ], }, }, }, { $project: { _id: 1, fileName: 1, mimeType: 1, fileSize: 1, sortOrder: 1, productId: 1, }, }, ])

[90mstdout[2m | src/__tests__/vendor/products.test.ts[2m > [22m[2mvendor product management[2m > [22m[2mgets a single product belonging to the vendor
[22m[39mprisma:query db.Product.aggregate([ { $match: { $expr: { $and: [ { $ne: [ "$vendorId", { $literal: null, }, ], }, { $ne: [ "$vendorId", "$$REMOVE", ], }, ], }, }, }, { $project: { _id: 1, }, }, ])

[90mstdout[2m | src/__tests__/vendor/products.test.ts[2m > [22m[2mvendor product management[2m > [22m[2mgets a single product belonging to the vendor
[22m[39mprisma:query db.ProductVariant.aggregate([ { $match: { $expr: { $and: [ { $or: [ { $eq: [ "$productId", { $literal: ObjectId("69d907e5fa7cb788a116f7a2"), }, ], }, ], }, { $ne: [ "$productId", "$$REMOVE", ], }, ], }, }, }, { $project: { _id: 1, }, }, ])

[90mstdout[2m | src/__tests__/vendor/products.test.ts[2m > [22m[2mvendor product management[2m > [22m[2mgets a single product belonging to the vendor
[22m[39mprisma:query db.Product.aggregate([ { $match: { $expr: { $and: [ { $or: [ { $eq: [ "$_id", { $literal: ObjectId("69d907e5fa7cb788a116f7a2"), }, ], }, ], }, { $ne: [ "$_id", "$$REMOVE", ], }, ], }, }, }, { $project: { _id: 1, }, }, ])

[90mstdout[2m | src/__tests__/vendor/products.test.ts[2m > [22m[2mvendor product management[2m > [22m[2mgets a single product belonging to the vendor
[22m[39mprisma:query db.DigitalAsset.aggregate([ { $match: { $expr: { $and: [ { }, { $and: [ { $or: [ { $eq: [ "$productId", { $literal: ObjectId("69d907e5fa7cb788a116f7a2"), }, ], }, ], }, { $ne: [ "$productId", "$$REMOVE", ], }, ], }, ], }, }, }, { $project: { _id: 1, productId: 1, }, }, ])

[90mstdout[2m | src/__tests__/vendor/products.test.ts[2m > [22m[2mvendor product management[2m > [22m[2mgets a single product belonging to the vendor
[22m[39mprisma:query db.WishlistItem.aggregate([ { $match: { $expr: { $and: [ { }, { $and: [ { $or: [ { $eq: [ "$productId", { $literal: ObjectId("69d907e5fa7cb788a116f7a2"), }, ], }, ], }, { $ne: [ "$productId", "$$REMOVE", ], }, ], }, ], }, }, }, { $project: { _id: 1, productId: 1, }, }, ])

[90mstdout[2m | src/__tests__/vendor/products.test.ts[2m > [22m[2mvendor product management[2m > [22m[2mgets a single product belonging to the vendor
[22m[39mprisma:query db.Review.aggregate([ { $match: { $expr: { $and: [ { }, { $and: [ { $or: [ { $eq: [ "$productId", { $literal: ObjectId("69d907e5fa7cb788a116f7a2"), }, ], }, ], }, { $ne: [ "$productId", "$$REMOVE", ], }, ], }, ], }, }, }, { $project: { _id: 1, productId: 1, }, }, ])

[90mstdout[2m | src/__tests__/vendor/products.test.ts[2m > [22m[2mvendor product management[2m > [22m[2mgets a single product belonging to the vendor
[22m[39mprisma:query db.OrderItem.aggregate([ { $match: { $expr: { $and: [ { }, { $and: [ { $or: [ { $eq: [ "$productId", { $literal: ObjectId("69d907e5fa7cb788a116f7a2"), }, ], }, ], }, { $ne: [ "$productId", "$$REMOVE", ], }, ], }, ], }, }, }, { $project: { _id: 1, productId: 1, }, }, ])

[90mstdout[2m | src/__tests__/vendor/products.test.ts[2m > [22m[2mvendor product management[2m > [22m[2mgets a single product belonging to the vendor
[22m[39mprisma:query db.CartItem.aggregate([ { $match: { $expr: { $and: [ { }, { $and: [ { $or: [ { $eq: [ "$productId", { $literal: ObjectId("69d907e5fa7cb788a116f7a2"), }, ], }, ], }, { $ne: [ "$productId", "$$REMOVE", ], }, ], }, ], }, }, }, { $project: { _id: 1, productId: 1, }, }, ])

[90mstdout[2m | src/__tests__/vendor/products.test.ts[2m > [22m[2mvendor product management[2m > [22m[2mgets a single product belonging to the vendor
[22m[39mprisma:query db.ProductVariant.aggregate([ { $match: { $expr: { $and: [ { }, { $and: [ { $or: [ { $eq: [ "$productId", { $literal: ObjectId("69d907e5fa7cb788a116f7a2"), }, ], }, ], }, { $ne: [ "$productId", "$$REMOVE", ], }, ], }, ], }, }, }, { $project: { _id: 1, productId: 1, }, }, ])

[90mstdout[2m | src/__tests__/vendor/products.test.ts[2m > [22m[2mvendor product management[2m > [22m[2mgets a single product belonging to the vendor
[22m[39mprisma:query db.Product.deleteMany({ _id: { $in: [ ObjectId("69d907e5fa7cb788a116f7a2"), ], }, })

[90mstdout[2m | src/__tests__/vendor/products.test.ts[2m > [22m[2mvendor product management[2m > [22m[2mgets a single product belonging to the vendor
[22m[39mprisma:query db.UserProfile.aggregate([ { $match: { $expr: { $and: [ { $regexMatch: { input: "$userId", regex: "^vendor-", options: "", }, }, { $ne: [ "$userId", "$$REMOVE", ], }, ], }, }, }, { $project: { _id: 1, }, }, ])

[90mstdout[2m | src/__tests__/vendor/products.test.ts[2m > [22m[2mvendor product management[2m > [22m[2mgets a single product belonging to the vendor
[22m[39mprisma:query db.UserProfile.deleteMany({ _id: { $in: [ ObjectId("69d907e1fa7cb788a116f7a1"), ], }, })

[90mstdout[2m | src/__tests__/vendor/products.test.ts[2m > [22m[2mvendor product management[2m > [22m[2mrejects access to another vendor's product
[22m[39mprisma:query db.UserProfile.insertOne({ userId: "vendor-owner", email: "vendor-owner@test.com", firstName: "Test", lastName: "User", role: "CUSTOMER", isVendor: true, vendorStatus: "ACTIVE", storeName: "owner Store", storeSlug: "owner", createdAt: DateTime("2026-04-10 14:23:38.546 +00:00:00"), updatedAt: DateTime("2026-04-10 14:23:38.546 +00:00:00"), })

[90mstdout[2m | src/__tests__/vendor/products.test.ts[2m > [22m[2mvendor product management[2m > [22m[2mrejects access to another vendor's product
[22m[39mprisma:query db.UserProfile.aggregate([ { $match: { $expr: { $and: [ { $and: [ { $eq: [ "$_id", { $literal: ObjectId("69d907eafa7cb788a116f7a3"), }, ], }, { $ne: [ "$_id", "$$REMOVE", ], }, ], }, ], }, }, }, { $project: { _id: 1, userId: 1, email: 1, firstName: 1, lastName: 1, phone: 1, avatar: 1, dateOfBirth: 1, gender: 1, role: 1, isVendor: 1, vendorStatus: 1, storeName: 1, storeSlug: 1, storeDescription: 1, vendorSince: 1, createdAt: 1, updatedAt: 1, }, }, ])

[90mstdout[2m | src/__tests__/vendor/products.test.ts[2m > [22m[2mvendor product management[2m > [22m[2mrejects access to another vendor's product
[22m[39mprisma:query db.UserProfile.insertOne({ userId: "vendor-intruder", email: "vendor-intruder@test.com", firstName: "Test", lastName: "User", role: "CUSTOMER", isVendor: true, vendorStatus: "ACTIVE", storeName: "intruder Store", storeSlug: "intruder", createdAt: DateTime("2026-04-10 14:23:39.389 +00:00:00"), updatedAt: DateTime("2026-04-10 14:23:39.389 +00:00:00"), })

[90mstdout[2m | src/__tests__/vendor/products.test.ts[2m > [22m[2mvendor product management[2m > [22m[2mrejects access to another vendor's product
[22m[39mprisma:query db.UserProfile.aggregate([ { $match: { $expr: { $and: [ { $and: [ { $eq: [ "$_id", { $literal: ObjectId("69d907ebfa7cb788a116f7a4"), }, ], }, { $ne: [ "$_id", "$$REMOVE", ], }, ], }, ], }, }, }, { $project: { _id: 1, userId: 1, email: 1, firstName: 1, lastName: 1, phone: 1, avatar: 1, dateOfBirth: 1, gender: 1, role: 1, isVendor: 1, vendorStatus: 1, storeName: 1, storeSlug: 1, storeDescription: 1, vendorSince: 1, createdAt: 1, updatedAt: 1, }, }, ])

[90mstdout[2m | src/__tests__/vendor/products.test.ts[2m > [22m[2mvendor product management[2m > [22m[2mrejects access to another vendor's product
[22m[39mprisma:query db.Product.aggregate([ { $match: { $expr: { $and: [ { $and: [ { $and: [ { $eq: [ "$slug", { $literal: "private-product", }, ], }, { $ne: [ "$slug", "$$REMOVE", ], }, ], }, ], }, { }, ], }, }, }, { $project: { _id: 1, name: 1, slug: 1, description: 1, shortDesc: 1, stockKeepingUnit: 1, basePrice: 1, salePrice: 1, type: 1, categoryId: 1, vendorId: 1, approvalStatus: 1, brand: 1, tags: 1, images: 1, avgRating: 1, reviewCount: 1, stock: 1, lowStockThreshold: 1, isActive: 1, isFeatured: 1, isNewArrival: 1, createdAt: 1, updatedAt: 1, }, }, ])

[90mstdout[2m | src/__tests__/vendor/products.test.ts[2m > [22m[2mvendor product management[2m > [22m[2mrejects access to another vendor's product
[22m[39mprisma:query db.Product.insertOne({ name: "Private Product", slug: "private-product", description: "Belongs to vendor1", stockKeepingUnit: "VND-mnszxt1u-38h0kz", basePrice: 7000, type: "DIGITAL", vendorId: "vendor-owner", approvalStatus: "APPROVED", images: [ ], avgRating: 0, reviewCount: 0, stock: 999999, lowStockThreshold: 10, isActive: true, isFeatured: false, isNewArrival: true, createdAt: DateTime("2026-04-10 14:23:40.628 +00:00:00"), updatedAt: DateTime("2026-04-10 14:23:40.628 +00:00:00"), })

[90mstdout[2m | src/__tests__/vendor/products.test.ts[2m > [22m[2mvendor product management[2m > [22m[2mrejects access to another vendor's product
[22m[39mprisma:query db.Product.aggregate([ { $match: { $expr: { $and: [ { $and: [ { $eq: [ "$_id", { $literal: ObjectId("69d907ecfa7cb788a116f7a5"), }, ], }, { $ne: [ "$_id", "$$REMOVE", ], }, ], }, ], }, }, }, { $project: { _id: 1, name: 1, slug: 1, description: 1, shortDesc: 1, stockKeepingUnit: 1, basePrice: 1, salePrice: 1, type: 1, categoryId: 1, vendorId: 1, approvalStatus: 1, brand: 1, tags: 1, images: 1, avgRating: 1, reviewCount: 1, stock: 1, lowStockThreshold: 1, isActive: 1, isFeatured: 1, isNewArrival: 1, createdAt: 1, updatedAt: 1, }, }, ])

[90mstdout[2m | src/__tests__/vendor/products.test.ts[2m > [22m[2mvendor product management[2m > [22m[2mrejects access to another vendor's product
[22m[39mprisma:query db.ProductVariant.aggregate([ { $match: { $expr: { $and: [ { $or: [ { $eq: [ "$productId", { $literal: ObjectId("69d907ecfa7cb788a116f7a5"), }, ], }, ], }, { $ne: [ "$productId", "$$REMOVE", ], }, ], }, }, }, { $project: { _id: 1, productId: 1, stockKeepingUnit: 1, name: 1, attributes: 1, price: 1, compareAtPrice: 1, stock: 1, isActive: 1, }, }, ])

[90mstdout[2m | src/__tests__/vendor/products.test.ts[2m > [22m[2mvendor product management[2m > [22m[2mrejects access to another vendor's product
[22m[39mprisma:query db.DigitalAsset.aggregate([ { $match: { $expr: { $and: [ { $or: [ { $eq: [ "$productId", { $literal: ObjectId("69d907ecfa7cb788a116f7a5"), }, ], }, ], }, { $ne: [ "$productId", "$$REMOVE", ], }, ], }, }, }, { $project: { _id: 1, fileName: 1, mimeType: 1, fileSize: 1, sortOrder: 1, productId: 1, }, }, ])

[90mstdout[2m | src/__tests__/vendor/products.test.ts[2m > [22m[2mvendor product management[2m > [22m[2mrejects access to another vendor's product
[22m[39mprisma:query db.Product.aggregate([ { $match: { $expr: { $and: [ { $and: [ { $and: [ { $eq: [ "$_id", { $literal: ObjectId("69d907ecfa7cb788a116f7a5"), }, ], }, { $ne: [ "$_id", "$$REMOVE", ], }, ], }, ], }, { }, ], }, }, }, { $project: { _id: 1, name: 1, slug: 1, description: 1, shortDesc: 1, stockKeepingUnit: 1, basePrice: 1, salePrice: 1, type: 1, categoryId: 1, vendorId: 1, approvalStatus: 1, brand: 1, tags: 1, images: 1, avgRating: 1, reviewCount: 1, stock: 1, lowStockThreshold: 1, isActive: 1, isFeatured: 1, isNewArrival: 1, createdAt: 1, updatedAt: 1, }, }, ])

[90mstdout[2m | src/__tests__/vendor/products.test.ts[2m > [22m[2mvendor product management[2m > [22m[2mrejects access to another vendor's product
[22m[39mprisma:query db.ProductVariant.aggregate([ { $match: { $expr: { $and: [ { $or: [ { $eq: [ "$productId", { $literal: ObjectId("69d907ecfa7cb788a116f7a5"), }, ], }, ], }, { $ne: [ "$productId", "$$REMOVE", ], }, ], }, }, }, { $project: { _id: 1, productId: 1, stockKeepingUnit: 1, name: 1, attributes: 1, price: 1, compareAtPrice: 1, stock: 1, isActive: 1, }, }, ])

[90mstdout[2m | src/__tests__/vendor/products.test.ts[2m > [22m[2mvendor product management[2m > [22m[2mrejects access to another vendor's product
[22m[39mprisma:query db.DigitalAsset.aggregate([ { $match: { $expr: { $and: [ { $or: [ { $eq: [ "$productId", { $literal: ObjectId("69d907ecfa7cb788a116f7a5"), }, ], }, ], }, { $ne: [ "$productId", "$$REMOVE", ], }, ], }, }, }, { $project: { _id: 1, fileName: 1, mimeType: 1, fileSize: 1, sortOrder: 1, productId: 1, }, }, ])

[90mstdout[2m | src/__tests__/vendor/products.test.ts[2m > [22m[2mvendor product management[2m > [22m[2mrejects access to another vendor's product
[22m[39mprisma:query db.Product.aggregate([ { $match: { $expr: { $and: [ { $ne: [ "$vendorId", { $literal: null, }, ], }, { $ne: [ "$vendorId", "$$REMOVE", ], }, ], }, }, }, { $project: { _id: 1, }, }, ])

[90mstdout[2m | src/__tests__/vendor/products.test.ts[2m > [22m[2mvendor product management[2m > [22m[2mrejects access to another vendor's product
[22m[39mprisma:query db.ProductVariant.aggregate([ { $match: { $expr: { $and: [ { $or: [ { $eq: [ "$productId", { $literal: ObjectId("69d907ecfa7cb788a116f7a5"), }, ], }, ], }, { $ne: [ "$productId", "$$REMOVE", ], }, ], }, }, }, { $project: { _id: 1, }, }, ])

[90mstdout[2m | src/__tests__/vendor/products.test.ts[2m > [22m[2mvendor product management[2m > [22m[2mrejects access to another vendor's product
[22m[39mprisma:query db.Product.aggregate([ { $match: { $expr: { $and: [ { $or: [ { $eq: [ "$_id", { $literal: ObjectId("69d907ecfa7cb788a116f7a5"), }, ], }, ], }, { $ne: [ "$_id", "$$REMOVE", ], }, ], }, }, }, { $project: { _id: 1, }, }, ])

[90mstdout[2m | src/__tests__/vendor/products.test.ts[2m > [22m[2mvendor product management[2m > [22m[2mrejects access to another vendor's product
[22m[39mprisma:query db.DigitalAsset.aggregate([ { $match: { $expr: { $and: [ { }, { $and: [ { $or: [ { $eq: [ "$productId", { $literal: ObjectId("69d907ecfa7cb788a116f7a5"), }, ], }, ], }, { $ne: [ "$productId", "$$REMOVE", ], }, ], }, ], }, }, }, { $project: { _id: 1, productId: 1, }, }, ])

[90mstdout[2m | src/__tests__/vendor/products.test.ts[2m > [22m[2mvendor product management[2m > [22m[2mrejects access to another vendor's product
[22m[39mprisma:query db.WishlistItem.aggregate([ { $match: { $expr: { $and: [ { }, { $and: [ { $or: [ { $eq: [ "$productId", { $literal: ObjectId("69d907ecfa7cb788a116f7a5"), }, ], }, ], }, { $ne: [ "$productId", "$$REMOVE", ], }, ], }, ], }, }, }, { $project: { _id: 1, productId: 1, }, }, ])

[90mstdout[2m | src/__tests__/vendor/products.test.ts[2m > [22m[2mvendor product management[2m > [22m[2mrejects access to another vendor's product
[22m[39mprisma:query db.Review.aggregate([ { $match: { $expr: { $and: [ { }, { $and: [ { $or: [ { $eq: [ "$productId", { $literal: ObjectId("69d907ecfa7cb788a116f7a5"), }, ], }, ], }, { $ne: [ "$productId", "$$REMOVE", ], }, ], }, ], }, }, }, { $project: { _id: 1, productId: 1, }, }, ])

[90mstdout[2m | src/__tests__/vendor/products.test.ts[2m > [22m[2mvendor product management[2m > [22m[2mrejects access to another vendor's product
[22m[39mprisma:query db.OrderItem.aggregate([ { $match: { $expr: { $and: [ { }, { $and: [ { $or: [ { $eq: [ "$productId", { $literal: ObjectId("69d907ecfa7cb788a116f7a5"), }, ], }, ], }, { $ne: [ "$productId", "$$REMOVE", ], }, ], }, ], }, }, }, { $project: { _id: 1, productId: 1, }, }, ])

[90mstdout[2m | src/__tests__/vendor/products.test.ts[2m > [22m[2mvendor product management[2m > [22m[2mrejects access to another vendor's product
[22m[39mprisma:query db.CartItem.aggregate([ { $match: { $expr: { $and: [ { }, { $and: [ { $or: [ { $eq: [ "$productId", { $literal: ObjectId("69d907ecfa7cb788a116f7a5"), }, ], }, ], }, { $ne: [ "$productId", "$$REMOVE", ], }, ], }, ], }, }, }, { $project: { _id: 1, productId: 1, }, }, ])

[90mstdout[2m | src/__tests__/vendor/products.test.ts[2m > [22m[2mvendor product management[2m > [22m[2mrejects access to another vendor's product
[22m[39mprisma:query db.ProductVariant.aggregate([ { $match: { $expr: { $and: [ { }, { $and: [ { $or: [ { $eq: [ "$productId", { $literal: ObjectId("69d907ecfa7cb788a116f7a5"), }, ], }, ], }, { $ne: [ "$productId", "$$REMOVE", ], }, ], }, ], }, }, }, { $project: { _id: 1, productId: 1, }, }, ])

[90mstdout[2m | src/__tests__/vendor/products.test.ts[2m > [22m[2mvendor product management[2m > [22m[2mrejects access to another vendor's product
[22m[39mprisma:query db.Product.deleteMany({ _id: { $in: [ ObjectId("69d907ecfa7cb788a116f7a5"), ], }, })

[90mstdout[2m | src/__tests__/vendor/products.test.ts[2m > [22m[2mvendor product management[2m > [22m[2mrejects access to another vendor's product
[22m[39mprisma:query db.UserProfile.aggregate([ { $match: { $expr: { $and: [ { $regexMatch: { input: "$userId", regex: "^vendor-", options: "", }, }, { $ne: [ "$userId", "$$REMOVE", ], }, ], }, }, }, { $project: { _id: 1, }, }, ])

[90mstdout[2m | src/__tests__/vendor/products.test.ts[2m > [22m[2mvendor product management[2m > [22m[2mrejects access to another vendor's product
[22m[39mprisma:query db.UserProfile.deleteMany({ _id: { $in: [ ObjectId("69d907eafa7cb788a116f7a3"), ObjectId("69d907ebfa7cb788a116f7a4"), ], }, })

[90mstdout[2m | src/__tests__/vendor/products.test.ts[2m > [22m[2mvendor product management[2m > [22m[2mupdates a vendor product
[22m[39mprisma:query db.UserProfile.insertOne({ userId: "vendor-updater", email: "vendor-updater@test.com", firstName: "Test", lastName: "User", role: "CUSTOMER", isVendor: true, vendorStatus: "ACTIVE", storeName: "updater Store", storeSlug: "updater", createdAt: DateTime("2026-04-10 14:23:55.097 +00:00:00"), updatedAt: DateTime("2026-04-10 14:23:55.097 +00:00:00"), })

[90mstdout[2m | src/__tests__/vendor/products.test.ts[2m > [22m[2mvendor product management[2m > [22m[2mupdates a vendor product
[22m[39mprisma:query db.UserProfile.aggregate([ { $match: { $expr: { $and: [ { $and: [ { $eq: [ "$_id", { $literal: ObjectId("69d907fbfa7cb788a116f7a6"), }, ], }, { $ne: [ "$_id", "$$REMOVE", ], }, ], }, ], }, }, }, { $project: { _id: 1, userId: 1, email: 1, firstName: 1, lastName: 1, phone: 1, avatar: 1, dateOfBirth: 1, gender: 1, role: 1, isVendor: 1, vendorStatus: 1, storeName: 1, storeSlug: 1, storeDescription: 1, vendorSince: 1, createdAt: 1, updatedAt: 1, }, }, ])

[90mstdout[2m | src/__tests__/vendor/products.test.ts[2m > [22m[2mvendor product management[2m > [22m[2mupdates a vendor product
[22m[39mprisma:query db.Product.aggregate([ { $match: { $expr: { $and: [ { $and: [ { $and: [ { $eq: [ "$slug", { $literal: "old-name", }, ], }, { $ne: [ "$slug", "$$REMOVE", ], }, ], }, ], }, { }, ], }, }, }, { $project: { _id: 1, name: 1, slug: 1, description: 1, shortDesc: 1, stockKeepingUnit: 1, basePrice: 1, salePrice: 1, type: 1, categoryId: 1, vendorId: 1, approvalStatus: 1, brand: 1, tags: 1, images: 1, avgRating: 1, reviewCount: 1, stock: 1, lowStockThreshold: 1, isActive: 1, isFeatured: 1, isNewArrival: 1, createdAt: 1, updatedAt: 1, }, }, ])

[90mstdout[2m | src/__tests__/vendor/products.test.ts[2m > [22m[2mvendor product management[2m > [22m[2mupdates a vendor product
[22m[39mprisma:query db.Product.insertOne({ name: "Old Name", slug: "old-name", description: "Original description", stockKeepingUnit: "VND-mnszy5ho-jl9owk", basePrice: 4000, type: "DIGITAL", vendorId: "vendor-updater", approvalStatus: "APPROVED", images: [ ], avgRating: 0, reviewCount: 0, stock: 999999, lowStockThreshold: 10, isActive: true, isFeatured: false, isNewArrival: true, createdAt: DateTime("2026-04-10 14:23:56.749 +00:00:00"), updatedAt: DateTime("2026-04-10 14:23:56.749 +00:00:00"), })

[90mstdout[2m | src/__tests__/vendor/products.test.ts[2m > [22m[2mvendor product management[2m > [22m[2mupdates a vendor product
[22m[39mprisma:query db.Product.aggregate([ { $match: { $expr: { $and: [ { $and: [ { $eq: [ "$_id", { $literal: ObjectId("69d907fcfa7cb788a116f7a7"), }, ], }, { $ne: [ "$_id", "$$REMOVE", ], }, ], }, ], }, }, }, { $project: { _id: 1, name: 1, slug: 1, description: 1, shortDesc: 1, stockKeepingUnit: 1, basePrice: 1, salePrice: 1, type: 1, categoryId: 1, vendorId: 1, approvalStatus: 1, brand: 1, tags: 1, images: 1, avgRating: 1, reviewCount: 1, stock: 1, lowStockThreshold: 1, isActive: 1, isFeatured: 1, isNewArrival: 1, createdAt: 1, updatedAt: 1, }, }, ])

[90mstdout[2m | src/__tests__/vendor/products.test.ts[2m > [22m[2mvendor product management[2m > [22m[2mupdates a vendor product
[22m[39mprisma:query db.ProductVariant.aggregate([ { $match: { $expr: { $and: [ { $or: [ { $eq: [ "$productId", { $literal: ObjectId("69d907fcfa7cb788a116f7a7"), }, ], }, ], }, { $ne: [ "$productId", "$$REMOVE", ], }, ], }, }, }, { $project: { _id: 1, productId: 1, stockKeepingUnit: 1, name: 1, attributes: 1, price: 1, compareAtPrice: 1, stock: 1, isActive: 1, }, }, ])

[90mstdout[2m | src/__tests__/vendor/products.test.ts[2m > [22m[2mvendor product management[2m > [22m[2mupdates a vendor product
[22m[39mprisma:query db.DigitalAsset.aggregate([ { $match: { $expr: { $and: [ { $or: [ { $eq: [ "$productId", { $literal: ObjectId("69d907fcfa7cb788a116f7a7"), }, ], }, ], }, { $ne: [ "$productId", "$$REMOVE", ], }, ], }, }, }, { $project: { _id: 1, fileName: 1, mimeType: 1, fileSize: 1, sortOrder: 1, productId: 1, }, }, ])

[90mstdout[2m | src/__tests__/vendor/products.test.ts[2m > [22m[2mvendor product management[2m > [22m[2mupdates a vendor product
[22m[39mprisma:query db.Product.aggregate([ { $match: { $expr: { $and: [ { $and: [ { $and: [ { $eq: [ "$_id", { $literal: ObjectId("69d907fcfa7cb788a116f7a7"), }, ], }, { $ne: [ "$_id", "$$REMOVE", ], }, ], }, ], }, { }, ], }, }, }, { $project: { _id: 1, vendorId: 1, }, }, ])

[90mstdout[2m | src/__tests__/vendor/products.test.ts[2m > [22m[2mvendor product management[2m > [22m[2mupdates a vendor product
[22m[39mprisma:query db.Product.aggregate([ { $match: { $expr: { $and: [ { $and: [ { $eq: [ "$slug", { $literal: "new-name", }, ], }, { $ne: [ "$slug", "$$REMOVE", ], }, ], }, { $and: [ { $ne: [ "$_id", { $literal: ObjectId("69d907fcfa7cb788a116f7a7"), }, ], }, { $ne: [ "$_id", "$$REMOVE", ], }, ], }, ], }, }, }, { $limit: 1, }, { $project: { _id: 1, name: 1, slug: 1, description: 1, shortDesc: 1, stockKeepingUnit: 1, basePrice: 1, salePrice: 1, type: 1, categoryId: 1, vendorId: 1, approvalStatus: 1, brand: 1, tags: 1, images: 1, avgRating: 1, reviewCount: 1, stock: 1, lowStockThreshold: 1, isActive: 1, isFeatured: 1, isNewArrival: 1, createdAt: 1, updatedAt: 1, }, }, ])

[90mstdout[2m | src/__tests__/vendor/products.test.ts[2m > [22m[2mvendor product management[2m > [22m[2mupdates a vendor product
[22m[39mprisma:query db.Product.aggregate([ { $match: { $expr: { $and: [ { $and: [ { $and: [ { $eq: [ "$_id", { $literal: ObjectId("69d907fcfa7cb788a116f7a7"), }, ], }, { $ne: [ "$_id", "$$REMOVE", ], }, ], }, ], }, { }, ], }, }, }, { $project: { _id: 1, }, }, ])

[90mstdout[2m | src/__tests__/vendor/products.test.ts[2m > [22m[2mvendor product management[2m > [22m[2mupdates a vendor product
[22m[39mprisma:query db.Product.updateMany({ _id: { $in: [ ObjectId("69d907fcfa7cb788a116f7a7"), ], }, },[{ $set: { name: { $literal: "New Name", }, }, },
{ $set: { slug: { $literal: "new-name", }, }, },
{ $set: { basePrice: { $literal: 5500, }, }, },
{ $set: { updatedAt: { $literal: DateTime("2026-04-10 14:24:02.649 +00:00:00"), }, }, }])

[90mstdout[2m | src/__tests__/vendor/products.test.ts[2m > [22m[2mvendor product management[2m > [22m[2mupdates a vendor product
[22m[39mprisma:query db.Product.aggregate([ { $match: { $expr: { $and: [ { $and: [ { $eq: [ "$_id", { $literal: ObjectId("69d907fcfa7cb788a116f7a7"), }, ], }, { $ne: [ "$_id", "$$REMOVE", ], }, ], }, ], }, }, }, { $project: { _id: 1, name: 1, slug: 1, description: 1, shortDesc: 1, stockKeepingUnit: 1, basePrice: 1, salePrice: 1, type: 1, categoryId: 1, vendorId: 1, approvalStatus: 1, brand: 1, tags: 1, images: 1, avgRating: 1, reviewCount: 1, stock: 1, lowStockThreshold: 1, isActive: 1, isFeatured: 1, isNewArrival: 1, createdAt: 1, updatedAt: 1, }, }, ])

[90mstdout[2m | src/__tests__/vendor/products.test.ts[2m > [22m[2mvendor product management[2m > [22m[2mupdates a vendor product
[22m[39mprisma:query db.ProductVariant.aggregate([ { $match: { $expr: { $and: [ { $or: [ { $eq: [ "$productId", { $literal: ObjectId("69d907fcfa7cb788a116f7a7"), }, ], }, ], }, { $ne: [ "$productId", "$$REMOVE", ], }, ], }, }, }, { $project: { _id: 1, productId: 1, stockKeepingUnit: 1, name: 1, attributes: 1, price: 1, compareAtPrice: 1, stock: 1, isActive: 1, }, }, ])

[90mstdout[2m | src/__tests__/vendor/products.test.ts[2m > [22m[2mvendor product management[2m > [22m[2mupdates a vendor product
[22m[39mprisma:query db.DigitalAsset.aggregate([ { $match: { $expr: { $and: [ { $or: [ { $eq: [ "$productId", { $literal: ObjectId("69d907fcfa7cb788a116f7a7"), }, ], }, ], }, { $ne: [ "$productId", "$$REMOVE", ], }, ], }, }, }, { $project: { _id: 1, fileName: 1, mimeType: 1, fileSize: 1, sortOrder: 1, productId: 1, }, }, ])

[90mstdout[2m | src/__tests__/vendor/products.test.ts[2m > [22m[2mvendor product management[2m > [22m[2mupdates a vendor product
[22m[39mprisma:query db.Product.aggregate([ { $match: { $expr: { $and: [ { $ne: [ "$vendorId", { $literal: null, }, ], }, { $ne: [ "$vendorId", "$$REMOVE", ], }, ], }, }, }, { $project: { _id: 1, }, }, ])

[90mstdout[2m | src/__tests__/vendor/products.test.ts[2m > [22m[2mvendor product management[2m > [22m[2mupdates a vendor product
[22m[39mprisma:query db.ProductVariant.aggregate([ { $match: { $expr: { $and: [ { $or: [ { $eq: [ "$productId", { $literal: ObjectId("69d907fcfa7cb788a116f7a7"), }, ], }, ], }, { $ne: [ "$productId", "$$REMOVE", ], }, ], }, }, }, { $project: { _id: 1, }, }, ])

[90mstdout[2m | src/__tests__/vendor/products.test.ts[2m > [22m[2mvendor product management[2m > [22m[2mupdates a vendor product
[22m[39mprisma:query db.Product.aggregate([ { $match: { $expr: { $and: [ { $or: [ { $eq: [ "$_id", { $literal: ObjectId("69d907fcfa7cb788a116f7a7"), }, ], }, ], }, { $ne: [ "$_id", "$$REMOVE", ], }, ], }, }, }, { $project: { _id: 1, }, }, ])

[90mstdout[2m | src/__tests__/vendor/products.test.ts[2m > [22m[2mvendor product management[2m > [22m[2mupdates a vendor product
[22m[39mprisma:query db.DigitalAsset.aggregate([ { $match: { $expr: { $and: [ { }, { $and: [ { $or: [ { $eq: [ "$productId", { $literal: ObjectId("69d907fcfa7cb788a116f7a7"), }, ], }, ], }, { $ne: [ "$productId", "$$REMOVE", ], }, ], }, ], }, }, }, { $project: { _id: 1, productId: 1, }, }, ])

[90mstdout[2m | src/__tests__/vendor/products.test.ts[2m > [22m[2mvendor product management[2m > [22m[2mupdates a vendor product
[22m[39mprisma:query db.WishlistItem.aggregate([ { $match: { $expr: { $and: [ { }, { $and: [ { $or: [ { $eq: [ "$productId", { $literal: ObjectId("69d907fcfa7cb788a116f7a7"), }, ], }, ], }, { $ne: [ "$productId", "$$REMOVE", ], }, ], }, ], }, }, }, { $project: { _id: 1, productId: 1, }, }, ])

[90mstdout[2m | src/__tests__/vendor/products.test.ts[2m > [22m[2mvendor product management[2m > [22m[2mupdates a vendor product
[22m[39mprisma:query db.Review.aggregate([ { $match: { $expr: { $and: [ { }, { $and: [ { $or: [ { $eq: [ "$productId", { $literal: ObjectId("69d907fcfa7cb788a116f7a7"), }, ], }, ], }, { $ne: [ "$productId", "$$REMOVE", ], }, ], }, ], }, }, }, { $project: { _id: 1, productId: 1, }, }, ])

[90mstdout[2m | src/__tests__/vendor/products.test.ts[2m > [22m[2mvendor product management[2m > [22m[2mupdates a vendor product
[22m[39mprisma:query db.OrderItem.aggregate([ { $match: { $expr: { $and: [ { }, { $and: [ { $or: [ { $eq: [ "$productId", { $literal: ObjectId("69d907fcfa7cb788a116f7a7"), }, ], }, ], }, { $ne: [ "$productId", "$$REMOVE", ], }, ], }, ], }, }, }, { $project: { _id: 1, productId: 1, }, }, ])

[90mstdout[2m | src/__tests__/vendor/products.test.ts[2m > [22m[2mvendor product management[2m > [22m[2mupdates a vendor product
[22m[39mprisma:query db.CartItem.aggregate([ { $match: { $expr: { $and: [ { }, { $and: [ { $or: [ { $eq: [ "$productId", { $literal: ObjectId("69d907fcfa7cb788a116f7a7"), }, ], }, ], }, { $ne: [ "$productId", "$$REMOVE", ], }, ], }, ], }, }, }, { $project: { _id: 1, productId: 1, }, }, ])

[90mstdout[2m | src/__tests__/vendor/products.test.ts[2m > [22m[2mvendor product management[2m > [22m[2mupdates a vendor product
[22m[39mprisma:query db.ProductVariant.aggregate([ { $match: { $expr: { $and: [ { }, { $and: [ { $or: [ { $eq: [ "$productId", { $literal: ObjectId("69d907fcfa7cb788a116f7a7"), }, ], }, ], }, { $ne: [ "$productId", "$$REMOVE", ], }, ], }, ], }, }, }, { $project: { _id: 1, productId: 1, }, }, ])

[90mstdout[2m | src/__tests__/vendor/products.test.ts[2m > [22m[2mvendor product management[2m > [22m[2mupdates a vendor product
[22m[39mprisma:query db.Product.deleteMany({ _id: { $in: [ ObjectId("69d907fcfa7cb788a116f7a7"), ], }, })

[90mstdout[2m | src/__tests__/vendor/products.test.ts[2m > [22m[2mvendor product management[2m > [22m[2mupdates a vendor product
[22m[39mprisma:query db.UserProfile.aggregate([ { $match: { $expr: { $and: [ { $regexMatch: { input: "$userId", regex: "^vendor-", options: "", }, }, { $ne: [ "$userId", "$$REMOVE", ], }, ], }, }, }, { $project: { _id: 1, }, }, ])

[90mstdout[2m | src/__tests__/vendor/products.test.ts[2m > [22m[2mvendor product management[2m > [22m[2mupdates a vendor product
[22m[39mprisma:query db.UserProfile.deleteMany({ _id: { $in: [ ObjectId("69d907fbfa7cb788a116f7a6"), ], }, })

[90mstdout[2m | src/__tests__/vendor/products.test.ts[2m > [22m[2mvendor product management[2m > [22m[2mrejects update to another vendor's product
[22m[39mprisma:query db.UserProfile.insertOne({ userId: "vendor-real-owner", email: "vendor-real-owner@test.com", firstName: "Test", lastName: "User", role: "CUSTOMER", isVendor: true, vendorStatus: "ACTIVE", storeName: "real-owner Store", storeSlug: "real-owner", createdAt: DateTime("2026-04-10 14:24:07.905 +00:00:00"), updatedAt: DateTime("2026-04-10 14:24:07.905 +00:00:00"), })

[90mstdout[2m | src/__tests__/vendor/products.test.ts[2m > [22m[2mvendor product management[2m > [22m[2mrejects update to another vendor's product
[22m[39mprisma:query db.UserProfile.aggregate([ { $match: { $expr: { $and: [ { $and: [ { $eq: [ "$_id", { $literal: ObjectId("69d90807fa7cb788a116f7a8"), }, ], }, { $ne: [ "$_id", "$$REMOVE", ], }, ], }, ], }, }, }, { $project: { _id: 1, userId: 1, email: 1, firstName: 1, lastName: 1, phone: 1, avatar: 1, dateOfBirth: 1, gender: 1, role: 1, isVendor: 1, vendorStatus: 1, storeName: 1, storeSlug: 1, storeDescription: 1, vendorSince: 1, createdAt: 1, updatedAt: 1, }, }, ])

[90mstdout[2m | src/__tests__/vendor/products.test.ts[2m > [22m[2mvendor product management[2m > [22m[2mrejects update to another vendor's product
[22m[39mprisma:query db.UserProfile.insertOne({ userId: "vendor-attacker", email: "vendor-attacker@test.com", firstName: "Test", lastName: "User", role: "CUSTOMER", isVendor: true, vendorStatus: "ACTIVE", storeName: "attacker Store", storeSlug: "attacker", createdAt: DateTime("2026-04-10 14:24:08.469 +00:00:00"), updatedAt: DateTime("2026-04-10 14:24:08.469 +00:00:00"), })

[90mstdout[2m | src/__tests__/vendor/products.test.ts[2m > [22m[2mvendor product management[2m > [22m[2mrejects update to another vendor's product
[22m[39mprisma:query db.UserProfile.aggregate([ { $match: { $expr: { $and: [ { $and: [ { $eq: [ "$_id", { $literal: ObjectId("69d90808fa7cb788a116f7a9"), }, ], }, { $ne: [ "$_id", "$$REMOVE", ], }, ], }, ], }, }, }, { $project: { _id: 1, userId: 1, email: 1, firstName: 1, lastName: 1, phone: 1, avatar: 1, dateOfBirth: 1, gender: 1, role: 1, isVendor: 1, vendorStatus: 1, storeName: 1, storeSlug: 1, storeDescription: 1, vendorSince: 1, createdAt: 1, updatedAt: 1, }, }, ])

[90mstdout[2m | src/__tests__/vendor/products.test.ts[2m > [22m[2mvendor product management[2m > [22m[2mrejects update to another vendor's product
[22m[39mprisma:query db.Product.aggregate([ { $match: { $expr: { $and: [ { $and: [ { $and: [ { $eq: [ "$slug", { $literal: "protected-product", }, ], }, { $ne: [ "$slug", "$$REMOVE", ], }, ], }, ], }, { }, ], }, }, }, { $project: { _id: 1, name: 1, slug: 1, description: 1, shortDesc: 1, stockKeepingUnit: 1, basePrice: 1, salePrice: 1, type: 1, categoryId: 1, vendorId: 1, approvalStatus: 1, brand: 1, tags: 1, images: 1, avgRating: 1, reviewCount: 1, stock: 1, lowStockThreshold: 1, isActive: 1, isFeatured: 1, isNewArrival: 1, createdAt: 1, updatedAt: 1, }, }, ])

[90mstdout[2m | src/__tests__/vendor/products.test.ts[2m > [22m[2mvendor product management[2m > [22m[2mrejects update to another vendor's product
[22m[39mprisma:query db.Product.insertOne({ name: "Protected Product", slug: "protected-product", description: "Cannot be updated by others", stockKeepingUnit: "VND-mnszyf5g-4xqrmm", basePrice: 2000, type: "DIGITAL", vendorId: "vendor-real-owner", approvalStatus: "APPROVED", images: [ ], avgRating: 0, reviewCount: 0, stock: 999999, lowStockThreshold: 10, isActive: true, isFeatured: false, isNewArrival: true, createdAt: DateTime("2026-04-10 14:24:09.269 +00:00:00"), updatedAt: DateTime("2026-04-10 14:24:09.269 +00:00:00"), })

[90mstdout[2m | src/__tests__/vendor/products.test.ts[2m > [22m[2mvendor product management[2m > [22m[2mrejects update to another vendor's product
[22m[39mprisma:query db.Product.aggregate([ { $match: { $expr: { $and: [ { $and: [ { $eq: [ "$_id", { $literal: ObjectId("69d90809fa7cb788a116f7aa"), }, ], }, { $ne: [ "$_id", "$$REMOVE", ], }, ], }, ], }, }, }, { $project: { _id: 1, name: 1, slug: 1, description: 1, shortDesc: 1, stockKeepingUnit: 1, basePrice: 1, salePrice: 1, type: 1, categoryId: 1, vendorId: 1, approvalStatus: 1, brand: 1, tags: 1, images: 1, avgRating: 1, reviewCount: 1, stock: 1, lowStockThreshold: 1, isActive: 1, isFeatured: 1, isNewArrival: 1, createdAt: 1, updatedAt: 1, }, }, ])

[90mstdout[2m | src/__tests__/vendor/products.test.ts[2m > [22m[2mvendor product management[2m > [22m[2mrejects update to another vendor's product
[22m[39mprisma:query db.ProductVariant.aggregate([ { $match: { $expr: { $and: [ { $or: [ { $eq: [ "$productId", { $literal: ObjectId("69d90809fa7cb788a116f7aa"), }, ], }, ], }, { $ne: [ "$productId", "$$REMOVE", ], }, ], }, }, }, { $project: { _id: 1, productId: 1, stockKeepingUnit: 1, name: 1, attributes: 1, price: 1, compareAtPrice: 1, stock: 1, isActive: 1, }, }, ])

[90mstdout[2m | src/__tests__/vendor/products.test.ts[2m > [22m[2mvendor product management[2m > [22m[2mrejects update to another vendor's product
[22m[39mprisma:query db.DigitalAsset.aggregate([ { $match: { $expr: { $and: [ { $or: [ { $eq: [ "$productId", { $literal: ObjectId("69d90809fa7cb788a116f7aa"), }, ], }, ], }, { $ne: [ "$productId", "$$REMOVE", ], }, ], }, }, }, { $project: { _id: 1, fileName: 1, mimeType: 1, fileSize: 1, sortOrder: 1, productId: 1, }, }, ])

[90mstdout[2m | src/__tests__/vendor/products.test.ts[2m > [22m[2mvendor product management[2m > [22m[2mrejects update to another vendor's product
[22m[39mprisma:query db.Product.aggregate([ { $match: { $expr: { $and: [ { $and: [ { $and: [ { $eq: [ "$_id", { $literal: ObjectId("69d90809fa7cb788a116f7aa"), }, ], }, { $ne: [ "$_id", "$$REMOVE", ], }, ], }, ], }, { }, ], }, }, }, { $project: { _id: 1, vendorId: 1, }, }, ])

[90mstdout[2m | src/__tests__/vendor/products.test.ts[2m > [22m[2mvendor product management[2m > [22m[2mrejects update to another vendor's product
[22m[39mprisma:query db.Product.aggregate([ { $match: { $expr: { $and: [ { $ne: [ "$vendorId", { $literal: null, }, ], }, { $ne: [ "$vendorId", "$$REMOVE", ], }, ], }, }, }, { $project: { _id: 1, }, }, ])

[90mstdout[2m | src/__tests__/vendor/products.test.ts[2m > [22m[2mvendor product management[2m > [22m[2mrejects update to another vendor's product
[22m[39mprisma:query db.ProductVariant.aggregate([ { $match: { $expr: { $and: [ { $or: [ { $eq: [ "$productId", { $literal: ObjectId("69d90809fa7cb788a116f7aa"), }, ], }, ], }, { $ne: [ "$productId", "$$REMOVE", ], }, ], }, }, }, { $project: { _id: 1, }, }, ])

[90mstdout[2m | src/__tests__/vendor/products.test.ts[2m > [22m[2mvendor product management[2m > [22m[2mrejects update to another vendor's product
[22m[39mprisma:query db.Product.aggregate([ { $match: { $expr: { $and: [ { $or: [ { $eq: [ "$_id", { $literal: ObjectId("69d90809fa7cb788a116f7aa"), }, ], }, ], }, { $ne: [ "$_id", "$$REMOVE", ], }, ], }, }, }, { $project: { _id: 1, }, }, ])

[90mstdout[2m | src/__tests__/vendor/products.test.ts[2m > [22m[2mvendor product management[2m > [22m[2mrejects update to another vendor's product
[22m[39mprisma:query db.DigitalAsset.aggregate([ { $match: { $expr: { $and: [ { }, { $and: [ { $or: [ { $eq: [ "$productId", { $literal: ObjectId("69d90809fa7cb788a116f7aa"), }, ], }, ], }, { $ne: [ "$productId", "$$REMOVE", ], }, ], }, ], }, }, }, { $project: { _id: 1, productId: 1, }, }, ])

[90mstdout[2m | src/__tests__/vendor/products.test.ts[2m > [22m[2mvendor product management[2m > [22m[2mrejects update to another vendor's product
[22m[39mprisma:query db.WishlistItem.aggregate([ { $match: { $expr: { $and: [ { }, { $and: [ { $or: [ { $eq: [ "$productId", { $literal: ObjectId("69d90809fa7cb788a116f7aa"), }, ], }, ], }, { $ne: [ "$productId", "$$REMOVE", ], }, ], }, ], }, }, }, { $project: { _id: 1, productId: 1, }, }, ])

[90mstdout[2m | src/__tests__/vendor/products.test.ts[2m > [22m[2mvendor product management[2m > [22m[2mrejects update to another vendor's product
[22m[39mprisma:query db.Review.aggregate([ { $match: { $expr: { $and: [ { }, { $and: [ { $or: [ { $eq: [ "$productId", { $literal: ObjectId("69d90809fa7cb788a116f7aa"), }, ], }, ], }, { $ne: [ "$productId", "$$REMOVE", ], }, ], }, ], }, }, }, { $project: { _id: 1, productId: 1, }, }, ])

[90mstdout[2m | src/__tests__/vendor/products.test.ts[2m > [22m[2mvendor product management[2m > [22m[2mrejects update to another vendor's product
[22m[39mprisma:query db.OrderItem.aggregate([ { $match: { $expr: { $and: [ { }, { $and: [ { $or: [ { $eq: [ "$productId", { $literal: ObjectId("69d90809fa7cb788a116f7aa"), }, ], }, ], }, { $ne: [ "$productId", "$$REMOVE", ], }, ], }, ], }, }, }, { $project: { _id: 1, productId: 1, }, }, ])

[90mstdout[2m | src/__tests__/vendor/products.test.ts[2m > [22m[2mvendor product management[2m > [22m[2mrejects update to another vendor's product
[22m[39mprisma:query db.CartItem.aggregate([ { $match: { $expr: { $and: [ { }, { $and: [ { $or: [ { $eq: [ "$productId", { $literal: ObjectId("69d90809fa7cb788a116f7aa"), }, ], }, ], }, { $ne: [ "$productId", "$$REMOVE", ], }, ], }, ], }, }, }, { $project: { _id: 1, productId: 1, }, }, ])

[90mstdout[2m | src/__tests__/vendor/products.test.ts[2m > [22m[2mvendor product management[2m > [22m[2mrejects update to another vendor's product
[22m[39mprisma:query db.ProductVariant.aggregate([ { $match: { $expr: { $and: [ { }, { $and: [ { $or: [ { $eq: [ "$productId", { $literal: ObjectId("69d90809fa7cb788a116f7aa"), }, ], }, ], }, { $ne: [ "$productId", "$$REMOVE", ], }, ], }, ], }, }, }, { $project: { _id: 1, productId: 1, }, }, ])

[90mstdout[2m | src/__tests__/vendor/products.test.ts[2m > [22m[2mvendor product management[2m > [22m[2mrejects update to another vendor's product
[22m[39mprisma:query db.Product.deleteMany({ _id: { $in: [ ObjectId("69d90809fa7cb788a116f7aa"), ], }, })

[90mstdout[2m | src/__tests__/vendor/products.test.ts[2m > [22m[2mvendor product management[2m > [22m[2mrejects update to another vendor's product
[22m[39mprisma:query db.UserProfile.aggregate([ { $match: { $expr: { $and: [ { $regexMatch: { input: "$userId", regex: "^vendor-", options: "", }, }, { $ne: [ "$userId", "$$REMOVE", ], }, ], }, }, }, { $project: { _id: 1, }, }, ])

[90mstdout[2m | src/__tests__/vendor/products.test.ts[2m > [22m[2mvendor product management[2m > [22m[2mrejects update to another vendor's product
[22m[39mprisma:query db.UserProfile.deleteMany({ _id: { $in: [ ObjectId("69d90807fa7cb788a116f7a8"), ObjectId("69d90808fa7cb788a116f7a9"), ], }, })

[90mstdout[2m | src/__tests__/vendor/products.test.ts[2m > [22m[2mvendor product management[2m > [22m[2msoft-deletes a vendor product
[22m[39mprisma:query db.UserProfile.insertOne({ userId: "vendor-deleter", email: "vendor-deleter@test.com", firstName: "Test", lastName: "User", role: "CUSTOMER", isVendor: true, vendorStatus: "ACTIVE", storeName: "deleter Store", storeSlug: "deleter", createdAt: DateTime("2026-04-10 14:24:14.761 +00:00:00"), updatedAt: DateTime("2026-04-10 14:24:14.761 +00:00:00"), })

[90mstdout[2m | src/__tests__/vendor/products.test.ts[2m > [22m[2mvendor product management[2m > [22m[2msoft-deletes a vendor product
[22m[39mprisma:query db.UserProfile.aggregate([ { $match: { $expr: { $and: [ { $and: [ { $eq: [ "$_id", { $literal: ObjectId("69d9080efa7cb788a116f7ab"), }, ], }, { $ne: [ "$_id", "$$REMOVE", ], }, ], }, ], }, }, }, { $project: { _id: 1, userId: 1, email: 1, firstName: 1, lastName: 1, phone: 1, avatar: 1, dateOfBirth: 1, gender: 1, role: 1, isVendor: 1, vendorStatus: 1, storeName: 1, storeSlug: 1, storeDescription: 1, vendorSince: 1, createdAt: 1, updatedAt: 1, }, }, ])

[90mstdout[2m | src/__tests__/vendor/products.test.ts[2m > [22m[2mvendor product management[2m > [22m[2msoft-deletes a vendor product
[22m[39mprisma:query db.Product.aggregate([ { $match: { $expr: { $and: [ { $and: [ { $and: [ { $eq: [ "$slug", { $literal: "doomed-product", }, ], }, { $ne: [ "$slug", "$$REMOVE", ], }, ], }, ], }, { }, ], }, }, }, { $project: { _id: 1, name: 1, slug: 1, description: 1, shortDesc: 1, stockKeepingUnit: 1, basePrice: 1, salePrice: 1, type: 1, categoryId: 1, vendorId: 1, approvalStatus: 1, brand: 1, tags: 1, images: 1, avgRating: 1, reviewCount: 1, stock: 1, lowStockThreshold: 1, isActive: 1, isFeatured: 1, isNewArrival: 1, createdAt: 1, updatedAt: 1, }, }, ])

[90mstdout[2m | src/__tests__/vendor/products.test.ts[2m > [22m[2mvendor product management[2m > [22m[2msoft-deletes a vendor product
[22m[39mprisma:query db.Product.insertOne({ name: "Doomed Product", slug: "doomed-product", description: "Will be deactivated", stockKeepingUnit: "VND-mnszyk6h-jrnjjp", basePrice: 1500, type: "DIGITAL", vendorId: "vendor-deleter", approvalStatus: "APPROVED", images: [ ], avgRating: 0, reviewCount: 0, stock: 999999, lowStockThreshold: 10, isActive: true, isFeatured: false, isNewArrival: true, createdAt: DateTime("2026-04-10 14:24:15.786 +00:00:00"), updatedAt: DateTime("2026-04-10 14:24:15.786 +00:00:00"), })

[90mstdout[2m | src/__tests__/vendor/products.test.ts[2m > [22m[2mvendor product management[2m > [22m[2msoft-deletes a vendor product
[22m[39mprisma:query db.Product.aggregate([ { $match: { $expr: { $and: [ { $and: [ { $eq: [ "$_id", { $literal: ObjectId("69d9080ffa7cb788a116f7ac"), }, ], }, { $ne: [ "$_id", "$$REMOVE", ], }, ], }, ], }, }, }, { $project: { _id: 1, name: 1, slug: 1, description: 1, shortDesc: 1, stockKeepingUnit: 1, basePrice: 1, salePrice: 1, type: 1, categoryId: 1, vendorId: 1, approvalStatus: 1, brand: 1, tags: 1, images: 1, avgRating: 1, reviewCount: 1, stock: 1, lowStockThreshold: 1, isActive: 1, isFeatured: 1, isNewArrival: 1, createdAt: 1, updatedAt: 1, }, }, ])

[90mstdout[2m | src/__tests__/vendor/products.test.ts[2m > [22m[2mvendor product management[2m > [22m[2msoft-deletes a vendor product
[22m[39mprisma:query db.ProductVariant.aggregate([ { $match: { $expr: { $and: [ { $or: [ { $eq: [ "$productId", { $literal: ObjectId("69d9080ffa7cb788a116f7ac"), }, ], }, ], }, { $ne: [ "$productId", "$$REMOVE", ], }, ], }, }, }, { $project: { _id: 1, productId: 1, stockKeepingUnit: 1, name: 1, attributes: 1, price: 1, compareAtPrice: 1, stock: 1, isActive: 1, }, }, ])

[90mstdout[2m | src/__tests__/vendor/products.test.ts[2m > [22m[2mvendor product management[2m > [22m[2msoft-deletes a vendor product
[22m[39mprisma:query db.DigitalAsset.aggregate([ { $match: { $expr: { $and: [ { $or: [ { $eq: [ "$productId", { $literal: ObjectId("69d9080ffa7cb788a116f7ac"), }, ], }, ], }, { $ne: [ "$productId", "$$REMOVE", ], }, ], }, }, }, { $project: { _id: 1, fileName: 1, mimeType: 1, fileSize: 1, sortOrder: 1, productId: 1, }, }, ])

[90mstdout[2m | src/__tests__/vendor/products.test.ts[2m > [22m[2mvendor product management[2m > [22m[2msoft-deletes a vendor product
[22m[39mprisma:query db.Product.aggregate([ { $match: { $expr: { $and: [ { $and: [ { $and: [ { $eq: [ "$_id", { $literal: ObjectId("69d9080ffa7cb788a116f7ac"), }, ], }, { $ne: [ "$_id", "$$REMOVE", ], }, ], }, ], }, { }, ], }, }, }, { $project: { _id: 1, vendorId: 1, }, }, ])

[90mstdout[2m | src/__tests__/vendor/products.test.ts[2m > [22m[2mvendor product management[2m > [22m[2msoft-deletes a vendor product
[22m[39mprisma:query db.Product.aggregate([ { $match: { $expr: { $and: [ { $and: [ { $and: [ { $eq: [ "$_id", { $literal: ObjectId("69d9080ffa7cb788a116f7ac"), }, ], }, { $ne: [ "$_id", "$$REMOVE", ], }, ], }, ], }, { }, ], }, }, }, { $project: { _id: 1, }, }, ])

[90mstdout[2m | src/__tests__/vendor/products.test.ts[2m > [22m[2mvendor product management[2m > [22m[2msoft-deletes a vendor product
[22m[39mprisma:query db.Product.updateMany({ _id: { $in: [ ObjectId("69d9080ffa7cb788a116f7ac"), ], }, },[{ $set: { isActive: { $literal: false, }, }, },
{ $set: { updatedAt: { $literal: DateTime("2026-04-10 14:24:18.066 +00:00:00"), }, }, }])

[90mstdout[2m | src/__tests__/vendor/products.test.ts[2m > [22m[2mvendor product management[2m > [22m[2msoft-deletes a vendor product
[22m[39mprisma:query db.Product.aggregate([ { $match: { $expr: { $and: [ { $and: [ { $eq: [ "$_id", { $literal: ObjectId("69d9080ffa7cb788a116f7ac"), }, ], }, { $ne: [ "$_id", "$$REMOVE", ], }, ], }, ], }, }, }, { $project: { _id: 1, name: 1, slug: 1, description: 1, shortDesc: 1, stockKeepingUnit: 1, basePrice: 1, salePrice: 1, type: 1, categoryId: 1, vendorId: 1, approvalStatus: 1, brand: 1, tags: 1, images: 1, avgRating: 1, reviewCount: 1, stock: 1, lowStockThreshold: 1, isActive: 1, isFeatured: 1, isNewArrival: 1, createdAt: 1, updatedAt: 1, }, }, ])

[90mstdout[2m | src/__tests__/vendor/products.test.ts[2m > [22m[2mvendor product management[2m > [22m[2msoft-deletes a vendor product
[22m[39mprisma:query db.Product.aggregate([ { $match: { $expr: { $and: [ { $and: [ { $and: [ { $eq: [ "$_id", { $literal: ObjectId("69d9080ffa7cb788a116f7ac"), }, ], }, { $ne: [ "$_id", "$$REMOVE", ], }, ], }, ], }, { }, ], }, }, }, { $project: { _id: 1, name: 1, slug: 1, description: 1, shortDesc: 1, stockKeepingUnit: 1, basePrice: 1, salePrice: 1, type: 1, categoryId: 1, vendorId: 1, approvalStatus: 1, brand: 1, tags: 1, images: 1, avgRating: 1, reviewCount: 1, stock: 1, lowStockThreshold: 1, isActive: 1, isFeatured: 1, isNewArrival: 1, createdAt: 1, updatedAt: 1, }, }, ])

[90mstdout[2m | src/__tests__/vendor/products.test.ts[2m > [22m[2mvendor product management[2m > [22m[2msoft-deletes a vendor product
[22m[39mprisma:query db.Product.aggregate([ { $match: { $expr: { $and: [ { $ne: [ "$vendorId", { $literal: null, }, ], }, { $ne: [ "$vendorId", "$$REMOVE", ], }, ], }, }, }, { $project: { _id: 1, }, }, ])

[90mstdout[2m | src/__tests__/vendor/products.test.ts[2m > [22m[2mvendor product management[2m > [22m[2msoft-deletes a vendor product
[22m[39mprisma:query db.ProductVariant.aggregate([ { $match: { $expr: { $and: [ { $or: [ { $eq: [ "$productId", { $literal: ObjectId("69d9080ffa7cb788a116f7ac"), }, ], }, ], }, { $ne: [ "$productId", "$$REMOVE", ], }, ], }, }, }, { $project: { _id: 1, }, }, ])

[90mstdout[2m | src/__tests__/vendor/products.test.ts[2m > [22m[2mvendor product management[2m > [22m[2msoft-deletes a vendor product
[22m[39mprisma:query db.Product.aggregate([ { $match: { $expr: { $and: [ { $or: [ { $eq: [ "$_id", { $literal: ObjectId("69d9080ffa7cb788a116f7ac"), }, ], }, ], }, { $ne: [ "$_id", "$$REMOVE", ], }, ], }, }, }, { $project: { _id: 1, }, }, ])

[90mstdout[2m | src/__tests__/vendor/products.test.ts[2m > [22m[2mvendor product management[2m > [22m[2msoft-deletes a vendor product
[22m[39mprisma:query db.DigitalAsset.aggregate([ { $match: { $expr: { $and: [ { }, { $and: [ { $or: [ { $eq: [ "$productId", { $literal: ObjectId("69d9080ffa7cb788a116f7ac"), }, ], }, ], }, { $ne: [ "$productId", "$$REMOVE", ], }, ], }, ], }, }, }, { $project: { _id: 1, productId: 1, }, }, ])

[90mstdout[2m | src/__tests__/vendor/products.test.ts[2m > [22m[2mvendor product management[2m > [22m[2msoft-deletes a vendor product
[22m[39mprisma:query db.WishlistItem.aggregate([ { $match: { $expr: { $and: [ { }, { $and: [ { $or: [ { $eq: [ "$productId", { $literal: ObjectId("69d9080ffa7cb788a116f7ac"), }, ], }, ], }, { $ne: [ "$productId", "$$REMOVE", ], }, ], }, ], }, }, }, { $project: { _id: 1, productId: 1, }, }, ])

[90mstdout[2m | src/__tests__/vendor/products.test.ts[2m > [22m[2mvendor product management[2m > [22m[2msoft-deletes a vendor product
[22m[39mprisma:query db.Review.aggregate([ { $match: { $expr: { $and: [ { }, { $and: [ { $or: [ { $eq: [ "$productId", { $literal: ObjectId("69d9080ffa7cb788a116f7ac"), }, ], }, ], }, { $ne: [ "$productId", "$$REMOVE", ], }, ], }, ], }, }, }, { $project: { _id: 1, productId: 1, }, }, ])

[90mstdout[2m | src/__tests__/vendor/products.test.ts[2m > [22m[2mvendor product management[2m > [22m[2msoft-deletes a vendor product
[22m[39mprisma:query db.OrderItem.aggregate([ { $match: { $expr: { $and: [ { }, { $and: [ { $or: [ { $eq: [ "$productId", { $literal: ObjectId("69d9080ffa7cb788a116f7ac"), }, ], }, ], }, { $ne: [ "$productId", "$$REMOVE", ], }, ], }, ], }, }, }, { $project: { _id: 1, productId: 1, }, }, ])

[90mstdout[2m | src/__tests__/vendor/products.test.ts[2m > [22m[2mvendor product management[2m > [22m[2msoft-deletes a vendor product
[22m[39mprisma:query db.CartItem.aggregate([ { $match: { $expr: { $and: [ { }, { $and: [ { $or: [ { $eq: [ "$productId", { $literal: ObjectId("69d9080ffa7cb788a116f7ac"), }, ], }, ], }, { $ne: [ "$productId", "$$REMOVE", ], }, ], }, ], }, }, }, { $project: { _id: 1, productId: 1, }, }, ])

[90mstdout[2m | src/__tests__/vendor/products.test.ts[2m > [22m[2mvendor product management[2m > [22m[2msoft-deletes a vendor product
[22m[39mprisma:query db.ProductVariant.aggregate([ { $match: { $expr: { $and: [ { }, { $and: [ { $or: [ { $eq: [ "$productId", { $literal: ObjectId("69d9080ffa7cb788a116f7ac"), }, ], }, ], }, { $ne: [ "$productId", "$$REMOVE", ], }, ], }, ], }, }, }, { $project: { _id: 1, productId: 1, }, }, ])

[90mstdout[2m | src/__tests__/vendor/products.test.ts[2m > [22m[2mvendor product management[2m > [22m[2msoft-deletes a vendor product
[22m[39mprisma:query db.Product.deleteMany({ _id: { $in: [ ObjectId("69d9080ffa7cb788a116f7ac"), ], }, })

[90mstdout[2m | src/__tests__/vendor/products.test.ts[2m > [22m[2mvendor product management[2m > [22m[2msoft-deletes a vendor product
[22m[39mprisma:query db.UserProfile.aggregate([ { $match: { $expr: { $and: [ { $regexMatch: { input: "$userId", regex: "^vendor-", options: "", }, }, { $ne: [ "$userId", "$$REMOVE", ], }, ], }, }, }, { $project: { _id: 1, }, }, ])

[90mstdout[2m | src/__tests__/vendor/products.test.ts[2m > [22m[2mvendor product management[2m > [22m[2msoft-deletes a vendor product
[22m[39mprisma:query db.UserProfile.deleteMany({ _id: { $in: [ ObjectId("69d9080efa7cb788a116f7ab"), ], }, })

[90mstdout[2m | src/__tests__/vendor/products.test.ts[2m > [22m[2mvendor product management[2m > [22m[2mrejects delete of another vendor's product
[22m[39mprisma:query db.UserProfile.insertOne({ userId: "vendor-safe-owner", email: "vendor-safe-owner@test.com", firstName: "Test", lastName: "User", role: "CUSTOMER", isVendor: true, vendorStatus: "ACTIVE", storeName: "safe-owner Store", storeSlug: "safe-owner", createdAt: DateTime("2026-04-10 14:24:26.237 +00:00:00"), updatedAt: DateTime("2026-04-10 14:24:26.237 +00:00:00"), })

[90mstdout[2m | src/__tests__/vendor/products.test.ts[2m > [22m[2mvendor product management[2m > [22m[2mrejects delete of another vendor's product
[22m[39mprisma:query db.UserProfile.aggregate([ { $match: { $expr: { $and: [ { $and: [ { $eq: [ "$_id", { $literal: ObjectId("69d9081afa7cb788a116f7ad"), }, ], }, { $ne: [ "$_id", "$$REMOVE", ], }, ], }, ], }, }, }, { $project: { _id: 1, userId: 1, email: 1, firstName: 1, lastName: 1, phone: 1, avatar: 1, dateOfBirth: 1, gender: 1, role: 1, isVendor: 1, vendorStatus: 1, storeName: 1, storeSlug: 1, storeDescription: 1, vendorSince: 1, createdAt: 1, updatedAt: 1, }, }, ])

[90mstdout[2m | src/__tests__/vendor/products.test.ts[2m > [22m[2mvendor product management[2m > [22m[2mrejects delete of another vendor's product
[22m[39mprisma:query db.UserProfile.insertOne({ userId: "vendor-delete-attacker", email: "vendor-delete-attacker@test.com", firstName: "Test", lastName: "User", role: "CUSTOMER", isVendor: true, vendorStatus: "ACTIVE", storeName: "delete-attacker Store", storeSlug: "delete-attacker", createdAt: DateTime("2026-04-10 14:24:27.296 +00:00:00"), updatedAt: DateTime("2026-04-10 14:24:27.296 +00:00:00"), })

[90mstdout[2m | src/__tests__/vendor/products.test.ts[2m > [22m[2mvendor product management[2m > [22m[2mrejects delete of another vendor's product
[22m[39mprisma:query db.UserProfile.aggregate([ { $match: { $expr: { $and: [ { $and: [ { $eq: [ "$_id", { $literal: ObjectId("69d9081bfa7cb788a116f7ae"), }, ], }, { $ne: [ "$_id", "$$REMOVE", ], }, ], }, ], }, }, }, { $project: { _id: 1, userId: 1, email: 1, firstName: 1, lastName: 1, phone: 1, avatar: 1, dateOfBirth: 1, gender: 1, role: 1, isVendor: 1, vendorStatus: 1, storeName: 1, storeSlug: 1, storeDescription: 1, vendorSince: 1, createdAt: 1, updatedAt: 1, }, }, ])

[90mstdout[2m | src/__tests__/vendor/products.test.ts[2m > [22m[2mvendor product management[2m > [22m[2mrejects delete of another vendor's product
[22m[39mprisma:query db.Product.aggregate([ { $match: { $expr: { $and: [ { $and: [ { $and: [ { $eq: [ "$slug", { $literal: "safe-product", }, ], }, { $ne: [ "$slug", "$$REMOVE", ], }, ], }, ], }, { }, ], }, }, }, { $project: { _id: 1, name: 1, slug: 1, description: 1, shortDesc: 1, stockKeepingUnit: 1, basePrice: 1, salePrice: 1, type: 1, categoryId: 1, vendorId: 1, approvalStatus: 1, brand: 1, tags: 1, images: 1, avgRating: 1, reviewCount: 1, stock: 1, lowStockThreshold: 1, isActive: 1, isFeatured: 1, isNewArrival: 1, createdAt: 1, updatedAt: 1, }, }, ])

[90mstdout[2m | src/__tests__/vendor/products.test.ts[2m > [22m[2mvendor product management[2m > [22m[2mrejects delete of another vendor's product
[22m[39mprisma:query db.Product.insertOne({ name: "Safe Product", slug: "safe-product", description: "Cannot be deleted by others", stockKeepingUnit: "VND-mnszytxu-rtf22r", basePrice: 3000, type: "DIGITAL", vendorId: "vendor-safe-owner", approvalStatus: "APPROVED", images: [ ], avgRating: 0, reviewCount: 0, stock: 999999, lowStockThreshold: 10, isActive: true, isFeatured: false, isNewArrival: true, createdAt: DateTime("2026-04-10 14:24:28.436 +00:00:00"), updatedAt: DateTime("2026-04-10 14:24:28.436 +00:00:00"), })

[90mstdout[2m | src/__tests__/vendor/products.test.ts[2m > [22m[2mvendor product management[2m > [22m[2mrejects delete of another vendor's product
[22m[39mprisma:query db.Product.aggregate([ { $match: { $expr: { $and: [ { $and: [ { $eq: [ "$_id", { $literal: ObjectId("69d9081cfa7cb788a116f7af"), }, ], }, { $ne: [ "$_id", "$$REMOVE", ], }, ], }, ], }, }, }, { $project: { _id: 1, name: 1, slug: 1, description: 1, shortDesc: 1, stockKeepingUnit: 1, basePrice: 1, salePrice: 1, type: 1, categoryId: 1, vendorId: 1, approvalStatus: 1, brand: 1, tags: 1, images: 1, avgRating: 1, reviewCount: 1, stock: 1, lowStockThreshold: 1, isActive: 1, isFeatured: 1, isNewArrival: 1, createdAt: 1, updatedAt: 1, }, }, ])

[90mstdout[2m | src/__tests__/vendor/products.test.ts[2m > [22m[2mvendor product management[2m > [22m[2mrejects delete of another vendor's product
[22m[39mprisma:query db.ProductVariant.aggregate([ { $match: { $expr: { $and: [ { $or: [ { $eq: [ "$productId", { $literal: ObjectId("69d9081cfa7cb788a116f7af"), }, ], }, ], }, { $ne: [ "$productId", "$$REMOVE", ], }, ], }, }, }, { $project: { _id: 1, productId: 1, stockKeepingUnit: 1, name: 1, attributes: 1, price: 1, compareAtPrice: 1, stock: 1, isActive: 1, }, }, ])

[90mstdout[2m | src/__tests__/vendor/products.test.ts[2m > [22m[2mvendor product management[2m > [22m[2mrejects delete of another vendor's product
[22m[39mprisma:query db.DigitalAsset.aggregate([ { $match: { $expr: { $and: [ { $or: [ { $eq: [ "$productId", { $literal: ObjectId("69d9081cfa7cb788a116f7af"), }, ], }, ], }, { $ne: [ "$productId", "$$REMOVE", ], }, ], }, }, }, { $project: { _id: 1, fileName: 1, mimeType: 1, fileSize: 1, sortOrder: 1, productId: 1, }, }, ])

[90mstdout[2m | src/__tests__/vendor/products.test.ts[2m > [22m[2mvendor product management[2m > [22m[2mrejects delete of another vendor's product
[22m[39mprisma:query db.Product.aggregate([ { $match: { $expr: { $and: [ { $and: [ { $and: [ { $eq: [ "$_id", { $literal: ObjectId("69d9081cfa7cb788a116f7af"), }, ], }, { $ne: [ "$_id", "$$REMOVE", ], }, ], }, ], }, { }, ], }, }, }, { $project: { _id: 1, vendorId: 1, }, }, ])

[90mstdout[2m | src/__tests__/vendor/products.test.ts[2m > [22m[2mvendor product management[2m > [22m[2mrejects delete of another vendor's product
[22m[39mprisma:query db.Product.aggregate([ { $match: { $expr: { $and: [ { $ne: [ "$vendorId", { $literal: null, }, ], }, { $ne: [ "$vendorId", "$$REMOVE", ], }, ], }, }, }, { $project: { _id: 1, }, }, ])

[90mstdout[2m | src/__tests__/vendor/products.test.ts[2m > [22m[2mvendor product management[2m > [22m[2mrejects delete of another vendor's product
[22m[39mprisma:query db.ProductVariant.aggregate([ { $match: { $expr: { $and: [ { $or: [ { $eq: [ "$productId", { $literal: ObjectId("69d9081cfa7cb788a116f7af"), }, ], }, ], }, { $ne: [ "$productId", "$$REMOVE", ], }, ], }, }, }, { $project: { _id: 1, }, }, ])

[90mstdout[2m | src/__tests__/vendor/products.test.ts[2m > [22m[2mvendor product management[2m > [22m[2mrejects delete of another vendor's product
[22m[39mprisma:query db.Product.aggregate([ { $match: { $expr: { $and: [ { $or: [ { $eq: [ "$_id", { $literal: ObjectId("69d9081cfa7cb788a116f7af"), }, ], }, ], }, { $ne: [ "$_id", "$$REMOVE", ], }, ], }, }, }, { $project: { _id: 1, }, }, ])

[90mstdout[2m | src/__tests__/vendor/products.test.ts[2m > [22m[2mvendor product management[2m > [22m[2mrejects delete of another vendor's product
[22m[39mprisma:query db.DigitalAsset.aggregate([ { $match: { $expr: { $and: [ { }, { $and: [ { $or: [ { $eq: [ "$productId", { $literal: ObjectId("69d9081cfa7cb788a116f7af"), }, ], }, ], }, { $ne: [ "$productId", "$$REMOVE", ], }, ], }, ], }, }, }, { $project: { _id: 1, productId: 1, }, }, ])

[90mstdout[2m | src/__tests__/vendor/products.test.ts[2m > [22m[2mvendor product management[2m > [22m[2mrejects delete of another vendor's product
[22m[39mprisma:query db.WishlistItem.aggregate([ { $match: { $expr: { $and: [ { }, { $and: [ { $or: [ { $eq: [ "$productId", { $literal: ObjectId("69d9081cfa7cb788a116f7af"), }, ], }, ], }, { $ne: [ "$productId", "$$REMOVE", ], }, ], }, ], }, }, }, { $project: { _id: 1, productId: 1, }, }, ])

[90mstdout[2m | src/__tests__/vendor/products.test.ts[2m > [22m[2mvendor product management[2m > [22m[2mrejects delete of another vendor's product
[22m[39mprisma:query db.Review.aggregate([ { $match: { $expr: { $and: [ { }, { $and: [ { $or: [ { $eq: [ "$productId", { $literal: ObjectId("69d9081cfa7cb788a116f7af"), }, ], }, ], }, { $ne: [ "$productId", "$$REMOVE", ], }, ], }, ], }, }, }, { $project: { _id: 1, productId: 1, }, }, ])

[90mstdout[2m | src/__tests__/vendor/products.test.ts[2m > [22m[2mvendor product management[2m > [22m[2mrejects delete of another vendor's product
[22m[39mprisma:query db.OrderItem.aggregate([ { $match: { $expr: { $and: [ { }, { $and: [ { $or: [ { $eq: [ "$productId", { $literal: ObjectId("69d9081cfa7cb788a116f7af"), }, ], }, ], }, { $ne: [ "$productId", "$$REMOVE", ], }, ], }, ], }, }, }, { $project: { _id: 1, productId: 1, }, }, ])

[90mstdout[2m | src/__tests__/vendor/products.test.ts[2m > [22m[2mvendor product management[2m > [22m[2mrejects delete of another vendor's product
[22m[39mprisma:query db.CartItem.aggregate([ { $match: { $expr: { $and: [ { }, { $and: [ { $or: [ { $eq: [ "$productId", { $literal: ObjectId("69d9081cfa7cb788a116f7af"), }, ], }, ], }, { $ne: [ "$productId", "$$REMOVE", ], }, ], }, ], }, }, }, { $project: { _id: 1, productId: 1, }, }, ])

[90mstdout[2m | src/__tests__/vendor/products.test.ts[2m > [22m[2mvendor product management[2m > [22m[2mrejects delete of another vendor's product
[22m[39mprisma:query db.ProductVariant.aggregate([ { $match: { $expr: { $and: [ { }, { $and: [ { $or: [ { $eq: [ "$productId", { $literal: ObjectId("69d9081cfa7cb788a116f7af"), }, ], }, ], }, { $ne: [ "$productId", "$$REMOVE", ], }, ], }, ], }, }, }, { $project: { _id: 1, productId: 1, }, }, ])

[90mstdout[2m | src/__tests__/vendor/products.test.ts[2m > [22m[2mvendor product management[2m > [22m[2mrejects delete of another vendor's product
[22m[39mprisma:query db.Product.deleteMany({ _id: { $in: [ ObjectId("69d9081cfa7cb788a116f7af"), ], }, })

[90mstdout[2m | src/__tests__/vendor/products.test.ts[2m > [22m[2mvendor product management[2m > [22m[2mrejects delete of another vendor's product
[22m[39mprisma:query db.UserProfile.aggregate([ { $match: { $expr: { $and: [ { $regexMatch: { input: "$userId", regex: "^vendor-", options: "", }, }, { $ne: [ "$userId", "$$REMOVE", ], }, ], }, }, }, { $project: { _id: 1, }, }, ])

[90mstdout[2m | src/__tests__/vendor/products.test.ts[2m > [22m[2mvendor product management[2m > [22m[2mrejects delete of another vendor's product
[22m[39mprisma:query db.UserProfile.deleteMany({ _id: { $in: [ ObjectId("69d9081afa7cb788a116f7ad"), ObjectId("69d9081bfa7cb788a116f7ae"), ], }, })

[90mstdout[2m | src/__tests__/vendor/products.test.ts[2m > [22m[2mvendor product management[2m > [22m[2mtoggles product active status
[22m[39mprisma:query db.UserProfile.insertOne({ userId: "vendor-toggler", email: "vendor-toggler@test.com", firstName: "Test", lastName: "User", role: "CUSTOMER", isVendor: true, vendorStatus: "ACTIVE", storeName: "toggler Store", storeSlug: "toggler", createdAt: DateTime("2026-04-10 14:24:44.091 +00:00:00"), updatedAt: DateTime("2026-04-10 14:24:44.091 +00:00:00"), })

[90mstdout[2m | src/__tests__/vendor/products.test.ts[2m > [22m[2mvendor product management[2m > [22m[2mtoggles product active status
[22m[39mprisma:query db.UserProfile.aggregate([ { $match: { $expr: { $and: [ { $and: [ { $eq: [ "$_id", { $literal: ObjectId("69d9082cfa7cb788a116f7b0"), }, ], }, { $ne: [ "$_id", "$$REMOVE", ], }, ], }, ], }, }, }, { $project: { _id: 1, userId: 1, email: 1, firstName: 1, lastName: 1, phone: 1, avatar: 1, dateOfBirth: 1, gender: 1, role: 1, isVendor: 1, vendorStatus: 1, storeName: 1, storeSlug: 1, storeDescription: 1, vendorSince: 1, createdAt: 1, updatedAt: 1, }, }, ])

[90mstdout[2m | src/__tests__/vendor/products.test.ts[2m > [22m[2mvendor product management[2m > [22m[2mtoggles product active status
[22m[39mprisma:query db.Product.aggregate([ { $match: { $expr: { $and: [ { $and: [ { $and: [ { $eq: [ "$slug", { $literal: "toggle-product", }, ], }, { $ne: [ "$slug", "$$REMOVE", ], }, ], }, ], }, { }, ], }, }, }, { $project: { _id: 1, name: 1, slug: 1, description: 1, shortDesc: 1, stockKeepingUnit: 1, basePrice: 1, salePrice: 1, type: 1, categoryId: 1, vendorId: 1, approvalStatus: 1, brand: 1, tags: 1, images: 1, avgRating: 1, reviewCount: 1, stock: 1, lowStockThreshold: 1, isActive: 1, isFeatured: 1, isNewArrival: 1, createdAt: 1, updatedAt: 1, }, }, ])

[90mstdout[2m | src/__tests__/vendor/products.test.ts[2m > [22m[2mvendor product management[2m > [22m[2mtoggles product active status
[22m[39mprisma:query db.Product.insertOne({ name: "Toggle Product", slug: "toggle-product", description: "Will be toggled", stockKeepingUnit: "VND-mnszz79e-eorfff", basePrice: 2500, type: "DIGITAL", vendorId: "vendor-toggler", approvalStatus: "APPROVED", images: [ ], avgRating: 0, reviewCount: 0, stock: 999999, lowStockThreshold: 10, isActive: true, isFeatured: false, isNewArrival: true, createdAt: DateTime("2026-04-10 14:24:45.701 +00:00:00"), updatedAt: DateTime("2026-04-10 14:24:45.701 +00:00:00"), })

[90mstdout[2m | src/__tests__/vendor/products.test.ts[2m > [22m[2mvendor product management[2m > [22m[2mtoggles product active status
[22m[39mprisma:query db.Product.aggregate([ { $match: { $expr: { $and: [ { $and: [ { $eq: [ "$_id", { $literal: ObjectId("69d9082dfa7cb788a116f7b1"), }, ], }, { $ne: [ "$_id", "$$REMOVE", ], }, ], }, ], }, }, }, { $project: { _id: 1, name: 1, slug: 1, description: 1, shortDesc: 1, stockKeepingUnit: 1, basePrice: 1, salePrice: 1, type: 1, categoryId: 1, vendorId: 1, approvalStatus: 1, brand: 1, tags: 1, images: 1, avgRating: 1, reviewCount: 1, stock: 1, lowStockThreshold: 1, isActive: 1, isFeatured: 1, isNewArrival: 1, createdAt: 1, updatedAt: 1, }, }, ])

[90mstdout[2m | src/__tests__/vendor/products.test.ts[2m > [22m[2mvendor product management[2m > [22m[2mtoggles product active status
[22m[39mprisma:query db.ProductVariant.aggregate([ { $match: { $expr: { $and: [ { $or: [ { $eq: [ "$productId", { $literal: ObjectId("69d9082dfa7cb788a116f7b1"), }, ], }, ], }, { $ne: [ "$productId", "$$REMOVE", ], }, ], }, }, }, { $project: { _id: 1, productId: 1, stockKeepingUnit: 1, name: 1, attributes: 1, price: 1, compareAtPrice: 1, stock: 1, isActive: 1, }, }, ])

[90mstdout[2m | src/__tests__/vendor/products.test.ts[2m > [22m[2mvendor product management[2m > [22m[2mtoggles product active status
[22m[39mprisma:query db.DigitalAsset.aggregate([ { $match: { $expr: { $and: [ { $or: [ { $eq: [ "$productId", { $literal: ObjectId("69d9082dfa7cb788a116f7b1"), }, ], }, ], }, { $ne: [ "$productId", "$$REMOVE", ], }, ], }, }, }, { $project: { _id: 1, fileName: 1, mimeType: 1, fileSize: 1, sortOrder: 1, productId: 1, }, }, ])

[90mstdout[2m | src/__tests__/vendor/products.test.ts[2m > [22m[2mvendor product management[2m > [22m[2mtoggles product active status
[22m[39mprisma:query db.Product.aggregate([ { $match: { $expr: { $and: [ { $and: [ { $and: [ { $eq: [ "$_id", { $literal: ObjectId("69d9082dfa7cb788a116f7b1"), }, ], }, { $ne: [ "$_id", "$$REMOVE", ], }, ], }, ], }, { }, ], }, }, }, { $project: { _id: 1, vendorId: 1, }, }, ])

[90mstdout[2m | src/__tests__/vendor/products.test.ts[2m > [22m[2mvendor product management[2m > [22m[2mtoggles product active status
[22m[39mprisma:query db.Product.aggregate([ { $match: { $expr: { $and: [ { $and: [ { $and: [ { $eq: [ "$_id", { $literal: ObjectId("69d9082dfa7cb788a116f7b1"), }, ], }, { $ne: [ "$_id", "$$REMOVE", ], }, ], }, ], }, { }, ], }, }, }, { $project: { _id: 1, }, }, ])

[90mstdout[2m | src/__tests__/vendor/products.test.ts[2m > [22m[2mvendor product management[2m > [22m[2mtoggles product active status
[22m[39mprisma:query db.Product.updateMany({ _id: { $in: [ ObjectId("69d9082dfa7cb788a116f7b1"), ], }, },[{ $set: { isActive: { $literal: false, }, }, },
{ $set: { updatedAt: { $literal: DateTime("2026-04-10 14:24:46.806 +00:00:00"), }, }, }])

[90mstdout[2m | src/__tests__/vendor/products.test.ts[2m > [22m[2mvendor product management[2m > [22m[2mtoggles product active status
[22m[39mprisma:query db.Product.aggregate([ { $match: { $expr: { $and: [ { $and: [ { $eq: [ "$_id", { $literal: ObjectId("69d9082dfa7cb788a116f7b1"), }, ], }, { $ne: [ "$_id", "$$REMOVE", ], }, ], }, ], }, }, }, { $project: { _id: 1, name: 1, slug: 1, description: 1, shortDesc: 1, stockKeepingUnit: 1, basePrice: 1, salePrice: 1, type: 1, categoryId: 1, vendorId: 1, approvalStatus: 1, brand: 1, tags: 1, images: 1, avgRating: 1, reviewCount: 1, stock: 1, lowStockThreshold: 1, isActive: 1, isFeatured: 1, isNewArrival: 1, createdAt: 1, updatedAt: 1, }, }, ])

[90mstdout[2m | src/__tests__/vendor/products.test.ts[2m > [22m[2mvendor product management[2m > [22m[2mtoggles product active status
[22m[39mprisma:query db.ProductVariant.aggregate([ { $match: { $expr: { $and: [ { $or: [ { $eq: [ "$productId", { $literal: ObjectId("69d9082dfa7cb788a116f7b1"), }, ], }, ], }, { $ne: [ "$productId", "$$REMOVE", ], }, ], }, }, }, { $project: { _id: 1, productId: 1, stockKeepingUnit: 1, name: 1, attributes: 1, price: 1, compareAtPrice: 1, stock: 1, isActive: 1, }, }, ])

[90mstdout[2m | src/__tests__/vendor/products.test.ts[2m > [22m[2mvendor product management[2m > [22m[2mtoggles product active status
[22m[39mprisma:query db.DigitalAsset.aggregate([ { $match: { $expr: { $and: [ { $or: [ { $eq: [ "$productId", { $literal: ObjectId("69d9082dfa7cb788a116f7b1"), }, ], }, ], }, { $ne: [ "$productId", "$$REMOVE", ], }, ], }, }, }, { $project: { _id: 1, fileName: 1, mimeType: 1, fileSize: 1, sortOrder: 1, productId: 1, }, }, ])

[90mstdout[2m | src/__tests__/vendor/products.test.ts[2m > [22m[2mvendor product management[2m > [22m[2mtoggles product active status
[22m[39mprisma:query db.Product.aggregate([ { $match: { $expr: { $and: [ { $and: [ { $and: [ { $eq: [ "$_id", { $literal: ObjectId("69d9082dfa7cb788a116f7b1"), }, ], }, { $ne: [ "$_id", "$$REMOVE", ], }, ], }, ], }, { }, ], }, }, }, { $project: { _id: 1, vendorId: 1, }, }, ])

[90mstdout[2m | src/__tests__/vendor/products.test.ts[2m > [22m[2mvendor product management[2m > [22m[2mtoggles product active status
[22m[39mprisma:query db.Product.aggregate([ { $match: { $expr: { $and: [ { $and: [ { $and: [ { $eq: [ "$_id", { $literal: ObjectId("69d9082dfa7cb788a116f7b1"), }, ], }, { $ne: [ "$_id", "$$REMOVE", ], }, ], }, ], }, { }, ], }, }, }, { $project: { _id: 1, }, }, ])

[90mstdout[2m | src/__tests__/vendor/products.test.ts[2m > [22m[2mvendor product management[2m > [22m[2mtoggles product active status
[22m[39mprisma:query db.Product.updateMany({ _id: { $in: [ ObjectId("69d9082dfa7cb788a116f7b1"), ], }, },[{ $set: { isActive: { $literal: true, }, }, },
{ $set: { updatedAt: { $literal: DateTime("2026-04-10 14:24:48.261 +00:00:00"), }, }, }])

[90mstdout[2m | src/__tests__/vendor/products.test.ts[2m > [22m[2mvendor product management[2m > [22m[2mtoggles product active status
[22m[39mprisma:query db.Product.aggregate([ { $match: { $expr: { $and: [ { $and: [ { $eq: [ "$_id", { $literal: ObjectId("69d9082dfa7cb788a116f7b1"), }, ], }, { $ne: [ "$_id", "$$REMOVE", ], }, ], }, ], }, }, }, { $project: { _id: 1, name: 1, slug: 1, description: 1, shortDesc: 1, stockKeepingUnit: 1, basePrice: 1, salePrice: 1, type: 1, categoryId: 1, vendorId: 1, approvalStatus: 1, brand: 1, tags: 1, images: 1, avgRating: 1, reviewCount: 1, stock: 1, lowStockThreshold: 1, isActive: 1, isFeatured: 1, isNewArrival: 1, createdAt: 1, updatedAt: 1, }, }, ])

[90mstdout[2m | src/__tests__/vendor/products.test.ts[2m > [22m[2mvendor product management[2m > [22m[2mtoggles product active status
[22m[39mprisma:query db.ProductVariant.aggregate([ { $match: { $expr: { $and: [ { $or: [ { $eq: [ "$productId", { $literal: ObjectId("69d9082dfa7cb788a116f7b1"), }, ], }, ], }, { $ne: [ "$productId", "$$REMOVE", ], }, ], }, }, }, { $project: { _id: 1, productId: 1, stockKeepingUnit: 1, name: 1, attributes: 1, price: 1, compareAtPrice: 1, stock: 1, isActive: 1, }, }, ])

[90mstdout[2m | src/__tests__/vendor/products.test.ts[2m > [22m[2mvendor product management[2m > [22m[2mtoggles product active status
[22m[39mprisma:query db.DigitalAsset.aggregate([ { $match: { $expr: { $and: [ { $or: [ { $eq: [ "$productId", { $literal: ObjectId("69d9082dfa7cb788a116f7b1"), }, ], }, ], }, { $ne: [ "$productId", "$$REMOVE", ], }, ], }, }, }, { $project: { _id: 1, fileName: 1, mimeType: 1, fileSize: 1, sortOrder: 1, productId: 1, }, }, ])

[90mstdout[2m | src/__tests__/vendor/products.test.ts[2m > [22m[2mvendor product management[2m > [22m[2mtoggles product active status
[22m[39mprisma:query db.Product.aggregate([ { $match: { $expr: { $and: [ { $ne: [ "$vendorId", { $literal: null, }, ], }, { $ne: [ "$vendorId", "$$REMOVE", ], }, ], }, }, }, { $project: { _id: 1, }, }, ])

[90mstdout[2m | src/__tests__/vendor/products.test.ts[2m > [22m[2mvendor product management[2m > [22m[2mtoggles product active status
[22m[39mprisma:query db.ProductVariant.aggregate([ { $match: { $expr: { $and: [ { $or: [ { $eq: [ "$productId", { $literal: ObjectId("69d9082dfa7cb788a116f7b1"), }, ], }, ], }, { $ne: [ "$productId", "$$REMOVE", ], }, ], }, }, }, { $project: { _id: 1, }, }, ])

[90mstdout[2m | src/__tests__/vendor/products.test.ts[2m > [22m[2mvendor product management[2m > [22m[2mtoggles product active status
[22m[39mprisma:query db.Product.aggregate([ { $match: { $expr: { $and: [ { $or: [ { $eq: [ "$_id", { $literal: ObjectId("69d9082dfa7cb788a116f7b1"), }, ], }, ], }, { $ne: [ "$_id", "$$REMOVE", ], }, ], }, }, }, { $project: { _id: 1, }, }, ])

[90mstdout[2m | src/__tests__/vendor/products.test.ts[2m > [22m[2mvendor product management[2m > [22m[2mtoggles product active status
[22m[39mprisma:query db.DigitalAsset.aggregate([ { $match: { $expr: { $and: [ { }, { $and: [ { $or: [ { $eq: [ "$productId", { $literal: ObjectId("69d9082dfa7cb788a116f7b1"), }, ], }, ], }, { $ne: [ "$productId", "$$REMOVE", ], }, ], }, ], }, }, }, { $project: { _id: 1, productId: 1, }, }, ])

[90mstdout[2m | src/__tests__/vendor/products.test.ts[2m > [22m[2mvendor product management[2m > [22m[2mtoggles product active status
[22m[39mprisma:query db.WishlistItem.aggregate([ { $match: { $expr: { $and: [ { }, { $and: [ { $or: [ { $eq: [ "$productId", { $literal: ObjectId("69d9082dfa7cb788a116f7b1"), }, ], }, ], }, { $ne: [ "$productId", "$$REMOVE", ], }, ], }, ], }, }, }, { $project: { _id: 1, productId: 1, }, }, ])

[90mstdout[2m | src/__tests__/vendor/products.test.ts[2m > [22m[2mvendor product management[2m > [22m[2mtoggles product active status
[22m[39mprisma:query db.Review.aggregate([ { $match: { $expr: { $and: [ { }, { $and: [ { $or: [ { $eq: [ "$productId", { $literal: ObjectId("69d9082dfa7cb788a116f7b1"), }, ], }, ], }, { $ne: [ "$productId", "$$REMOVE", ], }, ], }, ], }, }, }, { $project: { _id: 1, productId: 1, }, }, ])

[90mstdout[2m | src/__tests__/vendor/products.test.ts[2m > [22m[2mvendor product management[2m > [22m[2mtoggles product active status
[22m[39mprisma:query db.OrderItem.aggregate([ { $match: { $expr: { $and: [ { }, { $and: [ { $or: [ { $eq: [ "$productId", { $literal: ObjectId("69d9082dfa7cb788a116f7b1"), }, ], }, ], }, { $ne: [ "$productId", "$$REMOVE", ], }, ], }, ], }, }, }, { $project: { _id: 1, productId: 1, }, }, ])

[90mstdout[2m | src/__tests__/vendor/products.test.ts[2m > [22m[2mvendor product management[2m > [22m[2mtoggles product active status
[22m[39mprisma:query db.CartItem.aggregate([ { $match: { $expr: { $and: [ { }, { $and: [ { $or: [ { $eq: [ "$productId", { $literal: ObjectId("69d9082dfa7cb788a116f7b1"), }, ], }, ], }, { $ne: [ "$productId", "$$REMOVE", ], }, ], }, ], }, }, }, { $project: { _id: 1, productId: 1, }, }, ])

[90mstdout[2m | src/__tests__/vendor/products.test.ts[2m > [22m[2mvendor product management[2m > [22m[2mtoggles product active status
[22m[39mprisma:query db.ProductVariant.aggregate([ { $match: { $expr: { $and: [ { }, { $and: [ { $or: [ { $eq: [ "$productId", { $literal: ObjectId("69d9082dfa7cb788a116f7b1"), }, ], }, ], }, { $ne: [ "$productId", "$$REMOVE", ], }, ], }, ], }, }, }, { $project: { _id: 1, productId: 1, }, }, ])

[90mstdout[2m | src/__tests__/vendor/products.test.ts[2m > [22m[2mvendor product management[2m > [22m[2mtoggles product active status
[22m[39mprisma:query db.Product.deleteMany({ _id: { $in: [ ObjectId("69d9082dfa7cb788a116f7b1"), ], }, })

[90mstdout[2m | src/__tests__/vendor/products.test.ts[2m > [22m[2mvendor product management[2m > [22m[2mtoggles product active status
[22m[39mprisma:query db.UserProfile.aggregate([ { $match: { $expr: { $and: [ { $regexMatch: { input: "$userId", regex: "^vendor-", options: "", }, }, { $ne: [ "$userId", "$$REMOVE", ], }, ], }, }, }, { $project: { _id: 1, }, }, ])

[90mstdout[2m | src/__tests__/vendor/products.test.ts[2m > [22m[2mvendor product management[2m > [22m[2mtoggles product active status
[22m[39mprisma:query db.UserProfile.deleteMany({ _id: { $in: [ ObjectId("69d9082cfa7cb788a116f7b0"), ], }, })

 [32mΓ£ô[39m src/__tests__/vendor/products.test.ts [2m([22m[2m11 tests[22m[2m)[22m[33m 149413[2mms[22m[39m
     [33m[2mΓ£ô[22m[39m creates a digital product for a vendor [33m 12155[2mms[22m[39m
     [33m[2mΓ£ô[22m[39m generates unique slug on duplicate name [33m 13118[2mms[22m[39m
     [33m[2mΓ£ô[22m[39m creates product with variants [33m 12040[2mms[22m[39m
     [33m[2mΓ£ô[22m[39m lists only the vendor's own products [33m 17229[2mms[22m[39m
     [33m[2mΓ£ô[22m[39m gets a single product belonging to the vendor [33m 8625[2mms[22m[39m
     [33m[2mΓ£ô[22m[39m rejects access to another vendor's product [33m 16551[2mms[22m[39m
     [33m[2mΓ£ô[22m[39m updates a vendor product [33m 12808[2mms[22m[39m
     [33m[2mΓ£ô[22m[39m rejects update to another vendor's product [33m 6856[2mms[22m[39m
     [33m[2mΓ£ô[22m[39m soft-deletes a vendor product [33m 11476[2mms[22m[39m
     [33m[2mΓ£ô[22m[39m rejects delete of another vendor's product [33m 17853[2mms[22m[39m
     [33m[2mΓ£ô[22m[39m toggles product active status [33m 10921[2mms[22m[39m
[90mstdout[2m | src/__tests__/store/store.test.ts
[22m[39m[dotenv@17.2.3] injecting env (1) from .env.test -- tip: ≡ƒöÉ prevent committing .env to code: https://dotenvx.com/precommit

[90mstdout[2m | src/__tests__/store/store.test.ts[2m > [22m[2mstore page service
[22m[39mprisma:query db.Product.aggregate([ { $match: { $expr: { $and: [ { $regexMatch: { input: "$vendorId", regex: "^store-", options: "", }, }, { $ne: [ "$vendorId", "$$REMOVE", ], }, ], }, }, }, { $project: { _id: 1, }, }, ])

[90mstdout[2m | src/__tests__/store/store.test.ts[2m > [22m[2mstore page service
[22m[39mprisma:query db.UserProfile.aggregate([ { $match: { $expr: { $and: [ { $regexMatch: { input: "$userId", regex: "^store-", options: "", }, }, { $ne: [ "$userId", "$$REMOVE", ], }, ], }, }, }, { $project: { _id: 1, }, }, ])

[90mstdout[2m | src/__tests__/store/store.test.ts[2m > [22m[2mstore page service[2m > [22m[2mreturns store info and products for an active vendor
[22m[39mprisma:query db.UserProfile.insertOne({ userId: "store-alpha", email: "store-alpha@test.com", firstName: "Test", lastName: "User", role: "CUSTOMER", isVendor: true, vendorStatus: "ACTIVE", storeName: "alpha Store", storeSlug: "alpha", storeDescription: "Welcome to alpha Store", createdAt: DateTime("2026-04-10 14:25:04.564 +00:00:00"), updatedAt: DateTime("2026-04-10 14:25:04.564 +00:00:00"), })

[90mstdout[2m | src/__tests__/store/store.test.ts[2m > [22m[2mstore page service[2m > [22m[2mreturns store info and products for an active vendor
[22m[39mprisma:query db.UserProfile.aggregate([ { $match: { $expr: { $and: [ { $and: [ { $eq: [ "$_id", { $literal: ObjectId("69d9084042532fe7679cdc20"), }, ], }, { $ne: [ "$_id", "$$REMOVE", ], }, ], }, ], }, }, }, { $project: { _id: 1, userId: 1, email: 1, firstName: 1, lastName: 1, phone: 1, avatar: 1, dateOfBirth: 1, gender: 1, role: 1, isVendor: 1, vendorStatus: 1, storeName: 1, storeSlug: 1, storeDescription: 1, vendorSince: 1, createdAt: 1, updatedAt: 1, }, }, ])

[90mstdout[2m | src/__tests__/store/store.test.ts[2m > [22m[2mstore page service[2m > [22m[2mreturns store info and products for an active vendor
[22m[39mprisma:query db.Product.insertOne({ name: "Widget A", slug: "alpha-widget-a", description: "Widget A description", stockKeepingUnit: "alpha-widget-a-1775831105227", basePrice: 5000, type: "DIGITAL", vendorId: "store-alpha", approvalStatus: "APPROVED", images: [ ], avgRating: 0, reviewCount: 0, stock: 999999, lowStockThreshold: 10, isActive: true, isFeatured: false, isNewArrival: true, createdAt: DateTime("2026-04-10 14:25:05.23 +00:00:00"), updatedAt: DateTime("2026-04-10 14:25:05.23 +00:00:00"), })

[90mstdout[2m | src/__tests__/store/store.test.ts[2m > [22m[2mstore page service[2m > [22m[2mreturns store info and products for an active vendor
[22m[39mprisma:query db.Product.aggregate([ { $match: { $expr: { $and: [ { $and: [ { $eq: [ "$_id", { $literal: ObjectId("69d9084142532fe7679cdc21"), }, ], }, { $ne: [ "$_id", "$$REMOVE", ], }, ], }, ], }, }, }, { $project: { _id: 1, name: 1, slug: 1, description: 1, shortDesc: 1, stockKeepingUnit: 1, basePrice: 1, salePrice: 1, type: 1, categoryId: 1, vendorId: 1, approvalStatus: 1, brand: 1, tags: 1, images: 1, avgRating: 1, reviewCount: 1, stock: 1, lowStockThreshold: 1, isActive: 1, isFeatured: 1, isNewArrival: 1, createdAt: 1, updatedAt: 1, }, }, ])

[90mstdout[2m | src/__tests__/store/store.test.ts[2m > [22m[2mstore page service[2m > [22m[2mreturns store info and products for an active vendor
[22m[39mprisma:query db.Product.insertOne({ name: "Widget B", slug: "alpha-widget-b", description: "Widget B description", stockKeepingUnit: "alpha-widget-b-1775831105800", basePrice: 5000, type: "DIGITAL", vendorId: "store-alpha", approvalStatus: "APPROVED", images: [ ], avgRating: 0, reviewCount: 0, stock: 999999, lowStockThreshold: 10, isActive: true, isFeatured: false, isNewArrival: true, createdAt: DateTime("2026-04-10 14:25:05.802 +00:00:00"), updatedAt: DateTime("2026-04-10 14:25:05.802 +00:00:00"), })

[90mstdout[2m | src/__tests__/store/store.test.ts[2m > [22m[2mstore page service[2m > [22m[2mreturns store info and products for an active vendor
[22m[39mprisma:query db.Product.aggregate([ { $match: { $expr: { $and: [ { $and: [ { $eq: [ "$_id", { $literal: ObjectId("69d9084142532fe7679cdc22"), }, ], }, { $ne: [ "$_id", "$$REMOVE", ], }, ], }, ], }, }, }, { $project: { _id: 1, name: 1, slug: 1, description: 1, shortDesc: 1, stockKeepingUnit: 1, basePrice: 1, salePrice: 1, type: 1, categoryId: 1, vendorId: 1, approvalStatus: 1, brand: 1, tags: 1, images: 1, avgRating: 1, reviewCount: 1, stock: 1, lowStockThreshold: 1, isActive: 1, isFeatured: 1, isNewArrival: 1, createdAt: 1, updatedAt: 1, }, }, ])

[90mstdout[2m | src/__tests__/store/store.test.ts[2m > [22m[2mstore page service[2m > [22m[2mreturns store info and products for an active vendor
[22m[39mprisma:query db.UserProfile.aggregate([ { $match: { $expr: { $and: [ { $and: [ { $and: [ { $eq: [ "$storeSlug", { $literal: "alpha", }, ], }, { $ne: [ "$storeSlug", "$$REMOVE", ], }, ], }, ], }, { }, ], }, }, }, { $project: { _id: 1, userId: 1, storeName: 1, storeSlug: 1, storeDescription: 1, isVendor: 1, vendorStatus: 1, }, }, ])

[90mstdout[2m | src/__tests__/store/store.test.ts[2m > [22m[2mstore page service[2m > [22m[2mreturns store info and products for an active vendor
[22m[39mprisma:query db.Product.aggregate([ { $match: { $expr: { $and: [ { $and: [ { $eq: [ "$vendorId", { $literal: "store-alpha", }, ], }, { $ne: [ "$vendorId", "$$REMOVE", ], }, ], }, { $and: [ { $eq: [ "$isActive", { $literal: true, }, ], }, { $ne: [ "$isActive", "$$REMOVE", ], }, ], }, { $and: [ { $eq: [ "$approvalStatus", { $literal: "APPROVED", }, ], }, { $ne: [ "$approvalStatus", "$$REMOVE", ], }, ], }, ], }, }, }, { $group: { _id: null, count_all: { $sum: 1, }, }, }, ])

[90mstdout[2m | src/__tests__/store/store.test.ts[2m > [22m[2mstore page service[2m > [22m[2mreturns store info and products for an active vendor
[22m[39mprisma:query db.Product.aggregate([ { $match: { $expr: { $and: [ { $and: [ { $eq: [ "$isActive", { $literal: true, }, ], }, { $ne: [ "$isActive", "$$REMOVE", ], }, ], }, { $and: [ { $eq: [ "$vendorId", { $literal: "store-alpha", }, ], }, { $ne: [ "$vendorId", "$$REMOVE", ], }, ], }, { $and: [ { $eq: [ "$approvalStatus", { $literal: "APPROVED", }, ], }, { $ne: [ "$approvalStatus", "$$REMOVE", ], }, ], }, ], }, }, }, { $group: { _id: null, count_all: { $sum: 1, }, }, }, ])

[90mstdout[2m | src/__tests__/store/store.test.ts[2m > [22m[2mstore page service[2m > [22m[2mreturns store info and products for an active vendor
[22m[39mprisma:query db.Product.aggregate([ { $match: { $expr: { $and: [ { $and: [ { $eq: [ "$isActive", { $literal: true, }, ], }, { $ne: [ "$isActive", "$$REMOVE", ], }, ], }, { $and: [ { $eq: [ "$vendorId", { $literal: "store-alpha", }, ], }, { $ne: [ "$vendorId", "$$REMOVE", ], }, ], }, { $and: [ { $eq: [ "$approvalStatus", { $literal: "APPROVED", }, ], }, { $ne: [ "$approvalStatus", "$$REMOVE", ], }, ], }, ], }, }, }, { $sort: { createdAt: -1, }, }, { $skip: 0, }, { $limit: 10, }, { $project: { _id: 1, name: 1, slug: 1, description: 1, shortDesc: 1, stockKeepingUnit: 1, basePrice: 1, salePrice: 1, type: 1, categoryId: 1, vendorId: 1, approvalStatus: 1, brand: 1, tags: 1, images: 1, avgRating: 1, reviewCount: 1, stock: 1, lowStockThreshold: 1, isActive: 1, isFeatured: 1, isNewArrival: 1, createdAt: 1, updatedAt: 1, }, }, ])

[90mstdout[2m | src/__tests__/store/store.test.ts[2m > [22m[2mstore page service[2m > [22m[2mreturns store info and products for an active vendor
[22m[39mprisma:query db.ProductVariant.aggregate([ { $match: { $expr: { $and: [ { $or: [ { $eq: [ "$productId", { $literal: ObjectId("69d9084142532fe7679cdc22"), }, ], }, { $eq: [ "$productId", { $literal: ObjectId("69d9084142532fe7679cdc21"), }, ], }, ], }, { $ne: [ "$productId", "$$REMOVE", ], }, ], }, }, }, { $project: { _id: 1, productId: 1, stockKeepingUnit: 1, name: 1, attributes: 1, price: 1, compareAtPrice: 1, stock: 1, isActive: 1, }, }, ])

[90mstdout[2m | src/__tests__/store/store.test.ts[2m > [22m[2mstore page service[2m > [22m[2mreturns store info and products for an active vendor
[22m[39mprisma:query db.DigitalAsset.aggregate([ { $match: { $expr: { $and: [ { $or: [ { $eq: [ "$productId", { $literal: ObjectId("69d9084142532fe7679cdc22"), }, ], }, { $eq: [ "$productId", { $literal: ObjectId("69d9084142532fe7679cdc21"), }, ], }, ], }, { $ne: [ "$productId", "$$REMOVE", ], }, ], }, }, }, { $project: { _id: 1, fileName: 1, mimeType: 1, fileSize: 1, sortOrder: 1, productId: 1, }, }, ])

[90mstdout[2m | src/__tests__/store/store.test.ts[2m > [22m[2mstore page service[2m > [22m[2mreturns store info and products for an active vendor
[22m[39mprisma:query db.Product.aggregate([ { $match: { $expr: { $and: [ { $regexMatch: { input: "$vendorId", regex: "^store-", options: "", }, }, { $ne: [ "$vendorId", "$$REMOVE", ], }, ], }, }, }, { $project: { _id: 1, }, }, ])

[90mstdout[2m | src/__tests__/store/store.test.ts[2m > [22m[2mstore page service[2m > [22m[2mreturns store info and products for an active vendor
[22m[39mprisma:query db.ProductVariant.aggregate([ { $match: { $expr: { $and: [ { $or: [ { $eq: [ "$productId", { $literal: ObjectId("69d9084142532fe7679cdc21"), }, ], }, { $eq: [ "$productId", { $literal: ObjectId("69d9084142532fe7679cdc22"), }, ], }, ], }, { $ne: [ "$productId", "$$REMOVE", ], }, ], }, }, }, { $project: { _id: 1, }, }, ])

[90mstdout[2m | src/__tests__/store/store.test.ts[2m > [22m[2mstore page service[2m > [22m[2mreturns store info and products for an active vendor
[22m[39mprisma:query db.Product.aggregate([ { $match: { $expr: { $and: [ { $or: [ { $eq: [ "$_id", { $literal: ObjectId("69d9084142532fe7679cdc21"), }, ], }, { $eq: [ "$_id", { $literal: ObjectId("69d9084142532fe7679cdc22"), }, ], }, ], }, { $ne: [ "$_id", "$$REMOVE", ], }, ], }, }, }, { $project: { _id: 1, }, }, ])

[90mstdout[2m | src/__tests__/store/store.test.ts[2m > [22m[2mstore page service[2m > [22m[2mreturns store info and products for an active vendor
[22m[39mprisma:query db.DigitalAsset.aggregate([ { $match: { $expr: { $and: [ { }, { $and: [ { $or: [ { $eq: [ "$productId", { $literal: ObjectId("69d9084142532fe7679cdc21"), }, ], }, { $eq: [ "$productId", { $literal: ObjectId("69d9084142532fe7679cdc22"), }, ], }, ], }, { $ne: [ "$productId", "$$REMOVE", ], }, ], }, ], }, }, }, { $project: { _id: 1, productId: 1, }, }, ])

[90mstdout[2m | src/__tests__/store/store.test.ts[2m > [22m[2mstore page service[2m > [22m[2mreturns store info and products for an active vendor
[22m[39mprisma:query db.WishlistItem.aggregate([ { $match: { $expr: { $and: [ { }, { $and: [ { $or: [ { $eq: [ "$productId", { $literal: ObjectId("69d9084142532fe7679cdc21"), }, ], }, { $eq: [ "$productId", { $literal: ObjectId("69d9084142532fe7679cdc22"), }, ], }, ], }, { $ne: [ "$productId", "$$REMOVE", ], }, ], }, ], }, }, }, { $project: { _id: 1, productId: 1, }, }, ])

[90mstdout[2m | src/__tests__/store/store.test.ts[2m > [22m[2mstore page service[2m > [22m[2mreturns store info and products for an active vendor
[22m[39mprisma:query db.Review.aggregate([ { $match: { $expr: { $and: [ { }, { $and: [ { $or: [ { $eq: [ "$productId", { $literal: ObjectId("69d9084142532fe7679cdc21"), }, ], }, { $eq: [ "$productId", { $literal: ObjectId("69d9084142532fe7679cdc22"), }, ], }, ], }, { $ne: [ "$productId", "$$REMOVE", ], }, ], }, ], }, }, }, { $project: { _id: 1, productId: 1, }, }, ])

[90mstdout[2m | src/__tests__/store/store.test.ts[2m > [22m[2mstore page service[2m > [22m[2mreturns store info and products for an active vendor
[22m[39mprisma:query db.OrderItem.aggregate([ { $match: { $expr: { $and: [ { }, { $and: [ { $or: [ { $eq: [ "$productId", { $literal: ObjectId("69d9084142532fe7679cdc21"), }, ], }, { $eq: [ "$productId", { $literal: ObjectId("69d9084142532fe7679cdc22"), }, ], }, ], }, { $ne: [ "$productId", "$$REMOVE", ], }, ], }, ], }, }, }, { $project: { _id: 1, productId: 1, }, }, ])

[90mstdout[2m | src/__tests__/store/store.test.ts[2m > [22m[2mstore page service[2m > [22m[2mreturns store info and products for an active vendor
[22m[39mprisma:query db.CartItem.aggregate([ { $match: { $expr: { $and: [ { }, { $and: [ { $or: [ { $eq: [ "$productId", { $literal: ObjectId("69d9084142532fe7679cdc21"), }, ], }, { $eq: [ "$productId", { $literal: ObjectId("69d9084142532fe7679cdc22"), }, ], }, ], }, { $ne: [ "$productId", "$$REMOVE", ], }, ], }, ], }, }, }, { $project: { _id: 1, productId: 1, }, }, ])

[90mstdout[2m | src/__tests__/store/store.test.ts[2m > [22m[2mstore page service[2m > [22m[2mreturns store info and products for an active vendor
[22m[39mprisma:query db.ProductVariant.aggregate([ { $match: { $expr: { $and: [ { }, { $and: [ { $or: [ { $eq: [ "$productId", { $literal: ObjectId("69d9084142532fe7679cdc21"), }, ], }, { $eq: [ "$productId", { $literal: ObjectId("69d9084142532fe7679cdc22"), }, ], }, ], }, { $ne: [ "$productId", "$$REMOVE", ], }, ], }, ], }, }, }, { $project: { _id: 1, productId: 1, }, }, ])

[90mstdout[2m | src/__tests__/store/store.test.ts[2m > [22m[2mstore page service[2m > [22m[2mreturns store info and products for an active vendor
[22m[39mprisma:query db.Product.deleteMany({ _id: { $in: [ ObjectId("69d9084142532fe7679cdc21"), ObjectId("69d9084142532fe7679cdc22"), ], }, })

[90mstdout[2m | src/__tests__/store/store.test.ts[2m > [22m[2mstore page service[2m > [22m[2mreturns store info and products for an active vendor
[22m[39mprisma:query db.UserProfile.aggregate([ { $match: { $expr: { $and: [ { $regexMatch: { input: "$userId", regex: "^store-", options: "", }, }, { $ne: [ "$userId", "$$REMOVE", ], }, ], }, }, }, { $project: { _id: 1, }, }, ])

[90mstdout[2m | src/__tests__/store/store.test.ts[2m > [22m[2mstore page service[2m > [22m[2mreturns store info and products for an active vendor
[22m[39mprisma:query db.UserProfile.deleteMany({ _id: { $in: [ ObjectId("69d9084042532fe7679cdc20"), ], }, })

[90mstdout[2m | src/__tests__/store/store.test.ts[2m > [22m[2mstore page service[2m > [22m[2mreturns null for non-existent slug
[22m[39mprisma:query db.UserProfile.aggregate([ { $match: { $expr: { $and: [ { $and: [ { $and: [ { $eq: [ "$storeSlug", { $literal: "no-such-store", }, ], }, { $ne: [ "$storeSlug", "$$REMOVE", ], }, ], }, ], }, { }, ], }, }, }, { $project: { _id: 1, userId: 1, storeName: 1, storeSlug: 1, storeDescription: 1, isVendor: 1, vendorStatus: 1, }, }, ])

[90mstdout[2m | src/__tests__/store/store.test.ts[2m > [22m[2mstore page service[2m > [22m[2mreturns null for non-existent slug
[22m[39mprisma:query db.Product.aggregate([ { $match: { $expr: { $and: [ { $regexMatch: { input: "$vendorId", regex: "^store-", options: "", }, }, { $ne: [ "$vendorId", "$$REMOVE", ], }, ], }, }, }, { $project: { _id: 1, }, }, ])

[90mstdout[2m | src/__tests__/store/store.test.ts[2m > [22m[2mstore page service[2m > [22m[2mreturns null for non-existent slug
[22m[39mprisma:query db.UserProfile.aggregate([ { $match: { $expr: { $and: [ { $regexMatch: { input: "$userId", regex: "^store-", options: "", }, }, { $ne: [ "$userId", "$$REMOVE", ], }, ], }, }, }, { $project: { _id: 1, }, }, ])

[90mstdout[2m | src/__tests__/store/store.test.ts[2m > [22m[2mstore page service[2m > [22m[2mreturns null for suspended vendor
[22m[39mprisma:query db.UserProfile.insertOne({ userId: "store-suspended-store", email: "store-suspended-store@test.com", firstName: "Test", lastName: "User", role: "CUSTOMER", isVendor: true, vendorStatus: "SUSPENDED", storeName: "suspended-store Store", storeSlug: "suspended-store", storeDescription: "Welcome to suspended-store Store", createdAt: DateTime("2026-04-10 14:25:12.849 +00:00:00"), updatedAt: DateTime("2026-04-10 14:25:12.849 +00:00:00"), })

[90mstdout[2m | src/__tests__/store/store.test.ts[2m > [22m[2mstore page service[2m > [22m[2mreturns null for suspended vendor
[22m[39mprisma:query db.UserProfile.aggregate([ { $match: { $expr: { $and: [ { $and: [ { $eq: [ "$_id", { $literal: ObjectId("69d9084842532fe7679cdc23"), }, ], }, { $ne: [ "$_id", "$$REMOVE", ], }, ], }, ], }, }, }, { $project: { _id: 1, userId: 1, email: 1, firstName: 1, lastName: 1, phone: 1, avatar: 1, dateOfBirth: 1, gender: 1, role: 1, isVendor: 1, vendorStatus: 1, storeName: 1, storeSlug: 1, storeDescription: 1, vendorSince: 1, createdAt: 1, updatedAt: 1, }, }, ])

[90mstdout[2m | src/__tests__/store/store.test.ts[2m > [22m[2mstore page service[2m > [22m[2mreturns null for suspended vendor
[22m[39mprisma:query db.Product.insertOne({ name: "Hidden Item", slug: "suspended-store-hidden-item", description: "Hidden Item description", stockKeepingUnit: "suspended-store-hidden-item-1775831113676", basePrice: 5000, type: "DIGITAL", vendorId: "store-suspended-store", approvalStatus: "APPROVED", images: [ ], avgRating: 0, reviewCount: 0, stock: 999999, lowStockThreshold: 10, isActive: true, isFeatured: false, isNewArrival: true, createdAt: DateTime("2026-04-10 14:25:13.677 +00:00:00"), updatedAt: DateTime("2026-04-10 14:25:13.677 +00:00:00"), })

[90mstdout[2m | src/__tests__/store/store.test.ts[2m > [22m[2mstore page service[2m > [22m[2mreturns null for suspended vendor
[22m[39mprisma:query db.Product.aggregate([ { $match: { $expr: { $and: [ { $and: [ { $eq: [ "$_id", { $literal: ObjectId("69d9084942532fe7679cdc24"), }, ], }, { $ne: [ "$_id", "$$REMOVE", ], }, ], }, ], }, }, }, { $project: { _id: 1, name: 1, slug: 1, description: 1, shortDesc: 1, stockKeepingUnit: 1, basePrice: 1, salePrice: 1, type: 1, categoryId: 1, vendorId: 1, approvalStatus: 1, brand: 1, tags: 1, images: 1, avgRating: 1, reviewCount: 1, stock: 1, lowStockThreshold: 1, isActive: 1, isFeatured: 1, isNewArrival: 1, createdAt: 1, updatedAt: 1, }, }, ])

[90mstdout[2m | src/__tests__/store/store.test.ts[2m > [22m[2mstore page service[2m > [22m[2mreturns null for suspended vendor
[22m[39mprisma:query db.UserProfile.aggregate([ { $match: { $expr: { $and: [ { $and: [ { $and: [ { $eq: [ "$storeSlug", { $literal: "suspended-store", }, ], }, { $ne: [ "$storeSlug", "$$REMOVE", ], }, ], }, ], }, { }, ], }, }, }, { $project: { _id: 1, userId: 1, storeName: 1, storeSlug: 1, storeDescription: 1, isVendor: 1, vendorStatus: 1, }, }, ])

[90mstdout[2m | src/__tests__/store/store.test.ts[2m > [22m[2mstore page service[2m > [22m[2mreturns null for suspended vendor
[22m[39mprisma:query db.Product.aggregate([ { $match: { $expr: { $and: [ { $regexMatch: { input: "$vendorId", regex: "^store-", options: "", }, }, { $ne: [ "$vendorId", "$$REMOVE", ], }, ], }, }, }, { $project: { _id: 1, }, }, ])

[90mstdout[2m | src/__tests__/store/store.test.ts[2m > [22m[2mstore page service[2m > [22m[2mreturns null for suspended vendor
[22m[39mprisma:query db.ProductVariant.aggregate([ { $match: { $expr: { $and: [ { $or: [ { $eq: [ "$productId", { $literal: ObjectId("69d9084942532fe7679cdc24"), }, ], }, ], }, { $ne: [ "$productId", "$$REMOVE", ], }, ], }, }, }, { $project: { _id: 1, }, }, ])

[90mstdout[2m | src/__tests__/store/store.test.ts[2m > [22m[2mstore page service[2m > [22m[2mreturns null for suspended vendor
[22m[39mprisma:query db.Product.aggregate([ { $match: { $expr: { $and: [ { $or: [ { $eq: [ "$_id", { $literal: ObjectId("69d9084942532fe7679cdc24"), }, ], }, ], }, { $ne: [ "$_id", "$$REMOVE", ], }, ], }, }, }, { $project: { _id: 1, }, }, ])

[90mstdout[2m | src/__tests__/store/store.test.ts[2m > [22m[2mstore page service[2m > [22m[2mreturns null for suspended vendor
[22m[39mprisma:query db.DigitalAsset.aggregate([ { $match: { $expr: { $and: [ { }, { $and: [ { $or: [ { $eq: [ "$productId", { $literal: ObjectId("69d9084942532fe7679cdc24"), }, ], }, ], }, { $ne: [ "$productId", "$$REMOVE", ], }, ], }, ], }, }, }, { $project: { _id: 1, productId: 1, }, }, ])

[90mstdout[2m | src/__tests__/store/store.test.ts[2m > [22m[2mstore page service[2m > [22m[2mreturns null for suspended vendor
[22m[39mprisma:query db.WishlistItem.aggregate([ { $match: { $expr: { $and: [ { }, { $and: [ { $or: [ { $eq: [ "$productId", { $literal: ObjectId("69d9084942532fe7679cdc24"), }, ], }, ], }, { $ne: [ "$productId", "$$REMOVE", ], }, ], }, ], }, }, }, { $project: { _id: 1, productId: 1, }, }, ])

[90mstdout[2m | src/__tests__/store/store.test.ts[2m > [22m[2mstore page service[2m > [22m[2mreturns null for suspended vendor
[22m[39mprisma:query db.Review.aggregate([ { $match: { $expr: { $and: [ { }, { $and: [ { $or: [ { $eq: [ "$productId", { $literal: ObjectId("69d9084942532fe7679cdc24"), }, ], }, ], }, { $ne: [ "$productId", "$$REMOVE", ], }, ], }, ], }, }, }, { $project: { _id: 1, productId: 1, }, }, ])

[90mstdout[2m | src/__tests__/store/store.test.ts[2m > [22m[2mstore page service[2m > [22m[2mreturns null for suspended vendor
[22m[39mprisma:query db.OrderItem.aggregate([ { $match: { $expr: { $and: [ { }, { $and: [ { $or: [ { $eq: [ "$productId", { $literal: ObjectId("69d9084942532fe7679cdc24"), }, ], }, ], }, { $ne: [ "$productId", "$$REMOVE", ], }, ], }, ], }, }, }, { $project: { _id: 1, productId: 1, }, }, ])

[90mstdout[2m | src/__tests__/store/store.test.ts[2m > [22m[2mstore page service[2m > [22m[2mreturns null for suspended vendor
[22m[39mprisma:query db.CartItem.aggregate([ { $match: { $expr: { $and: [ { }, { $and: [ { $or: [ { $eq: [ "$productId", { $literal: ObjectId("69d9084942532fe7679cdc24"), }, ], }, ], }, { $ne: [ "$productId", "$$REMOVE", ], }, ], }, ], }, }, }, { $project: { _id: 1, productId: 1, }, }, ])

[90mstdout[2m | src/__tests__/store/store.test.ts[2m > [22m[2mstore page service[2m > [22m[2mreturns null for suspended vendor
[22m[39mprisma:query db.ProductVariant.aggregate([ { $match: { $expr: { $and: [ { }, { $and: [ { $or: [ { $eq: [ "$productId", { $literal: ObjectId("69d9084942532fe7679cdc24"), }, ], }, ], }, { $ne: [ "$productId", "$$REMOVE", ], }, ], }, ], }, }, }, { $project: { _id: 1, productId: 1, }, }, ])

[90mstdout[2m | src/__tests__/store/store.test.ts[2m > [22m[2mstore page service[2m > [22m[2mreturns null for suspended vendor
[22m[39mprisma:query db.Product.deleteMany({ _id: { $in: [ ObjectId("69d9084942532fe7679cdc24"), ], }, })

[90mstdout[2m | src/__tests__/store/store.test.ts[2m > [22m[2mstore page service[2m > [22m[2mreturns null for suspended vendor
[22m[39mprisma:query db.UserProfile.aggregate([ { $match: { $expr: { $and: [ { $regexMatch: { input: "$userId", regex: "^store-", options: "", }, }, { $ne: [ "$userId", "$$REMOVE", ], }, ], }, }, }, { $project: { _id: 1, }, }, ])

[90mstdout[2m | src/__tests__/store/store.test.ts[2m > [22m[2mstore page service[2m > [22m[2mreturns null for suspended vendor
[22m[39mprisma:query db.UserProfile.deleteMany({ _id: { $in: [ ObjectId("69d9084842532fe7679cdc23"), ], }, })

[90mstdout[2m | src/__tests__/store/store.test.ts[2m > [22m[2mstore page service[2m > [22m[2mreturns null for banned vendor
[22m[39mprisma:query db.UserProfile.insertOne({ userId: "store-banned-store", email: "store-banned-store@test.com", firstName: "Test", lastName: "User", role: "CUSTOMER", isVendor: true, vendorStatus: "BANNED", storeName: "banned-store Store", storeSlug: "banned-store", storeDescription: "Welcome to banned-store Store", createdAt: DateTime("2026-04-10 14:25:18.135 +00:00:00"), updatedAt: DateTime("2026-04-10 14:25:18.135 +00:00:00"), })

[90mstdout[2m | src/__tests__/store/store.test.ts[2m > [22m[2mstore page service[2m > [22m[2mreturns null for banned vendor
[22m[39mprisma:query db.UserProfile.aggregate([ { $match: { $expr: { $and: [ { $and: [ { $eq: [ "$_id", { $literal: ObjectId("69d9084e42532fe7679cdc25"), }, ], }, { $ne: [ "$_id", "$$REMOVE", ], }, ], }, ], }, }, }, { $project: { _id: 1, userId: 1, email: 1, firstName: 1, lastName: 1, phone: 1, avatar: 1, dateOfBirth: 1, gender: 1, role: 1, isVendor: 1, vendorStatus: 1, storeName: 1, storeSlug: 1, storeDescription: 1, vendorSince: 1, createdAt: 1, updatedAt: 1, }, }, ])

[90mstdout[2m | src/__tests__/store/store.test.ts[2m > [22m[2mstore page service[2m > [22m[2mreturns null for banned vendor
[22m[39mprisma:query db.Product.insertOne({ name: "Blocked Item", slug: "banned-store-blocked-item", description: "Blocked Item description", stockKeepingUnit: "banned-store-blocked-item-1775831118792", basePrice: 5000, type: "DIGITAL", vendorId: "store-banned-store", approvalStatus: "APPROVED", images: [ ], avgRating: 0, reviewCount: 0, stock: 999999, lowStockThreshold: 10, isActive: true, isFeatured: false, isNewArrival: true, createdAt: DateTime("2026-04-10 14:25:18.794 +00:00:00"), updatedAt: DateTime("2026-04-10 14:25:18.794 +00:00:00"), })

[90mstdout[2m | src/__tests__/store/store.test.ts[2m > [22m[2mstore page service[2m > [22m[2mreturns null for banned vendor
[22m[39mprisma:query db.Product.aggregate([ { $match: { $expr: { $and: [ { $and: [ { $eq: [ "$_id", { $literal: ObjectId("69d9084e42532fe7679cdc26"), }, ], }, { $ne: [ "$_id", "$$REMOVE", ], }, ], }, ], }, }, }, { $project: { _id: 1, name: 1, slug: 1, description: 1, shortDesc: 1, stockKeepingUnit: 1, basePrice: 1, salePrice: 1, type: 1, categoryId: 1, vendorId: 1, approvalStatus: 1, brand: 1, tags: 1, images: 1, avgRating: 1, reviewCount: 1, stock: 1, lowStockThreshold: 1, isActive: 1, isFeatured: 1, isNewArrival: 1, createdAt: 1, updatedAt: 1, }, }, ])

[90mstdout[2m | src/__tests__/store/store.test.ts[2m > [22m[2mstore page service[2m > [22m[2mreturns null for banned vendor
[22m[39mprisma:query db.UserProfile.aggregate([ { $match: { $expr: { $and: [ { $and: [ { $and: [ { $eq: [ "$storeSlug", { $literal: "banned-store", }, ], }, { $ne: [ "$storeSlug", "$$REMOVE", ], }, ], }, ], }, { }, ], }, }, }, { $project: { _id: 1, userId: 1, storeName: 1, storeSlug: 1, storeDescription: 1, isVendor: 1, vendorStatus: 1, }, }, ])

[90mstdout[2m | src/__tests__/store/store.test.ts[2m > [22m[2mstore page service[2m > [22m[2mreturns null for banned vendor
[22m[39mprisma:query db.Product.aggregate([ { $match: { $expr: { $and: [ { $regexMatch: { input: "$vendorId", regex: "^store-", options: "", }, }, { $ne: [ "$vendorId", "$$REMOVE", ], }, ], }, }, }, { $project: { _id: 1, }, }, ])

[90mstdout[2m | src/__tests__/store/store.test.ts[2m > [22m[2mstore page service[2m > [22m[2mreturns null for banned vendor
[22m[39mprisma:query db.ProductVariant.aggregate([ { $match: { $expr: { $and: [ { $or: [ { $eq: [ "$productId", { $literal: ObjectId("69d9084e42532fe7679cdc26"), }, ], }, ], }, { $ne: [ "$productId", "$$REMOVE", ], }, ], }, }, }, { $project: { _id: 1, }, }, ])

[90mstdout[2m | src/__tests__/store/store.test.ts[2m > [22m[2mstore page service[2m > [22m[2mreturns null for banned vendor
[22m[39mprisma:query db.Product.aggregate([ { $match: { $expr: { $and: [ { $or: [ { $eq: [ "$_id", { $literal: ObjectId("69d9084e42532fe7679cdc26"), }, ], }, ], }, { $ne: [ "$_id", "$$REMOVE", ], }, ], }, }, }, { $project: { _id: 1, }, }, ])

[90mstdout[2m | src/__tests__/store/store.test.ts[2m > [22m[2mstore page service[2m > [22m[2mreturns null for banned vendor
[22m[39mprisma:query db.DigitalAsset.aggregate([ { $match: { $expr: { $and: [ { }, { $and: [ { $or: [ { $eq: [ "$productId", { $literal: ObjectId("69d9084e42532fe7679cdc26"), }, ], }, ], }, { $ne: [ "$productId", "$$REMOVE", ], }, ], }, ], }, }, }, { $project: { _id: 1, productId: 1, }, }, ])

[90mstdout[2m | src/__tests__/store/store.test.ts[2m > [22m[2mstore page service[2m > [22m[2mreturns null for banned vendor
[22m[39mprisma:query db.WishlistItem.aggregate([ { $match: { $expr: { $and: [ { }, { $and: [ { $or: [ { $eq: [ "$productId", { $literal: ObjectId("69d9084e42532fe7679cdc26"), }, ], }, ], }, { $ne: [ "$productId", "$$REMOVE", ], }, ], }, ], }, }, }, { $project: { _id: 1, productId: 1, }, }, ])

[90mstdout[2m | src/__tests__/store/store.test.ts[2m > [22m[2mstore page service[2m > [22m[2mreturns null for banned vendor
[22m[39mprisma:query db.Review.aggregate([ { $match: { $expr: { $and: [ { }, { $and: [ { $or: [ { $eq: [ "$productId", { $literal: ObjectId("69d9084e42532fe7679cdc26"), }, ], }, ], }, { $ne: [ "$productId", "$$REMOVE", ], }, ], }, ], }, }, }, { $project: { _id: 1, productId: 1, }, }, ])

[90mstdout[2m | src/__tests__/store/store.test.ts[2m > [22m[2mstore page service[2m > [22m[2mreturns null for banned vendor
[22m[39mprisma:query db.OrderItem.aggregate([ { $match: { $expr: { $and: [ { }, { $and: [ { $or: [ { $eq: [ "$productId", { $literal: ObjectId("69d9084e42532fe7679cdc26"), }, ], }, ], }, { $ne: [ "$productId", "$$REMOVE", ], }, ], }, ], }, }, }, { $project: { _id: 1, productId: 1, }, }, ])

[90mstdout[2m | src/__tests__/store/store.test.ts[2m > [22m[2mstore page service[2m > [22m[2mreturns null for banned vendor
[22m[39mprisma:query db.CartItem.aggregate([ { $match: { $expr: { $and: [ { }, { $and: [ { $or: [ { $eq: [ "$productId", { $literal: ObjectId("69d9084e42532fe7679cdc26"), }, ], }, ], }, { $ne: [ "$productId", "$$REMOVE", ], }, ], }, ], }, }, }, { $project: { _id: 1, productId: 1, }, }, ])

[90mstdout[2m | src/__tests__/store/store.test.ts[2m > [22m[2mstore page service[2m > [22m[2mreturns null for banned vendor
[22m[39mprisma:query db.ProductVariant.aggregate([ { $match: { $expr: { $and: [ { }, { $and: [ { $or: [ { $eq: [ "$productId", { $literal: ObjectId("69d9084e42532fe7679cdc26"), }, ], }, ], }, { $ne: [ "$productId", "$$REMOVE", ], }, ], }, ], }, }, }, { $project: { _id: 1, productId: 1, }, }, ])

[90mstdout[2m | src/__tests__/store/store.test.ts[2m > [22m[2mstore page service[2m > [22m[2mreturns null for banned vendor
[22m[39mprisma:query db.Product.deleteMany({ _id: { $in: [ ObjectId("69d9084e42532fe7679cdc26"), ], }, })

[90mstdout[2m | src/__tests__/store/store.test.ts[2m > [22m[2mstore page service[2m > [22m[2mreturns null for banned vendor
[22m[39mprisma:query db.UserProfile.aggregate([ { $match: { $expr: { $and: [ { $regexMatch: { input: "$userId", regex: "^store-", options: "", }, }, { $ne: [ "$userId", "$$REMOVE", ], }, ], }, }, }, { $project: { _id: 1, }, }, ])

[90mstdout[2m | src/__tests__/store/store.test.ts[2m > [22m[2mstore page service[2m > [22m[2mreturns null for banned vendor
[22m[39mprisma:query db.UserProfile.deleteMany({ _id: { $in: [ ObjectId("69d9084e42532fe7679cdc25"), ], }, })

[90mstdout[2m | src/__tests__/store/store.test.ts[2m > [22m[2mstore page service[2m > [22m[2monly returns active and approved products
[22m[39mprisma:query db.UserProfile.insertOne({ userId: "store-filtered", email: "store-filtered@test.com", firstName: "Test", lastName: "User", role: "CUSTOMER", isVendor: true, vendorStatus: "ACTIVE", storeName: "filtered Store", storeSlug: "filtered", storeDescription: "Welcome to filtered Store", createdAt: DateTime("2026-04-10 14:25:23.534 +00:00:00"), updatedAt: DateTime("2026-04-10 14:25:23.534 +00:00:00"), })

[90mstdout[2m | src/__tests__/store/store.test.ts[2m > [22m[2mstore page service[2m > [22m[2monly returns active and approved products
[22m[39mprisma:query db.UserProfile.aggregate([ { $match: { $expr: { $and: [ { $and: [ { $eq: [ "$_id", { $literal: ObjectId("69d9085342532fe7679cdc27"), }, ], }, { $ne: [ "$_id", "$$REMOVE", ], }, ], }, ], }, }, }, { $project: { _id: 1, userId: 1, email: 1, firstName: 1, lastName: 1, phone: 1, avatar: 1, dateOfBirth: 1, gender: 1, role: 1, isVendor: 1, vendorStatus: 1, storeName: 1, storeSlug: 1, storeDescription: 1, vendorSince: 1, createdAt: 1, updatedAt: 1, }, }, ])

[90mstdout[2m | src/__tests__/store/store.test.ts[2m > [22m[2mstore page service[2m > [22m[2monly returns active and approved products
[22m[39mprisma:query db.Product.insertOne({ name: "Visible", slug: "filtered-visible", description: "Visible description", stockKeepingUnit: "filtered-visible-1775831124102", basePrice: 5000, type: "DIGITAL", vendorId: "store-filtered", approvalStatus: "APPROVED", images: [ ], avgRating: 0, reviewCount: 0, stock: 999999, lowStockThreshold: 10, isActive: true, isFeatured: false, isNewArrival: true, createdAt: DateTime("2026-04-10 14:25:24.104 +00:00:00"), updatedAt: DateTime("2026-04-10 14:25:24.104 +00:00:00"), })

[90mstdout[2m | src/__tests__/store/store.test.ts[2m > [22m[2mstore page service[2m > [22m[2monly returns active and approved products
[22m[39mprisma:query db.Product.aggregate([ { $match: { $expr: { $and: [ { $and: [ { $eq: [ "$_id", { $literal: ObjectId("69d9085442532fe7679cdc28"), }, ], }, { $ne: [ "$_id", "$$REMOVE", ], }, ], }, ], }, }, }, { $project: { _id: 1, name: 1, slug: 1, description: 1, shortDesc: 1, stockKeepingUnit: 1, basePrice: 1, salePrice: 1, type: 1, categoryId: 1, vendorId: 1, approvalStatus: 1, brand: 1, tags: 1, images: 1, avgRating: 1, reviewCount: 1, stock: 1, lowStockThreshold: 1, isActive: 1, isFeatured: 1, isNewArrival: 1, createdAt: 1, updatedAt: 1, }, }, ])

[90mstdout[2m | src/__tests__/store/store.test.ts[2m > [22m[2mstore page service[2m > [22m[2monly returns active and approved products
[22m[39mprisma:query db.Product.insertOne({ name: "Inactive", slug: "filtered-inactive", description: "Inactive description", stockKeepingUnit: "filtered-inactive-1775831125047", basePrice: 5000, type: "DIGITAL", vendorId: "store-filtered", approvalStatus: "APPROVED", images: [ ], avgRating: 0, reviewCount: 0, stock: 999999, lowStockThreshold: 10, isActive: false, isFeatured: false, isNewArrival: true, createdAt: DateTime("2026-04-10 14:25:25.049 +00:00:00"), updatedAt: DateTime("2026-04-10 14:25:25.049 +00:00:00"), })

[90mstdout[2m | src/__tests__/store/store.test.ts[2m > [22m[2mstore page service[2m > [22m[2monly returns active and approved products
[22m[39mprisma:query db.Product.aggregate([ { $match: { $expr: { $and: [ { $and: [ { $eq: [ "$_id", { $literal: ObjectId("69d9085542532fe7679cdc29"), }, ], }, { $ne: [ "$_id", "$$REMOVE", ], }, ], }, ], }, }, }, { $project: { _id: 1, name: 1, slug: 1, description: 1, shortDesc: 1, stockKeepingUnit: 1, basePrice: 1, salePrice: 1, type: 1, categoryId: 1, vendorId: 1, approvalStatus: 1, brand: 1, tags: 1, images: 1, avgRating: 1, reviewCount: 1, stock: 1, lowStockThreshold: 1, isActive: 1, isFeatured: 1, isNewArrival: 1, createdAt: 1, updatedAt: 1, }, }, ])

[90mstdout[2m | src/__tests__/store/store.test.ts[2m > [22m[2mstore page service[2m > [22m[2monly returns active and approved products
[22m[39mprisma:query db.Product.insertOne({ name: "Pending", slug: "filtered-pending", description: "Pending description", stockKeepingUnit: "filtered-pending-1775831125834", basePrice: 5000, type: "DIGITAL", vendorId: "store-filtered", approvalStatus: "PENDING", images: [ ], avgRating: 0, reviewCount: 0, stock: 999999, lowStockThreshold: 10, isActive: true, isFeatured: false, isNewArrival: true, createdAt: DateTime("2026-04-10 14:25:25.835 +00:00:00"), updatedAt: DateTime("2026-04-10 14:25:25.835 +00:00:00"), })

[90mstdout[2m | src/__tests__/store/store.test.ts[2m > [22m[2mstore page service[2m > [22m[2monly returns active and approved products
[22m[39mprisma:query db.Product.aggregate([ { $match: { $expr: { $and: [ { $and: [ { $eq: [ "$_id", { $literal: ObjectId("69d9085542532fe7679cdc2a"), }, ], }, { $ne: [ "$_id", "$$REMOVE", ], }, ], }, ], }, }, }, { $project: { _id: 1, name: 1, slug: 1, description: 1, shortDesc: 1, stockKeepingUnit: 1, basePrice: 1, salePrice: 1, type: 1, categoryId: 1, vendorId: 1, approvalStatus: 1, brand: 1, tags: 1, images: 1, avgRating: 1, reviewCount: 1, stock: 1, lowStockThreshold: 1, isActive: 1, isFeatured: 1, isNewArrival: 1, createdAt: 1, updatedAt: 1, }, }, ])

[90mstdout[2m | src/__tests__/store/store.test.ts[2m > [22m[2mstore page service[2m > [22m[2monly returns active and approved products
[22m[39mprisma:query db.Product.insertOne({ name: "Rejected", slug: "filtered-rejected", description: "Rejected description", stockKeepingUnit: "filtered-rejected-1775831126508", basePrice: 5000, type: "DIGITAL", vendorId: "store-filtered", approvalStatus: "REJECTED", images: [ ], avgRating: 0, reviewCount: 0, stock: 999999, lowStockThreshold: 10, isActive: true, isFeatured: false, isNewArrival: true, createdAt: DateTime("2026-04-10 14:25:26.51 +00:00:00"), updatedAt: DateTime("2026-04-10 14:25:26.51 +00:00:00"), })

[90mstdout[2m | src/__tests__/store/store.test.ts[2m > [22m[2mstore page service[2m > [22m[2monly returns active and approved products
[22m[39mprisma:query db.Product.aggregate([ { $match: { $expr: { $and: [ { $and: [ { $eq: [ "$_id", { $literal: ObjectId("69d9085642532fe7679cdc2b"), }, ], }, { $ne: [ "$_id", "$$REMOVE", ], }, ], }, ], }, }, }, { $project: { _id: 1, name: 1, slug: 1, description: 1, shortDesc: 1, stockKeepingUnit: 1, basePrice: 1, salePrice: 1, type: 1, categoryId: 1, vendorId: 1, approvalStatus: 1, brand: 1, tags: 1, images: 1, avgRating: 1, reviewCount: 1, stock: 1, lowStockThreshold: 1, isActive: 1, isFeatured: 1, isNewArrival: 1, createdAt: 1, updatedAt: 1, }, }, ])

[90mstdout[2m | src/__tests__/store/store.test.ts[2m > [22m[2mstore page service[2m > [22m[2monly returns active and approved products
[22m[39mprisma:query db.UserProfile.aggregate([ { $match: { $expr: { $and: [ { $and: [ { $and: [ { $eq: [ "$storeSlug", { $literal: "filtered", }, ], }, { $ne: [ "$storeSlug", "$$REMOVE", ], }, ], }, ], }, { }, ], }, }, }, { $project: { _id: 1, userId: 1, storeName: 1, storeSlug: 1, storeDescription: 1, isVendor: 1, vendorStatus: 1, }, }, ])

[90mstdout[2m | src/__tests__/store/store.test.ts[2m > [22m[2mstore page service[2m > [22m[2monly returns active and approved products
[22m[39mprisma:query db.Product.aggregate([ { $match: { $expr: { $and: [ { $and: [ { $eq: [ "$vendorId", { $literal: "store-filtered", }, ], }, { $ne: [ "$vendorId", "$$REMOVE", ], }, ], }, { $and: [ { $eq: [ "$isActive", { $literal: true, }, ], }, { $ne: [ "$isActive", "$$REMOVE", ], }, ], }, { $and: [ { $eq: [ "$approvalStatus", { $literal: "APPROVED", }, ], }, { $ne: [ "$approvalStatus", "$$REMOVE", ], }, ], }, ], }, }, }, { $group: { _id: null, count_all: { $sum: 1, }, }, }, ])

[90mstdout[2m | src/__tests__/store/store.test.ts[2m > [22m[2mstore page service[2m > [22m[2monly returns active and approved products
[22m[39mprisma:query db.Product.aggregate([ { $match: { $expr: { $and: [ { $and: [ { $eq: [ "$isActive", { $literal: true, }, ], }, { $ne: [ "$isActive", "$$REMOVE", ], }, ], }, { $and: [ { $eq: [ "$vendorId", { $literal: "store-filtered", }, ], }, { $ne: [ "$vendorId", "$$REMOVE", ], }, ], }, { $and: [ { $eq: [ "$approvalStatus", { $literal: "APPROVED", }, ], }, { $ne: [ "$approvalStatus", "$$REMOVE", ], }, ], }, ], }, }, }, { $sort: { createdAt: -1, }, }, { $skip: 0, }, { $limit: 10, }, { $project: { _id: 1, name: 1, slug: 1, description: 1, shortDesc: 1, stockKeepingUnit: 1, basePrice: 1, salePrice: 1, type: 1, categoryId: 1, vendorId: 1, approvalStatus: 1, brand: 1, tags: 1, images: 1, avgRating: 1, reviewCount: 1, stock: 1, lowStockThreshold: 1, isActive: 1, isFeatured: 1, isNewArrival: 1, createdAt: 1, updatedAt: 1, }, }, ])

[90mstdout[2m | src/__tests__/store/store.test.ts[2m > [22m[2mstore page service[2m > [22m[2monly returns active and approved products
[22m[39mprisma:query db.Product.aggregate([ { $match: { $expr: { $and: [ { $and: [ { $eq: [ "$isActive", { $literal: true, }, ], }, { $ne: [ "$isActive", "$$REMOVE", ], }, ], }, { $and: [ { $eq: [ "$vendorId", { $literal: "store-filtered", }, ], }, { $ne: [ "$vendorId", "$$REMOVE", ], }, ], }, { $and: [ { $eq: [ "$approvalStatus", { $literal: "APPROVED", }, ], }, { $ne: [ "$approvalStatus", "$$REMOVE", ], }, ], }, ], }, }, }, { $group: { _id: null, count_all: { $sum: 1, }, }, }, ])

[90mstdout[2m | src/__tests__/store/store.test.ts[2m > [22m[2mstore page service[2m > [22m[2monly returns active and approved products
[22m[39mprisma:query db.ProductVariant.aggregate([ { $match: { $expr: { $and: [ { $or: [ { $eq: [ "$productId", { $literal: ObjectId("69d9085442532fe7679cdc28"), }, ], }, ], }, { $ne: [ "$productId", "$$REMOVE", ], }, ], }, }, }, { $project: { _id: 1, productId: 1, stockKeepingUnit: 1, name: 1, attributes: 1, price: 1, compareAtPrice: 1, stock: 1, isActive: 1, }, }, ])

[90mstdout[2m | src/__tests__/store/store.test.ts[2m > [22m[2mstore page service[2m > [22m[2monly returns active and approved products
[22m[39mprisma:query db.DigitalAsset.aggregate([ { $match: { $expr: { $and: [ { $or: [ { $eq: [ "$productId", { $literal: ObjectId("69d9085442532fe7679cdc28"), }, ], }, ], }, { $ne: [ "$productId", "$$REMOVE", ], }, ], }, }, }, { $project: { _id: 1, fileName: 1, mimeType: 1, fileSize: 1, sortOrder: 1, productId: 1, }, }, ])

[90mstdout[2m | src/__tests__/store/store.test.ts[2m > [22m[2mstore page service[2m > [22m[2monly returns active and approved products
[22m[39mprisma:query db.Product.aggregate([ { $match: { $expr: { $and: [ { $regexMatch: { input: "$vendorId", regex: "^store-", options: "", }, }, { $ne: [ "$vendorId", "$$REMOVE", ], }, ], }, }, }, { $project: { _id: 1, }, }, ])

[90mstdout[2m | src/__tests__/store/store.test.ts[2m > [22m[2mstore page service[2m > [22m[2monly returns active and approved products
[22m[39mprisma:query db.ProductVariant.aggregate([ { $match: { $expr: { $and: [ { $or: [ { $eq: [ "$productId", { $literal: ObjectId("69d9085442532fe7679cdc28"), }, ], }, { $eq: [ "$productId", { $literal: ObjectId("69d9085542532fe7679cdc29"), }, ], }, { $eq: [ "$productId", { $literal: ObjectId("69d9085542532fe7679cdc2a"), }, ], }, { $eq: [ "$productId", { $literal: ObjectId("69d9085642532fe7679cdc2b"), }, ], }, ], }, { $ne: [ "$productId", "$$REMOVE", ], }, ], }, }, }, { $project: { _id: 1, }, }, ])

[90mstdout[2m | src/__tests__/store/store.test.ts[2m > [22m[2mstore page service[2m > [22m[2monly returns active and approved products
[22m[39mprisma:query db.Product.aggregate([ { $match: { $expr: { $and: [ { $or: [ { $eq: [ "$_id", { $literal: ObjectId("69d9085442532fe7679cdc28"), }, ], }, { $eq: [ "$_id", { $literal: ObjectId("69d9085542532fe7679cdc29"), }, ], }, { $eq: [ "$_id", { $literal: ObjectId("69d9085542532fe7679cdc2a"), }, ], }, { $eq: [ "$_id", { $literal: ObjectId("69d9085642532fe7679cdc2b"), }, ], }, ], }, { $ne: [ "$_id", "$$REMOVE", ], }, ], }, }, }, { $project: { _id: 1, }, }, ])

[90mstdout[2m | src/__tests__/store/store.test.ts[2m > [22m[2mstore page service[2m > [22m[2monly returns active and approved products
[22m[39mprisma:query db.DigitalAsset.aggregate([ { $match: { $expr: { $and: [ { }, { $and: [ { $or: [ { $eq: [ "$productId", { $literal: ObjectId("69d9085442532fe7679cdc28"), }, ], }, { $eq: [ "$productId", { $literal: ObjectId("69d9085542532fe7679cdc29"), }, ], }, { $eq: [ "$productId", { $literal: ObjectId("69d9085542532fe7679cdc2a"), }, ], }, { $eq: [ "$productId", { $literal: ObjectId("69d9085642532fe7679cdc2b"), }, ], }, ], }, { $ne: [ "$productId", "$$REMOVE", ], }, ], }, ], }, }, }, { $project: { _id: 1, productId: 1, }, }, ])

[90mstdout[2m | src/__tests__/store/store.test.ts[2m > [22m[2mstore page service[2m > [22m[2monly returns active and approved products
[22m[39mprisma:query db.WishlistItem.aggregate([ { $match: { $expr: { $and: [ { }, { $and: [ { $or: [ { $eq: [ "$productId", { $literal: ObjectId("69d9085442532fe7679cdc28"), }, ], }, { $eq: [ "$productId", { $literal: ObjectId("69d9085542532fe7679cdc29"), }, ], }, { $eq: [ "$productId", { $literal: ObjectId("69d9085542532fe7679cdc2a"), }, ], }, { $eq: [ "$productId", { $literal: ObjectId("69d9085642532fe7679cdc2b"), }, ], }, ], }, { $ne: [ "$productId", "$$REMOVE", ], }, ], }, ], }, }, }, { $project: { _id: 1, productId: 1, }, }, ])

[90mstdout[2m | src/__tests__/store/store.test.ts[2m > [22m[2mstore page service[2m > [22m[2monly returns active and approved products
[22m[39mprisma:query db.Review.aggregate([ { $match: { $expr: { $and: [ { }, { $and: [ { $or: [ { $eq: [ "$productId", { $literal: ObjectId("69d9085442532fe7679cdc28"), }, ], }, { $eq: [ "$productId", { $literal: ObjectId("69d9085542532fe7679cdc29"), }, ], }, { $eq: [ "$productId", { $literal: ObjectId("69d9085542532fe7679cdc2a"), }, ], }, { $eq: [ "$productId", { $literal: ObjectId("69d9085642532fe7679cdc2b"), }, ], }, ], }, { $ne: [ "$productId", "$$REMOVE", ], }, ], }, ], }, }, }, { $project: { _id: 1, productId: 1, }, }, ])

[90mstdout[2m | src/__tests__/store/store.test.ts[2m > [22m[2mstore page service[2m > [22m[2monly returns active and approved products
[22m[39mprisma:query db.OrderItem.aggregate([ { $match: { $expr: { $and: [ { }, { $and: [ { $or: [ { $eq: [ "$productId", { $literal: ObjectId("69d9085442532fe7679cdc28"), }, ], }, { $eq: [ "$productId", { $literal: ObjectId("69d9085542532fe7679cdc29"), }, ], }, { $eq: [ "$productId", { $literal: ObjectId("69d9085542532fe7679cdc2a"), }, ], }, { $eq: [ "$productId", { $literal: ObjectId("69d9085642532fe7679cdc2b"), }, ], }, ], }, { $ne: [ "$productId", "$$REMOVE", ], }, ], }, ], }, }, }, { $project: { _id: 1, productId: 1, }, }, ])

[90mstdout[2m | src/__tests__/store/store.test.ts[2m > [22m[2mstore page service[2m > [22m[2monly returns active and approved products
[22m[39mprisma:query db.CartItem.aggregate([ { $match: { $expr: { $and: [ { }, { $and: [ { $or: [ { $eq: [ "$productId", { $literal: ObjectId("69d9085442532fe7679cdc28"), }, ], }, { $eq: [ "$productId", { $literal: ObjectId("69d9085542532fe7679cdc29"), }, ], }, { $eq: [ "$productId", { $literal: ObjectId("69d9085542532fe7679cdc2a"), }, ], }, { $eq: [ "$productId", { $literal: ObjectId("69d9085642532fe7679cdc2b"), }, ], }, ], }, { $ne: [ "$productId", "$$REMOVE", ], }, ], }, ], }, }, }, { $project: { _id: 1, productId: 1, }, }, ])

[90mstdout[2m | src/__tests__/store/store.test.ts[2m > [22m[2mstore page service[2m > [22m[2monly returns active and approved products
[22m[39mprisma:query db.ProductVariant.aggregate([ { $match: { $expr: { $and: [ { }, { $and: [ { $or: [ { $eq: [ "$productId", { $literal: ObjectId("69d9085442532fe7679cdc28"), }, ], }, { $eq: [ "$productId", { $literal: ObjectId("69d9085542532fe7679cdc29"), }, ], }, { $eq: [ "$productId", { $literal: ObjectId("69d9085542532fe7679cdc2a"), }, ], }, { $eq: [ "$productId", { $literal: ObjectId("69d9085642532fe7679cdc2b"), }, ], }, ], }, { $ne: [ "$productId", "$$REMOVE", ], }, ], }, ], }, }, }, { $project: { _id: 1, productId: 1, }, }, ])

[90mstdout[2m | src/__tests__/store/store.test.ts[2m > [22m[2mstore page service[2m > [22m[2monly returns active and approved products
[22m[39mprisma:query db.Product.deleteMany({ _id: { $in: [ ObjectId("69d9085442532fe7679cdc28"), ObjectId("69d9085542532fe7679cdc29"), ObjectId("69d9085542532fe7679cdc2a"), ObjectId("69d9085642532fe7679cdc2b"), ], }, })

[90mstdout[2m | src/__tests__/store/store.test.ts[2m > [22m[2mstore page service[2m > [22m[2monly returns active and approved products
[22m[39mprisma:query db.UserProfile.aggregate([ { $match: { $expr: { $and: [ { $regexMatch: { input: "$userId", regex: "^store-", options: "", }, }, { $ne: [ "$userId", "$$REMOVE", ], }, ], }, }, }, { $project: { _id: 1, }, }, ])

[90mstdout[2m | src/__tests__/store/store.test.ts[2m > [22m[2mstore page service[2m > [22m[2monly returns active and approved products
[22m[39mprisma:query db.UserProfile.deleteMany({ _id: { $in: [ ObjectId("69d9085342532fe7679cdc27"), ], }, })

[90mstdout[2m | src/__tests__/store/store.test.ts[2m > [22m[2mstore page service[2m > [22m[2mpaginates store products
[22m[39mprisma:query db.UserProfile.insertOne({ userId: "store-paged", email: "store-paged@test.com", firstName: "Test", lastName: "User", role: "CUSTOMER", isVendor: true, vendorStatus: "ACTIVE", storeName: "paged Store", storeSlug: "paged", storeDescription: "Welcome to paged Store", createdAt: DateTime("2026-04-10 14:25:30.874 +00:00:00"), updatedAt: DateTime("2026-04-10 14:25:30.874 +00:00:00"), })

[90mstdout[2m | src/__tests__/store/store.test.ts[2m > [22m[2mstore page service[2m > [22m[2mpaginates store products
[22m[39mprisma:query db.UserProfile.aggregate([ { $match: { $expr: { $and: [ { $and: [ { $eq: [ "$_id", { $literal: ObjectId("69d9085a42532fe7679cdc2c"), }, ], }, { $ne: [ "$_id", "$$REMOVE", ], }, ], }, ], }, }, }, { $project: { _id: 1, userId: 1, email: 1, firstName: 1, lastName: 1, phone: 1, avatar: 1, dateOfBirth: 1, gender: 1, role: 1, isVendor: 1, vendorStatus: 1, storeName: 1, storeSlug: 1, storeDescription: 1, vendorSince: 1, createdAt: 1, updatedAt: 1, }, }, ])

[90mstdout[2m | src/__tests__/store/store.test.ts[2m > [22m[2mstore page service[2m > [22m[2mpaginates store products
[22m[39mprisma:query db.Product.insertOne({ name: "P1", slug: "paged-p1", description: "P1 description", stockKeepingUnit: "paged-p1-1775831131445", basePrice: 5000, type: "DIGITAL", vendorId: "store-paged", approvalStatus: "APPROVED", images: [ ], avgRating: 0, reviewCount: 0, stock: 999999, lowStockThreshold: 10, isActive: true, isFeatured: false, isNewArrival: true, createdAt: DateTime("2026-04-10 14:25:31.446 +00:00:00"), updatedAt: DateTime("2026-04-10 14:25:31.446 +00:00:00"), })

[90mstdout[2m | src/__tests__/store/store.test.ts[2m > [22m[2mstore page service[2m > [22m[2mpaginates store products
[22m[39mprisma:query db.Product.aggregate([ { $match: { $expr: { $and: [ { $and: [ { $eq: [ "$_id", { $literal: ObjectId("69d9085b42532fe7679cdc2d"), }, ], }, { $ne: [ "$_id", "$$REMOVE", ], }, ], }, ], }, }, }, { $project: { _id: 1, name: 1, slug: 1, description: 1, shortDesc: 1, stockKeepingUnit: 1, basePrice: 1, salePrice: 1, type: 1, categoryId: 1, vendorId: 1, approvalStatus: 1, brand: 1, tags: 1, images: 1, avgRating: 1, reviewCount: 1, stock: 1, lowStockThreshold: 1, isActive: 1, isFeatured: 1, isNewArrival: 1, createdAt: 1, updatedAt: 1, }, }, ])

[90mstdout[2m | src/__tests__/store/store.test.ts[2m > [22m[2mstore page service[2m > [22m[2mpaginates store products
[22m[39mprisma:query db.Product.insertOne({ name: "P2", slug: "paged-p2", description: "P2 description", stockKeepingUnit: "paged-p2-1775831132068", basePrice: 5000, type: "DIGITAL", vendorId: "store-paged", approvalStatus: "APPROVED", images: [ ], avgRating: 0, reviewCount: 0, stock: 999999, lowStockThreshold: 10, isActive: true, isFeatured: false, isNewArrival: true, createdAt: DateTime("2026-04-10 14:25:32.07 +00:00:00"), updatedAt: DateTime("2026-04-10 14:25:32.07 +00:00:00"), })

[90mstdout[2m | src/__tests__/store/store.test.ts[2m > [22m[2mstore page service[2m > [22m[2mpaginates store products
[22m[39mprisma:query db.Product.aggregate([ { $match: { $expr: { $and: [ { $and: [ { $eq: [ "$_id", { $literal: ObjectId("69d9085c42532fe7679cdc2e"), }, ], }, { $ne: [ "$_id", "$$REMOVE", ], }, ], }, ], }, }, }, { $project: { _id: 1, name: 1, slug: 1, description: 1, shortDesc: 1, stockKeepingUnit: 1, basePrice: 1, salePrice: 1, type: 1, categoryId: 1, vendorId: 1, approvalStatus: 1, brand: 1, tags: 1, images: 1, avgRating: 1, reviewCount: 1, stock: 1, lowStockThreshold: 1, isActive: 1, isFeatured: 1, isNewArrival: 1, createdAt: 1, updatedAt: 1, }, }, ])

[90mstdout[2m | src/__tests__/store/store.test.ts[2m > [22m[2mstore page service[2m > [22m[2mpaginates store products
[22m[39mprisma:query db.Product.insertOne({ name: "P3", slug: "paged-p3", description: "P3 description", stockKeepingUnit: "paged-p3-1775831133106", basePrice: 5000, type: "DIGITAL", vendorId: "store-paged", approvalStatus: "APPROVED", images: [ ], avgRating: 0, reviewCount: 0, stock: 999999, lowStockThreshold: 10, isActive: true, isFeatured: false, isNewArrival: true, createdAt: DateTime("2026-04-10 14:25:33.108 +00:00:00"), updatedAt: DateTime("2026-04-10 14:25:33.108 +00:00:00"), })

[90mstdout[2m | src/__tests__/store/store.test.ts[2m > [22m[2mstore page service[2m > [22m[2mpaginates store products
[22m[39mprisma:query db.Product.aggregate([ { $match: { $expr: { $and: [ { $and: [ { $eq: [ "$_id", { $literal: ObjectId("69d9085d42532fe7679cdc2f"), }, ], }, { $ne: [ "$_id", "$$REMOVE", ], }, ], }, ], }, }, }, { $project: { _id: 1, name: 1, slug: 1, description: 1, shortDesc: 1, stockKeepingUnit: 1, basePrice: 1, salePrice: 1, type: 1, categoryId: 1, vendorId: 1, approvalStatus: 1, brand: 1, tags: 1, images: 1, avgRating: 1, reviewCount: 1, stock: 1, lowStockThreshold: 1, isActive: 1, isFeatured: 1, isNewArrival: 1, createdAt: 1, updatedAt: 1, }, }, ])

[90mstdout[2m | src/__tests__/store/store.test.ts[2m > [22m[2mstore page service[2m > [22m[2mpaginates store products
[22m[39mprisma:query db.UserProfile.aggregate([ { $match: { $expr: { $and: [ { $and: [ { $and: [ { $eq: [ "$storeSlug", { $literal: "paged", }, ], }, { $ne: [ "$storeSlug", "$$REMOVE", ], }, ], }, ], }, { }, ], }, }, }, { $project: { _id: 1, userId: 1, storeName: 1, storeSlug: 1, storeDescription: 1, isVendor: 1, vendorStatus: 1, }, }, ])

[90mstdout[2m | src/__tests__/store/store.test.ts[2m > [22m[2mstore page service[2m > [22m[2mpaginates store products
[22m[39mprisma:query db.Product.aggregate([ { $match: { $expr: { $and: [ { $and: [ { $eq: [ "$vendorId", { $literal: "store-paged", }, ], }, { $ne: [ "$vendorId", "$$REMOVE", ], }, ], }, { $and: [ { $eq: [ "$isActive", { $literal: true, }, ], }, { $ne: [ "$isActive", "$$REMOVE", ], }, ], }, { $and: [ { $eq: [ "$approvalStatus", { $literal: "APPROVED", }, ], }, { $ne: [ "$approvalStatus", "$$REMOVE", ], }, ], }, ], }, }, }, { $group: { _id: null, count_all: { $sum: 1, }, }, }, ])

[90mstdout[2m | src/__tests__/store/store.test.ts[2m > [22m[2mstore page service[2m > [22m[2mpaginates store products
[22m[39mprisma:query db.Product.aggregate([ { $match: { $expr: { $and: [ { $and: [ { $eq: [ "$isActive", { $literal: true, }, ], }, { $ne: [ "$isActive", "$$REMOVE", ], }, ], }, { $and: [ { $eq: [ "$vendorId", { $literal: "store-paged", }, ], }, { $ne: [ "$vendorId", "$$REMOVE", ], }, ], }, { $and: [ { $eq: [ "$approvalStatus", { $literal: "APPROVED", }, ], }, { $ne: [ "$approvalStatus", "$$REMOVE", ], }, ], }, ], }, }, }, { $group: { _id: null, count_all: { $sum: 1, }, }, }, ])

[90mstdout[2m | src/__tests__/store/store.test.ts[2m > [22m[2mstore page service[2m > [22m[2mpaginates store products
[22m[39mprisma:query db.Product.aggregate([ { $match: { $expr: { $and: [ { $and: [ { $eq: [ "$isActive", { $literal: true, }, ], }, { $ne: [ "$isActive", "$$REMOVE", ], }, ], }, { $and: [ { $eq: [ "$vendorId", { $literal: "store-paged", }, ], }, { $ne: [ "$vendorId", "$$REMOVE", ], }, ], }, { $and: [ { $eq: [ "$approvalStatus", { $literal: "APPROVED", }, ], }, { $ne: [ "$approvalStatus", "$$REMOVE", ], }, ], }, ], }, }, }, { $sort: { createdAt: -1, }, }, { $skip: 0, }, { $limit: 2, }, { $project: { _id: 1, name: 1, slug: 1, description: 1, shortDesc: 1, stockKeepingUnit: 1, basePrice: 1, salePrice: 1, type: 1, categoryId: 1, vendorId: 1, approvalStatus: 1, brand: 1, tags: 1, images: 1, avgRating: 1, reviewCount: 1, stock: 1, lowStockThreshold: 1, isActive: 1, isFeatured: 1, isNewArrival: 1, createdAt: 1, updatedAt: 1, }, }, ])

[90mstdout[2m | src/__tests__/store/store.test.ts[2m > [22m[2mstore page service[2m > [22m[2mpaginates store products
[22m[39mprisma:query db.ProductVariant.aggregate([ { $match: { $expr: { $and: [ { $or: [ { $eq: [ "$productId", { $literal: ObjectId("69d9085d42532fe7679cdc2f"), }, ], }, { $eq: [ "$productId", { $literal: ObjectId("69d9085c42532fe7679cdc2e"), }, ], }, ], }, { $ne: [ "$productId", "$$REMOVE", ], }, ], }, }, }, { $project: { _id: 1, productId: 1, stockKeepingUnit: 1, name: 1, attributes: 1, price: 1, compareAtPrice: 1, stock: 1, isActive: 1, }, }, ])

[90mstdout[2m | src/__tests__/store/store.test.ts[2m > [22m[2mstore page service[2m > [22m[2mpaginates store products
[22m[39mprisma:query db.DigitalAsset.aggregate([ { $match: { $expr: { $and: [ { $or: [ { $eq: [ "$productId", { $literal: ObjectId("69d9085d42532fe7679cdc2f"), }, ], }, { $eq: [ "$productId", { $literal: ObjectId("69d9085c42532fe7679cdc2e"), }, ], }, ], }, { $ne: [ "$productId", "$$REMOVE", ], }, ], }, }, }, { $project: { _id: 1, fileName: 1, mimeType: 1, fileSize: 1, sortOrder: 1, productId: 1, }, }, ])

[90mstdout[2m | src/__tests__/store/store.test.ts[2m > [22m[2mstore page service[2m > [22m[2mpaginates store products
[22m[39mprisma:query db.UserProfile.aggregate([ { $match: { $expr: { $and: [ { $and: [ { $and: [ { $eq: [ "$storeSlug", { $literal: "paged", }, ], }, { $ne: [ "$storeSlug", "$$REMOVE", ], }, ], }, ], }, { }, ], }, }, }, { $project: { _id: 1, userId: 1, storeName: 1, storeSlug: 1, storeDescription: 1, isVendor: 1, vendorStatus: 1, }, }, ])

[90mstdout[2m | src/__tests__/store/store.test.ts[2m > [22m[2mstore page service[2m > [22m[2mpaginates store products
[22m[39mprisma:query db.Product.aggregate([ { $match: { $expr: { $and: [ { $and: [ { $eq: [ "$vendorId", { $literal: "store-paged", }, ], }, { $ne: [ "$vendorId", "$$REMOVE", ], }, ], }, { $and: [ { $eq: [ "$isActive", { $literal: true, }, ], }, { $ne: [ "$isActive", "$$REMOVE", ], }, ], }, { $and: [ { $eq: [ "$approvalStatus", { $literal: "APPROVED", }, ], }, { $ne: [ "$approvalStatus", "$$REMOVE", ], }, ], }, ], }, }, }, { $group: { _id: null, count_all: { $sum: 1, }, }, }, ])

[90mstdout[2m | src/__tests__/store/store.test.ts[2m > [22m[2mstore page service[2m > [22m[2mpaginates store products
[22m[39mprisma:query db.Product.aggregate([ { $match: { $expr: { $and: [ { $and: [ { $eq: [ "$isActive", { $literal: true, }, ], }, { $ne: [ "$isActive", "$$REMOVE", ], }, ], }, { $and: [ { $eq: [ "$vendorId", { $literal: "store-paged", }, ], }, { $ne: [ "$vendorId", "$$REMOVE", ], }, ], }, { $and: [ { $eq: [ "$approvalStatus", { $literal: "APPROVED", }, ], }, { $ne: [ "$approvalStatus", "$$REMOVE", ], }, ], }, ], }, }, }, { $sort: { createdAt: -1, }, }, { $skip: 2, }, { $limit: 2, }, { $project: { _id: 1, name: 1, slug: 1, description: 1, shortDesc: 1, stockKeepingUnit: 1, basePrice: 1, salePrice: 1, type: 1, categoryId: 1, vendorId: 1, approvalStatus: 1, brand: 1, tags: 1, images: 1, avgRating: 1, reviewCount: 1, stock: 1, lowStockThreshold: 1, isActive: 1, isFeatured: 1, isNewArrival: 1, createdAt: 1, updatedAt: 1, }, }, ])

[90mstdout[2m | src/__tests__/store/store.test.ts[2m > [22m[2mstore page service[2m > [22m[2mpaginates store products
[22m[39mprisma:query db.Product.aggregate([ { $match: { $expr: { $and: [ { $and: [ { $eq: [ "$isActive", { $literal: true, }, ], }, { $ne: [ "$isActive", "$$REMOVE", ], }, ], }, { $and: [ { $eq: [ "$vendorId", { $literal: "store-paged", }, ], }, { $ne: [ "$vendorId", "$$REMOVE", ], }, ], }, { $and: [ { $eq: [ "$approvalStatus", { $literal: "APPROVED", }, ], }, { $ne: [ "$approvalStatus", "$$REMOVE", ], }, ], }, ], }, }, }, { $group: { _id: null, count_all: { $sum: 1, }, }, }, ])

[90mstdout[2m | src/__tests__/store/store.test.ts[2m > [22m[2mstore page service[2m > [22m[2mpaginates store products
[22m[39mprisma:query db.ProductVariant.aggregate([ { $match: { $expr: { $and: [ { $or: [ { $eq: [ "$productId", { $literal: ObjectId("69d9085b42532fe7679cdc2d"), }, ], }, ], }, { $ne: [ "$productId", "$$REMOVE", ], }, ], }, }, }, { $project: { _id: 1, productId: 1, stockKeepingUnit: 1, name: 1, attributes: 1, price: 1, compareAtPrice: 1, stock: 1, isActive: 1, }, }, ])

[90mstdout[2m | src/__tests__/store/store.test.ts[2m > [22m[2mstore page service[2m > [22m[2mpaginates store products
[22m[39mprisma:query db.DigitalAsset.aggregate([ { $match: { $expr: { $and: [ { $or: [ { $eq: [ "$productId", { $literal: ObjectId("69d9085b42532fe7679cdc2d"), }, ], }, ], }, { $ne: [ "$productId", "$$REMOVE", ], }, ], }, }, }, { $project: { _id: 1, fileName: 1, mimeType: 1, fileSize: 1, sortOrder: 1, productId: 1, }, }, ])

[90mstdout[2m | src/__tests__/store/store.test.ts[2m > [22m[2mstore page service[2m > [22m[2mpaginates store products
[22m[39mprisma:query db.Product.aggregate([ { $match: { $expr: { $and: [ { $regexMatch: { input: "$vendorId", regex: "^store-", options: "", }, }, { $ne: [ "$vendorId", "$$REMOVE", ], }, ], }, }, }, { $project: { _id: 1, }, }, ])

[90mstdout[2m | src/__tests__/store/store.test.ts[2m > [22m[2mstore page service[2m > [22m[2mpaginates store products
[22m[39mprisma:query db.ProductVariant.aggregate([ { $match: { $expr: { $and: [ { $or: [ { $eq: [ "$productId", { $literal: ObjectId("69d9085b42532fe7679cdc2d"), }, ], }, { $eq: [ "$productId", { $literal: ObjectId("69d9085c42532fe7679cdc2e"), }, ], }, { $eq: [ "$productId", { $literal: ObjectId("69d9085d42532fe7679cdc2f"), }, ], }, ], }, { $ne: [ "$productId", "$$REMOVE", ], }, ], }, }, }, { $project: { _id: 1, }, }, ])

[90mstdout[2m | src/__tests__/store/store.test.ts[2m > [22m[2mstore page service[2m > [22m[2mpaginates store products
[22m[39mprisma:query db.Product.aggregate([ { $match: { $expr: { $and: [ { $or: [ { $eq: [ "$_id", { $literal: ObjectId("69d9085b42532fe7679cdc2d"), }, ], }, { $eq: [ "$_id", { $literal: ObjectId("69d9085c42532fe7679cdc2e"), }, ], }, { $eq: [ "$_id", { $literal: ObjectId("69d9085d42532fe7679cdc2f"), }, ], }, ], }, { $ne: [ "$_id", "$$REMOVE", ], }, ], }, }, }, { $project: { _id: 1, }, }, ])

[90mstdout[2m | src/__tests__/store/store.test.ts[2m > [22m[2mstore page service[2m > [22m[2mpaginates store products
[22m[39mprisma:query db.DigitalAsset.aggregate([ { $match: { $expr: { $and: [ { }, { $and: [ { $or: [ { $eq: [ "$productId", { $literal: ObjectId("69d9085b42532fe7679cdc2d"), }, ], }, { $eq: [ "$productId", { $literal: ObjectId("69d9085c42532fe7679cdc2e"), }, ], }, { $eq: [ "$productId", { $literal: ObjectId("69d9085d42532fe7679cdc2f"), }, ], }, ], }, { $ne: [ "$productId", "$$REMOVE", ], }, ], }, ], }, }, }, { $project: { _id: 1, productId: 1, }, }, ])

[90mstdout[2m | src/__tests__/store/store.test.ts[2m > [22m[2mstore page service[2m > [22m[2mpaginates store products
[22m[39mprisma:query db.WishlistItem.aggregate([ { $match: { $expr: { $and: [ { }, { $and: [ { $or: [ { $eq: [ "$productId", { $literal: ObjectId("69d9085b42532fe7679cdc2d"), }, ], }, { $eq: [ "$productId", { $literal: ObjectId("69d9085c42532fe7679cdc2e"), }, ], }, { $eq: [ "$productId", { $literal: ObjectId("69d9085d42532fe7679cdc2f"), }, ], }, ], }, { $ne: [ "$productId", "$$REMOVE", ], }, ], }, ], }, }, }, { $project: { _id: 1, productId: 1, }, }, ])

[90mstdout[2m | src/__tests__/store/store.test.ts[2m > [22m[2mstore page service[2m > [22m[2mpaginates store products
[22m[39mprisma:query db.Review.aggregate([ { $match: { $expr: { $and: [ { }, { $and: [ { $or: [ { $eq: [ "$productId", { $literal: ObjectId("69d9085b42532fe7679cdc2d"), }, ], }, { $eq: [ "$productId", { $literal: ObjectId("69d9085c42532fe7679cdc2e"), }, ], }, { $eq: [ "$productId", { $literal: ObjectId("69d9085d42532fe7679cdc2f"), }, ], }, ], }, { $ne: [ "$productId", "$$REMOVE", ], }, ], }, ], }, }, }, { $project: { _id: 1, productId: 1, }, }, ])

[90mstdout[2m | src/__tests__/store/store.test.ts[2m > [22m[2mstore page service[2m > [22m[2mpaginates store products
[22m[39mprisma:query db.OrderItem.aggregate([ { $match: { $expr: { $and: [ { }, { $and: [ { $or: [ { $eq: [ "$productId", { $literal: ObjectId("69d9085b42532fe7679cdc2d"), }, ], }, { $eq: [ "$productId", { $literal: ObjectId("69d9085c42532fe7679cdc2e"), }, ], }, { $eq: [ "$productId", { $literal: ObjectId("69d9085d42532fe7679cdc2f"), }, ], }, ], }, { $ne: [ "$productId", "$$REMOVE", ], }, ], }, ], }, }, }, { $project: { _id: 1, productId: 1, }, }, ])

[90mstdout[2m | src/__tests__/store/store.test.ts[2m > [22m[2mstore page service[2m > [22m[2mpaginates store products
[22m[39mprisma:query db.CartItem.aggregate([ { $match: { $expr: { $and: [ { }, { $and: [ { $or: [ { $eq: [ "$productId", { $literal: ObjectId("69d9085b42532fe7679cdc2d"), }, ], }, { $eq: [ "$productId", { $literal: ObjectId("69d9085c42532fe7679cdc2e"), }, ], }, { $eq: [ "$productId", { $literal: ObjectId("69d9085d42532fe7679cdc2f"), }, ], }, ], }, { $ne: [ "$productId", "$$REMOVE", ], }, ], }, ], }, }, }, { $project: { _id: 1, productId: 1, }, }, ])

[90mstdout[2m | src/__tests__/store/store.test.ts[2m > [22m[2mstore page service[2m > [22m[2mpaginates store products
[22m[39mprisma:query db.ProductVariant.aggregate([ { $match: { $expr: { $and: [ { }, { $and: [ { $or: [ { $eq: [ "$productId", { $literal: ObjectId("69d9085b42532fe7679cdc2d"), }, ], }, { $eq: [ "$productId", { $literal: ObjectId("69d9085c42532fe7679cdc2e"), }, ], }, { $eq: [ "$productId", { $literal: ObjectId("69d9085d42532fe7679cdc2f"), }, ], }, ], }, { $ne: [ "$productId", "$$REMOVE", ], }, ], }, ], }, }, }, { $project: { _id: 1, productId: 1, }, }, ])

[90mstdout[2m | src/__tests__/store/store.test.ts[2m > [22m[2mstore page service[2m > [22m[2mpaginates store products
[22m[39mprisma:query db.Product.deleteMany({ _id: { $in: [ ObjectId("69d9085b42532fe7679cdc2d"), ObjectId("69d9085c42532fe7679cdc2e"), ObjectId("69d9085d42532fe7679cdc2f"), ], }, })

[90mstdout[2m | src/__tests__/store/store.test.ts[2m > [22m[2mstore page service[2m > [22m[2mpaginates store products
[22m[39mprisma:query db.UserProfile.aggregate([ { $match: { $expr: { $and: [ { $regexMatch: { input: "$userId", regex: "^store-", options: "", }, }, { $ne: [ "$userId", "$$REMOVE", ], }, ], }, }, }, { $project: { _id: 1, }, }, ])

[90mstdout[2m | src/__tests__/store/store.test.ts[2m > [22m[2mstore page service[2m > [22m[2mpaginates store products
[22m[39mprisma:query db.UserProfile.deleteMany({ _id: { $in: [ ObjectId("69d9085a42532fe7679cdc2c"), ], }, })

[90mstdout[2m | src/__tests__/store/store.test.ts[2m > [22m[2menrichWithVendorInfo
[22m[39mprisma:query db.Product.aggregate([ { $match: { $expr: { $and: [ { $regexMatch: { input: "$vendorId", regex: "^store-", options: "", }, }, { $ne: [ "$vendorId", "$$REMOVE", ], }, ], }, }, }, { $project: { _id: 1, }, }, ])

[90mstdout[2m | src/__tests__/store/store.test.ts[2m > [22m[2menrichWithVendorInfo
[22m[39mprisma:query db.UserProfile.aggregate([ { $match: { $expr: { $and: [ { $regexMatch: { input: "$userId", regex: "^store-", options: "", }, }, { $ne: [ "$userId", "$$REMOVE", ], }, ], }, }, }, { $project: { _id: 1, }, }, ])

[90mstdout[2m | src/__tests__/store/store.test.ts[2m > [22m[2menrichWithVendorInfo[2m > [22m[2mattaches vendor info to products with vendorId
[22m[39mprisma:query db.UserProfile.insertOne({ userId: "store-enrich-v1", email: "store-enrich-v1@test.com", firstName: "Test", lastName: "User", role: "CUSTOMER", isVendor: true, vendorStatus: "ACTIVE", storeName: "Enrich Store", storeSlug: "enrich-store", createdAt: DateTime("2026-04-10 14:25:41.57 +00:00:00"), updatedAt: DateTime("2026-04-10 14:25:41.57 +00:00:00"), })

[90mstdout[2m | src/__tests__/store/store.test.ts[2m > [22m[2menrichWithVendorInfo[2m > [22m[2mattaches vendor info to products with vendorId
[22m[39mprisma:query db.UserProfile.aggregate([ { $match: { $expr: { $and: [ { $and: [ { $eq: [ "$_id", { $literal: ObjectId("69d9086542532fe7679cdc30"), }, ], }, { $ne: [ "$_id", "$$REMOVE", ], }, ], }, ], }, }, }, { $project: { _id: 1, userId: 1, email: 1, firstName: 1, lastName: 1, phone: 1, avatar: 1, dateOfBirth: 1, gender: 1, role: 1, isVendor: 1, vendorStatus: 1, storeName: 1, storeSlug: 1, storeDescription: 1, vendorSince: 1, createdAt: 1, updatedAt: 1, }, }, ])

[90mstdout[2m | src/__tests__/store/store.test.ts[2m > [22m[2menrichWithVendorInfo[2m > [22m[2mattaches vendor info to products with vendorId
[22m[39mprisma:query db.UserProfile.aggregate([ { $match: { $expr: { $and: [ { $or: [ { $eq: [ "$userId", { $literal: "store-enrich-v1", }, ], }, ], }, { $ne: [ "$userId", "$$REMOVE", ], }, ], }, }, }, { $project: { _id: 1, userId: 1, storeName: 1, storeSlug: 1, }, }, ])

[90mstdout[2m | src/__tests__/store/store.test.ts[2m > [22m[2menrichWithVendorInfo[2m > [22m[2mattaches vendor info to products with vendorId
[22m[39mprisma:query db.Product.aggregate([ { $match: { $expr: { $and: [ { $regexMatch: { input: "$vendorId", regex: "^store-", options: "", }, }, { $ne: [ "$vendorId", "$$REMOVE", ], }, ], }, }, }, { $project: { _id: 1, }, }, ])

[90mstdout[2m | src/__tests__/store/store.test.ts[2m > [22m[2menrichWithVendorInfo[2m > [22m[2mattaches vendor info to products with vendorId
[22m[39mprisma:query db.UserProfile.aggregate([ { $match: { $expr: { $and: [ { $regexMatch: { input: "$userId", regex: "^store-", options: "", }, }, { $ne: [ "$userId", "$$REMOVE", ], }, ], }, }, }, { $project: { _id: 1, }, }, ])

[90mstdout[2m | src/__tests__/store/store.test.ts[2m > [22m[2menrichWithVendorInfo[2m > [22m[2mattaches vendor info to products with vendorId
[22m[39mprisma:query db.UserProfile.deleteMany({ _id: { $in: [ ObjectId("69d9086542532fe7679cdc30"), ], }, })

[90mstdout[2m | src/__tests__/store/store.test.ts[2m > [22m[2menrichWithVendorInfo[2m > [22m[2mreturns products unchanged when none have vendorId
[22m[39mprisma:query db.Product.aggregate([ { $match: { $expr: { $and: [ { $regexMatch: { input: "$vendorId", regex: "^store-", options: "", }, }, { $ne: [ "$vendorId", "$$REMOVE", ], }, ], }, }, }, { $project: { _id: 1, }, }, ])

[90mstdout[2m | src/__tests__/store/store.test.ts[2m > [22m[2menrichWithVendorInfo[2m > [22m[2mreturns products unchanged when none have vendorId
[22m[39mprisma:query db.UserProfile.aggregate([ { $match: { $expr: { $and: [ { $regexMatch: { input: "$userId", regex: "^store-", options: "", }, }, { $ne: [ "$userId", "$$REMOVE", ], }, ], }, }, }, { $project: { _id: 1, }, }, ])

 [32mΓ£ô[39m src/__tests__/store/store.test.ts [2m([22m[2m8 tests[22m[2m)[22m[33m 47971[2mms[22m[39m
     [33m[2mΓ£ô[22m[39m returns store info and products for an active vendor [33m 7565[2mms[22m[39m
     [33m[2mΓ£ô[22m[39m returns null for non-existent slug [33m 724[2mms[22m[39m
     [33m[2mΓ£ô[22m[39m returns null for suspended vendor [33m 5285[2mms[22m[39m
     [33m[2mΓ£ô[22m[39m returns null for banned vendor [33m 5397[2mms[22m[39m
     [33m[2mΓ£ô[22m[39m only returns active and approved products [33m 7341[2mms[22m[39m
     [33m[2mΓ£ô[22m[39m paginates store products [33m 10175[2mms[22m[39m
     [33m[2mΓ£ô[22m[39m attaches vendor info to products with vendorId [33m 1561[2mms[22m[39m
     [33m[2mΓ£ô[22m[39m returns products unchanged when none have vendorId [33m 543[2mms[22m[39m
[90mstdout[2m | src/__tests__/vendor/registration.test.ts
[22m[39m[dotenv@17.2.3] injecting env (1) from .env.test -- tip: ≡ƒæÑ sync secrets across teammates & machines: https://dotenvx.com/ops

[90mstdout[2m | src/__tests__/vendor/registration.test.ts[2m > [22m[2mvendor registration
[22m[39mprisma:query db.UserProfile.aggregate([ { $match: { $expr: { }, }, }, { $project: { _id: 1, }, }, ])

[90mstdout[2m | src/__tests__/vendor/registration.test.ts[2m > [22m[2mvendor registration[2m > [22m[2mregisters a customer as a vendor with correct slug
[22m[39mprisma:query db.UserProfile.insertOne({ userId: "user-register-1", email: "user-register-1@test.com", firstName: "Test", lastName: "User", role: "CUSTOMER", isVendor: false, createdAt: DateTime("2026-04-10 14:25:53.601 +00:00:00"), updatedAt: DateTime("2026-04-10 14:25:53.601 +00:00:00"), })

[90mstdout[2m | src/__tests__/vendor/registration.test.ts[2m > [22m[2mvendor registration[2m > [22m[2mregisters a customer as a vendor with correct slug
[22m[39mprisma:query db.UserProfile.aggregate([ { $match: { $expr: { $and: [ { $and: [ { $eq: [ "$_id", { $literal: ObjectId("69d908716844d061ea5b1df1"), }, ], }, { $ne: [ "$_id", "$$REMOVE", ], }, ], }, ], }, }, }, { $project: { _id: 1, userId: 1, email: 1, firstName: 1, lastName: 1, phone: 1, avatar: 1, dateOfBirth: 1, gender: 1, role: 1, isVendor: 1, vendorStatus: 1, storeName: 1, storeSlug: 1, storeDescription: 1, vendorSince: 1, createdAt: 1, updatedAt: 1, }, }, ])

[90mstdout[2m | src/__tests__/vendor/registration.test.ts[2m > [22m[2mvendor registration[2m > [22m[2mregisters a customer as a vendor with correct slug
[22m[39mprisma:query db.UserProfile.aggregate([ { $match: { $expr: { $and: [ { $and: [ { $and: [ { $eq: [ "$userId", { $literal: "user-register-1", }, ], }, { $ne: [ "$userId", "$$REMOVE", ], }, ], }, ], }, { }, ], }, }, }, { $project: { _id: 1, isVendor: 1, }, }, ])

[90mstdout[2m | src/__tests__/vendor/registration.test.ts[2m > [22m[2mvendor registration[2m > [22m[2mregisters a customer as a vendor with correct slug
[22m[39mprisma:query db.UserProfile.aggregate([ { $match: { $expr: { $and: [ { $and: [ { $and: [ { $eq: [ "$storeSlug", { $literal: "my-cool-store", }, ], }, { $ne: [ "$storeSlug", "$$REMOVE", ], }, ], }, ], }, { }, ], }, }, }, { $project: { _id: 1, }, }, ])

[90mstdout[2m | src/__tests__/vendor/registration.test.ts[2m > [22m[2mvendor registration[2m > [22m[2mregisters a customer as a vendor with correct slug
[22m[39mprisma:query db.UserProfile.aggregate([ { $match: { $expr: { $and: [ { $and: [ { $and: [ { $eq: [ "$userId", { $literal: "user-register-1", }, ], }, { $ne: [ "$userId", "$$REMOVE", ], }, ], }, ], }, { }, ], }, }, }, { $project: { _id: 1, }, }, ])

[90mstdout[2m | src/__tests__/vendor/registration.test.ts[2m > [22m[2mvendor registration[2m > [22m[2mregisters a customer as a vendor with correct slug
[22m[39mprisma:query db.UserProfile.updateMany({ _id: { $in: [ ObjectId("69d908716844d061ea5b1df1"), ], }, },[{ $set: { isVendor: { $literal: true, }, }, },
{ $set: { vendorStatus: { $literal: "ACTIVE", }, }, },
{ $set: { storeName: { $literal: "My Cool Store", }, }, },
{ $set: { storeSlug: { $literal: "my-cool-store", }, }, },
{ $set: { storeDescription: { $literal: "Selling cool stuff", }, }, },
{ $set: { vendorSince: { $literal: DateTime("2026-04-10 14:25:55.086 +00:00:00"), }, }, },
{ $set: { updatedAt: { $literal: DateTime("2026-04-10 14:25:55.088 +00:00:00"), }, }, }])

[90mstdout[2m | src/__tests__/vendor/registration.test.ts[2m > [22m[2mvendor registration[2m > [22m[2mregisters a customer as a vendor with correct slug
[22m[39mprisma:query db.UserProfile.aggregate([ { $match: { $expr: { $and: [ { $and: [ { $eq: [ "$_id", { $literal: ObjectId("69d908716844d061ea5b1df1"), }, ], }, { $ne: [ "$_id", "$$REMOVE", ], }, ], }, ], }, }, }, { $project: { _id: 1, userId: 1, email: 1, firstName: 1, lastName: 1, phone: 1, avatar: 1, dateOfBirth: 1, gender: 1, role: 1, isVendor: 1, vendorStatus: 1, storeName: 1, storeSlug: 1, storeDescription: 1, vendorSince: 1, createdAt: 1, updatedAt: 1, }, }, ])

[90mstdout[2m | src/__tests__/vendor/registration.test.ts[2m > [22m[2mvendor registration[2m > [22m[2mregisters a customer as a vendor with correct slug
[22m[39mprisma:query db.UserProfile.aggregate([ { $match: { $expr: { }, }, }, { $project: { _id: 1, }, }, ])

[90mstdout[2m | src/__tests__/vendor/registration.test.ts[2m > [22m[2mvendor registration[2m > [22m[2mregisters a customer as a vendor with correct slug
[22m[39mprisma:query db.UserProfile.deleteMany({ _id: { $in: [ ObjectId("69d908716844d061ea5b1df1"), ], }, })

[90mstdout[2m | src/__tests__/vendor/registration.test.ts[2m > [22m[2mvendor registration[2m > [22m[2mrejects registration when store slug already exists
[22m[39mprisma:query db.UserProfile.insertOne({ userId: "user-dup-1", email: "user-dup-1@test.com", firstName: "Test", lastName: "User", role: "CUSTOMER", isVendor: false, createdAt: DateTime("2026-04-10 14:25:56.565 +00:00:00"), updatedAt: DateTime("2026-04-10 14:25:56.565 +00:00:00"), })

[90mstdout[2m | src/__tests__/vendor/registration.test.ts[2m > [22m[2mvendor registration[2m > [22m[2mrejects registration when store slug already exists
[22m[39mprisma:query db.UserProfile.aggregate([ { $match: { $expr: { $and: [ { $and: [ { $eq: [ "$_id", { $literal: ObjectId("69d908746844d061ea5b1df2"), }, ], }, { $ne: [ "$_id", "$$REMOVE", ], }, ], }, ], }, }, }, { $project: { _id: 1, userId: 1, email: 1, firstName: 1, lastName: 1, phone: 1, avatar: 1, dateOfBirth: 1, gender: 1, role: 1, isVendor: 1, vendorStatus: 1, storeName: 1, storeSlug: 1, storeDescription: 1, vendorSince: 1, createdAt: 1, updatedAt: 1, }, }, ])

[90mstdout[2m | src/__tests__/vendor/registration.test.ts[2m > [22m[2mvendor registration[2m > [22m[2mrejects registration when store slug already exists
[22m[39mprisma:query db.UserProfile.aggregate([ { $match: { $expr: { $and: [ { $and: [ { $and: [ { $eq: [ "$userId", { $literal: "user-dup-1", }, ], }, { $ne: [ "$userId", "$$REMOVE", ], }, ], }, ], }, { }, ], }, }, }, { $project: { _id: 1, isVendor: 1, }, }, ])

[90mstdout[2m | src/__tests__/vendor/registration.test.ts[2m > [22m[2mvendor registration[2m > [22m[2mrejects registration when store slug already exists
[22m[39mprisma:query db.UserProfile.aggregate([ { $match: { $expr: { $and: [ { $and: [ { $and: [ { $eq: [ "$storeSlug", { $literal: "unique-store", }, ], }, { $ne: [ "$storeSlug", "$$REMOVE", ], }, ], }, ], }, { }, ], }, }, }, { $project: { _id: 1, }, }, ])

[90mstdout[2m | src/__tests__/vendor/registration.test.ts[2m > [22m[2mvendor registration[2m > [22m[2mrejects registration when store slug already exists
[22m[39mprisma:query db.UserProfile.aggregate([ { $match: { $expr: { $and: [ { $and: [ { $and: [ { $eq: [ "$userId", { $literal: "user-dup-1", }, ], }, { $ne: [ "$userId", "$$REMOVE", ], }, ], }, ], }, { }, ], }, }, }, { $project: { _id: 1, }, }, ])

[90mstdout[2m | src/__tests__/vendor/registration.test.ts[2m > [22m[2mvendor registration[2m > [22m[2mrejects registration when store slug already exists
[22m[39mprisma:query db.UserProfile.updateMany({ _id: { $in: [ ObjectId("69d908746844d061ea5b1df2"), ], }, },[{ $set: { isVendor: { $literal: true, }, }, },
{ $set: { vendorStatus: { $literal: "ACTIVE", }, }, },
{ $set: { storeName: { $literal: "Unique Store", }, }, },
{ $set: { storeSlug: { $literal: "unique-store", }, }, },
{ $set: { storeDescription: { $literal: null, }, }, },
{ $set: { vendorSince: { $literal: DateTime("2026-04-10 14:25:58.042 +00:00:00"), }, }, },
{ $set: { updatedAt: { $literal: DateTime("2026-04-10 14:25:58.045 +00:00:00"), }, }, }])

[90mstdout[2m | src/__tests__/vendor/registration.test.ts[2m > [22m[2mvendor registration[2m > [22m[2mrejects registration when store slug already exists
[22m[39mprisma:query db.UserProfile.aggregate([ { $match: { $expr: { $and: [ { $and: [ { $eq: [ "$_id", { $literal: ObjectId("69d908746844d061ea5b1df2"), }, ], }, { $ne: [ "$_id", "$$REMOVE", ], }, ], }, ], }, }, }, { $project: { _id: 1, userId: 1, email: 1, firstName: 1, lastName: 1, phone: 1, avatar: 1, dateOfBirth: 1, gender: 1, role: 1, isVendor: 1, vendorStatus: 1, storeName: 1, storeSlug: 1, storeDescription: 1, vendorSince: 1, createdAt: 1, updatedAt: 1, }, }, ])

[90mstdout[2m | src/__tests__/vendor/registration.test.ts[2m > [22m[2mvendor registration[2m > [22m[2mrejects registration when store slug already exists
[22m[39mprisma:query db.UserProfile.insertOne({ userId: "user-dup-2", email: "user-dup-2@test.com", firstName: "Test", lastName: "User", role: "CUSTOMER", isVendor: false, createdAt: DateTime("2026-04-10 14:26:01.129 +00:00:00"), updatedAt: DateTime("2026-04-10 14:26:01.129 +00:00:00"), })

[90mstdout[2m | src/__tests__/vendor/registration.test.ts[2m > [22m[2mvendor registration[2m > [22m[2mrejects registration when store slug already exists
[22m[39mprisma:query db.UserProfile.aggregate([ { $match: { $expr: { $and: [ { $and: [ { $eq: [ "$_id", { $literal: ObjectId("69d908796844d061ea5b1df3"), }, ], }, { $ne: [ "$_id", "$$REMOVE", ], }, ], }, ], }, }, }, { $project: { _id: 1, userId: 1, email: 1, firstName: 1, lastName: 1, phone: 1, avatar: 1, dateOfBirth: 1, gender: 1, role: 1, isVendor: 1, vendorStatus: 1, storeName: 1, storeSlug: 1, storeDescription: 1, vendorSince: 1, createdAt: 1, updatedAt: 1, }, }, ])

[90mstdout[2m | src/__tests__/vendor/registration.test.ts[2m > [22m[2mvendor registration[2m > [22m[2mrejects registration when store slug already exists
[22m[39mprisma:query db.UserProfile.aggregate([ { $match: { $expr: { $and: [ { $and: [ { $and: [ { $eq: [ "$userId", { $literal: "user-dup-2", }, ], }, { $ne: [ "$userId", "$$REMOVE", ], }, ], }, ], }, { }, ], }, }, }, { $project: { _id: 1, isVendor: 1, }, }, ])

[90mstdout[2m | src/__tests__/vendor/registration.test.ts[2m > [22m[2mvendor registration[2m > [22m[2mrejects registration when store slug already exists
[22m[39mprisma:query db.UserProfile.aggregate([ { $match: { $expr: { $and: [ { $and: [ { $and: [ { $eq: [ "$storeSlug", { $literal: "unique-store", }, ], }, { $ne: [ "$storeSlug", "$$REMOVE", ], }, ], }, ], }, { }, ], }, }, }, { $project: { _id: 1, }, }, ])

[90mstdout[2m | src/__tests__/vendor/registration.test.ts[2m > [22m[2mvendor registration[2m > [22m[2mrejects registration when store slug already exists
[22m[39mprisma:query db.UserProfile.aggregate([ { $match: { $expr: { }, }, }, { $project: { _id: 1, }, }, ])

[90mstdout[2m | src/__tests__/vendor/registration.test.ts[2m > [22m[2mvendor registration[2m > [22m[2mrejects registration when store slug already exists
[22m[39mprisma:query db.UserProfile.deleteMany({ _id: { $in: [ ObjectId("69d908746844d061ea5b1df2"), ObjectId("69d908796844d061ea5b1df3"), ], }, })

[90mstdout[2m | src/__tests__/vendor/registration.test.ts[2m > [22m[2mvendor registration[2m > [22m[2mrejects reserved slug: admin
[22m[39mprisma:query db.UserProfile.insertOne({ userId: "user-reserved-admin", email: "user-reserved-admin@test.com", firstName: "Test", lastName: "User", role: "CUSTOMER", isVendor: false, createdAt: DateTime("2026-04-10 14:26:06.201 +00:00:00"), updatedAt: DateTime("2026-04-10 14:26:06.201 +00:00:00"), })

[90mstdout[2m | src/__tests__/vendor/registration.test.ts[2m > [22m[2mvendor registration[2m > [22m[2mrejects reserved slug: admin
[22m[39mprisma:query db.UserProfile.aggregate([ { $match: { $expr: { $and: [ { $and: [ { $eq: [ "$_id", { $literal: ObjectId("69d9087e6844d061ea5b1df4"), }, ], }, { $ne: [ "$_id", "$$REMOVE", ], }, ], }, ], }, }, }, { $project: { _id: 1, userId: 1, email: 1, firstName: 1, lastName: 1, phone: 1, avatar: 1, dateOfBirth: 1, gender: 1, role: 1, isVendor: 1, vendorStatus: 1, storeName: 1, storeSlug: 1, storeDescription: 1, vendorSince: 1, createdAt: 1, updatedAt: 1, }, }, ])

[90mstdout[2m | src/__tests__/vendor/registration.test.ts[2m > [22m[2mvendor registration[2m > [22m[2mrejects reserved slug: admin
[22m[39mprisma:query db.UserProfile.aggregate([ { $match: { $expr: { $and: [ { $and: [ { $and: [ { $eq: [ "$userId", { $literal: "user-reserved-admin", }, ], }, { $ne: [ "$userId", "$$REMOVE", ], }, ], }, ], }, { }, ], }, }, }, { $project: { _id: 1, isVendor: 1, }, }, ])

[90mstdout[2m | src/__tests__/vendor/registration.test.ts[2m > [22m[2mvendor registration[2m > [22m[2mrejects reserved slug: admin
[22m[39mprisma:query db.UserProfile.aggregate([ { $match: { $expr: { }, }, }, { $project: { _id: 1, }, }, ])

[90mstdout[2m | src/__tests__/vendor/registration.test.ts[2m > [22m[2mvendor registration[2m > [22m[2mrejects reserved slug: admin
[22m[39mprisma:query db.UserProfile.deleteMany({ _id: { $in: [ ObjectId("69d9087e6844d061ea5b1df4"), ], }, })

[90mstdout[2m | src/__tests__/vendor/registration.test.ts[2m > [22m[2mvendor registration[2m > [22m[2mrejects reserved slug: vendor
[22m[39mprisma:query db.UserProfile.insertOne({ userId: "user-reserved-vendor", email: "user-reserved-vendor@test.com", firstName: "Test", lastName: "User", role: "CUSTOMER", isVendor: false, createdAt: DateTime("2026-04-10 14:26:09.347 +00:00:00"), updatedAt: DateTime("2026-04-10 14:26:09.347 +00:00:00"), })

[90mstdout[2m | src/__tests__/vendor/registration.test.ts[2m > [22m[2mvendor registration[2m > [22m[2mrejects reserved slug: vendor
[22m[39mprisma:query db.UserProfile.aggregate([ { $match: { $expr: { $and: [ { $and: [ { $eq: [ "$_id", { $literal: ObjectId("69d908816844d061ea5b1df5"), }, ], }, { $ne: [ "$_id", "$$REMOVE", ], }, ], }, ], }, }, }, { $project: { _id: 1, userId: 1, email: 1, firstName: 1, lastName: 1, phone: 1, avatar: 1, dateOfBirth: 1, gender: 1, role: 1, isVendor: 1, vendorStatus: 1, storeName: 1, storeSlug: 1, storeDescription: 1, vendorSince: 1, createdAt: 1, updatedAt: 1, }, }, ])

[90mstdout[2m | src/__tests__/vendor/registration.test.ts[2m > [22m[2mvendor registration[2m > [22m[2mrejects reserved slug: vendor
[22m[39mprisma:query db.UserProfile.aggregate([ { $match: { $expr: { $and: [ { $and: [ { $and: [ { $eq: [ "$userId", { $literal: "user-reserved-vendor", }, ], }, { $ne: [ "$userId", "$$REMOVE", ], }, ], }, ], }, { }, ], }, }, }, { $project: { _id: 1, isVendor: 1, }, }, ])

[90mstdout[2m | src/__tests__/vendor/registration.test.ts[2m > [22m[2mvendor registration[2m > [22m[2mrejects reserved slug: vendor
[22m[39mprisma:query db.UserProfile.aggregate([ { $match: { $expr: { }, }, }, { $project: { _id: 1, }, }, ])

[90mstdout[2m | src/__tests__/vendor/registration.test.ts[2m > [22m[2mvendor registration[2m > [22m[2mrejects reserved slug: vendor
[22m[39mprisma:query db.UserProfile.deleteMany({ _id: { $in: [ ObjectId("69d908816844d061ea5b1df5"), ], }, })

[90mstdout[2m | src/__tests__/vendor/registration.test.ts[2m > [22m[2mvendor registration[2m > [22m[2mrejects reserved slug: account
[22m[39mprisma:query db.UserProfile.insertOne({ userId: "user-reserved-account", email: "user-reserved-account@test.com", firstName: "Test", lastName: "User", role: "CUSTOMER", isVendor: false, createdAt: DateTime("2026-04-10 14:26:24.993 +00:00:00"), updatedAt: DateTime("2026-04-10 14:26:24.993 +00:00:00"), })

[90mstdout[2m | src/__tests__/vendor/registration.test.ts[2m > [22m[2mvendor registration[2m > [22m[2mrejects reserved slug: account
[22m[39mprisma:query db.UserProfile.aggregate([ { $match: { $expr: { $and: [ { $and: [ { $eq: [ "$_id", { $literal: ObjectId("69d908906844d061ea5b1df6"), }, ], }, { $ne: [ "$_id", "$$REMOVE", ], }, ], }, ], }, }, }, { $project: { _id: 1, userId: 1, email: 1, firstName: 1, lastName: 1, phone: 1, avatar: 1, dateOfBirth: 1, gender: 1, role: 1, isVendor: 1, vendorStatus: 1, storeName: 1, storeSlug: 1, storeDescription: 1, vendorSince: 1, createdAt: 1, updatedAt: 1, }, }, ])

[90mstdout[2m | src/__tests__/vendor/registration.test.ts[2m > [22m[2mvendor registration[2m > [22m[2mrejects reserved slug: account
[22m[39mprisma:query db.UserProfile.aggregate([ { $match: { $expr: { $and: [ { $and: [ { $and: [ { $eq: [ "$userId", { $literal: "user-reserved-account", }, ], }, { $ne: [ "$userId", "$$REMOVE", ], }, ], }, ], }, { }, ], }, }, }, { $project: { _id: 1, isVendor: 1, }, }, ])

[90mstdout[2m | src/__tests__/vendor/registration.test.ts[2m > [22m[2mvendor registration[2m > [22m[2mrejects reserved slug: account
[22m[39mprisma:query db.UserProfile.aggregate([ { $match: { $expr: { }, }, }, { $project: { _id: 1, }, }, ])

[90mstdout[2m | src/__tests__/vendor/registration.test.ts[2m > [22m[2mvendor registration[2m > [22m[2mrejects reserved slug: account
[22m[39mprisma:query db.UserProfile.deleteMany({ _id: { $in: [ ObjectId("69d908906844d061ea5b1df6"), ], }, })

[90mstdout[2m | src/__tests__/vendor/registration.test.ts[2m > [22m[2mvendor registration[2m > [22m[2mrejects reserved slug: auth
[22m[39mprisma:query db.UserProfile.insertOne({ userId: "user-reserved-auth", email: "user-reserved-auth@test.com", firstName: "Test", lastName: "User", role: "CUSTOMER", isVendor: false, createdAt: DateTime("2026-04-10 14:26:29.783 +00:00:00"), updatedAt: DateTime("2026-04-10 14:26:29.783 +00:00:00"), })

[90mstdout[2m | src/__tests__/vendor/registration.test.ts[2m > [22m[2mvendor registration[2m > [22m[2mrejects reserved slug: auth
[22m[39mprisma:query db.UserProfile.aggregate([ { $match: { $expr: { $and: [ { $and: [ { $eq: [ "$_id", { $literal: ObjectId("69d908956844d061ea5b1df7"), }, ], }, { $ne: [ "$_id", "$$REMOVE", ], }, ], }, ], }, }, }, { $project: { _id: 1, userId: 1, email: 1, firstName: 1, lastName: 1, phone: 1, avatar: 1, dateOfBirth: 1, gender: 1, role: 1, isVendor: 1, vendorStatus: 1, storeName: 1, storeSlug: 1, storeDescription: 1, vendorSince: 1, createdAt: 1, updatedAt: 1, }, }, ])

[90mstdout[2m | src/__tests__/vendor/registration.test.ts[2m > [22m[2mvendor registration[2m > [22m[2mrejects reserved slug: auth
[22m[39mprisma:query db.UserProfile.aggregate([ { $match: { $expr: { $and: [ { $and: [ { $and: [ { $eq: [ "$userId", { $literal: "user-reserved-auth", }, ], }, { $ne: [ "$userId", "$$REMOVE", ], }, ], }, ], }, { }, ], }, }, }, { $project: { _id: 1, isVendor: 1, }, }, ])

[90mstdout[2m | src/__tests__/vendor/registration.test.ts[2m > [22m[2mvendor registration[2m > [22m[2mrejects reserved slug: auth
[22m[39mprisma:query db.UserProfile.aggregate([ { $match: { $expr: { }, }, }, { $project: { _id: 1, }, }, ])

[90mstdout[2m | src/__tests__/vendor/registration.test.ts[2m > [22m[2mvendor registration[2m > [22m[2mrejects reserved slug: auth
[22m[39mprisma:query db.UserProfile.deleteMany({ _id: { $in: [ ObjectId("69d908956844d061ea5b1df7"), ], }, })

[90mstdout[2m | src/__tests__/vendor/registration.test.ts[2m > [22m[2mvendor registration[2m > [22m[2mrejects reserved slug: store
[22m[39mprisma:query db.UserProfile.insertOne({ userId: "user-reserved-store", email: "user-reserved-store@test.com", firstName: "Test", lastName: "User", role: "CUSTOMER", isVendor: false, createdAt: DateTime("2026-04-10 14:26:32.498 +00:00:00"), updatedAt: DateTime("2026-04-10 14:26:32.498 +00:00:00"), })

[90mstdout[2m | src/__tests__/vendor/registration.test.ts[2m > [22m[2mvendor registration[2m > [22m[2mrejects reserved slug: store
[22m[39mprisma:query db.UserProfile.aggregate([ { $match: { $expr: { $and: [ { $and: [ { $eq: [ "$_id", { $literal: ObjectId("69d908986844d061ea5b1df8"), }, ], }, { $ne: [ "$_id", "$$REMOVE", ], }, ], }, ], }, }, }, { $project: { _id: 1, userId: 1, email: 1, firstName: 1, lastName: 1, phone: 1, avatar: 1, dateOfBirth: 1, gender: 1, role: 1, isVendor: 1, vendorStatus: 1, storeName: 1, storeSlug: 1, storeDescription: 1, vendorSince: 1, createdAt: 1, updatedAt: 1, }, }, ])

[90mstdout[2m | src/__tests__/vendor/registration.test.ts[2m > [22m[2mvendor registration[2m > [22m[2mrejects reserved slug: store
[22m[39mprisma:query db.UserProfile.aggregate([ { $match: { $expr: { $and: [ { $and: [ { $and: [ { $eq: [ "$userId", { $literal: "user-reserved-store", }, ], }, { $ne: [ "$userId", "$$REMOVE", ], }, ], }, ], }, { }, ], }, }, }, { $project: { _id: 1, isVendor: 1, }, }, ])

[90mstdout[2m | src/__tests__/vendor/registration.test.ts[2m > [22m[2mvendor registration[2m > [22m[2mrejects reserved slug: store
[22m[39mprisma:query db.UserProfile.aggregate([ { $match: { $expr: { }, }, }, { $project: { _id: 1, }, }, ])

[90mstdout[2m | src/__tests__/vendor/registration.test.ts[2m > [22m[2mvendor registration[2m > [22m[2mrejects reserved slug: store
[22m[39mprisma:query db.UserProfile.deleteMany({ _id: { $in: [ ObjectId("69d908986844d061ea5b1df8"), ], }, })

[90mstdout[2m | src/__tests__/vendor/registration.test.ts[2m > [22m[2mvendor registration[2m > [22m[2mrejects registration when user is already a vendor
[22m[39mprisma:query db.UserProfile.insertOne({ userId: "user-already-vendor", email: "user-already-vendor@test.com", firstName: "Test", lastName: "User", role: "CUSTOMER", isVendor: true, vendorStatus: "ACTIVE", storeName: "Existing Store", storeSlug: "existing-store", createdAt: DateTime("2026-04-10 14:26:33.923 +00:00:00"), updatedAt: DateTime("2026-04-10 14:26:33.923 +00:00:00"), })

[90mstdout[2m | src/__tests__/vendor/registration.test.ts[2m > [22m[2mvendor registration[2m > [22m[2mrejects registration when user is already a vendor
[22m[39mprisma:query db.UserProfile.aggregate([ { $match: { $expr: { $and: [ { $and: [ { $eq: [ "$_id", { $literal: ObjectId("69d908996844d061ea5b1df9"), }, ], }, { $ne: [ "$_id", "$$REMOVE", ], }, ], }, ], }, }, }, { $project: { _id: 1, userId: 1, email: 1, firstName: 1, lastName: 1, phone: 1, avatar: 1, dateOfBirth: 1, gender: 1, role: 1, isVendor: 1, vendorStatus: 1, storeName: 1, storeSlug: 1, storeDescription: 1, vendorSince: 1, createdAt: 1, updatedAt: 1, }, }, ])

[90mstdout[2m | src/__tests__/vendor/registration.test.ts[2m > [22m[2mvendor registration[2m > [22m[2mrejects registration when user is already a vendor
[22m[39mprisma:query db.UserProfile.aggregate([ { $match: { $expr: { $and: [ { $and: [ { $and: [ { $eq: [ "$userId", { $literal: "user-already-vendor", }, ], }, { $ne: [ "$userId", "$$REMOVE", ], }, ], }, ], }, { }, ], }, }, }, { $project: { _id: 1, isVendor: 1, }, }, ])

[90mstdout[2m | src/__tests__/vendor/registration.test.ts[2m > [22m[2mvendor registration[2m > [22m[2mrejects registration when user is already a vendor
[22m[39mprisma:query db.UserProfile.aggregate([ { $match: { $expr: { }, }, }, { $project: { _id: 1, }, }, ])

[90mstdout[2m | src/__tests__/vendor/registration.test.ts[2m > [22m[2mvendor registration[2m > [22m[2mrejects registration when user is already a vendor
[22m[39mprisma:query db.UserProfile.deleteMany({ _id: { $in: [ ObjectId("69d908996844d061ea5b1df9"), ], }, })

 [32mΓ£ô[39m src/__tests__/vendor/registration.test.ts [2m([22m[2m8 tests[22m[2m)[22m[33m 54683[2mms[22m[39m
     [33m[2mΓ£ô[22m[39m registers a customer as a vendor with correct slug [33m 2969[2mms[22m[39m
     [33m[2mΓ£ô[22m[39m rejects registration when store slug already exists [33m 9635[2mms[22m[39m
     [33m[2mΓ£ô[22m[39m rejects reserved slug: admin [33m 3145[2mms[22m[39m
     [33m[2mΓ£ô[22m[39m rejects reserved slug: vendor [33m 15647[2mms[22m[39m
     [33m[2mΓ£ô[22m[39m rejects reserved slug: account [33m 4789[2mms[22m[39m
     [33m[2mΓ£ô[22m[39m rejects reserved slug: auth [33m 2715[2mms[22m[39m
     [33m[2mΓ£ô[22m[39m rejects reserved slug: store [33m 1424[2mms[22m[39m
     [33m[2mΓ£ô[22m[39m rejects registration when user is already a vendor [33m 5022[2mms[22m[39m
[90mstdout[2m | src/__tests__/vendor/middleware.test.ts
[22m[39m[dotenv@17.2.3] injecting env (1) from .env.test -- tip: ≡ƒ¢á∩╕Å  run anywhere with `dotenvx run -- yourcommand`

 [32mΓ£ô[39m src/__tests__/vendor/middleware.test.ts [2m([22m[2m7 tests[22m[2m)[22m[33m 7638[2mms[22m[39m

[2m Test Files [22m [1m[32m8 passed[39m[22m[90m (8)[39m
[2m      Tests [22m [1m[32m88 passed[39m[22m[90m (88)[39m
[2m   Start at [22m 15:06:53
[2m   Duration [22m 1194.22s[2m (transform 794ms, setup 2.23s, import 2.79s, tests 1185.56s, environment 2ms)[22m

